Java HotSpot(TM) 64-Bit Server VM (25.112-b15) for windows-amd64 JRE (1.8.0_112-b15), built on Sep 22 2016 21:31:56 by "java_re" with MS VC++ 10.0 (VS2010)
Memory: 4k page, physical 8338352k(2419404k free), swap 13056944k(3009228k free)
CommandLine flags: -XX:CMSInitiatingOccupancyFraction=70 -XX:+CMSParallelRemarkEnabled -XX:+CMSScavengeBeforeRemark -XX:GCLogFileSize=104857600 -XX:+HeapDumpOnOutOfMemoryError -XX:HeapDumpPath=./dumps/ -XX:InitialHeapSize=536870912 -XX:+ManagementServer -XX:MaxHeapSize=536870912 -XX:MaxMetaspaceSize=268435456 -XX:NumberOfGCLogFiles=10 -XX:+PrintGC -XX:+PrintGCDateStamps -XX:+PrintGCDetails -XX:+PrintGCTimeStamps -XX:+ScavengeBeforeFullGC -XX:+UseCMSInitiatingOccupancyOnly -XX:+UseCompressedClassPointers -XX:+UseCompressedOops -XX:+UseG1GC -XX:+UseGCLogFileRotation -XX:-UseLargePagesIndividualAllocation 
2017-05-09T21:57:33.659+0300: 2.041: [GC pause (G1 Evacuation Pause) (young), 0.0038532 secs]
   [Parallel Time: 3.4 ms, GC Workers: 4]
      [GC Worker Start (ms): Min: 2041.0, Avg: 2041.0, Max: 2041.0, Diff: 0.0]
      [Ext Root Scanning (ms): Min: 0.5, Avg: 0.6, Max: 0.8, Diff: 0.3, Sum: 2.5]
      [Update RS (ms): Min: 0.0, Avg: 0.0, Max: 0.0, Diff: 0.0, Sum: 0.0]
         [Processed Buffers: Min: 0, Avg: 0.0, Max: 0, Diff: 0, Sum: 0]
      [Scan RS (ms): Min: 0.0, Avg: 0.0, Max: 0.0, Diff: 0.0, Sum: 0.0]
      [Code Root Scanning (ms): Min: 0.0, Avg: 0.7, Max: 2.6, Diff: 2.6, Sum: 2.6]
      [Object Copy (ms): Min: 0.2, Avg: 1.9, Max: 2.7, Diff: 2.5, Sum: 7.7]
      [Termination (ms): Min: 0.0, Avg: 0.1, Max: 0.2, Diff: 0.2, Sum: 0.5]
         [Termination Attempts: Min: 1, Avg: 1.0, Max: 1, Diff: 0, Sum: 4]
      [GC Worker Other (ms): Min: 0.0, Avg: 0.0, Max: 0.0, Diff: 0.0, Sum: 0.1]
      [GC Worker Total (ms): Min: 3.3, Avg: 3.4, Max: 3.4, Diff: 0.1, Sum: 13.5]
      [GC Worker End (ms): Min: 2044.3, Avg: 2044.4, Max: 2044.4, Diff: 0.0]
   [Code Root Fixup: 0.0 ms]
   [Code Root Purge: 0.0 ms]
   [Clear CT: 0.0 ms]
   [Other: 0.4 ms]
      [Choose CSet: 0.0 ms]
      [Ref Proc: 0.2 ms]
      [Ref Enq: 0.0 ms]
      [Redirty Cards: 0.0 ms]
      [Humongous Register: 0.0 ms]
      [Humongous Reclaim: 0.0 ms]
      [Free CSet: 0.0 ms]
   [Eden: 25.0M(25.0M)->0.0B(30.0M) Survivors: 0.0B->2048.0K Heap: 25.0M(512.0M)->2010.4K(512.0M)]
 [Times: user=0.05 sys=0.00, real=0.02 secs] 
2017-05-09T21:57:34.202+0300: 2.576: [GC pause (G1 Evacuation Pause) (young), 0.0036692 secs]
   [Parallel Time: 3.3 ms, GC Workers: 4]
      [GC Worker Start (ms): Min: 2575.8, Avg: 2575.8, Max: 2575.8, Diff: 0.0]
      [Ext Root Scanning (ms): Min: 0.1, Avg: 0.2, Max: 0.5, Diff: 0.3, Sum: 1.0]
      [Update RS (ms): Min: 0.0, Avg: 0.0, Max: 0.0, Diff: 0.0, Sum: 0.0]
         [Processed Buffers: Min: 0, Avg: 0.0, Max: 0, Diff: 0, Sum: 0]
      [Scan RS (ms): Min: 0.0, Avg: 0.0, Max: 0.0, Diff: 0.0, Sum: 0.0]
      [Code Root Scanning (ms): Min: 0.0, Avg: 0.0, Max: 0.2, Diff: 0.2, Sum: 0.2]
      [Object Copy (ms): Min: 2.8, Avg: 3.0, Max: 3.1, Diff: 0.3, Sum: 12.0]
      [Termination (ms): Min: 0.0, Avg: 0.0, Max: 0.0, Diff: 0.0, Sum: 0.0]
         [Termination Attempts: Min: 3, Avg: 3.8, Max: 5, Diff: 2, Sum: 15]
      [GC Worker Other (ms): Min: 0.0, Avg: 0.0, Max: 0.0, Diff: 0.0, Sum: 0.0]
      [GC Worker Total (ms): Min: 3.3, Avg: 3.3, Max: 3.3, Diff: 0.0, Sum: 13.2]
      [GC Worker End (ms): Min: 2579.1, Avg: 2579.1, Max: 2579.1, Diff: 0.0]
   [Code Root Fixup: 0.0 ms]
   [Code Root Purge: 0.0 ms]
   [Clear CT: 0.0 ms]
   [Other: 0.3 ms]
      [Choose CSet: 0.0 ms]
      [Ref Proc: 0.1 ms]
      [Ref Enq: 0.0 ms]
      [Redirty Cards: 0.0 ms]
      [Humongous Register: 0.0 ms]
      [Humongous Reclaim: 0.0 ms]
      [Free CSet: 0.0 ms]
   [Eden: 30.0M(30.0M)->0.0B(137.0M) Survivors: 2048.0K->4096.0K Heap: 32.0M(512.0M)->4191.0K(512.0M)]
 [Times: user=0.00 sys=0.00, real=0.00 secs] 
2017-05-09T21:57:35.655+0300: 4.028: [GC pause (G1 Evacuation Pause) (young), 0.0093785 secs]
   [Parallel Time: 8.9 ms, GC Workers: 4]
      [GC Worker Start (ms): Min: 4028.2, Avg: 4028.3, Max: 4028.8, Diff: 0.7]
      [Ext Root Scanning (ms): Min: 0.0, Avg: 0.2, Max: 0.4, Diff: 0.4, Sum: 0.8]
      [Update RS (ms): Min: 1.3, Avg: 1.6, Max: 2.1, Diff: 0.8, Sum: 6.6]
         [Processed Buffers: Min: 1, Avg: 1.3, Max: 2, Diff: 1, Sum: 5]
      [Scan RS (ms): Min: 0.0, Avg: 0.3, Max: 0.4, Diff: 0.4, Sum: 1.1]
      [Code Root Scanning (ms): Min: 0.0, Avg: 0.0, Max: 0.1, Diff: 0.1, Sum: 0.2]
      [Object Copy (ms): Min: 6.5, Avg: 6.5, Max: 6.7, Diff: 0.2, Sum: 26.2]
      [Termination (ms): Min: 0.0, Avg: 0.0, Max: 0.0, Diff: 0.0, Sum: 0.0]
         [Termination Attempts: Min: 1, Avg: 4.0, Max: 7, Diff: 6, Sum: 16]
      [GC Worker Other (ms): Min: 0.0, Avg: 0.0, Max: 0.0, Diff: 0.0, Sum: 0.1]
      [GC Worker Total (ms): Min: 8.2, Avg: 8.7, Max: 8.9, Diff: 0.7, Sum: 34.9]
      [GC Worker End (ms): Min: 4037.1, Avg: 4037.1, Max: 4037.1, Diff: 0.0]
   [Code Root Fixup: 0.0 ms]
   [Code Root Purge: 0.0 ms]
   [Clear CT: 0.0 ms]
   [Other: 0.4 ms]
      [Choose CSet: 0.0 ms]
      [Ref Proc: 0.1 ms]
      [Ref Enq: 0.0 ms]
      [Redirty Cards: 0.0 ms]
      [Humongous Register: 0.0 ms]
      [Humongous Reclaim: 0.0 ms]
      [Free CSet: 0.1 ms]
   [Eden: 75.0M(47.0M)->0.0B(156.0M) Survivors: 4096.0K->7168.0K Heap: 80.3M(512.0M)->8001.5K(512.0M)]
 [Times: user=0.00 sys=0.00, real=0.00 secs] 
2017-05-09T21:57:36.062+0300: 4.442: [GC pause (G1 Evacuation Pause) (young), 0.0126890 secs]
   [Parallel Time: 12.2 ms, GC Workers: 4]
      [GC Worker Start (ms): Min: 4442.1, Avg: 4442.1, Max: 4442.1, Diff: 0.0]
      [Ext Root Scanning (ms): Min: 0.1, Avg: 0.2, Max: 0.5, Diff: 0.4, Sum: 1.0]
      [Update RS (ms): Min: 1.0, Avg: 1.3, Max: 1.9, Diff: 0.9, Sum: 5.2]
         [Processed Buffers: Min: 1, Avg: 1.8, Max: 2, Diff: 1, Sum: 7]
      [Scan RS (ms): Min: 0.5, Avg: 1.1, Max: 1.4, Diff: 0.9, Sum: 4.4]
      [Code Root Scanning (ms): Min: 0.0, Avg: 0.0, Max: 0.1, Diff: 0.1, Sum: 0.1]
      [Object Copy (ms): Min: 9.4, Avg: 9.5, Max: 9.5, Diff: 0.1, Sum: 37.9]
      [Termination (ms): Min: 0.0, Avg: 0.0, Max: 0.0, Diff: 0.0, Sum: 0.0]
         [Termination Attempts: Min: 1, Avg: 14.5, Max: 20, Diff: 19, Sum: 58]
      [GC Worker Other (ms): Min: 0.0, Avg: 0.0, Max: 0.0, Diff: 0.0, Sum: 0.0]
      [GC Worker Total (ms): Min: 12.2, Avg: 12.2, Max: 12.2, Diff: 0.0, Sum: 48.6]
      [GC Worker End (ms): Min: 4454.2, Avg: 4454.2, Max: 4454.2, Diff: 0.0]
   [Code Root Fixup: 0.0 ms]
   [Code Root Purge: 0.0 ms]
   [Clear CT: 0.0 ms]
   [Other: 0.4 ms]
      [Choose CSet: 0.0 ms]
      [Ref Proc: 0.2 ms]
      [Ref Enq: 0.0 ms]
      [Redirty Cards: 0.0 ms]
      [Humongous Register: 0.0 ms]
      [Humongous Reclaim: 0.0 ms]
      [Free CSet: 0.1 ms]
   [Eden: 22.0M(22.0M)->0.0B(291.0M) Survivors: 7168.0K->2048.0K Heap: 31.6M(512.0M)->10.7M(512.0M)]
 [Times: user=0.06 sys=0.00, real=0.01 secs] 
2017-05-09T21:57:39.580+0300: 7.962: [GC pause (G1 Evacuation Pause) (young), 0.0252248 secs]
   [Parallel Time: 24.7 ms, GC Workers: 4]
      [GC Worker Start (ms): Min: 7962.0, Avg: 7966.8, Max: 7980.9, Diff: 18.9]
      [Ext Root Scanning (ms): Min: 0.0, Avg: 0.1, Max: 0.2, Diff: 0.2, Sum: 0.6]
      [Update RS (ms): Min: 0.0, Avg: 2.3, Max: 3.8, Diff: 3.8, Sum: 9.3]
         [Processed Buffers: Min: 0, Avg: 2.0, Max: 3, Diff: 3, Sum: 8]
      [Scan RS (ms): Min: 0.0, Avg: 2.3, Max: 3.4, Diff: 3.4, Sum: 9.1]
      [Code Root Scanning (ms): Min: 0.0, Avg: 0.0, Max: 0.0, Diff: 0.0, Sum: 0.0]
      [Object Copy (ms): Min: 5.7, Avg: 15.1, Max: 18.3, Diff: 12.6, Sum: 60.5]
      [Termination (ms): Min: 0.0, Avg: 0.0, Max: 0.0, Diff: 0.0, Sum: 0.0]
         [Termination Attempts: Min: 1, Avg: 4.0, Max: 6, Diff: 5, Sum: 16]
      [GC Worker Other (ms): Min: 0.0, Avg: 0.0, Max: 0.0, Diff: 0.0, Sum: 0.1]
      [GC Worker Total (ms): Min: 5.7, Avg: 19.9, Max: 24.6, Diff: 18.9, Sum: 79.6]
      [GC Worker End (ms): Min: 7986.7, Avg: 7986.7, Max: 7986.7, Diff: 0.0]
   [Code Root Fixup: 0.0 ms]
   [Code Root Purge: 0.0 ms]
   [Clear CT: 0.1 ms]
   [Other: 0.5 ms]
      [Choose CSet: 0.0 ms]
      [Ref Proc: 0.1 ms]
      [Ref Enq: 0.0 ms]
      [Redirty Cards: 0.0 ms]
      [Humongous Register: 0.0 ms]
      [Humongous Reclaim: 0.0 ms]
      [Free CSet: 0.2 ms]
   [Eden: 181.0M(181.0M)->0.0B(267.0M) Survivors: 2048.0K->12.0M Heap: 198.6M(512.0M)->27.0M(512.0M)]
 [Times: user=0.09 sys=0.00, real=0.03 secs] 
2017-05-09T21:57:41.567+0300: 9.937: [GC pause (G1 Evacuation Pause) (young), 0.0362474 secs]
   [Parallel Time: 35.8 ms, GC Workers: 4]
      [GC Worker Start (ms): Min: 9936.7, Avg: 9936.7, Max: 9936.9, Diff: 0.2]
      [Ext Root Scanning (ms): Min: 0.0, Avg: 0.1, Max: 0.2, Diff: 0.2, Sum: 0.6]
      [Update RS (ms): Min: 2.1, Avg: 5.7, Max: 14.5, Diff: 12.4, Sum: 22.6]
         [Processed Buffers: Min: 0, Avg: 2.3, Max: 3, Diff: 3, Sum: 9]
      [Scan RS (ms): Min: 0.0, Avg: 5.0, Max: 7.3, Diff: 7.3, Sum: 20.2]
      [Code Root Scanning (ms): Min: 0.0, Avg: 0.0, Max: 0.0, Diff: 0.0, Sum: 0.0]
      [Object Copy (ms): Min: 20.7, Avg: 24.6, Max: 26.2, Diff: 5.5, Sum: 98.4]
      [Termination (ms): Min: 0.0, Avg: 0.2, Max: 0.3, Diff: 0.3, Sum: 1.0]
         [Termination Attempts: Min: 1, Avg: 37.5, Max: 68, Diff: 67, Sum: 150]
      [GC Worker Other (ms): Min: 0.0, Avg: 0.0, Max: 0.0, Diff: 0.0, Sum: 0.1]
      [GC Worker Total (ms): Min: 35.6, Avg: 35.7, Max: 35.8, Diff: 0.2, Sum: 142.9]
      [GC Worker End (ms): Min: 9972.4, Avg: 9972.4, Max: 9972.5, Diff: 0.1]
   [Code Root Fixup: 0.0 ms]
   [Code Root Purge: 0.0 ms]
   [Clear CT: 0.1 ms]
   [Other: 0.4 ms]
      [Choose CSet: 0.0 ms]
      [Ref Proc: 0.1 ms]
      [Ref Enq: 0.0 ms]
      [Redirty Cards: 0.0 ms]
      [Humongous Register: 0.0 ms]
      [Humongous Reclaim: 0.0 ms]
      [Free CSet: 0.1 ms]
   [Eden: 106.0M(13.0M)->0.0B(303.0M) Survivors: 12.0M->4096.0K Heap: 139.2M(512.0M)->37.6M(512.0M)]
 [Times: user=0.11 sys=0.00, real=0.03 secs] 
2017-05-09T21:57:47.152+0300: 15.521: [GC pause (G1 Evacuation Pause) (young), 0.0288783 secs]
   [Parallel Time: 28.1 ms, GC Workers: 4]
      [GC Worker Start (ms): Min: 15521.4, Avg: 15521.4, Max: 15521.4, Diff: 0.0]
      [Ext Root Scanning (ms): Min: 0.2, Avg: 0.2, Max: 0.2, Diff: 0.0, Sum: 0.8]
      [Update RS (ms): Min: 2.6, Avg: 2.7, Max: 2.7, Diff: 0.2, Sum: 10.6]
         [Processed Buffers: Min: 2, Avg: 2.5, Max: 3, Diff: 1, Sum: 10]
      [Scan RS (ms): Min: 4.0, Avg: 4.2, Max: 4.2, Diff: 0.2, Sum: 16.7]
      [Code Root Scanning (ms): Min: 0.0, Avg: 0.0, Max: 0.0, Diff: 0.0, Sum: 0.0]
      [Object Copy (ms): Min: 21.0, Avg: 21.1, Max: 21.1, Diff: 0.1, Sum: 84.2]
      [Termination (ms): Min: 0.0, Avg: 0.0, Max: 0.0, Diff: 0.0, Sum: 0.0]
         [Termination Attempts: Min: 1, Avg: 1.0, Max: 1, Diff: 0, Sum: 4]
      [GC Worker Other (ms): Min: 0.0, Avg: 0.0, Max: 0.0, Diff: 0.0, Sum: 0.1]
      [GC Worker Total (ms): Min: 28.1, Avg: 28.1, Max: 28.1, Diff: 0.0, Sum: 112.4]
      [GC Worker End (ms): Min: 15549.5, Avg: 15549.5, Max: 15549.5, Diff: 0.0]
   [Code Root Fixup: 0.0 ms]
   [Code Root Purge: 0.0 ms]
   [Clear CT: 0.1 ms]
   [Other: 0.6 ms]
      [Choose CSet: 0.0 ms]
      [Ref Proc: 0.1 ms]
      [Ref Enq: 0.0 ms]
      [Redirty Cards: 0.0 ms]
      [Humongous Register: 0.0 ms]
      [Humongous Reclaim: 0.0 ms]
      [Free CSet: 0.4 ms]
   [Eden: 302.0M(287.0M)->0.0B(290.0M) Survivors: 4096.0K->17.0M Heap: 348.9M(512.0M)->59.4M(512.0M)]
 [Times: user=0.08 sys=0.00, real=0.03 secs] 
2017-05-09T21:57:50.958+0300: 19.328: [GC pause (G1 Evacuation Pause) (young), 0.0405792 secs]
   [Parallel Time: 39.9 ms, GC Workers: 4]
      [GC Worker Start (ms): Min: 19327.9, Avg: 19329.3, Max: 19332.0, Diff: 4.1]
      [Ext Root Scanning (ms): Min: 0.0, Avg: 0.3, Max: 0.6, Diff: 0.6, Sum: 1.2]
      [Update RS (ms): Min: 2.4, Avg: 4.8, Max: 6.0, Diff: 3.5, Sum: 19.1]
         [Processed Buffers: Min: 2, Avg: 3.5, Max: 4, Diff: 2, Sum: 14]
      [Scan RS (ms): Min: 4.8, Avg: 5.3, Max: 5.9, Diff: 1.1, Sum: 21.0]
      [Code Root Scanning (ms): Min: 0.0, Avg: 0.0, Max: 0.0, Diff: 0.0, Sum: 0.0]
      [Object Copy (ms): Min: 28.1, Avg: 28.1, Max: 28.1, Diff: 0.1, Sum: 112.4]
      [Termination (ms): Min: 0.0, Avg: 0.0, Max: 0.0, Diff: 0.0, Sum: 0.0]
         [Termination Attempts: Min: 1, Avg: 50.0, Max: 72, Diff: 71, Sum: 200]
      [GC Worker Other (ms): Min: 0.0, Avg: 0.0, Max: 0.0, Diff: 0.0, Sum: 0.1]
      [GC Worker Total (ms): Min: 35.7, Avg: 38.5, Max: 39.9, Diff: 4.2, Sum: 153.8]
      [GC Worker End (ms): Min: 19367.7, Avg: 19367.7, Max: 19367.8, Diff: 0.0]
   [Code Root Fixup: 0.0 ms]
   [Code Root Purge: 0.0 ms]
   [Clear CT: 0.1 ms]
   [Other: 0.6 ms]
      [Choose CSet: 0.0 ms]
      [Ref Proc: 0.1 ms]
      [Ref Enq: 0.0 ms]
      [Redirty Cards: 0.1 ms]
      [Humongous Register: 0.1 ms]
      [Humongous Reclaim: 0.0 ms]
      [Free CSet: 0.1 ms]
   [Eden: 204.0M(204.0M)->0.0B(286.0M) Survivors: 17.0M->21.0M Heap: 263.4M(512.0M)->68.8M(512.0M)]
 [Times: user=0.13 sys=0.00, real=0.03 secs] 
2017-05-09T21:57:53.660+0300: 22.043: [GC pause (G1 Evacuation Pause) (young), 0.0517970 secs]
   [Parallel Time: 51.4 ms, GC Workers: 4]
      [GC Worker Start (ms): Min: 22042.6, Avg: 22042.6, Max: 22042.6, Diff: 0.0]
      [Ext Root Scanning (ms): Min: 0.2, Avg: 0.2, Max: 0.2, Diff: 0.0, Sum: 0.7]
      [Update RS (ms): Min: 2.9, Avg: 3.6, Max: 4.0, Diff: 1.1, Sum: 14.3]
         [Processed Buffers: Min: 3, Avg: 3.0, Max: 3, Diff: 0, Sum: 12]
      [Scan RS (ms): Min: 7.7, Avg: 8.2, Max: 8.9, Diff: 1.2, Sum: 32.8]
      [Code Root Scanning (ms): Min: 0.0, Avg: 0.0, Max: 0.0, Diff: 0.0, Sum: 0.0]
      [Object Copy (ms): Min: 39.3, Avg: 39.3, Max: 39.4, Diff: 0.1, Sum: 157.3]
      [Termination (ms): Min: 0.0, Avg: 0.1, Max: 0.1, Diff: 0.1, Sum: 0.2]
         [Termination Attempts: Min: 1, Avg: 37.3, Max: 51, Diff: 50, Sum: 149]
      [GC Worker Other (ms): Min: 0.0, Avg: 0.0, Max: 0.0, Diff: 0.0, Sum: 0.1]
      [GC Worker Total (ms): Min: 51.3, Avg: 51.3, Max: 51.4, Diff: 0.0, Sum: 205.4]
      [GC Worker End (ms): Min: 22094.0, Avg: 22094.0, Max: 22094.0, Diff: 0.0]
   [Code Root Fixup: 0.0 ms]
   [Code Root Purge: 0.0 ms]
   [Clear CT: 0.1 ms]
   [Other: 0.3 ms]
      [Choose CSet: 0.0 ms]
      [Ref Proc: 0.1 ms]
      [Ref Enq: 0.0 ms]
      [Redirty Cards: 0.0 ms]
      [Humongous Register: 0.0 ms]
      [Humongous Reclaim: 0.0 ms]
      [Free CSet: 0.1 ms]
   [Eden: 145.0M(122.0M)->0.0B(292.0M) Survivors: 21.0M->15.0M Heap: 227.7M(512.0M)->89.3M(512.0M)]
 [Times: user=0.22 sys=0.00, real=0.06 secs] 
2017-05-09T21:57:59.445+0300: 27.827: [GC pause (G1 Evacuation Pause) (young), 0.0495527 secs]
   [Parallel Time: 49.0 ms, GC Workers: 4]
      [GC Worker Start (ms): Min: 27827.2, Avg: 27829.0, Max: 27834.4, Diff: 7.1]
      [Ext Root Scanning (ms): Min: 0.0, Avg: 0.1, Max: 0.2, Diff: 0.2, Sum: 0.5]
      [Update RS (ms): Min: 0.0, Avg: 5.6, Max: 8.1, Diff: 8.1, Sum: 22.3]
         [Processed Buffers: Min: 0, Avg: 3.8, Max: 5, Diff: 5, Sum: 15]
      [Scan RS (ms): Min: 4.0, Avg: 4.8, Max: 5.2, Diff: 1.2, Sum: 19.0]
      [Code Root Scanning (ms): Min: 0.0, Avg: 0.0, Max: 0.0, Diff: 0.0, Sum: 0.0]
      [Object Copy (ms): Min: 36.7, Avg: 36.7, Max: 36.7, Diff: 0.1, Sum: 146.9]
      [Termination (ms): Min: 0.0, Avg: 0.0, Max: 0.0, Diff: 0.0, Sum: 0.0]
         [Termination Attempts: Min: 1, Avg: 52.5, Max: 83, Diff: 82, Sum: 210]
      [GC Worker Other (ms): Min: 0.0, Avg: 0.0, Max: 0.0, Diff: 0.0, Sum: 0.1]
      [GC Worker Total (ms): Min: 41.9, Avg: 47.2, Max: 49.0, Diff: 7.1, Sum: 188.8]
      [GC Worker End (ms): Min: 27876.2, Avg: 27876.2, Max: 27876.2, Diff: 0.0]
   [Code Root Fixup: 0.0 ms]
   [Code Root Purge: 0.0 ms]
   [Clear CT: 0.1 ms]
   [Other: 0.4 ms]
      [Choose CSet: 0.0 ms]
      [Ref Proc: 0.1 ms]
      [Ref Enq: 0.0 ms]
      [Redirty Cards: 0.0 ms]
      [Humongous Register: 0.0 ms]
      [Humongous Reclaim: 0.0 ms]
      [Free CSet: 0.2 ms]
   [Eden: 292.0M(292.0M)->0.0B(280.0M) Survivors: 15.0M->27.0M Heap: 381.3M(512.0M)->101.3M(512.0M)]
 [Times: user=0.17 sys=0.00, real=0.06 secs] 
2017-05-09T21:58:03.882+0300: 32.256: [GC pause (G1 Evacuation Pause) (young), 0.0666371 secs]
   [Parallel Time: 66.1 ms, GC Workers: 4]
      [GC Worker Start (ms): Min: 32256.4, Avg: 32256.4, Max: 32256.4, Diff: 0.0]
      [Ext Root Scanning (ms): Min: 0.2, Avg: 0.2, Max: 0.2, Diff: 0.0, Sum: 0.7]
      [Update RS (ms): Min: 3.9, Avg: 4.6, Max: 5.0, Diff: 1.1, Sum: 18.5]
         [Processed Buffers: Min: 4, Avg: 4.0, Max: 4, Diff: 0, Sum: 16]
      [Scan RS (ms): Min: 10.9, Avg: 11.3, Max: 11.9, Diff: 1.1, Sum: 45.0]
      [Code Root Scanning (ms): Min: 0.0, Avg: 0.0, Max: 0.0, Diff: 0.0, Sum: 0.0]
      [Object Copy (ms): Min: 49.8, Avg: 49.9, Max: 49.9, Diff: 0.1, Sum: 199.4]
      [Termination (ms): Min: 0.0, Avg: 0.1, Max: 0.2, Diff: 0.2, Sum: 0.5]
         [Termination Attempts: Min: 1, Avg: 43.0, Max: 64, Diff: 63, Sum: 172]
      [GC Worker Other (ms): Min: 0.0, Avg: 0.0, Max: 0.0, Diff: 0.0, Sum: 0.1]
      [GC Worker Total (ms): Min: 66.0, Avg: 66.1, Max: 66.1, Diff: 0.1, Sum: 264.2]
      [GC Worker End (ms): Min: 32322.4, Avg: 32322.4, Max: 32322.5, Diff: 0.1]
   [Code Root Fixup: 0.0 ms]
   [Code Root Purge: 0.0 ms]
   [Clear CT: 0.1 ms]
   [Other: 0.4 ms]
      [Choose CSet: 0.0 ms]
      [Ref Proc: 0.1 ms]
      [Ref Enq: 0.0 ms]
      [Redirty Cards: 0.1 ms]
      [Humongous Register: 0.0 ms]
      [Humongous Reclaim: 0.0 ms]
      [Free CSet: 0.2 ms]
   [Eden: 238.0M(238.0M)->0.0B(285.0M) Survivors: 27.0M->22.0M Heap: 360.2M(512.0M)->133.2M(512.0M)]
 [Times: user=0.20 sys=0.02, real=0.06 secs] 
2017-05-09T21:58:09.325+0300: 37.703: [GC pause (G1 Evacuation Pause) (young), 0.0714360 secs]
   [Parallel Time: 70.9 ms, GC Workers: 4]
      [GC Worker Start (ms): Min: 37703.5, Avg: 37709.1, Max: 37725.9, Diff: 22.4]
      [Ext Root Scanning (ms): Min: 0.0, Avg: 0.1, Max: 0.2, Diff: 0.2, Sum: 0.5]
      [Update RS (ms): Min: 0.0, Avg: 6.9, Max: 11.6, Diff: 11.6, Sum: 27.4]
         [Processed Buffers: Min: 0, Avg: 4.8, Max: 7, Diff: 7, Sum: 19]
      [Scan RS (ms): Min: 0.0, Avg: 6.1, Max: 9.6, Diff: 9.5, Sum: 24.6]
      [Code Root Scanning (ms): Min: 0.0, Avg: 0.0, Max: 0.0, Diff: 0.0, Sum: 0.0]
      [Object Copy (ms): Min: 39.8, Avg: 46.9, Max: 53.4, Diff: 13.6, Sum: 187.4]
      [Termination (ms): Min: 0.0, Avg: 5.3, Max: 8.6, Diff: 8.6, Sum: 21.1]
         [Termination Attempts: Min: 1, Avg: 1.0, Max: 1, Diff: 0, Sum: 4]
      [GC Worker Other (ms): Min: 0.0, Avg: 0.0, Max: 0.0, Diff: 0.0, Sum: 0.1]
      [GC Worker Total (ms): Min: 48.5, Avg: 65.3, Max: 70.9, Diff: 22.4, Sum: 261.1]
      [GC Worker End (ms): Min: 37774.3, Avg: 37774.3, Max: 37774.3, Diff: 0.0]
   [Code Root Fixup: 0.0 ms]
   [Code Root Purge: 0.0 ms]
   [Clear CT: 0.1 ms]
   [Other: 0.4 ms]
      [Choose CSet: 0.0 ms]
      [Ref Proc: 0.1 ms]
      [Ref Enq: 0.0 ms]
      [Redirty Cards: 0.0 ms]
      [Humongous Register: 0.0 ms]
      [Humongous Reclaim: 0.0 ms]
      [Free CSet: 0.2 ms]
   [Eden: 285.0M(285.0M)->0.0B(285.0M) Survivors: 22.0M->22.0M Heap: 418.2M(512.0M)->144.7M(512.0M)]
 [Times: user=0.25 sys=0.00, real=0.08 secs] 
2017-05-09T21:58:14.665+0300: 43.037: [GC pause (G1 Evacuation Pause) (young), 0.0688393 secs]
   [Parallel Time: 68.1 ms, GC Workers: 4]
      [GC Worker Start (ms): Min: 43036.9, Avg: 43047.9, Max: 43080.8, Diff: 43.9]
      [Ext Root Scanning (ms): Min: 0.0, Avg: 0.2, Max: 0.2, Diff: 0.2, Sum: 0.7]
      [Update RS (ms): Min: 0.0, Avg: 1.2, Max: 1.6, Diff: 1.6, Sum: 4.7]
         [Processed Buffers: Min: 0, Avg: 4.8, Max: 7, Diff: 7, Sum: 19]
      [Scan RS (ms): Min: 0.0, Avg: 10.2, Max: 13.7, Diff: 13.7, Sum: 40.7]
      [Code Root Scanning (ms): Min: 0.0, Avg: 0.0, Max: 0.0, Diff: 0.0, Sum: 0.0]
      [Object Copy (ms): Min: 23.9, Avg: 45.4, Max: 52.6, Diff: 28.7, Sum: 181.5]
      [Termination (ms): Min: 0.0, Avg: 0.2, Max: 0.2, Diff: 0.2, Sum: 0.7]
         [Termination Attempts: Min: 1, Avg: 211.8, Max: 309, Diff: 308, Sum: 847]
      [GC Worker Other (ms): Min: 0.0, Avg: 0.0, Max: 0.0, Diff: 0.0, Sum: 0.0]
      [GC Worker Total (ms): Min: 24.2, Avg: 57.1, Max: 68.1, Diff: 43.9, Sum: 228.3]
      [GC Worker End (ms): Min: 43104.8, Avg: 43105.0, Max: 43105.0, Diff: 0.2]
   [Code Root Fixup: 0.0 ms]
   [Code Root Purge: 0.0 ms]
   [Clear CT: 0.1 ms]
   [Other: 0.6 ms]
      [Choose CSet: 0.0 ms]
      [Ref Proc: 0.1 ms]
      [Ref Enq: 0.0 ms]
      [Redirty Cards: 0.1 ms]
      [Humongous Register: 0.0 ms]
      [Humongous Reclaim: 0.0 ms]
      [Free CSet: 0.4 ms]
   [Eden: 285.0M(285.0M)->0.0B(241.0M) Survivors: 22.0M->23.0M Heap: 461.0M(512.0M)->187.0M(512.0M)]
 [Times: user=0.19 sys=0.00, real=0.06 secs] 
2017-05-09T21:58:19.242+0300: 47.625: [GC pause (G1 Evacuation Pause) (young), 0.0661868 secs]
   [Parallel Time: 65.7 ms, GC Workers: 4]
      [GC Worker Start (ms): Min: 47624.8, Avg: 47628.6, Max: 47640.0, Diff: 15.1]
      [Ext Root Scanning (ms): Min: 0.0, Avg: 0.1, Max: 0.2, Diff: 0.2, Sum: 0.6]
      [Update RS (ms): Min: 0.0, Avg: 5.9, Max: 8.3, Diff: 8.3, Sum: 23.4]
         [Processed Buffers: Min: 0, Avg: 5.3, Max: 7, Diff: 7, Sum: 21]
      [Scan RS (ms): Min: 1.9, Avg: 7.3, Max: 9.3, Diff: 7.4, Sum: 29.1]
      [Code Root Scanning (ms): Min: 0.0, Avg: 0.0, Max: 0.0, Diff: 0.0, Sum: 0.0]
      [Object Copy (ms): Min: 43.9, Avg: 45.1, Max: 48.5, Diff: 4.7, Sum: 180.3]
      [Termination (ms): Min: 0.0, Avg: 3.5, Max: 4.7, Diff: 4.7, Sum: 14.2]
         [Termination Attempts: Min: 1, Avg: 79.3, Max: 112, Diff: 111, Sum: 317]
      [GC Worker Other (ms): Min: 0.0, Avg: 0.0, Max: 0.0, Diff: 0.0, Sum: 0.1]
      [GC Worker Total (ms): Min: 50.6, Avg: 61.9, Max: 65.7, Diff: 15.1, Sum: 247.6]
      [GC Worker End (ms): Min: 47690.5, Avg: 47690.5, Max: 47690.5, Diff: 0.0]
   [Code Root Fixup: 0.0 ms]
   [Code Root Purge: 0.0 ms]
   [Clear CT: 0.1 ms]
   [Other: 0.4 ms]
      [Choose CSet: 0.0 ms]
      [Ref Proc: 0.1 ms]
      [Ref Enq: 0.0 ms]
      [Redirty Cards: 0.0 ms]
      [Humongous Register: 0.0 ms]
      [Humongous Reclaim: 0.0 ms]
      [Free CSet: 0.2 ms]
   [Eden: 241.0M(241.0M)->0.0B(231.0M) Survivors: 23.0M->22.0M Heap: 428.0M(512.0M)->197.5M(512.0M)]
 [Times: user=0.25 sys=0.02, real=0.08 secs] 
2017-05-09T21:58:23.650+0300: 52.026: [GC pause (G1 Evacuation Pause) (young), 0.0406322 secs]
   [Parallel Time: 40.2 ms, GC Workers: 4]
      [GC Worker Start (ms): Min: 52025.6, Avg: 52025.6, Max: 52025.6, Diff: 0.0]
      [Ext Root Scanning (ms): Min: 0.1, Avg: 0.2, Max: 0.2, Diff: 0.0, Sum: 0.6]
      [Update RS (ms): Min: 5.3, Avg: 5.9, Max: 6.5, Diff: 1.1, Sum: 23.7]
         [Processed Buffers: Min: 4, Avg: 5.0, Max: 6, Diff: 2, Sum: 20]
      [Scan RS (ms): Min: 4.8, Avg: 5.4, Max: 5.9, Diff: 1.1, Sum: 21.5]
      [Code Root Scanning (ms): Min: 0.0, Avg: 0.0, Max: 0.0, Diff: 0.0, Sum: 0.0]
      [Object Copy (ms): Min: 28.6, Avg: 28.6, Max: 28.7, Diff: 0.1, Sum: 114.5]
      [Termination (ms): Min: 0.0, Avg: 0.0, Max: 0.0, Diff: 0.0, Sum: 0.0]
         [Termination Attempts: Min: 1, Avg: 7.3, Max: 11, Diff: 10, Sum: 29]
      [GC Worker Other (ms): Min: 0.0, Avg: 0.0, Max: 0.1, Diff: 0.1, Sum: 0.1]
      [GC Worker Total (ms): Min: 40.1, Avg: 40.1, Max: 40.2, Diff: 0.1, Sum: 160.5]
      [GC Worker End (ms): Min: 52065.7, Avg: 52065.7, Max: 52065.7, Diff: 0.1]
   [Code Root Fixup: 0.0 ms]
   [Code Root Purge: 0.0 ms]
   [Clear CT: 0.1 ms]
   [Other: 0.3 ms]
      [Choose CSet: 0.0 ms]
      [Ref Proc: 0.1 ms]
      [Ref Enq: 0.0 ms]
      [Redirty Cards: 0.0 ms]
      [Humongous Register: 0.0 ms]
      [Humongous Reclaim: 0.0 ms]
      [Free CSet: 0.2 ms]
   [Eden: 231.0M(231.0M)->0.0B(223.0M) Survivors: 22.0M->20.0M Heap: 428.5M(512.0M)->207.5M(512.0M)]
 [Times: user=0.14 sys=0.00, real=0.05 secs] 
2017-05-09T21:58:27.819+0300: 56.197: [GC pause (G1 Evacuation Pause) (young), 0.0412731 secs]
   [Parallel Time: 40.8 ms, GC Workers: 4]
      [GC Worker Start (ms): Min: 56197.2, Avg: 56202.4, Max: 56217.8, Diff: 20.6]
      [Ext Root Scanning (ms): Min: 0.0, Avg: 0.1, Max: 0.2, Diff: 0.2, Sum: 0.5]
      [Update RS (ms): Min: 0.0, Avg: 5.6, Max: 7.7, Diff: 7.7, Sum: 22.4]
         [Processed Buffers: Min: 0, Avg: 5.0, Max: 8, Diff: 8, Sum: 20]
      [Scan RS (ms): Min: 0.0, Avg: 3.0, Max: 4.1, Diff: 4.1, Sum: 11.8]
      [Code Root Scanning (ms): Min: 0.0, Avg: 0.0, Max: 0.0, Diff: 0.0, Sum: 0.0]
      [Object Copy (ms): Min: 18.5, Avg: 26.5, Max: 29.2, Diff: 10.7, Sum: 106.1]
      [Termination (ms): Min: 0.0, Avg: 0.0, Max: 0.0, Diff: 0.0, Sum: 0.0]
         [Termination Attempts: Min: 1, Avg: 1.0, Max: 1, Diff: 0, Sum: 4]
      [GC Worker Other (ms): Min: 0.0, Avg: 0.4, Max: 1.7, Diff: 1.7, Sum: 1.8]
      [GC Worker Total (ms): Min: 20.2, Avg: 35.6, Max: 40.8, Diff: 20.5, Sum: 142.6]
      [GC Worker End (ms): Min: 56238.0, Avg: 56238.0, Max: 56238.0, Diff: 0.0]
   [Code Root Fixup: 0.0 ms]
   [Code Root Purge: 0.0 ms]
   [Clear CT: 0.1 ms]
   [Other: 0.4 ms]
      [Choose CSet: 0.0 ms]
      [Ref Proc: 0.1 ms]
      [Ref Enq: 0.0 ms]
      [Redirty Cards: 0.0 ms]
      [Humongous Register: 0.0 ms]
      [Humongous Reclaim: 0.0 ms]
      [Free CSet: 0.2 ms]
   [Eden: 223.0M(223.0M)->0.0B(215.0M) Survivors: 20.0M->19.0M Heap: 430.5M(512.0M)->217.0M(512.0M)]
 [Times: user=0.16 sys=0.00, real=0.05 secs] 
2017-05-09T21:58:31.908+0300: 60.280: [GC pause (G1 Evacuation Pause) (young), 0.0479700 secs]
   [Parallel Time: 47.5 ms, GC Workers: 4]
      [GC Worker Start (ms): Min: 60280.0, Avg: 60284.5, Max: 60298.0, Diff: 17.9]
      [Ext Root Scanning (ms): Min: 0.0, Avg: 0.1, Max: 0.2, Diff: 0.2, Sum: 0.5]
      [Update RS (ms): Min: 0.0, Avg: 6.5, Max: 8.8, Diff: 8.8, Sum: 26.0]
         [Processed Buffers: Min: 0, Avg: 6.8, Max: 9, Diff: 9, Sum: 27]
      [Scan RS (ms): Min: 0.0, Avg: 2.5, Max: 3.7, Diff: 3.6, Sum: 10.0]
      [Code Root Scanning (ms): Min: 0.0, Avg: 0.0, Max: 0.0, Diff: 0.0, Sum: 0.0]
      [Object Copy (ms): Min: 10.5, Avg: 29.1, Max: 35.3, Diff: 24.9, Sum: 116.4]
      [Termination (ms): Min: 0.0, Avg: 0.0, Max: 0.0, Diff: 0.0, Sum: 0.0]
         [Termination Attempts: Min: 1, Avg: 97.5, Max: 151, Diff: 150, Sum: 390]
      [GC Worker Other (ms): Min: 0.0, Avg: 4.8, Max: 19.1, Diff: 19.1, Sum: 19.2]
      [GC Worker Total (ms): Min: 29.6, Avg: 43.0, Max: 47.5, Diff: 17.9, Sum: 172.2]
      [GC Worker End (ms): Min: 60327.6, Avg: 60327.6, Max: 60327.6, Diff: 0.0]
   [Code Root Fixup: 0.0 ms]
   [Code Root Purge: 0.0 ms]
   [Clear CT: 0.1 ms]
   [Other: 0.3 ms]
      [Choose CSet: 0.0 ms]
      [Ref Proc: 0.1 ms]
      [Ref Enq: 0.0 ms]
      [Redirty Cards: 0.0 ms]
      [Humongous Register: 0.0 ms]
      [Humongous Reclaim: 0.0 ms]
      [Free CSet: 0.1 ms]
   [Eden: 215.0M(215.0M)->0.0B(208.0M) Survivors: 19.0M->18.0M Heap: 432.0M(512.0M)->225.5M(512.0M)]
 [Times: user=0.14 sys=0.00, real=0.05 secs] 
2017-05-09T21:58:34.225+0300: 62.607: [GC pause (G1 Humongous Allocation) (young) (initial-mark), 0.0276649 secs]
   [Parallel Time: 27.2 ms, GC Workers: 4]
      [GC Worker Start (ms): Min: 62606.6, Avg: 62606.7, Max: 62606.7, Diff: 0.0]
      [Ext Root Scanning (ms): Min: 0.2, Avg: 0.3, Max: 0.3, Diff: 0.0, Sum: 1.0]
      [Update RS (ms): Min: 4.0, Avg: 4.4, Max: 5.0, Diff: 1.0, Sum: 17.4]
         [Processed Buffers: Min: 5, Avg: 5.3, Max: 6, Diff: 1, Sum: 21]
      [Scan RS (ms): Min: 1.5, Avg: 2.2, Max: 2.5, Diff: 1.0, Sum: 8.6]
      [Code Root Scanning (ms): Min: 0.0, Avg: 0.0, Max: 0.0, Diff: 0.0, Sum: 0.0]
      [Object Copy (ms): Min: 20.4, Avg: 20.4, Max: 20.4, Diff: 0.0, Sum: 81.5]
      [Termination (ms): Min: 0.0, Avg: 0.0, Max: 0.0, Diff: 0.0, Sum: 0.0]
         [Termination Attempts: Min: 1, Avg: 32.0, Max: 47, Diff: 46, Sum: 128]
      [GC Worker Other (ms): Min: 0.0, Avg: 0.0, Max: 0.0, Diff: 0.0, Sum: 0.1]
      [GC Worker Total (ms): Min: 27.2, Avg: 27.2, Max: 27.2, Diff: 0.0, Sum: 108.7]
      [GC Worker End (ms): Min: 62633.8, Avg: 62633.8, Max: 62633.8, Diff: 0.0]
   [Code Root Fixup: 0.0 ms]
   [Code Root Purge: 0.0 ms]
   [Clear CT: 0.1 ms]
   [Other: 0.4 ms]
      [Choose CSet: 0.0 ms]
      [Ref Proc: 0.1 ms]
      [Ref Enq: 0.0 ms]
      [Redirty Cards: 0.0 ms]
      [Humongous Register: 0.0 ms]
      [Humongous Reclaim: 0.0 ms]
      [Free CSet: 0.1 ms]
   [Eden: 123.0M(208.0M)->0.0B(204.0M) Survivors: 18.0M->15.0M Heap: 348.5M(512.0M)->232.0M(512.0M)]
 [Times: user=0.13 sys=0.00, real=0.03 secs] 
2017-05-09T21:58:34.257+0300: 62.634: [GC concurrent-root-region-scan-start]
2017-05-09T21:58:34.272+0300: 62.652: [GC concurrent-root-region-scan-end, 0.0176964 secs]
2017-05-09T21:58:34.272+0300: 62.652: [GC concurrent-mark-start]
2017-05-09T21:58:34.786+0300: 63.159: [GC concurrent-mark-end, 0.5059262 secs]
2017-05-09T21:58:34.786+0300: 63.159: [GC remark 2017-05-09T21:58:34.786+0300: 63.160: [Finalize Marking, 0.0000497 secs] 2017-05-09T21:58:34.786+0300: 63.160: [GC ref-proc, 0.0001108 secs] 2017-05-09T21:58:34.786+0300: 63.160: [Unloading, 0.0009737 secs], 0.0015851 secs]
 [Times: user=0.00 sys=0.00, real=0.00 secs] 
2017-05-09T21:58:34.786+0300: 63.161: [GC cleanup 302M->242M(512M), 0.0003211 secs]
 [Times: user=0.00 sys=0.00, real=0.00 secs] 
2017-05-09T21:58:34.786+0300: 63.162: [GC concurrent-cleanup-start]
2017-05-09T21:58:34.786+0300: 63.162: [GC concurrent-cleanup-end, 0.0000370 secs]
2017-05-09T21:58:38.117+0300: 66.488: [GC pause (G1 Evacuation Pause) (young), 0.0334221 secs]
   [Parallel Time: 33.0 ms, GC Workers: 4]
      [GC Worker Start (ms): Min: 66487.8, Avg: 66487.8, Max: 66487.9, Diff: 0.0]
      [Ext Root Scanning (ms): Min: 0.2, Avg: 0.2, Max: 0.2, Diff: 0.0, Sum: 0.7]
      [Update RS (ms): Min: 5.2, Avg: 5.3, Max: 5.4, Diff: 0.2, Sum: 21.2]
         [Processed Buffers: Min: 6, Avg: 7.0, Max: 8, Diff: 2, Sum: 28]
      [Scan RS (ms): Min: 4.6, Avg: 4.7, Max: 4.9, Diff: 0.3, Sum: 18.9]
      [Code Root Scanning (ms): Min: 0.0, Avg: 0.0, Max: 0.0, Diff: 0.0, Sum: 0.0]
      [Object Copy (ms): Min: 22.6, Avg: 22.7, Max: 22.7, Diff: 0.1, Sum: 90.7]
      [Termination (ms): Min: 0.0, Avg: 0.0, Max: 0.0, Diff: 0.0, Sum: 0.0]
         [Termination Attempts: Min: 1, Avg: 7.0, Max: 11, Diff: 10, Sum: 28]
      [GC Worker Other (ms): Min: 0.0, Avg: 0.0, Max: 0.1, Diff: 0.1, Sum: 0.2]
      [GC Worker Total (ms): Min: 32.9, Avg: 32.9, Max: 32.9, Diff: 0.1, Sum: 131.6]
      [GC Worker End (ms): Min: 66520.7, Avg: 66520.7, Max: 66520.8, Diff: 0.1]
   [Code Root Fixup: 0.0 ms]
   [Code Root Purge: 0.0 ms]
   [Clear CT: 0.1 ms]
   [Other: 0.4 ms]
      [Choose CSet: 0.0 ms]
      [Ref Proc: 0.1 ms]
      [Ref Enq: 0.0 ms]
      [Redirty Cards: 0.0 ms]
      [Humongous Register: 0.0 ms]
      [Humongous Reclaim: 0.0 ms]
      [Free CSet: 0.2 ms]
   [Eden: 204.0M(204.0M)->0.0B(210.0M) Survivors: 15.0M->22.0M Heap: 422.7M(512.0M)->226.2M(512.0M)]
 [Times: user=0.13 sys=0.00, real=0.03 secs] 
2017-05-09T21:58:41.932+0300: 70.306: [GC pause (G1 Evacuation Pause) (young), 0.0505761 secs]
   [Parallel Time: 50.1 ms, GC Workers: 4]
      [GC Worker Start (ms): Min: 70306.3, Avg: 70306.3, Max: 70306.3, Diff: 0.0]
      [Ext Root Scanning (ms): Min: 0.2, Avg: 0.2, Max: 0.2, Diff: 0.0, Sum: 0.6]
      [Update RS (ms): Min: 6.5, Avg: 6.8, Max: 7.1, Diff: 0.6, Sum: 27.1]
         [Processed Buffers: Min: 7, Avg: 7.3, Max: 8, Diff: 1, Sum: 29]
      [Scan RS (ms): Min: 4.8, Avg: 5.2, Max: 5.4, Diff: 0.6, Sum: 20.7]
      [Code Root Scanning (ms): Min: 0.0, Avg: 0.0, Max: 0.0, Diff: 0.0, Sum: 0.0]
      [Object Copy (ms): Min: 37.8, Avg: 37.9, Max: 38.0, Diff: 0.2, Sum: 151.7]
      [Termination (ms): Min: 0.0, Avg: 0.1, Max: 0.1, Diff: 0.1, Sum: 0.3]
         [Termination Attempts: Min: 1, Avg: 13.8, Max: 23, Diff: 22, Sum: 55]
      [GC Worker Other (ms): Min: 0.0, Avg: 0.0, Max: 0.0, Diff: 0.0, Sum: 0.1]
      [GC Worker Total (ms): Min: 50.1, Avg: 50.1, Max: 50.1, Diff: 0.0, Sum: 200.4]
      [GC Worker End (ms): Min: 70356.4, Avg: 70356.4, Max: 70356.4, Diff: 0.0]
   [Code Root Fixup: 0.0 ms]
   [Code Root Purge: 0.0 ms]
   [Clear CT: 0.1 ms]
   [Other: 0.3 ms]
      [Choose CSet: 0.0 ms]
      [Ref Proc: 0.1 ms]
      [Ref Enq: 0.0 ms]
      [Redirty Cards: 0.0 ms]
      [Humongous Register: 0.0 ms]
      [Humongous Reclaim: 0.0 ms]
      [Free CSet: 0.1 ms]
   [Eden: 210.0M(210.0M)->0.0B(200.0M) Survivors: 22.0M->22.0M Heap: 436.2M(512.0M)->235.7M(512.0M)]
 [Times: user=0.17 sys=0.01, real=0.05 secs] 
2017-05-09T21:58:45.788+0300: 74.158: [GC pause (G1 Evacuation Pause) (young), 0.0431482 secs]
   [Parallel Time: 42.7 ms, GC Workers: 4]
      [GC Worker Start (ms): Min: 74158.3, Avg: 74158.3, Max: 74158.3, Diff: 0.0]
      [Ext Root Scanning (ms): Min: 0.2, Avg: 0.2, Max: 0.2, Diff: 0.0, Sum: 0.7]
      [Update RS (ms): Min: 6.9, Avg: 7.1, Max: 7.3, Diff: 0.4, Sum: 28.3]
         [Processed Buffers: Min: 7, Avg: 7.3, Max: 8, Diff: 1, Sum: 29]
      [Scan RS (ms): Min: 3.4, Avg: 3.6, Max: 3.8, Diff: 0.4, Sum: 14.5]
      [Code Root Scanning (ms): Min: 0.0, Avg: 0.0, Max: 0.0, Diff: 0.0, Sum: 0.0]
      [Object Copy (ms): Min: 31.5, Avg: 31.6, Max: 31.7, Diff: 0.2, Sum: 126.4]
      [Termination (ms): Min: 0.0, Avg: 0.1, Max: 0.2, Diff: 0.2, Sum: 0.5]
         [Termination Attempts: Min: 1, Avg: 59.3, Max: 80, Diff: 79, Sum: 237]
      [GC Worker Other (ms): Min: 0.0, Avg: 0.0, Max: 0.0, Diff: 0.0, Sum: 0.1]
      [GC Worker Total (ms): Min: 42.6, Avg: 42.6, Max: 42.6, Diff: 0.0, Sum: 170.5]
      [GC Worker End (ms): Min: 74201.0, Avg: 74201.0, Max: 74201.0, Diff: 0.0]
   [Code Root Fixup: 0.0 ms]
   [Code Root Purge: 0.0 ms]
   [Clear CT: 0.1 ms]
   [Other: 0.4 ms]
      [Choose CSet: 0.0 ms]
      [Ref Proc: 0.0 ms]
      [Ref Enq: 0.0 ms]
      [Redirty Cards: 0.0 ms]
      [Humongous Register: 0.0 ms]
      [Humongous Reclaim: 0.0 ms]
      [Free CSet: 0.2 ms]
   [Eden: 200.0M(200.0M)->0.0B(197.0M) Survivors: 22.0M->17.0M Heap: 435.7M(512.0M)->244.2M(512.0M)]
 [Times: user=0.11 sys=0.01, real=0.03 secs] 
2017-05-09T21:58:49.499+0300: 77.875: [GC pause (G1 Evacuation Pause) (young), 0.0321521 secs]
   [Parallel Time: 31.7 ms, GC Workers: 4]
      [GC Worker Start (ms): Min: 77875.0, Avg: 77875.0, Max: 77875.0, Diff: 0.0]
      [Ext Root Scanning (ms): Min: 0.2, Avg: 0.2, Max: 0.2, Diff: 0.0, Sum: 0.7]
      [Update RS (ms): Min: 6.5, Avg: 6.6, Max: 6.8, Diff: 0.3, Sum: 26.5]
         [Processed Buffers: Min: 7, Avg: 7.5, Max: 8, Diff: 1, Sum: 30]
      [Scan RS (ms): Min: 2.5, Avg: 2.7, Max: 2.8, Diff: 0.3, Sum: 10.9]
      [Code Root Scanning (ms): Min: 0.0, Avg: 0.0, Max: 0.0, Diff: 0.0, Sum: 0.0]
      [Object Copy (ms): Min: 22.1, Avg: 22.1, Max: 22.1, Diff: 0.0, Sum: 88.4]
      [Termination (ms): Min: 0.0, Avg: 0.0, Max: 0.0, Diff: 0.0, Sum: 0.0]
         [Termination Attempts: Min: 1, Avg: 7.3, Max: 11, Diff: 10, Sum: 29]
      [GC Worker Other (ms): Min: 0.0, Avg: 0.0, Max: 0.1, Diff: 0.1, Sum: 0.1]
      [GC Worker Total (ms): Min: 31.6, Avg: 31.7, Max: 31.7, Diff: 0.1, Sum: 126.6]
      [GC Worker End (ms): Min: 77906.6, Avg: 77906.6, Max: 77906.7, Diff: 0.1]
   [Code Root Fixup: 0.0 ms]
   [Code Root Purge: 0.0 ms]
   [Clear CT: 0.1 ms]
   [Other: 0.3 ms]
      [Choose CSet: 0.0 ms]
      [Ref Proc: 0.1 ms]
      [Ref Enq: 0.0 ms]
      [Redirty Cards: 0.0 ms]
      [Humongous Register: 0.0 ms]
      [Humongous Reclaim: 0.0 ms]
      [Free CSet: 0.1 ms]
   [Eden: 197.0M(197.0M)->0.0B(187.0M) Survivors: 17.0M->17.0M Heap: 441.2M(512.0M)->253.2M(512.0M)]
 [Times: user=0.13 sys=0.00, real=0.03 secs] 
2017-05-09T21:58:52.968+0300: 81.343: [GC pause (G1 Evacuation Pause) (young) (initial-mark), 0.0320325 secs]
   [Parallel Time: 31.5 ms, GC Workers: 4]
      [GC Worker Start (ms): Min: 81342.9, Avg: 81342.9, Max: 81342.9, Diff: 0.0]
      [Ext Root Scanning (ms): Min: 0.2, Avg: 0.2, Max: 0.3, Diff: 0.0, Sum: 1.0]
      [Update RS (ms): Min: 5.6, Avg: 6.3, Max: 6.6, Diff: 1.0, Sum: 25.1]
         [Processed Buffers: Min: 7, Avg: 7.5, Max: 9, Diff: 2, Sum: 30]
      [Scan RS (ms): Min: 1.6, Avg: 2.0, Max: 2.6, Diff: 1.0, Sum: 7.8]
      [Code Root Scanning (ms): Min: 0.0, Avg: 0.0, Max: 0.0, Diff: 0.0, Sum: 0.0]
      [Object Copy (ms): Min: 22.8, Avg: 22.9, Max: 22.9, Diff: 0.1, Sum: 91.5]
      [Termination (ms): Min: 0.0, Avg: 0.0, Max: 0.0, Diff: 0.0, Sum: 0.0]
         [Termination Attempts: Min: 1, Avg: 14.5, Max: 25, Diff: 24, Sum: 58]
      [GC Worker Other (ms): Min: 0.0, Avg: 0.0, Max: 0.1, Diff: 0.1, Sum: 0.2]
      [GC Worker Total (ms): Min: 31.4, Avg: 31.4, Max: 31.4, Diff: 0.1, Sum: 125.5]
      [GC Worker End (ms): Min: 81374.3, Avg: 81374.3, Max: 81374.4, Diff: 0.1]
   [Code Root Fixup: 0.0 ms]
   [Code Root Purge: 0.0 ms]
   [Clear CT: 0.1 ms]
   [Other: 0.5 ms]
      [Choose CSet: 0.0 ms]
      [Ref Proc: 0.1 ms]
      [Ref Enq: 0.0 ms]
      [Redirty Cards: 0.0 ms]
      [Humongous Register: 0.0 ms]
      [Humongous Reclaim: 0.0 ms]
      [Free CSet: 0.2 ms]
   [Eden: 187.0M(187.0M)->0.0B(180.0M) Survivors: 17.0M->16.0M Heap: 440.2M(512.0M)->261.7M(512.0M)]
 [Times: user=0.13 sys=0.00, real=0.03 secs] 
2017-05-09T21:58:52.999+0300: 81.375: [GC concurrent-root-region-scan-start]
2017-05-09T21:58:53.014+0300: 81.385: [GC concurrent-root-region-scan-end, 0.0094749 secs]
2017-05-09T21:58:53.014+0300: 81.385: [GC concurrent-mark-start]
2017-05-09T21:58:53.249+0300: 81.619: [GC concurrent-mark-reset-for-overflow]
2017-05-09T21:58:53.639+0300: 82.023: [GC concurrent-mark-reset-for-overflow]
2017-05-09T21:58:53.971+0300: 82.342: [GC concurrent-mark-end, 0.9576062 secs]
2017-05-09T21:58:53.971+0300: 82.342: [GC remark 2017-05-09T21:58:53.971+0300: 82.342: [Finalize Marking, 0.0000753 secs] 2017-05-09T21:58:53.971+0300: 82.342: [GC ref-proc, 0.0001087 secs] 2017-05-09T21:58:53.971+0300: 82.342: [Unloading, 0.0008689 secs], 0.0017817 secs]
 [Times: user=0.00 sys=0.00, real=0.00 secs] 
2017-05-09T21:58:53.971+0300: 82.344: [GC cleanup 314M->282M(512M), 0.0003159 secs]
 [Times: user=0.00 sys=0.00, real=0.00 secs] 
2017-05-09T21:58:53.971+0300: 82.344: [GC concurrent-cleanup-start]
2017-05-09T21:58:53.971+0300: 82.344: [GC concurrent-cleanup-end, 0.0000208 secs]
2017-05-09T21:58:56.357+0300: 84.732: [GC pause (G1 Evacuation Pause) (young), 0.0315952 secs]
   [Parallel Time: 31.0 ms, GC Workers: 4]
      [GC Worker Start (ms): Min: 84731.9, Avg: 84731.9, Max: 84731.9, Diff: 0.0]
      [Ext Root Scanning (ms): Min: 0.2, Avg: 0.2, Max: 0.2, Diff: 0.0, Sum: 0.7]
      [Update RS (ms): Min: 8.2, Avg: 8.8, Max: 9.4, Diff: 1.2, Sum: 35.3]
         [Processed Buffers: Min: 11, Avg: 11.5, Max: 12, Diff: 1, Sum: 46]
      [Scan RS (ms): Min: 0.0, Avg: 0.2, Max: 0.6, Diff: 0.6, Sum: 1.0]
      [Code Root Scanning (ms): Min: 0.0, Avg: 0.0, Max: 0.0, Diff: 0.0, Sum: 0.0]
      [Object Copy (ms): Min: 21.4, Avg: 21.7, Max: 22.0, Diff: 0.6, Sum: 86.9]
      [Termination (ms): Min: 0.0, Avg: 0.0, Max: 0.0, Diff: 0.0, Sum: 0.0]
         [Termination Attempts: Min: 1, Avg: 38.3, Max: 57, Diff: 56, Sum: 153]
      [GC Worker Other (ms): Min: 0.0, Avg: 0.0, Max: 0.0, Diff: 0.0, Sum: 0.1]
      [GC Worker Total (ms): Min: 31.0, Avg: 31.0, Max: 31.0, Diff: 0.0, Sum: 124.0]
      [GC Worker End (ms): Min: 84762.9, Avg: 84762.9, Max: 84762.9, Diff: 0.0]
   [Code Root Fixup: 0.0 ms]
   [Code Root Purge: 0.0 ms]
   [Clear CT: 0.1 ms]
   [Other: 0.4 ms]
      [Choose CSet: 0.0 ms]
      [Ref Proc: 0.2 ms]
      [Ref Enq: 0.0 ms]
      [Redirty Cards: 0.0 ms]
      [Humongous Register: 0.0 ms]
      [Humongous Reclaim: 0.0 ms]
      [Free CSet: 0.1 ms]
   [Eden: 180.0M(180.0M)->0.0B(204.0M) Survivors: 16.0M->16.0M Heap: 410.4M(512.0M)->238.4M(512.0M)]
 [Times: user=0.13 sys=0.00, real=0.03 secs] 
2017-05-09T21:59:00.180+0300: 88.554: [GC pause (G1 Evacuation Pause) (young), 0.0331297 secs]
   [Parallel Time: 32.6 ms, GC Workers: 4]
      [GC Worker Start (ms): Min: 88554.0, Avg: 88554.0, Max: 88554.0, Diff: 0.0]
      [Ext Root Scanning (ms): Min: 0.2, Avg: 0.2, Max: 0.2, Diff: 0.0, Sum: 0.6]
      [Update RS (ms): Min: 9.2, Avg: 9.4, Max: 9.5, Diff: 0.3, Sum: 37.4]
         [Processed Buffers: Min: 12, Avg: 12.5, Max: 13, Diff: 1, Sum: 50]
      [Scan RS (ms): Min: 0.9, Avg: 1.0, Max: 1.3, Diff: 0.4, Sum: 4.1]
      [Code Root Scanning (ms): Min: 0.0, Avg: 0.0, Max: 0.0, Diff: 0.0, Sum: 0.0]
      [Object Copy (ms): Min: 21.8, Avg: 21.9, Max: 22.0, Diff: 0.2, Sum: 87.7]
      [Termination (ms): Min: 0.0, Avg: 0.0, Max: 0.0, Diff: 0.0, Sum: 0.0]
         [Termination Attempts: Min: 1, Avg: 10.5, Max: 15, Diff: 14, Sum: 42]
      [GC Worker Other (ms): Min: 0.0, Avg: 0.1, Max: 0.2, Diff: 0.1, Sum: 0.3]
      [GC Worker Total (ms): Min: 32.5, Avg: 32.6, Max: 32.6, Diff: 0.1, Sum: 130.2]
      [GC Worker End (ms): Min: 88586.5, Avg: 88586.6, Max: 88586.7, Diff: 0.1]
   [Code Root Fixup: 0.0 ms]
   [Code Root Purge: 0.0 ms]
   [Clear CT: 0.1 ms]
   [Other: 0.4 ms]
      [Choose CSet: 0.0 ms]
      [Ref Proc: 0.1 ms]
      [Ref Enq: 0.0 ms]
      [Redirty Cards: 0.0 ms]
      [Humongous Register: 0.0 ms]
      [Humongous Reclaim: 0.0 ms]
      [Free CSet: 0.1 ms]
   [Eden: 204.0M(204.0M)->0.0B(194.0M) Survivors: 16.0M->17.0M Heap: 442.4M(512.0M)->246.9M(512.0M)]
 [Times: user=0.09 sys=0.03, real=0.03 secs] 
2017-05-09T21:59:03.837+0300: 92.221: [GC pause (G1 Evacuation Pause) (young) (initial-mark), 0.0427149 secs]
   [Parallel Time: 42.2 ms, GC Workers: 4]
      [GC Worker Start (ms): Min: 92221.5, Avg: 92221.6, Max: 92221.8, Diff: 0.2]
      [Ext Root Scanning (ms): Min: 0.2, Avg: 8.0, Max: 31.5, Diff: 31.2, Sum: 32.2]
      [Update RS (ms): Min: 0.0, Avg: 9.4, Max: 12.6, Diff: 12.6, Sum: 37.7]
         [Processed Buffers: Min: 0, Avg: 13.3, Max: 20, Diff: 20, Sum: 53]
      [Scan RS (ms): Min: 0.0, Avg: 1.1, Max: 1.5, Diff: 1.5, Sum: 4.3]
      [Code Root Scanning (ms): Min: 0.0, Avg: 0.0, Max: 0.0, Diff: 0.0, Sum: 0.0]
      [Object Copy (ms): Min: 10.5, Avg: 23.6, Max: 28.0, Diff: 17.5, Sum: 94.3]
      [Termination (ms): Min: 0.0, Avg: 0.0, Max: 0.0, Diff: 0.0, Sum: 0.0]
         [Termination Attempts: Min: 1, Avg: 1.0, Max: 1, Diff: 0, Sum: 4]
      [GC Worker Other (ms): Min: 0.0, Avg: 0.0, Max: 0.0, Diff: 0.0, Sum: 0.1]
      [GC Worker Total (ms): Min: 42.0, Avg: 42.1, Max: 42.2, Diff: 0.2, Sum: 168.6]
      [GC Worker End (ms): Min: 92263.7, Avg: 92263.7, Max: 92263.8, Diff: 0.0]
   [Code Root Fixup: 0.0 ms]
   [Code Root Purge: 0.0 ms]
   [Clear CT: 0.1 ms]
   [Other: 0.4 ms]
      [Choose CSet: 0.0 ms]
      [Ref Proc: 0.1 ms]
      [Ref Enq: 0.0 ms]
      [Redirty Cards: 0.0 ms]
      [Humongous Register: 0.0 ms]
      [Humongous Reclaim: 0.0 ms]
      [Free CSet: 0.1 ms]
   [Eden: 194.0M(194.0M)->0.0B(187.0M) Survivors: 17.0M->17.0M Heap: 440.9M(512.0M)->254.4M(512.0M)]
 [Times: user=0.13 sys=0.00, real=0.05 secs] 
2017-05-09T21:59:03.884+0300: 92.264: [GC concurrent-root-region-scan-start]
2017-05-09T21:59:03.900+0300: 92.274: [GC concurrent-root-region-scan-end, 0.0097141 secs]
2017-05-09T21:59:03.900+0300: 92.274: [GC concurrent-mark-start]
2017-05-09T21:59:04.165+0300: 92.548: [GC concurrent-mark-reset-for-overflow]
2017-05-09T21:59:04.650+0300: 93.023: [GC concurrent-mark-reset-for-overflow]
2017-05-09T21:59:04.994+0300: 93.378: [GC concurrent-mark-end, 1.1038709 secs]
2017-05-09T21:59:04.994+0300: 93.378: [GC remark 2017-05-09T21:59:04.994+0300: 93.378: [Finalize Marking, 0.0000521 secs] 2017-05-09T21:59:04.994+0300: 93.378: [GC ref-proc, 0.0001069 secs] 2017-05-09T21:59:04.994+0300: 93.378: [Unloading, 0.0008020 secs], 0.0017748 secs]
 [Times: user=0.06 sys=0.00, real=0.02 secs] 
2017-05-09T21:59:05.009+0300: 93.380: [GC cleanup 379M->379M(512M), 0.0006641 secs]
 [Times: user=0.00 sys=0.00, real=0.00 secs] 
2017-05-09T21:59:07.454+0300: 95.828: [GC pause (G1 Evacuation Pause) (young) (to-space exhausted), 1.2298093 secs]
   [Parallel Time: 1146.8 ms, GC Workers: 4]
      [GC Worker Start (ms): Min: 95828.5, Avg: 95828.5, Max: 95828.5, Diff: 0.0]
      [Ext Root Scanning (ms): Min: 0.2, Avg: 0.2, Max: 0.2, Diff: 0.0, Sum: 0.7]
      [Update RS (ms): Min: 0.0, Avg: 4.7, Max: 6.6, Diff: 6.6, Sum: 18.6]
         [Processed Buffers: Min: 0, Avg: 13.3, Max: 18, Diff: 18, Sum: 53]
      [Scan RS (ms): Min: 0.0, Avg: 6.8, Max: 9.4, Diff: 9.3, Sum: 27.4]
      [Code Root Scanning (ms): Min: 0.0, Avg: 0.0, Max: 0.0, Diff: 0.0, Sum: 0.0]
      [Object Copy (ms): Min: 1131.2, Avg: 1135.1, Max: 1146.6, Diff: 15.3, Sum: 4540.3]
      [Termination (ms): Min: 0.0, Avg: 0.0, Max: 0.0, Diff: 0.0, Sum: 0.0]
         [Termination Attempts: Min: 1, Avg: 1.3, Max: 2, Diff: 1, Sum: 5]
      [GC Worker Other (ms): Min: 0.0, Avg: 0.0, Max: 0.0, Diff: 0.0, Sum: 0.1]
      [GC Worker Total (ms): Min: 1146.8, Avg: 1146.8, Max: 1146.8, Diff: 0.0, Sum: 4587.1]
      [GC Worker End (ms): Min: 96975.2, Avg: 96975.2, Max: 96975.2, Diff: 0.0]
   [Code Root Fixup: 0.0 ms]
   [Code Root Purge: 0.0 ms]
   [Clear CT: 0.1 ms]
   [Other: 82.9 ms]
      [Evacuation Failure: 82.6 ms]
      [Choose CSet: 0.0 ms]
      [Ref Proc: 0.0 ms]
      [Ref Enq: 0.0 ms]
      [Redirty Cards: 0.1 ms]
      [Humongous Register: 0.0 ms]
      [Humongous Reclaim: 0.0 ms]
      [Free CSet: 0.1 ms]
   [Eden: 184.0M(187.0M)->0.0B(25.0M) Survivors: 17.0M->0.0B Heap: 508.9M(512.0M)->508.9M(512.0M)]
 [Times: user=1.39 sys=0.34, real=1.23 secs] 
2017-05-09T21:59:08.680+0300: 97.058: [GC pause (G1 Evacuation Pause) (young), 0.0101342 secs]
   [Parallel Time: 10.0 ms, GC Workers: 4]
      [GC Worker Start (ms): Min: 97058.5, Avg: 97058.5, Max: 97058.5, Diff: 0.0]
      [Ext Root Scanning (ms): Min: 0.2, Avg: 0.2, Max: 0.2, Diff: 0.0, Sum: 0.7]
      [Update RS (ms): Min: 9.3, Avg: 9.6, Max: 9.7, Diff: 0.4, Sum: 38.5]
         [Processed Buffers: Min: 20, Avg: 23.8, Max: 31, Diff: 11, Sum: 95]
      [Scan RS (ms): Min: 0.0, Avg: 0.0, Max: 0.0, Diff: 0.0, Sum: 0.0]
      [Code Root Scanning (ms): Min: 0.0, Avg: 0.0, Max: 0.0, Diff: 0.0, Sum: 0.0]
      [Object Copy (ms): Min: 0.0, Avg: 0.0, Max: 0.0, Diff: 0.0, Sum: 0.0]
      [Termination (ms): Min: 0.0, Avg: 0.1, Max: 0.4, Diff: 0.4, Sum: 0.5]
         [Termination Attempts: Min: 1, Avg: 1.0, Max: 1, Diff: 0, Sum: 4]
      [GC Worker Other (ms): Min: 0.0, Avg: 0.0, Max: 0.0, Diff: 0.0, Sum: 0.1]
      [GC Worker Total (ms): Min: 9.9, Avg: 10.0, Max: 10.0, Diff: 0.0, Sum: 39.8]
      [GC Worker End (ms): Min: 97068.4, Avg: 97068.4, Max: 97068.4, Diff: 0.0]
   [Code Root Fixup: 0.0 ms]
   [Code Root Purge: 0.0 ms]
   [Clear CT: 0.0 ms]
   [Other: 0.1 ms]
      [Choose CSet: 0.0 ms]
      [Ref Proc: 0.1 ms]
      [Ref Enq: 0.0 ms]
      [Redirty Cards: 0.0 ms]
      [Humongous Register: 0.0 ms]
      [Humongous Reclaim: 0.0 ms]
      [Free CSet: 0.0 ms]
   [Eden: 0.0B(25.0M)->0.0B(25.0M) Survivors: 0.0B->0.0B Heap: 508.9M(512.0M)->508.9M(512.0M)]
 [Times: user=0.06 sys=0.00, real=0.01 secs] 
2017-05-09T21:59:08.695+0300: 97.069: [Full GC (Allocation Failure)  508M->265M(512M), 0.7663700 secs]
   [Eden: 0.0B(25.0M)->0.0B(186.0M) Survivors: 0.0B->0.0B Heap: 508.9M(512.0M)->265.4M(512.0M)], [Metaspace: 7499K->7484K(1056768K)]
 [Times: user=1.00 sys=0.02, real=0.77 secs] 
2017-05-09T21:59:12.951+0300: 101.331: [GC pause (G1 Evacuation Pause) (young), 0.0162543 secs]
   [Parallel Time: 15.7 ms, GC Workers: 4]
      [GC Worker Start (ms): Min: 101331.1, Avg: 101331.1, Max: 101331.1, Diff: 0.0]
      [Ext Root Scanning (ms): Min: 0.2, Avg: 0.2, Max: 0.2, Diff: 0.0, Sum: 0.7]
      [Update RS (ms): Min: 3.8, Avg: 4.6, Max: 5.0, Diff: 1.3, Sum: 18.2]
         [Processed Buffers: Min: 4, Avg: 4.0, Max: 4, Diff: 0, Sum: 16]
      [Scan RS (ms): Min: 0.0, Avg: 0.0, Max: 0.1, Diff: 0.1, Sum: 0.1]
      [Code Root Scanning (ms): Min: 0.0, Avg: 0.0, Max: 0.0, Diff: 0.0, Sum: 0.0]
      [Object Copy (ms): Min: 10.5, Avg: 10.9, Max: 11.7, Diff: 1.2, Sum: 43.7]
      [Termination (ms): Min: 0.0, Avg: 0.0, Max: 0.0, Diff: 0.0, Sum: 0.0]
         [Termination Attempts: Min: 1, Avg: 3.8, Max: 6, Diff: 5, Sum: 15]
      [GC Worker Other (ms): Min: 0.0, Avg: 0.0, Max: 0.0, Diff: 0.0, Sum: 0.1]
      [GC Worker Total (ms): Min: 15.7, Avg: 15.7, Max: 15.7, Diff: 0.0, Sum: 62.7]
      [GC Worker End (ms): Min: 101346.8, Avg: 101346.8, Max: 101346.8, Diff: 0.0]
   [Code Root Fixup: 0.0 ms]
   [Code Root Purge: 0.0 ms]
   [Clear CT: 0.1 ms]
   [Other: 0.4 ms]
      [Choose CSet: 0.0 ms]
      [Ref Proc: 0.1 ms]
      [Ref Enq: 0.0 ms]
      [Redirty Cards: 0.0 ms]
      [Humongous Register: 0.0 ms]
      [Humongous Reclaim: 0.0 ms]
      [Free CSet: 0.2 ms]
   [Eden: 186.0M(186.0M)->0.0B(177.0M) Survivors: 0.0B->8192.0K Heap: 451.4M(512.0M)->273.3M(512.0M)]
 [Times: user=0.06 sys=0.00, real=0.02 secs] 
2017-05-09T21:59:16.214+0300: 104.590: [GC pause (G1 Evacuation Pause) (young) (initial-mark), 0.0250718 secs]
   [Parallel Time: 24.5 ms, GC Workers: 4]
      [GC Worker Start (ms): Min: 104590.3, Avg: 104590.3, Max: 104590.3, Diff: 0.0]
      [Ext Root Scanning (ms): Min: 0.3, Avg: 0.3, Max: 0.3, Diff: 0.0, Sum: 1.1]
      [Update RS (ms): Min: 5.9, Avg: 7.0, Max: 8.5, Diff: 2.5, Sum: 28.2]
         [Processed Buffers: Min: 7, Avg: 7.8, Max: 8, Diff: 1, Sum: 31]
      [Scan RS (ms): Min: 0.0, Avg: 0.0, Max: 0.1, Diff: 0.0, Sum: 0.1]
      [Code Root Scanning (ms): Min: 0.0, Avg: 0.0, Max: 0.0, Diff: 0.0, Sum: 0.0]
      [Object Copy (ms): Min: 15.8, Avg: 17.1, Max: 18.2, Diff: 2.4, Sum: 68.6]
      [Termination (ms): Min: 0.0, Avg: 0.0, Max: 0.0, Diff: 0.0, Sum: 0.0]
         [Termination Attempts: Min: 1, Avg: 6.0, Max: 8, Diff: 7, Sum: 24]
      [GC Worker Other (ms): Min: 0.0, Avg: 0.0, Max: 0.0, Diff: 0.0, Sum: 0.1]
      [GC Worker Total (ms): Min: 24.5, Avg: 24.5, Max: 24.5, Diff: 0.0, Sum: 98.1]
      [GC Worker End (ms): Min: 104614.8, Avg: 104614.8, Max: 104614.8, Diff: 0.0]
   [Code Root Fixup: 0.0 ms]
   [Code Root Purge: 0.0 ms]
   [Clear CT: 0.1 ms]
   [Other: 0.4 ms]
      [Choose CSet: 0.0 ms]
      [Ref Proc: 0.2 ms]
      [Ref Enq: 0.0 ms]
      [Redirty Cards: 0.0 ms]
      [Humongous Register: 0.0 ms]
      [Humongous Reclaim: 0.0 ms]
      [Free CSet: 0.1 ms]
   [Eden: 177.0M(177.0M)->0.0B(163.0M) Survivors: 8192.0K->15.0M Heap: 450.3M(512.0M)->280.4M(512.0M)]
 [Times: user=0.13 sys=0.00, real=0.03 secs] 
2017-05-09T21:59:16.245+0300: 104.615: [GC concurrent-root-region-scan-start]
2017-05-09T21:59:16.245+0300: 104.624: [GC concurrent-root-region-scan-end, 0.0088548 secs]
2017-05-09T21:59:16.245+0300: 104.624: [GC concurrent-mark-start]
2017-05-09T21:59:16.573+0300: 104.945: [GC concurrent-mark-reset-for-overflow]
2017-05-09T21:59:17.102+0300: 105.473: [GC concurrent-mark-reset-for-overflow]
2017-05-09T21:59:17.524+0300: 105.894: [GC concurrent-mark-end, 1.2695034 secs]
2017-05-09T21:59:17.524+0300: 105.894: [GC remark 2017-05-09T21:59:17.524+0300: 105.894: [Finalize Marking, 0.0000711 secs] 2017-05-09T21:59:17.524+0300: 105.894: [GC ref-proc, 0.0001087 secs] 2017-05-09T21:59:17.524+0300: 105.894: [Unloading, 0.0008523 secs], 0.0018778 secs]
 [Times: user=0.00 sys=0.00, real=0.00 secs] 
2017-05-09T21:59:17.524+0300: 105.896: [GC cleanup 346M->346M(512M), 0.0002894 secs]
 [Times: user=0.00 sys=0.00, real=0.00 secs] 
2017-05-09T21:59:19.318+0300: 107.700: [GC pause (G1 Evacuation Pause) (young), 0.0441481 secs]
   [Parallel Time: 43.7 ms, GC Workers: 4]
      [GC Worker Start (ms): Min: 107700.1, Avg: 107702.5, Max: 107709.6, Diff: 9.5]
      [Ext Root Scanning (ms): Min: 0.0, Avg: 0.2, Max: 0.3, Diff: 0.3, Sum: 0.8]
      [Update RS (ms): Min: 2.8, Avg: 9.8, Max: 12.3, Diff: 9.5, Sum: 39.0]
         [Processed Buffers: Min: 2, Avg: 11.0, Max: 14, Diff: 12, Sum: 44]
      [Scan RS (ms): Min: 0.0, Avg: 0.0, Max: 0.1, Diff: 0.1, Sum: 0.1]
      [Code Root Scanning (ms): Min: 0.0, Avg: 0.0, Max: 0.0, Diff: 0.0, Sum: 0.0]
      [Object Copy (ms): Min: 30.9, Avg: 31.1, Max: 31.5, Diff: 0.5, Sum: 124.6]
      [Termination (ms): Min: 0.0, Avg: 0.1, Max: 0.2, Diff: 0.2, Sum: 0.5]
         [Termination Attempts: Min: 1, Avg: 32.0, Max: 48, Diff: 47, Sum: 128]
      [GC Worker Other (ms): Min: 0.0, Avg: 0.0, Max: 0.0, Diff: 0.0, Sum: 0.1]
      [GC Worker Total (ms): Min: 34.1, Avg: 41.3, Max: 43.7, Diff: 9.6, Sum: 165.1]
      [GC Worker End (ms): Min: 107743.7, Avg: 107743.8, Max: 107743.8, Diff: 0.1]
   [Code Root Fixup: 0.0 ms]
   [Code Root Purge: 0.0 ms]
   [Clear CT: 0.1 ms]
   [Other: 0.4 ms]
      [Choose CSet: 0.0 ms]
      [Ref Proc: 0.1 ms]
      [Ref Enq: 0.0 ms]
      [Redirty Cards: 0.0 ms]
      [Humongous Register: 0.0 ms]
      [Humongous Reclaim: 0.0 ms]
      [Free CSet: 0.1 ms]
   [Eden: 163.0M(163.0M)->0.0B(155.0M) Survivors: 15.0M->15.0M Heap: 443.4M(512.0M)->287.2M(512.0M)]
 [Times: user=0.16 sys=0.00, real=0.05 secs] 
2017-05-09T21:59:22.189+0300: 110.559: [GC pause (G1 Evacuation Pause) (young), 0.0308417 secs]
   [Parallel Time: 30.4 ms, GC Workers: 4]
      [GC Worker Start (ms): Min: 110558.9, Avg: 110558.9, Max: 110558.9, Diff: 0.0]
      [Ext Root Scanning (ms): Min: 0.2, Avg: 0.2, Max: 0.2, Diff: 0.0, Sum: 0.6]
      [Update RS (ms): Min: 9.8, Avg: 10.0, Max: 10.5, Diff: 0.7, Sum: 40.0]
         [Processed Buffers: Min: 13, Avg: 14.3, Max: 16, Diff: 3, Sum: 57]
      [Scan RS (ms): Min: 0.0, Avg: 0.0, Max: 0.1, Diff: 0.0, Sum: 0.1]
      [Code Root Scanning (ms): Min: 0.0, Avg: 0.0, Max: 0.0, Diff: 0.0, Sum: 0.0]
      [Object Copy (ms): Min: 19.7, Avg: 20.2, Max: 20.3, Diff: 0.6, Sum: 80.7]
      [Termination (ms): Min: 0.0, Avg: 0.0, Max: 0.0, Diff: 0.0, Sum: 0.0]
         [Termination Attempts: Min: 1, Avg: 42.5, Max: 60, Diff: 59, Sum: 170]
      [GC Worker Other (ms): Min: 0.0, Avg: 0.0, Max: 0.0, Diff: 0.0, Sum: 0.1]
      [GC Worker Total (ms): Min: 30.4, Avg: 30.4, Max: 30.4, Diff: 0.0, Sum: 121.5]
      [GC Worker End (ms): Min: 110589.2, Avg: 110589.2, Max: 110589.2, Diff: 0.0]
   [Code Root Fixup: 0.0 ms]
   [Code Root Purge: 0.0 ms]
   [Clear CT: 0.1 ms]
   [Other: 0.3 ms]
      [Choose CSet: 0.0 ms]
      [Ref Proc: 0.1 ms]
      [Ref Enq: 0.0 ms]
      [Redirty Cards: 0.0 ms]
      [Humongous Register: 0.0 ms]
      [Humongous Reclaim: 0.0 ms]
      [Free CSet: 0.1 ms]
   [Eden: 155.0M(155.0M)->0.0B(152.0M) Survivors: 15.0M->13.0M Heap: 442.2M(512.0M)->293.4M(512.0M)]
 [Times: user=0.13 sys=0.00, real=0.03 secs] 
2017-05-09T21:59:25.045+0300: 113.430: [GC pause (G1 Evacuation Pause) (young) (initial-mark), 0.0275652 secs]
   [Parallel Time: 27.1 ms, GC Workers: 4]
      [GC Worker Start (ms): Min: 113429.9, Avg: 113429.9, Max: 113429.9, Diff: 0.0]
      [Ext Root Scanning (ms): Min: 0.2, Avg: 0.2, Max: 0.2, Diff: 0.0, Sum: 1.0]
      [Update RS (ms): Min: 9.4, Avg: 9.5, Max: 9.5, Diff: 0.1, Sum: 37.8]
         [Processed Buffers: Min: 13, Avg: 13.3, Max: 14, Diff: 1, Sum: 53]
      [Scan RS (ms): Min: 0.0, Avg: 0.0, Max: 0.0, Diff: 0.0, Sum: 0.1]
      [Code Root Scanning (ms): Min: 0.0, Avg: 0.0, Max: 0.0, Diff: 0.0, Sum: 0.0]
      [Object Copy (ms): Min: 17.3, Avg: 17.4, Max: 17.4, Diff: 0.1, Sum: 69.4]
      [Termination (ms): Min: 0.0, Avg: 0.0, Max: 0.0, Diff: 0.0, Sum: 0.0]
         [Termination Attempts: Min: 1, Avg: 11.5, Max: 16, Diff: 15, Sum: 46]
      [GC Worker Other (ms): Min: 0.0, Avg: 0.0, Max: 0.0, Diff: 0.0, Sum: 0.1]
      [GC Worker Total (ms): Min: 27.1, Avg: 27.1, Max: 27.1, Diff: 0.0, Sum: 108.4]
      [GC Worker End (ms): Min: 113457.0, Avg: 113457.0, Max: 113457.0, Diff: 0.0]
   [Code Root Fixup: 0.0 ms]
   [Code Root Purge: 0.0 ms]
   [Clear CT: 0.1 ms]
   [Other: 0.4 ms]
      [Choose CSet: 0.0 ms]
      [Ref Proc: 0.1 ms]
      [Ref Enq: 0.0 ms]
      [Redirty Cards: 0.0 ms]
      [Humongous Register: 0.0 ms]
      [Humongous Reclaim: 0.0 ms]
      [Free CSet: 0.1 ms]
   [Eden: 152.0M(152.0M)->0.0B(143.0M) Survivors: 13.0M->14.0M Heap: 445.4M(512.0M)->300.4M(512.0M)]
 [Times: user=0.13 sys=0.00, real=0.03 secs] 
2017-05-09T21:59:25.077+0300: 113.458: [GC concurrent-root-region-scan-start]
2017-05-09T21:59:25.092+0300: 113.465: [GC concurrent-root-region-scan-end, 0.0075191 secs]
2017-05-09T21:59:25.092+0300: 113.465: [GC concurrent-mark-start]
2017-05-09T21:59:25.420+0300: 113.802: [GC concurrent-mark-reset-for-overflow]
2017-05-09T21:59:25.994+0300: 114.373: [GC concurrent-mark-reset-for-overflow]
2017-05-09T21:59:26.447+0300: 114.821: [GC concurrent-mark-end, 1.3558059 secs]
2017-05-09T21:59:26.447+0300: 114.821: [GC remark 2017-05-09T21:59:26.447+0300: 114.821: [Finalize Marking, 0.0000509 secs] 2017-05-09T21:59:26.447+0300: 114.821: [GC ref-proc, 0.0001138 secs] 2017-05-09T21:59:26.447+0300: 114.821: [Unloading, 0.0009936 secs], 0.0019402 secs]
 [Times: user=0.00 sys=0.00, real=0.00 secs] 
2017-05-09T21:59:26.447+0300: 114.823: [GC cleanup 370M->370M(512M), 0.0003388 secs]
 [Times: user=0.00 sys=0.00, real=0.00 secs] 
2017-05-09T21:59:27.805+0300: 116.178: [GC pause (G1 Evacuation Pause) (young), 0.0272589 secs]
   [Parallel Time: 26.9 ms, GC Workers: 4]
      [GC Worker Start (ms): Min: 116178.4, Avg: 116178.4, Max: 116178.4, Diff: 0.0]
      [Ext Root Scanning (ms): Min: 0.2, Avg: 0.2, Max: 0.2, Diff: 0.0, Sum: 0.7]
      [Update RS (ms): Min: 8.2, Avg: 8.8, Max: 9.1, Diff: 0.9, Sum: 35.4]
         [Processed Buffers: Min: 12, Avg: 13.3, Max: 16, Diff: 4, Sum: 53]
      [Scan RS (ms): Min: 0.0, Avg: 0.0, Max: 0.0, Diff: 0.0, Sum: 0.1]
      [Code Root Scanning (ms): Min: 0.0, Avg: 0.0, Max: 0.0, Diff: 0.0, Sum: 0.0]
      [Object Copy (ms): Min: 17.5, Avg: 17.8, Max: 18.4, Diff: 0.9, Sum: 71.2]
      [Termination (ms): Min: 0.0, Avg: 0.0, Max: 0.0, Diff: 0.0, Sum: 0.0]
         [Termination Attempts: Min: 1, Avg: 1.8, Max: 3, Diff: 2, Sum: 7]
      [GC Worker Other (ms): Min: 0.0, Avg: 0.0, Max: 0.0, Diff: 0.0, Sum: 0.1]
      [GC Worker Total (ms): Min: 26.8, Avg: 26.8, Max: 26.8, Diff: 0.0, Sum: 107.3]
      [GC Worker End (ms): Min: 116205.3, Avg: 116205.3, Max: 116205.3, Diff: 0.0]
   [Code Root Fixup: 0.0 ms]
   [Code Root Purge: 0.0 ms]
   [Clear CT: 0.1 ms]
   [Other: 0.3 ms]
      [Choose CSet: 0.0 ms]
      [Ref Proc: 0.1 ms]
      [Ref Enq: 0.0 ms]
      [Redirty Cards: 0.0 ms]
      [Humongous Register: 0.0 ms]
      [Humongous Reclaim: 0.0 ms]
      [Free CSet: 0.1 ms]
   [Eden: 143.0M(143.0M)->0.0B(138.0M) Survivors: 14.0M->13.0M Heap: 443.4M(512.0M)->306.9M(512.0M)]
 [Times: user=0.11 sys=0.00, real=0.03 secs] 
2017-05-09T21:59:30.432+0300: 118.804: [GC pause (G1 Evacuation Pause) (young), 0.0284892 secs]
   [Parallel Time: 28.1 ms, GC Workers: 4]
      [GC Worker Start (ms): Min: 118804.3, Avg: 118804.3, Max: 118804.3, Diff: 0.0]
      [Ext Root Scanning (ms): Min: 0.2, Avg: 0.2, Max: 0.2, Diff: 0.0, Sum: 0.6]
      [Update RS (ms): Min: 8.1, Avg: 8.9, Max: 9.2, Diff: 1.1, Sum: 35.6]
         [Processed Buffers: Min: 11, Avg: 12.3, Max: 14, Diff: 3, Sum: 49]
      [Scan RS (ms): Min: 0.0, Avg: 0.0, Max: 0.1, Diff: 0.0, Sum: 0.1]
      [Code Root Scanning (ms): Min: 0.0, Avg: 0.0, Max: 0.0, Diff: 0.0, Sum: 0.0]
      [Object Copy (ms): Min: 18.6, Avg: 18.9, Max: 19.7, Diff: 1.1, Sum: 75.6]
      [Termination (ms): Min: 0.0, Avg: 0.1, Max: 0.1, Diff: 0.1, Sum: 0.3]
         [Termination Attempts: Min: 1, Avg: 1.0, Max: 1, Diff: 0, Sum: 4]
      [GC Worker Other (ms): Min: 0.0, Avg: 0.0, Max: 0.0, Diff: 0.0, Sum: 0.0]
      [GC Worker Total (ms): Min: 28.0, Avg: 28.1, Max: 28.1, Diff: 0.1, Sum: 112.3]
      [GC Worker End (ms): Min: 118832.3, Avg: 118832.4, Max: 118832.4, Diff: 0.1]
   [Code Root Fixup: 0.0 ms]
   [Code Root Purge: 0.0 ms]
   [Clear CT: 0.1 ms]
   [Other: 0.3 ms]
      [Choose CSet: 0.0 ms]
      [Ref Proc: 0.1 ms]
      [Ref Enq: 0.0 ms]
      [Redirty Cards: 0.0 ms]
      [Humongous Register: 0.0 ms]
      [Humongous Reclaim: 0.0 ms]
      [Free CSet: 0.1 ms]
   [Eden: 138.0M(138.0M)->0.0B(133.0M) Survivors: 13.0M->12.0M Heap: 444.9M(512.0M)->312.9M(512.0M)]
 [Times: user=0.13 sys=0.00, real=0.03 secs] 
2017-05-09T21:59:32.887+0300: 121.267: [GC pause (G1 Evacuation Pause) (young) (initial-mark), 0.0271321 secs]
   [Parallel Time: 26.8 ms, GC Workers: 4]
      [GC Worker Start (ms): Min: 121266.7, Avg: 121266.7, Max: 121266.8, Diff: 0.0]
      [Ext Root Scanning (ms): Min: 0.2, Avg: 0.2, Max: 0.2, Diff: 0.0, Sum: 1.0]
      [Update RS (ms): Min: 7.7, Avg: 8.4, Max: 9.1, Diff: 1.5, Sum: 33.7]
         [Processed Buffers: Min: 11, Avg: 12.3, Max: 14, Diff: 3, Sum: 49]
      [Scan RS (ms): Min: 0.0, Avg: 0.0, Max: 0.0, Diff: 0.0, Sum: 0.1]
      [Code Root Scanning (ms): Min: 0.0, Avg: 0.0, Max: 0.0, Diff: 0.0, Sum: 0.0]
      [Object Copy (ms): Min: 17.3, Avg: 18.0, Max: 18.7, Diff: 1.4, Sum: 71.9]
      [Termination (ms): Min: 0.0, Avg: 0.0, Max: 0.0, Diff: 0.0, Sum: 0.0]
         [Termination Attempts: Min: 1, Avg: 2.0, Max: 4, Diff: 3, Sum: 8]
      [GC Worker Other (ms): Min: 0.1, Avg: 0.1, Max: 0.1, Diff: 0.0, Sum: 0.3]
      [GC Worker Total (ms): Min: 26.7, Avg: 26.7, Max: 26.7, Diff: 0.0, Sum: 106.9]
      [GC Worker End (ms): Min: 121293.5, Avg: 121293.5, Max: 121293.5, Diff: 0.0]
   [Code Root Fixup: 0.0 ms]
   [Code Root Purge: 0.0 ms]
   [Clear CT: 0.1 ms]
   [Other: 0.3 ms]
      [Choose CSet: 0.0 ms]
      [Ref Proc: 0.0 ms]
      [Ref Enq: 0.0 ms]
      [Redirty Cards: 0.0 ms]
      [Humongous Register: 0.0 ms]
      [Humongous Reclaim: 0.0 ms]
      [Free CSet: 0.1 ms]
   [Eden: 133.0M(133.0M)->0.0B(126.0M) Survivors: 12.0M->12.0M Heap: 445.9M(512.0M)->319.9M(512.0M)]
 [Times: user=0.13 sys=0.00, real=0.03 secs] 
2017-05-09T21:59:32.919+0300: 121.294: [GC concurrent-root-region-scan-start]
2017-05-09T21:59:32.919+0300: 121.301: [GC concurrent-root-region-scan-end, 0.0066695 secs]
2017-05-09T21:59:32.919+0300: 121.301: [GC concurrent-mark-start]
2017-05-09T21:59:33.289+0300: 121.672: [GC concurrent-mark-reset-for-overflow]
2017-05-09T21:59:33.915+0300: 122.292: [GC concurrent-mark-reset-for-overflow]
2017-05-09T21:59:34.401+0300: 122.780: [GC concurrent-mark-end, 1.4786965 secs]
2017-05-09T21:59:34.401+0300: 122.780: [GC remark 2017-05-09T21:59:34.401+0300: 122.780: [Finalize Marking, 0.0000506 secs] 2017-05-09T21:59:34.401+0300: 122.780: [GC ref-proc, 0.0001090 secs] 2017-05-09T21:59:34.401+0300: 122.780: [Unloading, 0.0008108 secs], 0.0017134 secs]
 [Times: user=0.00 sys=0.00, real=0.00 secs] 
2017-05-09T21:59:34.401+0300: 122.781: [GC cleanup 400M->400M(512M), 0.0002689 secs]
 [Times: user=0.00 sys=0.00, real=0.00 secs] 
2017-05-09T21:59:35.236+0300: 123.608: [GC pause (G1 Evacuation Pause) (young), 0.0291072 secs]
   [Parallel Time: 28.4 ms, GC Workers: 4]
      [GC Worker Start (ms): Min: 123608.0, Avg: 123608.3, Max: 123609.3, Diff: 1.3]
      [Ext Root Scanning (ms): Min: 0.0, Avg: 0.1, Max: 0.2, Diff: 0.2, Sum: 0.6]
      [Update RS (ms): Min: 9.2, Avg: 9.6, Max: 10.2, Diff: 1.0, Sum: 38.2]
         [Processed Buffers: Min: 8, Avg: 11.5, Max: 13, Diff: 5, Sum: 46]
      [Scan RS (ms): Min: 0.0, Avg: 0.0, Max: 0.0, Diff: 0.0, Sum: 0.1]
      [Code Root Scanning (ms): Min: 0.0, Avg: 0.0, Max: 0.0, Diff: 0.0, Sum: 0.0]
      [Object Copy (ms): Min: 17.9, Avg: 18.3, Max: 18.9, Diff: 1.0, Sum: 73.2]
      [Termination (ms): Min: 0.0, Avg: 0.0, Max: 0.0, Diff: 0.0, Sum: 0.0]
         [Termination Attempts: Min: 1, Avg: 11.3, Max: 18, Diff: 17, Sum: 45]
      [GC Worker Other (ms): Min: 0.0, Avg: 0.0, Max: 0.0, Diff: 0.0, Sum: 0.1]
      [GC Worker Total (ms): Min: 27.1, Avg: 28.0, Max: 28.4, Diff: 1.3, Sum: 112.1]
      [GC Worker End (ms): Min: 123636.4, Avg: 123636.4, Max: 123636.4, Diff: 0.0]
   [Code Root Fixup: 0.0 ms]
   [Code Root Purge: 0.0 ms]
   [Clear CT: 0.1 ms]
   [Other: 0.7 ms]
      [Choose CSet: 0.0 ms]
      [Ref Proc: 0.4 ms]
      [Ref Enq: 0.0 ms]
      [Redirty Cards: 0.0 ms]
      [Humongous Register: 0.0 ms]
      [Humongous Reclaim: 0.0 ms]
      [Free CSet: 0.1 ms]
   [Eden: 126.0M(126.0M)->0.0B(120.0M) Survivors: 12.0M->12.0M Heap: 445.9M(512.0M)->325.4M(512.0M)]
 [Times: user=0.06 sys=0.00, real=0.03 secs] 
2017-05-09T21:59:37.578+0300: 125.958: [GC pause (G1 Evacuation Pause) (young), 0.0296755 secs]
   [Parallel Time: 29.2 ms, GC Workers: 4]
      [GC Worker Start (ms): Min: 125957.9, Avg: 125963.1, Max: 125978.7, Diff: 20.8]
      [Ext Root Scanning (ms): Min: 0.0, Avg: 0.1, Max: 0.2, Diff: 0.2, Sum: 0.6]
      [Update RS (ms): Min: 0.0, Avg: 7.6, Max: 10.1, Diff: 10.1, Sum: 30.3]
         [Processed Buffers: Min: 0, Avg: 10.8, Max: 15, Diff: 15, Sum: 43]
      [Scan RS (ms): Min: 0.0, Avg: 0.0, Max: 0.0, Diff: 0.0, Sum: 0.1]
      [Code Root Scanning (ms): Min: 0.0, Avg: 0.0, Max: 0.0, Diff: 0.0, Sum: 0.0]
      [Object Copy (ms): Min: 8.4, Avg: 16.3, Max: 18.9, Diff: 10.5, Sum: 65.0]
      [Termination (ms): Min: 0.0, Avg: 0.0, Max: 0.0, Diff: 0.0, Sum: 0.0]
         [Termination Attempts: Min: 1, Avg: 26.8, Max: 38, Diff: 37, Sum: 107]
      [GC Worker Other (ms): Min: 0.0, Avg: 0.0, Max: 0.0, Diff: 0.0, Sum: 0.1]
      [GC Worker Total (ms): Min: 8.4, Avg: 24.0, Max: 29.2, Diff: 20.8, Sum: 96.1]
      [GC Worker End (ms): Min: 125987.1, Avg: 125987.1, Max: 125987.1, Diff: 0.0]
   [Code Root Fixup: 0.0 ms]
   [Code Root Purge: 0.0 ms]
   [Clear CT: 0.1 ms]
   [Other: 0.4 ms]
      [Choose CSet: 0.0 ms]
      [Ref Proc: 0.1 ms]
      [Ref Enq: 0.0 ms]
      [Redirty Cards: 0.0 ms]
      [Humongous Register: 0.0 ms]
      [Humongous Reclaim: 0.0 ms]
      [Free CSet: 0.1 ms]
   [Eden: 120.0M(120.0M)->0.0B(116.0M) Survivors: 12.0M->11.0M Heap: 445.4M(512.0M)->330.4M(512.0M)]
 [Times: user=0.09 sys=0.00, real=0.03 secs] 
2017-05-09T21:59:39.692+0300: 128.076: [GC pause (G1 Evacuation Pause) (young) (initial-mark), 0.0232988 secs]
   [Parallel Time: 22.8 ms, GC Workers: 4]
      [GC Worker Start (ms): Min: 128076.2, Avg: 128076.2, Max: 128076.2, Diff: 0.0]
      [Ext Root Scanning (ms): Min: 0.3, Avg: 0.3, Max: 0.3, Diff: 0.0, Sum: 1.1]
      [Update RS (ms): Min: 6.9, Avg: 7.3, Max: 8.3, Diff: 1.4, Sum: 29.2]
         [Processed Buffers: Min: 9, Avg: 10.8, Max: 12, Diff: 3, Sum: 43]
      [Scan RS (ms): Min: 0.0, Avg: 0.0, Max: 0.0, Diff: 0.0, Sum: 0.1]
      [Code Root Scanning (ms): Min: 0.0, Avg: 0.0, Max: 0.0, Diff: 0.0, Sum: 0.0]
      [Object Copy (ms): Min: 14.2, Avg: 15.2, Max: 15.6, Diff: 1.4, Sum: 60.7]
      [Termination (ms): Min: 0.0, Avg: 0.0, Max: 0.0, Diff: 0.0, Sum: 0.1]
         [Termination Attempts: Min: 1, Avg: 66.8, Max: 92, Diff: 91, Sum: 267]
      [GC Worker Other (ms): Min: 0.0, Avg: 0.0, Max: 0.0, Diff: 0.0, Sum: 0.1]
      [GC Worker Total (ms): Min: 22.8, Avg: 22.8, Max: 22.8, Diff: 0.0, Sum: 91.3]
      [GC Worker End (ms): Min: 128099.0, Avg: 128099.0, Max: 128099.0, Diff: 0.0]
   [Code Root Fixup: 0.0 ms]
   [Code Root Purge: 0.0 ms]
   [Clear CT: 0.1 ms]
   [Other: 0.4 ms]
      [Choose CSet: 0.0 ms]
      [Ref Proc: 0.1 ms]
      [Ref Enq: 0.0 ms]
      [Redirty Cards: 0.0 ms]
      [Humongous Register: 0.0 ms]
      [Humongous Reclaim: 0.0 ms]
      [Free CSet: 0.1 ms]
   [Eden: 116.0M(116.0M)->0.0B(110.0M) Survivors: 11.0M->11.0M Heap: 446.4M(512.0M)->336.4M(512.0M)]
 [Times: user=0.13 sys=0.00, real=0.03 secs] 
2017-05-09T21:59:39.723+0300: 128.100: [GC concurrent-root-region-scan-start]
2017-05-09T21:59:39.723+0300: 128.105: [GC concurrent-root-region-scan-end, 0.0058422 secs]
2017-05-09T21:59:39.723+0300: 128.105: [GC concurrent-mark-start]
2017-05-09T21:59:40.114+0300: 128.488: [GC concurrent-mark-reset-for-overflow]
2017-05-09T21:59:40.755+0300: 129.133: [GC concurrent-mark-reset-for-overflow]
2017-05-09T21:59:41.267+0300: 129.645: [GC concurrent-mark-end, 1.5393137 secs]
2017-05-09T21:59:41.267+0300: 129.645: [GC remark 2017-05-09T21:59:41.267+0300: 129.645: [Finalize Marking, 0.0000753 secs] 2017-05-09T21:59:41.267+0300: 129.645: [GC ref-proc, 0.0001093 secs] 2017-05-09T21:59:41.267+0300: 129.645: [Unloading, 0.0009183 secs], 0.0021091 secs]
 [Times: user=0.00 sys=0.00, real=0.00 secs] 
2017-05-09T21:59:41.267+0300: 129.647: [GC cleanup 416M->416M(512M), 0.0003033 secs]
 [Times: user=0.00 sys=0.00, real=0.00 secs] 
2017-05-09T21:59:41.842+0300: 130.215: [GC pause (G1 Evacuation Pause) (young), 0.0227796 secs]
   [Parallel Time: 22.1 ms, GC Workers: 4]
      [GC Worker Start (ms): Min: 130214.8, Avg: 130214.8, Max: 130214.8, Diff: 0.0]
      [Ext Root Scanning (ms): Min: 0.2, Avg: 0.2, Max: 0.2, Diff: 0.0, Sum: 0.7]
      [Update RS (ms): Min: 6.7, Avg: 6.9, Max: 7.2, Diff: 0.5, Sum: 27.6]
         [Processed Buffers: Min: 9, Avg: 10.0, Max: 11, Diff: 2, Sum: 40]
      [Scan RS (ms): Min: 0.0, Avg: 0.0, Max: 0.0, Diff: 0.0, Sum: 0.0]
      [Code Root Scanning (ms): Min: 0.0, Avg: 0.0, Max: 0.0, Diff: 0.0, Sum: 0.0]
      [Object Copy (ms): Min: 14.7, Avg: 15.0, Max: 15.2, Diff: 0.5, Sum: 60.0]
      [Termination (ms): Min: 0.0, Avg: 0.0, Max: 0.0, Diff: 0.0, Sum: 0.0]
         [Termination Attempts: Min: 1, Avg: 6.8, Max: 12, Diff: 11, Sum: 27]
      [GC Worker Other (ms): Min: 0.0, Avg: 0.0, Max: 0.0, Diff: 0.0, Sum: 0.1]
      [GC Worker Total (ms): Min: 22.1, Avg: 22.1, Max: 22.1, Diff: 0.0, Sum: 88.5]
      [GC Worker End (ms): Min: 130236.9, Avg: 130236.9, Max: 130236.9, Diff: 0.0]
   [Code Root Fixup: 0.0 ms]
   [Code Root Purge: 0.0 ms]
   [Clear CT: 0.1 ms]
   [Other: 0.6 ms]
      [Choose CSet: 0.0 ms]
      [Ref Proc: 0.3 ms]
      [Ref Enq: 0.0 ms]
      [Redirty Cards: 0.0 ms]
      [Humongous Register: 0.0 ms]
      [Humongous Reclaim: 0.0 ms]
      [Free CSet: 0.1 ms]
   [Eden: 110.0M(110.0M)->0.0B(107.0M) Survivors: 11.0M->10.0M Heap: 446.4M(512.0M)->341.4M(512.0M)]
 [Times: user=0.06 sys=0.00, real=0.02 secs] 
2017-05-09T21:59:43.818+0300: 132.201: [GC pause (G1 Evacuation Pause) (young), 0.0277589 secs]
   [Parallel Time: 27.2 ms, GC Workers: 4]
      [GC Worker Start (ms): Min: 132200.8, Avg: 132203.2, Max: 132210.3, Diff: 9.5]
      [Ext Root Scanning (ms): Min: 0.0, Avg: 0.1, Max: 0.2, Diff: 0.2, Sum: 0.6]
      [Update RS (ms): Min: 0.0, Avg: 7.5, Max: 10.4, Diff: 10.4, Sum: 30.1]
         [Processed Buffers: Min: 1, Avg: 9.8, Max: 13, Diff: 12, Sum: 39]
      [Scan RS (ms): Min: 0.0, Avg: 0.0, Max: 0.0, Diff: 0.0, Sum: 0.1]
      [Code Root Scanning (ms): Min: 0.0, Avg: 0.0, Max: 0.0, Diff: 0.0, Sum: 0.0]
      [Object Copy (ms): Min: 16.6, Avg: 17.0, Max: 17.6, Diff: 1.0, Sum: 68.2]
      [Termination (ms): Min: 0.0, Avg: 0.0, Max: 0.0, Diff: 0.0, Sum: 0.0]
         [Termination Attempts: Min: 1, Avg: 22.0, Max: 33, Diff: 32, Sum: 88]
      [GC Worker Other (ms): Min: 0.0, Avg: 0.0, Max: 0.0, Diff: 0.0, Sum: 0.1]
      [GC Worker Total (ms): Min: 17.6, Avg: 24.8, Max: 27.2, Diff: 9.5, Sum: 99.1]
      [GC Worker End (ms): Min: 132227.9, Avg: 132227.9, Max: 132228.0, Diff: 0.0]
   [Code Root Fixup: 0.0 ms]
   [Code Root Purge: 0.0 ms]
   [Clear CT: 0.1 ms]
   [Other: 0.5 ms]
      [Choose CSet: 0.0 ms]
      [Ref Proc: 0.3 ms]
      [Ref Enq: 0.0 ms]
      [Redirty Cards: 0.0 ms]
      [Humongous Register: 0.0 ms]
      [Humongous Reclaim: 0.0 ms]
      [Free CSet: 0.1 ms]
   [Eden: 107.0M(107.0M)->0.0B(102.0M) Survivors: 10.0M->10.0M Heap: 448.4M(512.0M)->345.9M(512.0M)]
 [Times: user=0.11 sys=0.00, real=0.03 secs] 
2017-05-09T21:59:45.791+0300: 134.164: [GC pause (G1 Evacuation Pause) (young) (initial-mark), 0.0255781 secs]
   [Parallel Time: 25.2 ms, GC Workers: 4]
      [GC Worker Start (ms): Min: 134163.6, Avg: 134163.7, Max: 134163.9, Diff: 0.2]
      [Ext Root Scanning (ms): Min: 0.3, Avg: 6.4, Max: 24.8, Diff: 24.6, Sum: 25.7]
      [Update RS (ms): Min: 0.0, Avg: 6.2, Max: 8.5, Diff: 8.5, Sum: 24.9]
         [Processed Buffers: Min: 0, Avg: 9.0, Max: 12, Diff: 12, Sum: 36]
      [Scan RS (ms): Min: 0.0, Avg: 0.0, Max: 0.0, Diff: 0.0, Sum: 0.1]
      [Code Root Scanning (ms): Min: 0.0, Avg: 0.0, Max: 0.0, Diff: 0.0, Sum: 0.0]
      [Object Copy (ms): Min: 0.0, Avg: 12.3, Max: 16.9, Diff: 16.9, Sum: 49.3]
      [Termination (ms): Min: 0.0, Avg: 0.1, Max: 0.1, Diff: 0.1, Sum: 0.4]
         [Termination Attempts: Min: 1, Avg: 3.8, Max: 7, Diff: 6, Sum: 15]
      [GC Worker Other (ms): Min: 0.0, Avg: 0.0, Max: 0.0, Diff: 0.0, Sum: 0.0]
      [GC Worker Total (ms): Min: 24.9, Avg: 25.1, Max: 25.2, Diff: 0.3, Sum: 100.4]
      [GC Worker End (ms): Min: 134188.7, Avg: 134188.8, Max: 134188.8, Diff: 0.1]
   [Code Root Fixup: 0.0 ms]
   [Code Root Purge: 0.0 ms]
   [Clear CT: 0.1 ms]
   [Other: 0.3 ms]
      [Choose CSet: 0.0 ms]
      [Ref Proc: 0.1 ms]
      [Ref Enq: 0.0 ms]
      [Redirty Cards: 0.0 ms]
      [Humongous Register: 0.0 ms]
      [Humongous Reclaim: 0.0 ms]
      [Free CSet: 0.1 ms]
   [Eden: 102.0M(102.0M)->0.0B(99.0M) Survivors: 10.0M->9216.0K Heap: 447.9M(512.0M)->350.4M(512.0M)]
 [Times: user=0.05 sys=0.00, real=0.02 secs] 
2017-05-09T21:59:45.807+0300: 134.189: [GC concurrent-root-region-scan-start]
2017-05-09T21:59:45.822+0300: 134.194: [GC concurrent-root-region-scan-end, 0.0051603 secs]
2017-05-09T21:59:45.822+0300: 134.194: [GC concurrent-mark-start]
2017-05-09T21:59:46.229+0300: 134.607: [GC concurrent-mark-reset-for-overflow]
2017-05-09T21:59:46.896+0300: 135.280: [GC concurrent-mark-reset-for-overflow]
2017-05-09T21:59:47.458+0300: 135.834: [GC concurrent-mark-end, 1.6391136 secs]
2017-05-09T21:59:47.458+0300: 135.834: [GC remark 2017-05-09T21:59:47.458+0300: 135.834: [Finalize Marking, 0.0000777 secs] 2017-05-09T21:59:47.458+0300: 135.834: [GC ref-proc, 0.0001084 secs] 2017-05-09T21:59:47.458+0300: 135.834: [Unloading, 0.0008469 secs], 0.0021260 secs]
 [Times: user=0.00 sys=0.00, real=0.00 secs] 
2017-05-09T21:59:47.458+0300: 135.836: [GC cleanup 430M->430M(512M), 0.0003159 secs]
 [Times: user=0.00 sys=0.00, real=0.00 secs] 
2017-05-09T21:59:47.829+0300: 136.209: [GC pause (G1 Evacuation Pause) (young), 0.0200901 secs]
   [Parallel Time: 19.6 ms, GC Workers: 4]
      [GC Worker Start (ms): Min: 136209.0, Avg: 136209.0, Max: 136209.0, Diff: 0.0]
      [Ext Root Scanning (ms): Min: 0.1, Avg: 0.2, Max: 0.2, Diff: 0.0, Sum: 0.6]
      [Update RS (ms): Min: 5.7, Avg: 6.0, Max: 6.1, Diff: 0.3, Sum: 23.9]
         [Processed Buffers: Min: 8, Avg: 9.0, Max: 11, Diff: 3, Sum: 36]
      [Scan RS (ms): Min: 0.0, Avg: 0.0, Max: 0.0, Diff: 0.0, Sum: 0.0]
      [Code Root Scanning (ms): Min: 0.0, Avg: 0.0, Max: 0.0, Diff: 0.0, Sum: 0.0]
      [Object Copy (ms): Min: 13.4, Avg: 13.5, Max: 13.7, Diff: 0.3, Sum: 53.8]
      [Termination (ms): Min: 0.0, Avg: 0.0, Max: 0.0, Diff: 0.0, Sum: 0.0]
         [Termination Attempts: Min: 1, Avg: 3.0, Max: 5, Diff: 4, Sum: 12]
      [GC Worker Other (ms): Min: 0.0, Avg: 0.0, Max: 0.0, Diff: 0.0, Sum: 0.1]
      [GC Worker Total (ms): Min: 19.6, Avg: 19.6, Max: 19.6, Diff: 0.0, Sum: 78.4]
      [GC Worker End (ms): Min: 136228.6, Avg: 136228.6, Max: 136228.6, Diff: 0.0]
   [Code Root Fixup: 0.0 ms]
   [Code Root Purge: 0.0 ms]
   [Clear CT: 0.1 ms]
   [Other: 0.4 ms]
      [Choose CSet: 0.0 ms]
      [Ref Proc: 0.1 ms]
      [Ref Enq: 0.0 ms]
      [Redirty Cards: 0.0 ms]
      [Humongous Register: 0.0 ms]
      [Humongous Reclaim: 0.0 ms]
      [Free CSet: 0.1 ms]
   [Eden: 99.0M(99.0M)->0.0B(93.0M) Survivors: 9216.0K->9216.0K Heap: 449.4M(512.0M)->355.9M(512.0M)]
 [Times: user=0.06 sys=0.00, real=0.02 secs] 
2017-05-09T21:59:49.619+0300: 137.998: [GC pause (G1 Evacuation Pause) (young), 0.0255227 secs]
   [Parallel Time: 24.9 ms, GC Workers: 4]
      [GC Worker Start (ms): Min: 137998.1, Avg: 137998.2, Max: 137998.4, Diff: 0.3]
      [Ext Root Scanning (ms): Min: 0.0, Avg: 0.2, Max: 0.3, Diff: 0.3, Sum: 0.8]
      [Update RS (ms): Min: 8.8, Avg: 9.5, Max: 10.3, Diff: 1.5, Sum: 38.1]
         [Processed Buffers: Min: 0, Avg: 9.0, Max: 13, Diff: 13, Sum: 36]
      [Scan RS (ms): Min: 0.0, Avg: 0.0, Max: 0.0, Diff: 0.0, Sum: 0.1]
      [Code Root Scanning (ms): Min: 0.0, Avg: 0.0, Max: 0.0, Diff: 0.0, Sum: 0.0]
      [Object Copy (ms): Min: 14.2, Avg: 15.0, Max: 15.8, Diff: 1.5, Sum: 60.1]
      [Termination (ms): Min: 0.0, Avg: 0.0, Max: 0.0, Diff: 0.0, Sum: 0.0]
         [Termination Attempts: Min: 1, Avg: 1.0, Max: 1, Diff: 0, Sum: 4]
      [GC Worker Other (ms): Min: 0.0, Avg: 0.0, Max: 0.0, Diff: 0.0, Sum: 0.1]
      [GC Worker Total (ms): Min: 24.6, Avg: 24.8, Max: 24.9, Diff: 0.3, Sum: 99.2]
      [GC Worker End (ms): Min: 138023.0, Avg: 138023.0, Max: 138023.0, Diff: 0.0]
   [Code Root Fixup: 0.0 ms]
   [Code Root Purge: 0.0 ms]
   [Clear CT: 0.1 ms]
   [Other: 0.5 ms]
      [Choose CSet: 0.0 ms]
      [Ref Proc: 0.3 ms]
      [Ref Enq: 0.0 ms]
      [Redirty Cards: 0.0 ms]
      [Humongous Register: 0.0 ms]
      [Humongous Reclaim: 0.0 ms]
      [Free CSet: 0.1 ms]
   [Eden: 93.0M(93.0M)->0.0B(88.0M) Survivors: 9216.0K->9216.0K Heap: 448.9M(512.0M)->360.4M(512.0M)]
 [Times: user=0.11 sys=0.00, real=0.03 secs] 
2017-05-09T21:59:51.271+0300: 139.646: [GC pause (G1 Evacuation Pause) (young) (initial-mark), 0.0222567 secs]
   [Parallel Time: 21.7 ms, GC Workers: 4]
      [GC Worker Start (ms): Min: 139646.3, Avg: 139646.3, Max: 139646.5, Diff: 0.2]
      [Ext Root Scanning (ms): Min: 0.3, Avg: 1.0, Max: 3.3, Diff: 3.1, Sum: 4.1]
      [Update RS (ms): Min: 7.0, Avg: 7.6, Max: 8.5, Diff: 1.5, Sum: 30.3]
         [Processed Buffers: Min: 5, Avg: 8.3, Max: 11, Diff: 6, Sum: 33]
      [Scan RS (ms): Min: 0.0, Avg: 0.0, Max: 0.0, Diff: 0.0, Sum: 0.0]
      [Code Root Scanning (ms): Min: 0.0, Avg: 0.0, Max: 0.0, Diff: 0.0, Sum: 0.0]
      [Object Copy (ms): Min: 11.1, Avg: 12.9, Max: 13.9, Diff: 2.8, Sum: 51.7]
      [Termination (ms): Min: 0.0, Avg: 0.0, Max: 0.0, Diff: 0.0, Sum: 0.0]
         [Termination Attempts: Min: 1, Avg: 6.8, Max: 11, Diff: 10, Sum: 27]
      [GC Worker Other (ms): Min: 0.0, Avg: 0.0, Max: 0.0, Diff: 0.0, Sum: 0.1]
      [GC Worker Total (ms): Min: 21.4, Avg: 21.6, Max: 21.6, Diff: 0.2, Sum: 86.3]
      [GC Worker End (ms): Min: 139667.9, Avg: 139667.9, Max: 139667.9, Diff: 0.0]
   [Code Root Fixup: 0.0 ms]
   [Code Root Purge: 0.0 ms]
   [Clear CT: 0.1 ms]
   [Other: 0.5 ms]
      [Choose CSet: 0.0 ms]
      [Ref Proc: 0.3 ms]
      [Ref Enq: 0.0 ms]
      [Redirty Cards: 0.0 ms]
      [Humongous Register: 0.0 ms]
      [Humongous Reclaim: 0.0 ms]
      [Free CSet: 0.1 ms]
   [Eden: 88.0M(88.0M)->0.0B(84.0M) Survivors: 9216.0K->9216.0K Heap: 448.4M(512.0M)->364.9M(512.0M)]
 [Times: user=0.05 sys=0.00, real=0.02 secs] 
2017-05-09T21:59:51.286+0300: 139.669: [GC concurrent-root-region-scan-start]
2017-05-09T21:59:51.302+0300: 139.673: [GC concurrent-root-region-scan-end, 0.0046134 secs]
2017-05-09T21:59:51.302+0300: 139.673: [GC concurrent-mark-start]
2017-05-09T21:59:51.708+0300: 140.091: [GC concurrent-mark-reset-for-overflow]
2017-05-09T21:59:52.409+0300: 140.789: [GC pause (G1 Humongous Allocation) (young), 0.0160438 secs]
   [Parallel Time: 15.8 ms, GC Workers: 4]
      [GC Worker Start (ms): Min: 140789.1, Avg: 140789.1, Max: 140789.1, Diff: 0.0]
      [Ext Root Scanning (ms): Min: 0.1, Avg: 0.2, Max: 0.2, Diff: 0.0, Sum: 0.6]
      [Update RS (ms): Min: 3.3, Avg: 4.0, Max: 4.3, Diff: 1.1, Sum: 15.9]
         [Processed Buffers: Min: 6, Avg: 7.3, Max: 10, Diff: 4, Sum: 29]
      [Scan RS (ms): Min: 0.0, Avg: 0.0, Max: 0.0, Diff: 0.0, Sum: 0.0]
      [Code Root Scanning (ms): Min: 0.0, Avg: 0.0, Max: 0.0, Diff: 0.0, Sum: 0.0]
      [Object Copy (ms): Min: 11.2, Avg: 11.6, Max: 12.3, Diff: 1.0, Sum: 46.2]
      [Termination (ms): Min: 0.0, Avg: 0.0, Max: 0.0, Diff: 0.0, Sum: 0.0]
         [Termination Attempts: Min: 1, Avg: 16.8, Max: 30, Diff: 29, Sum: 67]
      [GC Worker Other (ms): Min: 0.0, Avg: 0.0, Max: 0.0, Diff: 0.0, Sum: 0.1]
      [GC Worker Total (ms): Min: 15.7, Avg: 15.7, Max: 15.7, Diff: 0.0, Sum: 62.9]
      [GC Worker End (ms): Min: 140804.8, Avg: 140804.8, Max: 140804.8, Diff: 0.0]
   [Code Root Fixup: 0.0 ms]
   [Code Root Purge: 0.0 ms]
   [Clear CT: 0.0 ms]
   [Other: 0.3 ms]
      [Choose CSet: 0.0 ms]
      [Ref Proc: 0.1 ms]
      [Ref Enq: 0.0 ms]
      [Redirty Cards: 0.0 ms]
      [Humongous Register: 0.0 ms]
      [Humongous Reclaim: 0.0 ms]
      [Free CSet: 0.0 ms]
   [Eden: 42.0M(84.0M)->0.0B(85.0M) Survivors: 9216.0K->6144.0K Heap: 406.9M(512.0M)->367.4M(512.0M)]
 [Times: user=0.06 sys=0.00, real=0.02 secs] 
2017-05-09T21:59:52.424+0300: 140.805: [GC concurrent-mark-reset-for-overflow]
2017-05-09T21:59:52.471+0300: 140.841: [GC pause (G1 Humongous Allocation) (young), 0.0199452 secs]
   [Parallel Time: 19.6 ms, GC Workers: 4]
      [GC Worker Start (ms): Min: 140841.4, Avg: 140841.4, Max: 140841.4, Diff: 0.0]
      [Ext Root Scanning (ms): Min: 0.1, Avg: 0.1, Max: 0.1, Diff: 0.0, Sum: 0.6]
      [Update RS (ms): Min: 12.0, Avg: 12.2, Max: 12.4, Diff: 0.4, Sum: 48.7]
         [Processed Buffers: Min: 52, Avg: 53.5, Max: 55, Diff: 3, Sum: 214]
      [Scan RS (ms): Min: 0.3, Avg: 0.5, Max: 0.7, Diff: 0.4, Sum: 2.2]
      [Code Root Scanning (ms): Min: 0.0, Avg: 0.0, Max: 0.0, Diff: 0.0, Sum: 0.0]
      [Object Copy (ms): Min: 6.7, Avg: 6.7, Max: 6.7, Diff: 0.0, Sum: 26.7]
      [Termination (ms): Min: 0.0, Avg: 0.0, Max: 0.0, Diff: 0.0, Sum: 0.0]
         [Termination Attempts: Min: 1, Avg: 19.5, Max: 28, Diff: 27, Sum: 78]
      [GC Worker Other (ms): Min: 0.0, Avg: 0.0, Max: 0.0, Diff: 0.0, Sum: 0.0]
      [GC Worker Total (ms): Min: 19.6, Avg: 19.6, Max: 19.6, Diff: 0.0, Sum: 78.2]
      [GC Worker End (ms): Min: 140861.0, Avg: 140861.0, Max: 140861.0, Diff: 0.0]
   [Code Root Fixup: 0.0 ms]
   [Code Root Purge: 0.0 ms]
   [Clear CT: 0.1 ms]
   [Other: 0.3 ms]
      [Choose CSet: 0.0 ms]
      [Ref Proc: 0.1 ms]
      [Ref Enq: 0.0 ms]
      [Redirty Cards: 0.1 ms]
      [Humongous Register: 0.0 ms]
      [Humongous Reclaim: 0.0 ms]
      [Free CSet: 0.0 ms]
   [Eden: 1024.0K(85.0M)->0.0B(32.0M) Survivors: 6144.0K->6144.0K Heap: 420.7M(512.0M)->420.2M(512.0M)]
 [Times: user=0.06 sys=0.00, real=0.02 secs] 
2017-05-09T21:59:53.034+0300: 141.410: [GC concurrent-mark-end, 1.7366707 secs]
2017-05-09T21:59:53.034+0300: 141.410: [GC remark 2017-05-09T21:59:53.034+0300: 141.410: [Finalize Marking, 0.0000476 secs] 2017-05-09T21:59:53.034+0300: 141.410: [GC ref-proc, 0.0001060 secs] 2017-05-09T21:59:53.034+0300: 141.410: [Unloading, 0.0007821 secs], 0.0018296 secs]
 [Times: user=0.00 sys=0.00, real=0.00 secs] 
2017-05-09T21:59:53.034+0300: 141.412: [GC cleanup 500M->500M(512M), 0.0003114 secs]
 [Times: user=0.00 sys=0.00, real=0.00 secs] 
2017-05-09T21:59:53.143+0300: 141.528: [GC pause (G1 Evacuation Pause) (young) (to-space exhausted), 0.0858318 secs]
   [Parallel Time: 72.2 ms, GC Workers: 4]
      [GC Worker Start (ms): Min: 141527.7, Avg: 141530.0, Max: 141537.0, Diff: 9.3]
      [Ext Root Scanning (ms): Min: 0.0, Avg: 0.1, Max: 0.2, Diff: 0.2, Sum: 0.6]
      [Update RS (ms): Min: 0.0, Avg: 2.1, Max: 3.0, Diff: 3.0, Sum: 8.5]
         [Processed Buffers: Min: 0, Avg: 16.3, Max: 23, Diff: 23, Sum: 65]
      [Scan RS (ms): Min: 0.0, Avg: 1.3, Max: 2.1, Diff: 2.1, Sum: 5.3]
      [Code Root Scanning (ms): Min: 0.0, Avg: 0.0, Max: 0.0, Diff: 0.0, Sum: 0.0]
      [Object Copy (ms): Min: 62.8, Avg: 66.2, Max: 67.4, Diff: 4.5, Sum: 264.9]
      [Termination (ms): Min: 0.0, Avg: 0.0, Max: 0.0, Diff: 0.0, Sum: 0.1]
         [Termination Attempts: Min: 1, Avg: 1.5, Max: 2, Diff: 1, Sum: 6]
      [GC Worker Other (ms): Min: 0.0, Avg: 0.0, Max: 0.0, Diff: 0.0, Sum: 0.1]
      [GC Worker Total (ms): Min: 62.9, Avg: 69.9, Max: 72.2, Diff: 9.3, Sum: 279.4]
      [GC Worker End (ms): Min: 141599.9, Avg: 141599.9, Max: 141599.9, Diff: 0.0]
   [Code Root Fixup: 0.0 ms]
   [Code Root Purge: 0.0 ms]
   [Clear CT: 0.1 ms]
   [Other: 13.6 ms]
      [Evacuation Failure: 13.3 ms]
      [Choose CSet: 0.0 ms]
      [Ref Proc: 0.1 ms]
      [Ref Enq: 0.0 ms]
      [Redirty Cards: 0.0 ms]
      [Humongous Register: 0.0 ms]
      [Humongous Reclaim: 0.0 ms]
      [Free CSet: 0.0 ms]
   [Eden: 32.0M(32.0M)->0.0B(23.0M) Survivors: 6144.0K->2048.0K Heap: 505.0M(512.0M)->495.0M(512.0M)]
 [Times: user=0.20 sys=0.03, real=0.09 secs] 
2017-05-09T21:59:53.487+0300: 141.871: [GC pause (G1 Evacuation Pause) (young) (to-space exhausted), 0.1328314 secs]
   [Parallel Time: 124.2 ms, GC Workers: 4]
      [GC Worker Start (ms): Min: 141871.5, Avg: 141871.5, Max: 141871.5, Diff: 0.0]
      [Ext Root Scanning (ms): Min: 0.2, Avg: 0.2, Max: 0.2, Diff: 0.0, Sum: 0.7]
      [Update RS (ms): Min: 2.8, Avg: 3.1, Max: 3.9, Diff: 1.1, Sum: 12.6]
         [Processed Buffers: Min: 6, Avg: 7.8, Max: 9, Diff: 3, Sum: 31]
      [Scan RS (ms): Min: 0.0, Avg: 0.0, Max: 0.0, Diff: 0.0, Sum: 0.0]
      [Code Root Scanning (ms): Min: 0.0, Avg: 0.0, Max: 0.0, Diff: 0.0, Sum: 0.0]
      [Object Copy (ms): Min: 120.0, Avg: 120.8, Max: 121.2, Diff: 1.1, Sum: 483.2]
      [Termination (ms): Min: 0.0, Avg: 0.0, Max: 0.0, Diff: 0.0, Sum: 0.0]
         [Termination Attempts: Min: 1, Avg: 27.0, Max: 38, Diff: 37, Sum: 108]
      [GC Worker Other (ms): Min: 0.0, Avg: 0.0, Max: 0.0, Diff: 0.0, Sum: 0.1]
      [GC Worker Total (ms): Min: 124.1, Avg: 124.1, Max: 124.1, Diff: 0.0, Sum: 496.5]
      [GC Worker End (ms): Min: 141995.6, Avg: 141995.7, Max: 141995.7, Diff: 0.0]
   [Code Root Fixup: 0.0 ms]
   [Code Root Purge: 0.0 ms]
   [Clear CT: 0.0 ms]
   [Other: 8.6 ms]
      [Evacuation Failure: 8.5 ms]
      [Choose CSet: 0.0 ms]
      [Ref Proc: 0.0 ms]
      [Ref Enq: 0.0 ms]
      [Redirty Cards: 0.0 ms]
      [Humongous Register: 0.0 ms]
      [Humongous Reclaim: 0.0 ms]
      [Free CSet: 0.0 ms]
   [Eden: 15.0M(23.0M)->0.0B(25.0M) Survivors: 2048.0K->0.0B Heap: 510.0M(512.0M)->510.0M(512.0M)]
 [Times: user=0.30 sys=0.02, real=0.14 secs] 
2017-05-09T21:59:53.628+0300: 142.005: [GC pause (G1 Evacuation Pause) (young) (initial-mark), 0.0014589 secs]
   [Parallel Time: 1.3 ms, GC Workers: 4]
      [GC Worker Start (ms): Min: 142004.6, Avg: 142004.6, Max: 142004.6, Diff: 0.0]
      [Ext Root Scanning (ms): Min: 0.3, Avg: 0.3, Max: 0.3, Diff: 0.0, Sum: 1.1]
      [Update RS (ms): Min: 0.9, Avg: 1.0, Max: 1.0, Diff: 0.1, Sum: 3.9]
         [Processed Buffers: Min: 3, Avg: 5.3, Max: 6, Diff: 3, Sum: 21]
      [Scan RS (ms): Min: 0.0, Avg: 0.0, Max: 0.0, Diff: 0.0, Sum: 0.0]
      [Code Root Scanning (ms): Min: 0.0, Avg: 0.0, Max: 0.0, Diff: 0.0, Sum: 0.0]
      [Object Copy (ms): Min: 0.0, Avg: 0.0, Max: 0.0, Diff: 0.0, Sum: 0.0]
      [Termination (ms): Min: 0.0, Avg: 0.0, Max: 0.1, Diff: 0.1, Sum: 0.1]
         [Termination Attempts: Min: 1, Avg: 1.0, Max: 1, Diff: 0, Sum: 4]
      [GC Worker Other (ms): Min: 0.0, Avg: 0.0, Max: 0.0, Diff: 0.0, Sum: 0.0]
      [GC Worker Total (ms): Min: 1.3, Avg: 1.3, Max: 1.3, Diff: 0.0, Sum: 5.2]
      [GC Worker End (ms): Min: 142005.9, Avg: 142005.9, Max: 142005.9, Diff: 0.0]
   [Code Root Fixup: 0.0 ms]
   [Code Root Purge: 0.0 ms]
   [Clear CT: 0.0 ms]
   [Other: 0.1 ms]
      [Choose CSet: 0.0 ms]
      [Ref Proc: 0.0 ms]
      [Ref Enq: 0.0 ms]
      [Redirty Cards: 0.0 ms]
      [Humongous Register: 0.0 ms]
      [Humongous Reclaim: 0.0 ms]
      [Free CSet: 0.0 ms]
   [Eden: 0.0B(25.0M)->0.0B(25.0M) Survivors: 0.0B->0.0B Heap: 510.0M(512.0M)->510.0M(512.0M)]
 [Times: user=0.00 sys=0.00, real=0.00 secs] 
2017-05-09T21:59:53.628+0300: 142.006: [GC concurrent-root-region-scan-start]
2017-05-09T21:59:53.628+0300: 142.006: [GC concurrent-root-region-scan-end, 0.0000075 secs]
2017-05-09T21:59:53.628+0300: 142.006: [GC concurrent-mark-start]
2017-05-09T21:59:53.628+0300: 142.006: [Full GC (Allocation Failure)  509M->390M(512M), 0.9719607 secs]
   [Eden: 0.0B(25.0M)->0.0B(67.0M) Survivors: 0.0B->0.0B Heap: 510.0M(512.0M)->390.2M(512.0M)], [Metaspace: 7484K->7484K(1056768K)]
 [Times: user=1.28 sys=0.02, real=0.97 secs] 
2017-05-09T21:59:54.595+0300: 142.978: [GC concurrent-mark-abort]
2017-05-09T21:59:55.783+0300: 144.157: [GC pause (G1 Evacuation Pause) (young), 0.0070478 secs]
   [Parallel Time: 6.7 ms, GC Workers: 4]
      [GC Worker Start (ms): Min: 144157.4, Avg: 144157.5, Max: 144157.5, Diff: 0.0]
      [Ext Root Scanning (ms): Min: 0.2, Avg: 0.2, Max: 0.2, Diff: 0.0, Sum: 0.7]
      [Update RS (ms): Min: 1.3, Avg: 1.7, Max: 2.7, Diff: 1.4, Sum: 6.8]
         [Processed Buffers: Min: 1, Avg: 1.5, Max: 2, Diff: 1, Sum: 6]
      [Scan RS (ms): Min: 0.0, Avg: 0.0, Max: 0.0, Diff: 0.0, Sum: 0.0]
      [Code Root Scanning (ms): Min: 0.0, Avg: 0.0, Max: 0.0, Diff: 0.0, Sum: 0.0]
      [Object Copy (ms): Min: 3.9, Avg: 4.8, Max: 5.2, Diff: 1.4, Sum: 19.2]
      [Termination (ms): Min: 0.0, Avg: 0.0, Max: 0.0, Diff: 0.0, Sum: 0.0]
         [Termination Attempts: Min: 1, Avg: 38.3, Max: 54, Diff: 53, Sum: 153]
      [GC Worker Other (ms): Min: 0.0, Avg: 0.0, Max: 0.0, Diff: 0.0, Sum: 0.1]
      [GC Worker Total (ms): Min: 6.7, Avg: 6.7, Max: 6.7, Diff: 0.0, Sum: 26.8]
      [GC Worker End (ms): Min: 144164.2, Avg: 144164.2, Max: 144164.2, Diff: 0.0]
   [Code Root Fixup: 0.0 ms]
   [Code Root Purge: 0.0 ms]
   [Clear CT: 0.1 ms]
   [Other: 0.2 ms]
      [Choose CSet: 0.0 ms]
      [Ref Proc: 0.1 ms]
      [Ref Enq: 0.0 ms]
      [Redirty Cards: 0.0 ms]
      [Humongous Register: 0.0 ms]
      [Humongous Reclaim: 0.0 ms]
      [Free CSet: 0.1 ms]
   [Eden: 67.0M(67.0M)->0.0B(63.0M) Survivors: 0.0B->3072.0K Heap: 457.2M(512.0M)->393.0M(512.0M)]
 [Times: user=0.00 sys=0.00, real=0.00 secs] 
2017-05-09T21:59:57.002+0300: 145.380: [GC pause (G1 Evacuation Pause) (young) (initial-mark), 0.0102788 secs]
   [Parallel Time: 9.8 ms, GC Workers: 4]
      [GC Worker Start (ms): Min: 145380.2, Avg: 145380.2, Max: 145380.5, Diff: 0.3]
      [Ext Root Scanning (ms): Min: 0.2, Avg: 0.4, Max: 0.4, Diff: 0.2, Sum: 1.4]
      [Update RS (ms): Min: 2.0, Avg: 2.3, Max: 3.1, Diff: 1.1, Sum: 9.1]
         [Processed Buffers: Min: 3, Avg: 3.5, Max: 4, Diff: 1, Sum: 14]
      [Scan RS (ms): Min: 0.0, Avg: 0.0, Max: 0.1, Diff: 0.1, Sum: 0.1]
      [Code Root Scanning (ms): Min: 0.0, Avg: 0.0, Max: 0.0, Diff: 0.0, Sum: 0.0]
      [Object Copy (ms): Min: 6.2, Avg: 7.1, Max: 7.4, Diff: 1.1, Sum: 28.2]
      [Termination (ms): Min: 0.0, Avg: 0.0, Max: 0.0, Diff: 0.0, Sum: 0.0]
         [Termination Attempts: Min: 1, Avg: 48.5, Max: 73, Diff: 72, Sum: 194]
      [GC Worker Other (ms): Min: 0.0, Avg: 0.0, Max: 0.0, Diff: 0.0, Sum: 0.1]
      [GC Worker Total (ms): Min: 9.5, Avg: 9.7, Max: 9.8, Diff: 0.3, Sum: 39.0]
      [GC Worker End (ms): Min: 145390.0, Avg: 145390.0, Max: 145390.0, Diff: 0.0]
   [Code Root Fixup: 0.0 ms]
   [Code Root Purge: 0.0 ms]
   [Clear CT: 0.0 ms]
   [Other: 0.4 ms]
      [Choose CSet: 0.0 ms]
      [Ref Proc: 0.2 ms]
      [Ref Enq: 0.0 ms]
      [Redirty Cards: 0.0 ms]
      [Humongous Register: 0.0 ms]
      [Humongous Reclaim: 0.0 ms]
      [Free CSet: 0.1 ms]
   [Eden: 63.0M(63.0M)->0.0B(57.0M) Survivors: 3072.0K->6144.0K Heap: 456.0M(512.0M)->396.2M(512.0M)]
 [Times: user=0.06 sys=0.00, real=0.01 secs] 
2017-05-09T21:59:57.017+0300: 145.391: [GC concurrent-root-region-scan-start]
2017-05-09T21:59:57.017+0300: 145.394: [GC concurrent-root-region-scan-end, 0.0033942 secs]
2017-05-09T21:59:57.017+0300: 145.394: [GC concurrent-mark-start]
2017-05-09T21:59:57.470+0300: 145.852: [GC concurrent-mark-reset-for-overflow]
2017-05-09T21:59:58.237+0300: 146.620: [GC pause (G1 Evacuation Pause) (young), 0.0159197 secs]
   [Parallel Time: 15.4 ms, GC Workers: 4]
      [GC Worker Start (ms): Min: 146619.9, Avg: 146619.9, Max: 146619.9, Diff: 0.1]
      [Ext Root Scanning (ms): Min: 0.2, Avg: 0.5, Max: 1.6, Diff: 1.4, Sum: 2.1]
      [Update RS (ms): Min: 3.2, Avg: 4.6, Max: 6.1, Diff: 2.9, Sum: 18.3]
         [Processed Buffers: Min: 3, Avg: 4.5, Max: 6, Diff: 3, Sum: 18]
      [Scan RS (ms): Min: 0.0, Avg: 0.0, Max: 0.0, Diff: 0.0, Sum: 0.0]
      [Code Root Scanning (ms): Min: 0.0, Avg: 0.0, Max: 0.0, Diff: 0.0, Sum: 0.0]
      [Object Copy (ms): Min: 9.1, Avg: 10.2, Max: 11.4, Diff: 2.4, Sum: 40.9]
      [Termination (ms): Min: 0.0, Avg: 0.0, Max: 0.0, Diff: 0.0, Sum: 0.0]
         [Termination Attempts: Min: 1, Avg: 52.3, Max: 72, Diff: 71, Sum: 209]
      [GC Worker Other (ms): Min: 0.0, Avg: 0.0, Max: 0.0, Diff: 0.0, Sum: 0.1]
      [GC Worker Total (ms): Min: 15.3, Avg: 15.4, Max: 15.4, Diff: 0.1, Sum: 61.4]
      [GC Worker End (ms): Min: 146635.3, Avg: 146635.3, Max: 146635.3, Diff: 0.0]
   [Code Root Fixup: 0.0 ms]
   [Code Root Purge: 0.0 ms]
   [Clear CT: 0.0 ms]
   [Other: 0.5 ms]
      [Choose CSet: 0.0 ms]
      [Ref Proc: 0.3 ms]
      [Ref Enq: 0.0 ms]
      [Redirty Cards: 0.0 ms]
      [Humongous Register: 0.0 ms]
      [Humongous Reclaim: 0.0 ms]
      [Free CSet: 0.1 ms]
   [Eden: 57.0M(57.0M)->0.0B(54.0M) Survivors: 6144.0K->6144.0K Heap: 453.2M(512.0M)->398.8M(512.0M)]
 [Times: user=0.05 sys=0.00, real=0.02 secs] 
2017-05-09T21:59:58.253+0300: 146.636: [GC concurrent-mark-reset-for-overflow]
2017-05-09T21:59:58.878+0300: 147.258: [GC concurrent-mark-end, 1.8635777 secs]
2017-05-09T21:59:58.878+0300: 147.258: [GC remark 2017-05-09T21:59:58.878+0300: 147.258: [Finalize Marking, 0.0000593 secs] 2017-05-09T21:59:58.878+0300: 147.258: [GC ref-proc, 0.0001114 secs] 2017-05-09T21:59:58.878+0300: 147.258: [Unloading, 0.0008472 secs], 0.0019480 secs]
 [Times: user=0.00 sys=0.00, real=0.00 secs] 
2017-05-09T21:59:58.878+0300: 147.260: [GC cleanup 427M->427M(512M), 0.0002867 secs]
 [Times: user=0.00 sys=0.00, real=0.00 secs] 
2017-05-09T21:59:59.348+0300: 147.723: [GC pause (G1 Evacuation Pause) (young), 0.0110781 secs]
   [Parallel Time: 10.7 ms, GC Workers: 4]
      [GC Worker Start (ms): Min: 147722.7, Avg: 147722.7, Max: 147722.7, Diff: 0.0]
      [Ext Root Scanning (ms): Min: 0.2, Avg: 0.2, Max: 0.2, Diff: 0.0, Sum: 0.6]
      [Update RS (ms): Min: 3.1, Avg: 3.2, Max: 3.3, Diff: 0.2, Sum: 12.6]
         [Processed Buffers: Min: 5, Avg: 5.8, Max: 6, Diff: 1, Sum: 23]
      [Scan RS (ms): Min: 0.0, Avg: 0.0, Max: 0.0, Diff: 0.0, Sum: 0.0]
      [Code Root Scanning (ms): Min: 0.0, Avg: 0.0, Max: 0.0, Diff: 0.0, Sum: 0.0]
      [Object Copy (ms): Min: 7.0, Avg: 7.2, Max: 7.2, Diff: 0.2, Sum: 28.6]
      [Termination (ms): Min: 0.0, Avg: 0.2, Max: 0.2, Diff: 0.2, Sum: 0.6]
         [Termination Attempts: Min: 1, Avg: 1.0, Max: 1, Diff: 0, Sum: 4]
      [GC Worker Other (ms): Min: 0.0, Avg: 0.0, Max: 0.0, Diff: 0.0, Sum: 0.0]
      [GC Worker Total (ms): Min: 10.5, Avg: 10.6, Max: 10.7, Diff: 0.2, Sum: 42.6]
      [GC Worker End (ms): Min: 147733.2, Avg: 147733.3, Max: 147733.4, Diff: 0.2]
   [Code Root Fixup: 0.0 ms]
   [Code Root Purge: 0.0 ms]
   [Clear CT: 0.0 ms]
   [Other: 0.3 ms]
      [Choose CSet: 0.0 ms]
      [Ref Proc: 0.1 ms]
      [Ref Enq: 0.0 ms]
      [Redirty Cards: 0.0 ms]
      [Humongous Register: 0.0 ms]
      [Humongous Reclaim: 0.0 ms]
      [Free CSet: 0.1 ms]
   [Eden: 54.0M(54.0M)->0.0B(52.0M) Survivors: 6144.0K->5120.0K Heap: 452.8M(512.0M)->401.7M(512.0M)]
 [Times: user=0.06 sys=0.00, real=0.02 secs] 
2017-05-09T22:00:00.305+0300: 148.677: [GC pause (G1 Evacuation Pause) (young), 0.0098658 secs]
   [Parallel Time: 9.6 ms, GC Workers: 4]
      [GC Worker Start (ms): Min: 148677.0, Avg: 148677.0, Max: 148677.0, Diff: 0.0]
      [Ext Root Scanning (ms): Min: 0.2, Avg: 0.2, Max: 0.2, Diff: 0.0, Sum: 0.7]
      [Update RS (ms): Min: 2.9, Avg: 3.0, Max: 3.1, Diff: 0.2, Sum: 11.9]
         [Processed Buffers: Min: 5, Avg: 5.5, Max: 6, Diff: 1, Sum: 22]
      [Scan RS (ms): Min: 0.0, Avg: 0.0, Max: 0.0, Diff: 0.0, Sum: 0.0]
      [Code Root Scanning (ms): Min: 0.0, Avg: 0.0, Max: 0.0, Diff: 0.0, Sum: 0.0]
      [Object Copy (ms): Min: 6.3, Avg: 6.4, Max: 6.5, Diff: 0.1, Sum: 25.6]
      [Termination (ms): Min: 0.0, Avg: 0.0, Max: 0.0, Diff: 0.0, Sum: 0.0]
         [Termination Attempts: Min: 1, Avg: 3.8, Max: 6, Diff: 5, Sum: 15]
      [GC Worker Other (ms): Min: 0.0, Avg: 0.0, Max: 0.0, Diff: 0.0, Sum: 0.1]
      [GC Worker Total (ms): Min: 9.6, Avg: 9.6, Max: 9.6, Diff: 0.0, Sum: 38.3]
      [GC Worker End (ms): Min: 148686.5, Avg: 148686.5, Max: 148686.5, Diff: 0.0]
   [Code Root Fixup: 0.0 ms]
   [Code Root Purge: 0.0 ms]
   [Clear CT: 0.0 ms]
   [Other: 0.2 ms]
      [Choose CSet: 0.0 ms]
      [Ref Proc: 0.1 ms]
      [Ref Enq: 0.0 ms]
      [Redirty Cards: 0.0 ms]
      [Humongous Register: 0.0 ms]
      [Humongous Reclaim: 0.0 ms]
      [Free CSet: 0.1 ms]
   [Eden: 52.0M(52.0M)->0.0B(47.0M) Survivors: 5120.0K->6144.0K Heap: 453.7M(512.0M)->405.2M(512.0M)]
 [Times: user=0.00 sys=0.00, real=0.00 secs] 
2017-05-09T22:00:01.131+0300: 149.509: [GC pause (G1 Evacuation Pause) (young) (initial-mark), 0.0156192 secs]
   [Parallel Time: 15.2 ms, GC Workers: 4]
      [GC Worker Start (ms): Min: 149508.7, Avg: 149508.7, Max: 149508.8, Diff: 0.1]
      [Ext Root Scanning (ms): Min: 0.3, Avg: 1.6, Max: 5.6, Diff: 5.3, Sum: 6.5]
      [Update RS (ms): Min: 0.0, Avg: 3.4, Max: 5.0, Diff: 5.0, Sum: 13.5]
         [Processed Buffers: Min: 0, Avg: 5.3, Max: 7, Diff: 7, Sum: 21]
      [Scan RS (ms): Min: 0.0, Avg: 0.0, Max: 0.0, Diff: 0.0, Sum: 0.0]
      [Code Root Scanning (ms): Min: 0.0, Avg: 0.0, Max: 0.0, Diff: 0.0, Sum: 0.0]
      [Object Copy (ms): Min: 9.6, Avg: 10.1, Max: 10.6, Diff: 1.0, Sum: 40.4]
      [Termination (ms): Min: 0.0, Avg: 0.0, Max: 0.0, Diff: 0.0, Sum: 0.0]
         [Termination Attempts: Min: 1, Avg: 11.8, Max: 19, Diff: 18, Sum: 47]
      [GC Worker Other (ms): Min: 0.0, Avg: 0.0, Max: 0.0, Diff: 0.0, Sum: 0.1]
      [GC Worker Total (ms): Min: 15.1, Avg: 15.1, Max: 15.1, Diff: 0.1, Sum: 60.5]
      [GC Worker End (ms): Min: 149523.9, Avg: 149523.9, Max: 149523.9, Diff: 0.0]
   [Code Root Fixup: 0.0 ms]
   [Code Root Purge: 0.0 ms]
   [Clear CT: 0.0 ms]
   [Other: 0.4 ms]
      [Choose CSet: 0.0 ms]
      [Ref Proc: 0.2 ms]
      [Ref Enq: 0.0 ms]
      [Redirty Cards: 0.0 ms]
      [Humongous Register: 0.0 ms]
      [Humongous Reclaim: 0.0 ms]
      [Free CSet: 0.1 ms]
   [Eden: 47.0M(47.0M)->0.0B(46.0M) Survivors: 6144.0K->5120.0K Heap: 452.2M(512.0M)->407.7M(512.0M)]
 [Times: user=0.05 sys=0.00, real=0.01 secs] 
2017-05-09T22:00:01.146+0300: 149.524: [GC concurrent-root-region-scan-start]
2017-05-09T22:00:01.146+0300: 149.527: [GC concurrent-root-region-scan-end, 0.0025359 secs]
2017-05-09T22:00:01.146+0300: 149.527: [GC concurrent-mark-start]
2017-05-09T22:00:01.631+0300: 150.002: [GC concurrent-mark-reset-for-overflow]
2017-05-09T22:00:02.396+0300: 150.769: [GC pause (G1 Evacuation Pause) (young), 0.0106685 secs]
   [Parallel Time: 9.9 ms, GC Workers: 4]
      [GC Worker Start (ms): Min: 150769.1, Avg: 150769.2, Max: 150769.2, Diff: 0.1]
      [Ext Root Scanning (ms): Min: 0.1, Avg: 0.1, Max: 0.2, Diff: 0.1, Sum: 0.6]
      [Update RS (ms): Min: 2.3, Avg: 2.7, Max: 2.9, Diff: 0.6, Sum: 10.7]
         [Processed Buffers: Min: 4, Avg: 5.0, Max: 6, Diff: 2, Sum: 20]
      [Scan RS (ms): Min: 0.0, Avg: 0.0, Max: 0.0, Diff: 0.0, Sum: 0.0]
      [Code Root Scanning (ms): Min: 0.0, Avg: 0.0, Max: 0.0, Diff: 0.0, Sum: 0.0]
      [Object Copy (ms): Min: 6.7, Avg: 6.9, Max: 7.3, Diff: 0.6, Sum: 27.6]
      [Termination (ms): Min: 0.0, Avg: 0.0, Max: 0.0, Diff: 0.0, Sum: 0.0]
         [Termination Attempts: Min: 1, Avg: 11.8, Max: 21, Diff: 20, Sum: 47]
      [GC Worker Other (ms): Min: 0.0, Avg: 0.0, Max: 0.0, Diff: 0.0, Sum: 0.1]
      [GC Worker Total (ms): Min: 9.7, Avg: 9.7, Max: 9.8, Diff: 0.1, Sum: 39.0]
      [GC Worker End (ms): Min: 150778.9, Avg: 150778.9, Max: 150778.9, Diff: 0.0]
   [Code Root Fixup: 0.0 ms]
   [Code Root Purge: 0.0 ms]
   [Clear CT: 0.2 ms]
   [Other: 0.6 ms]
      [Choose CSet: 0.0 ms]
      [Ref Proc: 0.3 ms]
      [Ref Enq: 0.0 ms]
      [Redirty Cards: 0.2 ms]
      [Humongous Register: 0.0 ms]
      [Humongous Reclaim: 0.0 ms]
      [Free CSet: 0.0 ms]
   [Eden: 46.0M(46.0M)->0.0B(43.0M) Survivors: 5120.0K->5120.0K Heap: 453.7M(512.0M)->411.2M(512.0M)]
 [Times: user=0.00 sys=0.00, real=0.00 secs] 
2017-05-09T22:00:02.396+0300: 150.780: [GC concurrent-mark-reset-for-overflow]
2017-05-09T22:00:03.018+0300: 151.396: [GC concurrent-mark-end, 1.8690241 secs]
2017-05-09T22:00:03.018+0300: 151.396: [GC remark 2017-05-09T22:00:03.018+0300: 151.396: [Finalize Marking, 0.0000530 secs] 2017-05-09T22:00:03.018+0300: 151.396: [GC ref-proc, 0.0001090 secs] 2017-05-09T22:00:03.018+0300: 151.396: [Unloading, 0.0009092 secs], 0.0020103 secs]
 [Times: user=0.00 sys=0.00, real=0.00 secs] 
2017-05-09T22:00:03.018+0300: 151.398: [GC cleanup 443M->443M(512M), 0.0002879 secs]
 [Times: user=0.00 sys=0.00, real=0.00 secs] 
2017-05-09T22:00:03.237+0300: 151.618: [GC pause (G1 Evacuation Pause) (young), 0.0115840 secs]
   [Parallel Time: 11.3 ms, GC Workers: 4]
      [GC Worker Start (ms): Min: 151617.6, Avg: 151617.6, Max: 151617.8, Diff: 0.2]
      [Ext Root Scanning (ms): Min: 0.0, Avg: 0.1, Max: 0.2, Diff: 0.2, Sum: 0.6]
      [Update RS (ms): Min: 3.3, Avg: 5.4, Max: 11.0, Diff: 7.6, Sum: 21.5]
         [Processed Buffers: Min: 0, Avg: 4.5, Max: 7, Diff: 7, Sum: 18]
      [Scan RS (ms): Min: 0.0, Avg: 0.0, Max: 0.0, Diff: 0.0, Sum: 0.0]
      [Code Root Scanning (ms): Min: 0.0, Avg: 0.0, Max: 0.0, Diff: 0.0, Sum: 0.0]
      [Object Copy (ms): Min: 0.0, Avg: 5.6, Max: 7.6, Diff: 7.6, Sum: 22.3]
      [Termination (ms): Min: 0.0, Avg: 0.1, Max: 0.1, Diff: 0.1, Sum: 0.4]
         [Termination Attempts: Min: 1, Avg: 7.8, Max: 17, Diff: 16, Sum: 31]
      [GC Worker Other (ms): Min: 0.0, Avg: 0.0, Max: 0.0, Diff: 0.0, Sum: 0.1]
      [GC Worker Total (ms): Min: 11.1, Avg: 11.2, Max: 11.3, Diff: 0.2, Sum: 44.9]
      [GC Worker End (ms): Min: 151628.8, Avg: 151628.8, Max: 151628.9, Diff: 0.1]
   [Code Root Fixup: 0.0 ms]
   [Code Root Purge: 0.0 ms]
   [Clear CT: 0.0 ms]
   [Other: 0.2 ms]
      [Choose CSet: 0.0 ms]
      [Ref Proc: 0.1 ms]
      [Ref Enq: 0.0 ms]
      [Redirty Cards: 0.0 ms]
      [Humongous Register: 0.0 ms]
      [Humongous Reclaim: 0.0 ms]
      [Free CSet: 0.1 ms]
   [Eden: 43.0M(43.0M)->0.0B(42.0M) Survivors: 5120.0K->4096.0K Heap: 454.2M(512.0M)->412.7M(512.0M)]
 [Times: user=0.05 sys=0.00, real=0.02 secs] 
2017-05-09T22:00:03.999+0300: 152.377: [GC pause (G1 Evacuation Pause) (young), 0.0090608 secs]
   [Parallel Time: 8.6 ms, GC Workers: 4]
      [GC Worker Start (ms): Min: 152377.5, Avg: 152377.5, Max: 152377.5, Diff: 0.0]
      [Ext Root Scanning (ms): Min: 0.2, Avg: 0.2, Max: 0.2, Diff: 0.0, Sum: 0.7]
      [Update RS (ms): Min: 1.9, Avg: 2.4, Max: 2.7, Diff: 0.9, Sum: 9.5]
         [Processed Buffers: Min: 4, Avg: 4.3, Max: 5, Diff: 1, Sum: 17]
      [Scan RS (ms): Min: 0.0, Avg: 0.0, Max: 0.0, Diff: 0.0, Sum: 0.0]
      [Code Root Scanning (ms): Min: 0.0, Avg: 0.0, Max: 0.0, Diff: 0.0, Sum: 0.0]
      [Object Copy (ms): Min: 5.7, Avg: 6.0, Max: 6.5, Diff: 0.9, Sum: 24.1]
      [Termination (ms): Min: 0.0, Avg: 0.0, Max: 0.0, Diff: 0.0, Sum: 0.0]
         [Termination Attempts: Min: 1, Avg: 6.0, Max: 12, Diff: 11, Sum: 24]
      [GC Worker Other (ms): Min: 0.0, Avg: 0.0, Max: 0.0, Diff: 0.0, Sum: 0.1]
      [GC Worker Total (ms): Min: 8.6, Avg: 8.6, Max: 8.6, Diff: 0.0, Sum: 34.4]
      [GC Worker End (ms): Min: 152386.1, Avg: 152386.1, Max: 152386.1, Diff: 0.0]
   [Code Root Fixup: 0.0 ms]
   [Code Root Purge: 0.0 ms]
   [Clear CT: 0.0 ms]
   [Other: 0.4 ms]
      [Choose CSet: 0.0 ms]
      [Ref Proc: 0.2 ms]
      [Ref Enq: 0.0 ms]
      [Redirty Cards: 0.0 ms]
      [Humongous Register: 0.0 ms]
      [Humongous Reclaim: 0.0 ms]
      [Free CSet: 0.1 ms]
   [Eden: 42.0M(42.0M)->0.0B(39.0M) Survivors: 4096.0K->4096.0K Heap: 454.7M(512.0M)->415.7M(512.0M)]
 [Times: user=0.06 sys=0.00, real=0.01 secs] 
2017-05-09T22:00:04.711+0300: 153.095: [GC pause (G1 Evacuation Pause) (young) (initial-mark), 0.0103929 secs]
   [Parallel Time: 10.1 ms, GC Workers: 4]
      [GC Worker Start (ms): Min: 153094.6, Avg: 153094.7, Max: 153094.8, Diff: 0.2]
      [Ext Root Scanning (ms): Min: 0.2, Avg: 2.6, Max: 9.7, Diff: 9.5, Sum: 10.4]
      [Update RS (ms): Min: 0.0, Avg: 2.3, Max: 3.3, Diff: 3.3, Sum: 9.3]
         [Processed Buffers: Min: 0, Avg: 4.3, Max: 7, Diff: 7, Sum: 17]
      [Scan RS (ms): Min: 0.0, Avg: 0.0, Max: 0.0, Diff: 0.0, Sum: 0.0]
      [Code Root Scanning (ms): Min: 0.0, Avg: 0.0, Max: 0.0, Diff: 0.0, Sum: 0.0]
      [Object Copy (ms): Min: 0.0, Avg: 4.9, Max: 6.7, Diff: 6.7, Sum: 19.7]
      [Termination (ms): Min: 0.0, Avg: 0.1, Max: 0.2, Diff: 0.2, Sum: 0.4]
         [Termination Attempts: Min: 1, Avg: 1.0, Max: 1, Diff: 0, Sum: 4]
      [GC Worker Other (ms): Min: 0.0, Avg: 0.0, Max: 0.0, Diff: 0.0, Sum: 0.0]
      [GC Worker Total (ms): Min: 9.8, Avg: 10.0, Max: 10.1, Diff: 0.3, Sum: 39.9]
      [GC Worker End (ms): Min: 153104.6, Avg: 153104.6, Max: 153104.7, Diff: 0.1]
   [Code Root Fixup: 0.0 ms]
   [Code Root Purge: 0.0 ms]
   [Clear CT: 0.0 ms]
   [Other: 0.3 ms]
      [Choose CSet: 0.0 ms]
      [Ref Proc: 0.1 ms]
      [Ref Enq: 0.0 ms]
      [Redirty Cards: 0.0 ms]
      [Humongous Register: 0.0 ms]
      [Humongous Reclaim: 0.0 ms]
      [Free CSet: 0.1 ms]
   [Eden: 39.0M(39.0M)->0.0B(37.0M) Survivors: 4096.0K->4096.0K Heap: 454.7M(512.0M)->417.6M(512.0M)]
 [Times: user=0.05 sys=0.00, real=0.02 secs] 
2017-05-09T22:00:04.726+0300: 153.105: [GC concurrent-root-region-scan-start]
2017-05-09T22:00:04.726+0300: 153.107: [GC concurrent-root-region-scan-end, 0.0020606 secs]
2017-05-09T22:00:04.726+0300: 153.107: [GC concurrent-mark-start]
2017-05-09T22:00:05.211+0300: 153.589: [GC concurrent-mark-reset-for-overflow]
2017-05-09T22:00:05.464+0300: 153.841: [GC pause (G1 Evacuation Pause) (young), 0.0091382 secs]
   [Parallel Time: 8.8 ms, GC Workers: 4]
      [GC Worker Start (ms): Min: 153841.2, Avg: 153841.2, Max: 153841.2, Diff: 0.0]
      [Ext Root Scanning (ms): Min: 0.1, Avg: 0.1, Max: 0.2, Diff: 0.0, Sum: 0.6]
      [Update RS (ms): Min: 1.5, Avg: 2.1, Max: 2.4, Diff: 0.9, Sum: 8.4]
         [Processed Buffers: Min: 4, Avg: 4.0, Max: 4, Diff: 0, Sum: 16]
      [Scan RS (ms): Min: 0.0, Avg: 0.0, Max: 0.0, Diff: 0.0, Sum: 0.0]
      [Code Root Scanning (ms): Min: 0.0, Avg: 0.0, Max: 0.0, Diff: 0.0, Sum: 0.0]
      [Object Copy (ms): Min: 6.3, Avg: 6.5, Max: 7.1, Diff: 0.8, Sum: 26.0]
      [Termination (ms): Min: 0.0, Avg: 0.0, Max: 0.0, Diff: 0.0, Sum: 0.0]
         [Termination Attempts: Min: 1, Avg: 10.3, Max: 16, Diff: 15, Sum: 41]
      [GC Worker Other (ms): Min: 0.0, Avg: 0.0, Max: 0.0, Diff: 0.0, Sum: 0.1]
      [GC Worker Total (ms): Min: 8.8, Avg: 8.8, Max: 8.8, Diff: 0.0, Sum: 35.1]
      [GC Worker End (ms): Min: 153850.0, Avg: 153850.0, Max: 153850.0, Diff: 0.0]
   [Code Root Fixup: 0.0 ms]
   [Code Root Purge: 0.0 ms]
   [Clear CT: 0.0 ms]
   [Other: 0.3 ms]
      [Choose CSet: 0.0 ms]
      [Ref Proc: 0.1 ms]
      [Ref Enq: 0.0 ms]
      [Redirty Cards: 0.0 ms]
      [Humongous Register: 0.0 ms]
      [Humongous Reclaim: 0.0 ms]
      [Free CSet: 0.0 ms]
   [Eden: 37.0M(37.0M)->0.0B(32.0M) Survivors: 4096.0K->5120.0K Heap: 454.6M(512.0M)->421.6M(512.0M)]
 [Times: user=0.06 sys=0.00, real=0.02 secs] 
2017-05-09T22:00:06.038+0300: 154.410: [GC concurrent-mark-reset-for-overflow]
2017-05-09T22:00:06.147+0300: 154.522: [GC pause (G1 Evacuation Pause) (young), 0.0085166 secs]
   [Parallel Time: 8.3 ms, GC Workers: 4]
      [GC Worker Start (ms): Min: 154522.0, Avg: 154524.1, Max: 154530.2, Diff: 8.2]
      [Ext Root Scanning (ms): Min: 0.0, Avg: 0.1, Max: 0.2, Diff: 0.2, Sum: 0.5]
      [Update RS (ms): Min: 0.0, Avg: 1.9, Max: 2.8, Diff: 2.8, Sum: 7.7]
         [Processed Buffers: Min: 0, Avg: 4.0, Max: 7, Diff: 7, Sum: 16]
      [Scan RS (ms): Min: 0.0, Avg: 0.0, Max: 0.0, Diff: 0.0, Sum: 0.0]
      [Code Root Scanning (ms): Min: 0.0, Avg: 0.0, Max: 0.0, Diff: 0.0, Sum: 0.0]
      [Object Copy (ms): Min: 0.0, Avg: 4.1, Max: 5.7, Diff: 5.7, Sum: 16.3]
      [Termination (ms): Min: 0.0, Avg: 0.1, Max: 0.1, Diff: 0.1, Sum: 0.2]
         [Termination Attempts: Min: 1, Avg: 2.5, Max: 4, Diff: 3, Sum: 10]
      [GC Worker Other (ms): Min: 0.0, Avg: 0.0, Max: 0.0, Diff: 0.0, Sum: 0.0]
      [GC Worker Total (ms): Min: 0.0, Avg: 6.2, Max: 8.2, Diff: 8.2, Sum: 24.8]
      [GC Worker End (ms): Min: 154530.3, Avg: 154530.3, Max: 154530.3, Diff: 0.0]
   [Code Root Fixup: 0.0 ms]
   [Code Root Purge: 0.0 ms]
   [Clear CT: 0.0 ms]
   [Other: 0.2 ms]
      [Choose CSet: 0.0 ms]
      [Ref Proc: 0.1 ms]
      [Ref Enq: 0.0 ms]
      [Redirty Cards: 0.0 ms]
      [Humongous Register: 0.0 ms]
      [Humongous Reclaim: 0.0 ms]
      [Free CSet: 0.0 ms]
   [Eden: 32.0M(32.0M)->0.0B(33.0M) Survivors: 5120.0K->3072.0K Heap: 453.6M(512.0M)->423.0M(512.0M)]
 [Times: user=0.00 sys=0.00, real=0.00 secs] 
2017-05-09T22:00:06.700+0300: 155.083: [GC concurrent-mark-end, 1.9761877 secs]
2017-05-09T22:00:06.700+0300: 155.083: [GC remark 2017-05-09T22:00:06.700+0300: 155.083: [Finalize Marking, 0.0000521 secs] 2017-05-09T22:00:06.700+0300: 155.084: [GC ref-proc, 0.0001090 secs] 2017-05-09T22:00:06.700+0300: 155.084: [Unloading, 0.0008219 secs], 0.0019507 secs]
 [Times: user=0.06 sys=0.00, real=0.02 secs] 
2017-05-09T22:00:06.716+0300: 155.086: [GC cleanup 451M->451M(512M), 0.0003421 secs]
 [Times: user=0.00 sys=0.00, real=0.00 secs] 
2017-05-09T22:00:06.804+0300: 155.178: [GC pause (G1 Evacuation Pause) (young), 0.0085416 secs]
   [Parallel Time: 8.3 ms, GC Workers: 4]
      [GC Worker Start (ms): Min: 155177.8, Avg: 155177.8, Max: 155177.8, Diff: 0.0]
      [Ext Root Scanning (ms): Min: 0.2, Avg: 2.2, Max: 8.3, Diff: 8.1, Sum: 8.8]
      [Update RS (ms): Min: 0.0, Avg: 1.8, Max: 2.6, Diff: 2.6, Sum: 7.3]
         [Processed Buffers: Min: 0, Avg: 3.3, Max: 5, Diff: 5, Sum: 13]
      [Scan RS (ms): Min: 0.0, Avg: 0.0, Max: 0.0, Diff: 0.0, Sum: 0.0]
      [Code Root Scanning (ms): Min: 0.0, Avg: 0.0, Max: 0.0, Diff: 0.0, Sum: 0.0]
      [Object Copy (ms): Min: 0.0, Avg: 4.2, Max: 5.9, Diff: 5.9, Sum: 16.8]
      [Termination (ms): Min: 0.0, Avg: 0.0, Max: 0.1, Diff: 0.1, Sum: 0.2]
         [Termination Attempts: Min: 1, Avg: 3.8, Max: 7, Diff: 6, Sum: 15]
      [GC Worker Other (ms): Min: 0.0, Avg: 0.0, Max: 0.0, Diff: 0.0, Sum: 0.0]
      [GC Worker Total (ms): Min: 8.3, Avg: 8.3, Max: 8.3, Diff: 0.0, Sum: 33.1]
      [GC Worker End (ms): Min: 155186.1, Avg: 155186.1, Max: 155186.1, Diff: 0.0]
   [Code Root Fixup: 0.0 ms]
   [Code Root Purge: 0.0 ms]
   [Clear CT: 0.0 ms]
   [Other: 0.2 ms]
      [Choose CSet: 0.0 ms]
      [Ref Proc: 0.1 ms]
      [Ref Enq: 0.0 ms]
      [Redirty Cards: 0.0 ms]
      [Humongous Register: 0.0 ms]
      [Humongous Reclaim: 0.0 ms]
      [Free CSet: 0.1 ms]
   [Eden: 33.0M(33.0M)->0.0B(30.0M) Survivors: 3072.0K->3072.0K Heap: 456.0M(512.0M)->425.6M(512.0M)]
 [Times: user=0.00 sys=0.00, real=0.00 secs] 
2017-05-09T22:00:07.382+0300: 155.753: [GC pause (G1 Evacuation Pause) (young), 0.0089322 secs]
   [Parallel Time: 8.6 ms, GC Workers: 4]
      [GC Worker Start (ms): Min: 155752.7, Avg: 155752.7, Max: 155752.7, Diff: 0.0]
      [Ext Root Scanning (ms): Min: 0.2, Avg: 1.1, Max: 3.9, Diff: 3.7, Sum: 4.5]
      [Update RS (ms): Min: 0.0, Avg: 2.4, Max: 3.3, Diff: 3.3, Sum: 9.5]
         [Processed Buffers: Min: 0, Avg: 3.3, Max: 5, Diff: 5, Sum: 13]
      [Scan RS (ms): Min: 0.0, Avg: 0.0, Max: 0.0, Diff: 0.0, Sum: 0.0]
      [Code Root Scanning (ms): Min: 0.0, Avg: 0.0, Max: 0.0, Diff: 0.0, Sum: 0.0]
      [Object Copy (ms): Min: 4.7, Avg: 5.1, Max: 5.3, Diff: 0.6, Sum: 20.2]
      [Termination (ms): Min: 0.0, Avg: 0.0, Max: 0.0, Diff: 0.0, Sum: 0.0]
         [Termination Attempts: Min: 1, Avg: 12.3, Max: 17, Diff: 16, Sum: 49]
      [GC Worker Other (ms): Min: 0.0, Avg: 0.0, Max: 0.0, Diff: 0.0, Sum: 0.1]
      [GC Worker Total (ms): Min: 8.6, Avg: 8.6, Max: 8.6, Diff: 0.0, Sum: 34.3]
      [GC Worker End (ms): Min: 155761.3, Avg: 155761.3, Max: 155761.3, Diff: 0.0]
   [Code Root Fixup: 0.0 ms]
   [Code Root Purge: 0.0 ms]
   [Clear CT: 0.0 ms]
   [Other: 0.3 ms]
      [Choose CSet: 0.0 ms]
      [Ref Proc: 0.1 ms]
      [Ref Enq: 0.0 ms]
      [Redirty Cards: 0.0 ms]
      [Humongous Register: 0.0 ms]
      [Humongous Reclaim: 0.0 ms]
      [Free CSet: 0.0 ms]
   [Eden: 30.0M(30.0M)->0.0B(26.0M) Survivors: 3072.0K->4096.0K Heap: 455.6M(512.0M)->428.4M(512.0M)]
 [Times: user=0.00 sys=0.00, real=0.00 secs] 
2017-05-09T22:00:07.843+0300: 156.224: [GC pause (G1 Evacuation Pause) (young) (initial-mark), 0.0071297 secs]
   [Parallel Time: 6.9 ms, GC Workers: 4]
      [GC Worker Start (ms): Min: 156224.1, Avg: 156224.1, Max: 156224.2, Diff: 0.0]
      [Ext Root Scanning (ms): Min: 0.2, Avg: 0.2, Max: 0.2, Diff: 0.0, Sum: 0.9]
      [Update RS (ms): Min: 1.0, Avg: 1.5, Max: 2.1, Diff: 1.1, Sum: 5.9]
         [Processed Buffers: Min: 3, Avg: 3.3, Max: 4, Diff: 1, Sum: 13]
      [Scan RS (ms): Min: 0.0, Avg: 0.0, Max: 0.0, Diff: 0.0, Sum: 0.0]
      [Code Root Scanning (ms): Min: 0.0, Avg: 0.0, Max: 0.0, Diff: 0.0, Sum: 0.0]
      [Object Copy (ms): Min: 4.5, Avg: 5.1, Max: 5.6, Diff: 1.1, Sum: 20.4]
      [Termination (ms): Min: 0.0, Avg: 0.0, Max: 0.0, Diff: 0.0, Sum: 0.0]
         [Termination Attempts: Min: 1, Avg: 19.5, Max: 29, Diff: 28, Sum: 78]
      [GC Worker Other (ms): Min: 0.0, Avg: 0.0, Max: 0.0, Diff: 0.0, Sum: 0.0]
      [GC Worker Total (ms): Min: 6.8, Avg: 6.8, Max: 6.8, Diff: 0.0, Sum: 27.3]
      [GC Worker End (ms): Min: 156231.0, Avg: 156231.0, Max: 156231.0, Diff: 0.0]
   [Code Root Fixup: 0.0 ms]
   [Code Root Purge: 0.0 ms]
   [Clear CT: 0.0 ms]
   [Other: 0.2 ms]
      [Choose CSet: 0.0 ms]
      [Ref Proc: 0.1 ms]
      [Ref Enq: 0.0 ms]
      [Redirty Cards: 0.0 ms]
      [Humongous Register: 0.0 ms]
      [Humongous Reclaim: 0.0 ms]
      [Free CSet: 0.0 ms]
   [Eden: 26.0M(26.0M)->0.0B(24.0M) Survivors: 4096.0K->4096.0K Heap: 454.4M(512.0M)->430.7M(512.0M)]
 [Times: user=0.06 sys=0.00, real=0.02 secs] 
2017-05-09T22:00:07.859+0300: 156.231: [GC concurrent-root-region-scan-start]
2017-05-09T22:00:07.859+0300: 156.233: [GC concurrent-root-region-scan-end, 0.0015113 secs]
2017-05-09T22:00:07.859+0300: 156.233: [GC concurrent-mark-start]
2017-05-09T22:00:08.335+0300: 156.713: [GC pause (G1 Evacuation Pause) (young), 0.0069993 secs]
   [Parallel Time: 6.7 ms, GC Workers: 4]
      [GC Worker Start (ms): Min: 156713.2, Avg: 156713.2, Max: 156713.2, Diff: 0.0]
      [Ext Root Scanning (ms): Min: 0.1, Avg: 0.1, Max: 0.1, Diff: 0.0, Sum: 0.6]
      [Update RS (ms): Min: 0.9, Avg: 1.4, Max: 1.9, Diff: 1.0, Sum: 5.5]
         [Processed Buffers: Min: 2, Avg: 3.0, Max: 4, Diff: 2, Sum: 12]
      [Scan RS (ms): Min: 0.0, Avg: 0.0, Max: 0.0, Diff: 0.0, Sum: 0.0]
      [Code Root Scanning (ms): Min: 0.0, Avg: 0.0, Max: 0.0, Diff: 0.0, Sum: 0.0]
      [Object Copy (ms): Min: 4.6, Avg: 5.1, Max: 5.6, Diff: 1.0, Sum: 20.6]
      [Termination (ms): Min: 0.0, Avg: 0.0, Max: 0.0, Diff: 0.0, Sum: 0.0]
         [Termination Attempts: Min: 1, Avg: 13.8, Max: 20, Diff: 19, Sum: 55]
      [GC Worker Other (ms): Min: 0.0, Avg: 0.0, Max: 0.0, Diff: 0.0, Sum: 0.1]
      [GC Worker Total (ms): Min: 6.7, Avg: 6.7, Max: 6.7, Diff: 0.0, Sum: 26.8]
      [GC Worker End (ms): Min: 156719.9, Avg: 156719.9, Max: 156719.9, Diff: 0.0]
   [Code Root Fixup: 0.0 ms]
   [Code Root Purge: 0.0 ms]
   [Clear CT: 0.0 ms]
   [Other: 0.2 ms]
      [Choose CSet: 0.0 ms]
      [Ref Proc: 0.1 ms]
      [Ref Enq: 0.0 ms]
      [Redirty Cards: 0.0 ms]
      [Humongous Register: 0.0 ms]
      [Humongous Reclaim: 0.0 ms]
      [Free CSet: 0.0 ms]
   [Eden: 24.0M(24.0M)->0.0B(24.0M) Survivors: 4096.0K->3072.0K Heap: 454.7M(512.0M)->432.2M(512.0M)]
 [Times: user=0.01 sys=0.00, real=0.02 secs] 
2017-05-09T22:00:08.351+0300: 156.720: [GC concurrent-mark-reset-for-overflow]
2017-05-09T22:00:09.165+0300: 157.539: [GC pause (G1 Evacuation Pause) (young), 0.0074007 secs]
   [Parallel Time: 6.8 ms, GC Workers: 4]
      [GC Worker Start (ms): Min: 157538.6, Avg: 157538.7, Max: 157538.7, Diff: 0.1]
      [Ext Root Scanning (ms): Min: 0.1, Avg: 0.2, Max: 0.2, Diff: 0.1, Sum: 0.6]
      [Update RS (ms): Min: 1.0, Avg: 1.6, Max: 2.1, Diff: 1.1, Sum: 6.6]
         [Processed Buffers: Min: 2, Avg: 2.8, Max: 3, Diff: 1, Sum: 11]
      [Scan RS (ms): Min: 0.0, Avg: 0.0, Max: 0.0, Diff: 0.0, Sum: 0.0]
      [Code Root Scanning (ms): Min: 0.0, Avg: 0.0, Max: 0.0, Diff: 0.0, Sum: 0.0]
      [Object Copy (ms): Min: 4.4, Avg: 4.9, Max: 5.5, Diff: 1.1, Sum: 19.5]
      [Termination (ms): Min: 0.0, Avg: 0.0, Max: 0.0, Diff: 0.0, Sum: 0.0]
         [Termination Attempts: Min: 1, Avg: 29.3, Max: 42, Diff: 41, Sum: 117]
      [GC Worker Other (ms): Min: 0.0, Avg: 0.0, Max: 0.0, Diff: 0.0, Sum: 0.0]
      [GC Worker Total (ms): Min: 6.7, Avg: 6.7, Max: 6.8, Diff: 0.1, Sum: 26.8]
      [GC Worker End (ms): Min: 157545.4, Avg: 157545.4, Max: 157545.4, Diff: 0.0]
   [Code Root Fixup: 0.0 ms]
   [Code Root Purge: 0.0 ms]
   [Clear CT: 0.2 ms]
   [Other: 0.4 ms]
      [Choose CSet: 0.0 ms]
      [Ref Proc: 0.1 ms]
      [Ref Enq: 0.0 ms]
      [Redirty Cards: 0.1 ms]
      [Humongous Register: 0.0 ms]
      [Humongous Reclaim: 0.0 ms]
      [Free CSet: 0.0 ms]
   [Eden: 24.0M(24.0M)->0.0B(22.0M) Survivors: 3072.0K->4096.0K Heap: 456.2M(512.0M)->433.2M(512.0M)]
 [Times: user=0.00 sys=0.00, real=0.00 secs] 
2017-05-09T22:00:09.165+0300: 157.546: [GC concurrent-mark-reset-for-overflow]
2017-05-09T22:00:09.562+0300: 157.941: [GC pause (G1 Evacuation Pause) (young), 0.0061963 secs]
   [Parallel Time: 5.8 ms, GC Workers: 4]
      [GC Worker Start (ms): Min: 157941.5, Avg: 157941.5, Max: 157941.5, Diff: 0.0]
      [Ext Root Scanning (ms): Min: 0.1, Avg: 0.2, Max: 0.2, Diff: 0.0, Sum: 0.6]
      [Update RS (ms): Min: 0.8, Avg: 1.3, Max: 1.8, Diff: 1.0, Sum: 5.1]
         [Processed Buffers: Min: 2, Avg: 2.8, Max: 3, Diff: 1, Sum: 11]
      [Scan RS (ms): Min: 0.0, Avg: 0.0, Max: 0.0, Diff: 0.0, Sum: 0.0]
      [Code Root Scanning (ms): Min: 0.0, Avg: 0.0, Max: 0.0, Diff: 0.0, Sum: 0.0]
      [Object Copy (ms): Min: 3.8, Avg: 4.3, Max: 4.8, Diff: 1.0, Sum: 17.2]
      [Termination (ms): Min: 0.0, Avg: 0.0, Max: 0.0, Diff: 0.0, Sum: 0.0]
         [Termination Attempts: Min: 1, Avg: 1.0, Max: 1, Diff: 0, Sum: 4]
      [GC Worker Other (ms): Min: 0.0, Avg: 0.0, Max: 0.0, Diff: 0.0, Sum: 0.0]
      [GC Worker Total (ms): Min: 5.7, Avg: 5.7, Max: 5.7, Diff: 0.0, Sum: 22.9]
      [GC Worker End (ms): Min: 157947.2, Avg: 157947.2, Max: 157947.2, Diff: 0.0]
   [Code Root Fixup: 0.0 ms]
   [Code Root Purge: 0.0 ms]
   [Clear CT: 0.0 ms]
   [Other: 0.4 ms]
      [Choose CSet: 0.0 ms]
      [Ref Proc: 0.2 ms]
      [Ref Enq: 0.0 ms]
      [Redirty Cards: 0.0 ms]
      [Humongous Register: 0.0 ms]
      [Humongous Reclaim: 0.0 ms]
      [Free CSet: 0.0 ms]
   [Eden: 22.0M(22.0M)->0.0B(21.0M) Survivors: 4096.0K->4096.0K Heap: 455.2M(512.0M)->434.4M(512.0M)]
 [Times: user=0.06 sys=0.00, real=0.02 secs] 
2017-05-09T22:00:09.828+0300: 158.199: [GC concurrent-mark-end, 1.9656349 secs]
2017-05-09T22:00:09.828+0300: 158.199: [GC remark 2017-05-09T22:00:09.828+0300: 158.199: [Finalize Marking, 0.0000660 secs] 2017-05-09T22:00:09.828+0300: 158.199: [GC ref-proc, 0.0001078 secs] 2017-05-09T22:00:09.828+0300: 158.199: [Unloading, 0.0008674 secs], 0.0024666 secs]
 [Times: user=0.00 sys=0.00, real=0.00 secs] 
2017-05-09T22:00:09.828+0300: 158.201: [GC cleanup 446M->446M(512M), 0.0003268 secs]
 [Times: user=0.00 sys=0.00, real=0.00 secs] 
2017-05-09T22:00:09.999+0300: 158.369: [GC pause (G1 Evacuation Pause) (young), 0.0072351 secs]
   [Parallel Time: 6.9 ms, GC Workers: 4]
      [GC Worker Start (ms): Min: 158369.0, Avg: 158369.0, Max: 158369.0, Diff: 0.0]
      [Ext Root Scanning (ms): Min: 0.2, Avg: 0.2, Max: 0.2, Diff: 0.0, Sum: 0.7]
      [Update RS (ms): Min: 1.0, Avg: 1.4, Max: 2.0, Diff: 1.0, Sum: 5.7]
         [Processed Buffers: Min: 2, Avg: 3.0, Max: 4, Diff: 2, Sum: 12]
      [Scan RS (ms): Min: 0.0, Avg: 0.0, Max: 0.0, Diff: 0.0, Sum: 0.0]
      [Code Root Scanning (ms): Min: 0.0, Avg: 0.0, Max: 0.0, Diff: 0.0, Sum: 0.0]
      [Object Copy (ms): Min: 4.7, Avg: 5.3, Max: 5.7, Diff: 1.0, Sum: 21.2]
      [Termination (ms): Min: 0.0, Avg: 0.0, Max: 0.0, Diff: 0.0, Sum: 0.0]
         [Termination Attempts: Min: 1, Avg: 17.5, Max: 30, Diff: 29, Sum: 70]
      [GC Worker Other (ms): Min: 0.0, Avg: 0.0, Max: 0.0, Diff: 0.0, Sum: 0.0]
      [GC Worker Total (ms): Min: 6.9, Avg: 6.9, Max: 6.9, Diff: 0.0, Sum: 27.6]
      [GC Worker End (ms): Min: 158375.9, Avg: 158375.9, Max: 158375.9, Diff: 0.0]
   [Code Root Fixup: 0.0 ms]
   [Code Root Purge: 0.0 ms]
   [Clear CT: 0.0 ms]
   [Other: 0.3 ms]
      [Choose CSet: 0.0 ms]
      [Ref Proc: 0.1 ms]
      [Ref Enq: 0.0 ms]
      [Redirty Cards: 0.0 ms]
      [Humongous Register: 0.0 ms]
      [Humongous Reclaim: 0.0 ms]
      [Free CSet: 0.0 ms]
   [Eden: 21.0M(21.0M)->0.0B(21.0M) Survivors: 4096.0K->4096.0K Heap: 455.4M(512.0M)->435.6M(512.0M)]
 [Times: user=0.00 sys=0.00, real=0.01 secs] 
2017-05-09T22:00:10.382+0300: 158.766: [GC pause (G1 Evacuation Pause) (young), 0.0063888 secs]
   [Parallel Time: 6.1 ms, GC Workers: 4]
      [GC Worker Start (ms): Min: 158766.4, Avg: 158766.4, Max: 158766.4, Diff: 0.0]
      [Ext Root Scanning (ms): Min: 0.2, Avg: 0.2, Max: 0.2, Diff: 0.0, Sum: 0.7]
      [Update RS (ms): Min: 1.0, Avg: 1.4, Max: 1.9, Diff: 0.9, Sum: 5.7]
         [Processed Buffers: Min: 2, Avg: 2.8, Max: 3, Diff: 1, Sum: 11]
      [Scan RS (ms): Min: 0.0, Avg: 0.0, Max: 0.0, Diff: 0.0, Sum: 0.0]
      [Code Root Scanning (ms): Min: 0.0, Avg: 0.0, Max: 0.0, Diff: 0.0, Sum: 0.0]
      [Object Copy (ms): Min: 4.0, Avg: 4.4, Max: 4.8, Diff: 0.8, Sum: 17.7]
      [Termination (ms): Min: 0.0, Avg: 0.0, Max: 0.0, Diff: 0.0, Sum: 0.0]
         [Termination Attempts: Min: 1, Avg: 19.3, Max: 27, Diff: 26, Sum: 77]
      [GC Worker Other (ms): Min: 0.0, Avg: 0.0, Max: 0.0, Diff: 0.0, Sum: 0.1]
      [GC Worker Total (ms): Min: 6.0, Avg: 6.0, Max: 6.0, Diff: 0.0, Sum: 24.2]
      [GC Worker End (ms): Min: 158772.5, Avg: 158772.5, Max: 158772.5, Diff: 0.0]
   [Code Root Fixup: 0.0 ms]
   [Code Root Purge: 0.0 ms]
   [Clear CT: 0.0 ms]
   [Other: 0.3 ms]
      [Choose CSet: 0.0 ms]
      [Ref Proc: 0.1 ms]
      [Ref Enq: 0.0 ms]
      [Redirty Cards: 0.0 ms]
      [Humongous Register: 0.0 ms]
      [Humongous Reclaim: 0.0 ms]
      [Free CSet: 0.1 ms]
   [Eden: 21.0M(21.0M)->0.0B(21.0M) Survivors: 4096.0K->4096.0K Heap: 456.6M(512.0M)->436.6M(512.0M)]
 [Times: user=0.06 sys=0.00, real=0.02 secs] 
2017-05-09T22:00:10.795+0300: 159.167: [GC pause (G1 Evacuation Pause) (young) (initial-mark), 0.0087777 secs]
   [Parallel Time: 8.5 ms, GC Workers: 4]
      [GC Worker Start (ms): Min: 159167.5, Avg: 159167.5, Max: 159167.5, Diff: 0.0]
      [Ext Root Scanning (ms): Min: 0.4, Avg: 0.8, Max: 1.8, Diff: 1.4, Sum: 3.2]
      [Update RS (ms): Min: 0.0, Avg: 1.5, Max: 2.4, Diff: 2.4, Sum: 6.0]
         [Processed Buffers: Min: 1, Avg: 2.8, Max: 4, Diff: 3, Sum: 11]
      [Scan RS (ms): Min: 0.0, Avg: 0.0, Max: 0.0, Diff: 0.0, Sum: 0.0]
      [Code Root Scanning (ms): Min: 0.0, Avg: 0.0, Max: 0.0, Diff: 0.0, Sum: 0.0]
      [Object Copy (ms): Min: 5.4, Avg: 6.0, Max: 6.4, Diff: 1.0, Sum: 23.9]
      [Termination (ms): Min: 0.0, Avg: 0.0, Max: 0.2, Diff: 0.2, Sum: 0.2]
         [Termination Attempts: Min: 1, Avg: 25.3, Max: 39, Diff: 38, Sum: 101]
      [GC Worker Other (ms): Min: 0.0, Avg: 0.0, Max: 0.0, Diff: 0.0, Sum: 0.0]
      [GC Worker Total (ms): Min: 8.2, Avg: 8.3, Max: 8.4, Diff: 0.2, Sum: 33.2]
      [GC Worker End (ms): Min: 159175.8, Avg: 159175.8, Max: 159175.9, Diff: 0.1]
   [Code Root Fixup: 0.0 ms]
   [Code Root Purge: 0.0 ms]
   [Clear CT: 0.0 ms]
   [Other: 0.3 ms]
      [Choose CSet: 0.0 ms]
      [Ref Proc: 0.1 ms]
      [Ref Enq: 0.0 ms]
      [Redirty Cards: 0.0 ms]
      [Humongous Register: 0.0 ms]
      [Humongous Reclaim: 0.0 ms]
      [Free CSet: 0.1 ms]
   [Eden: 21.0M(21.0M)->0.0B(22.0M) Survivors: 4096.0K->3072.0K Heap: 457.6M(512.0M)->437.4M(512.0M)]
 [Times: user=0.00 sys=0.00, real=0.00 secs] 
2017-05-09T22:00:10.795+0300: 159.176: [GC concurrent-root-region-scan-start]
2017-05-09T22:00:10.795+0300: 159.178: [GC concurrent-root-region-scan-end, 0.0019504 secs]
2017-05-09T22:00:10.795+0300: 159.178: [GC concurrent-mark-start]
2017-05-09T22:00:11.295+0300: 159.678: [GC pause (G1 Evacuation Pause) (young), 0.0062771 secs]
   [Parallel Time: 6.0 ms, GC Workers: 4]
      [GC Worker Start (ms): Min: 159677.7, Avg: 159677.7, Max: 159677.7, Diff: 0.0]
      [Ext Root Scanning (ms): Min: 0.1, Avg: 0.1, Max: 0.1, Diff: 0.0, Sum: 0.6]
      [Update RS (ms): Min: 1.0, Avg: 1.3, Max: 1.7, Diff: 0.7, Sum: 5.3]
         [Processed Buffers: Min: 2, Avg: 3.0, Max: 4, Diff: 2, Sum: 12]
      [Scan RS (ms): Min: 0.0, Avg: 0.0, Max: 0.0, Diff: 0.0, Sum: 0.0]
      [Code Root Scanning (ms): Min: 0.0, Avg: 0.0, Max: 0.0, Diff: 0.0, Sum: 0.0]
      [Object Copy (ms): Min: 4.1, Avg: 4.5, Max: 4.8, Diff: 0.7, Sum: 18.0]
      [Termination (ms): Min: 0.0, Avg: 0.0, Max: 0.0, Diff: 0.0, Sum: 0.0]
         [Termination Attempts: Min: 1, Avg: 13.5, Max: 24, Diff: 23, Sum: 54]
      [GC Worker Other (ms): Min: 0.0, Avg: 0.0, Max: 0.0, Diff: 0.0, Sum: 0.1]
      [GC Worker Total (ms): Min: 6.0, Avg: 6.0, Max: 6.0, Diff: 0.0, Sum: 23.9]
      [GC Worker End (ms): Min: 159683.7, Avg: 159683.7, Max: 159683.7, Diff: 0.0]
   [Code Root Fixup: 0.0 ms]
   [Code Root Purge: 0.0 ms]
   [Clear CT: 0.0 ms]
   [Other: 0.2 ms]
      [Choose CSet: 0.0 ms]
      [Ref Proc: 0.1 ms]
      [Ref Enq: 0.0 ms]
      [Redirty Cards: 0.0 ms]
      [Humongous Register: 0.0 ms]
      [Humongous Reclaim: 0.0 ms]
      [Free CSet: 0.0 ms]
   [Eden: 22.0M(22.0M)->0.0B(21.0M) Survivors: 3072.0K->4096.0K Heap: 459.4M(512.0M)->439.1M(512.0M)]
 [Times: user=0.06 sys=0.00, real=0.02 secs] 
2017-05-09T22:00:11.311+0300: 159.684: [GC concurrent-mark-reset-for-overflow]
2017-05-09T22:00:12.128+0300: 160.507: [GC pause (G1 Evacuation Pause) (young), 0.0070622 secs]
   [Parallel Time: 6.7 ms, GC Workers: 4]
      [GC Worker Start (ms): Min: 160507.2, Avg: 160507.2, Max: 160507.2, Diff: 0.1]
      [Ext Root Scanning (ms): Min: 0.1, Avg: 0.2, Max: 0.2, Diff: 0.1, Sum: 0.6]
      [Update RS (ms): Min: 0.8, Avg: 1.4, Max: 2.1, Diff: 1.2, Sum: 5.4]
         [Processed Buffers: Min: 2, Avg: 2.8, Max: 3, Diff: 1, Sum: 11]
      [Scan RS (ms): Min: 0.0, Avg: 0.0, Max: 0.0, Diff: 0.0, Sum: 0.0]
      [Code Root Scanning (ms): Min: 0.0, Avg: 0.0, Max: 0.0, Diff: 0.0, Sum: 0.0]
      [Object Copy (ms): Min: 4.4, Avg: 5.1, Max: 5.6, Diff: 1.2, Sum: 20.6]
      [Termination (ms): Min: 0.0, Avg: 0.0, Max: 0.0, Diff: 0.0, Sum: 0.0]
         [Termination Attempts: Min: 1, Avg: 8.5, Max: 15, Diff: 14, Sum: 34]
      [GC Worker Other (ms): Min: 0.0, Avg: 0.0, Max: 0.0, Diff: 0.0, Sum: 0.0]
      [GC Worker Total (ms): Min: 6.6, Avg: 6.7, Max: 6.7, Diff: 0.1, Sum: 26.7]
      [GC Worker End (ms): Min: 160513.9, Avg: 160513.9, Max: 160513.9, Diff: 0.0]
   [Code Root Fixup: 0.0 ms]
   [Code Root Purge: 0.0 ms]
   [Clear CT: 0.0 ms]
   [Other: 0.3 ms]
      [Choose CSet: 0.0 ms]
      [Ref Proc: 0.1 ms]
      [Ref Enq: 0.0 ms]
      [Redirty Cards: 0.0 ms]
      [Humongous Register: 0.0 ms]
      [Humongous Reclaim: 0.0 ms]
      [Free CSet: 0.0 ms]
   [Eden: 21.0M(21.0M)->0.0B(21.0M) Survivors: 4096.0K->4096.0K Heap: 460.1M(512.0M)->440.5M(512.0M)]
 [Times: user=0.06 sys=0.00, real=0.02 secs] 
2017-05-09T22:00:12.144+0300: 160.514: [GC concurrent-mark-reset-for-overflow]
2017-05-09T22:00:12.488+0300: 160.871: [GC pause (G1 Evacuation Pause) (young), 0.0060283 secs]
   [Parallel Time: 5.8 ms, GC Workers: 4]
      [GC Worker Start (ms): Min: 160871.3, Avg: 160871.3, Max: 160871.3, Diff: 0.0]
      [Ext Root Scanning (ms): Min: 0.1, Avg: 0.2, Max: 0.2, Diff: 0.0, Sum: 0.6]
      [Update RS (ms): Min: 1.0, Avg: 1.3, Max: 1.8, Diff: 0.9, Sum: 5.3]
         [Processed Buffers: Min: 2, Avg: 2.8, Max: 3, Diff: 1, Sum: 11]
      [Scan RS (ms): Min: 0.0, Avg: 0.0, Max: 0.0, Diff: 0.0, Sum: 0.0]
      [Code Root Scanning (ms): Min: 0.0, Avg: 0.0, Max: 0.0, Diff: 0.0, Sum: 0.0]
      [Object Copy (ms): Min: 3.8, Avg: 4.3, Max: 4.6, Diff: 0.9, Sum: 17.2]
      [Termination (ms): Min: 0.0, Avg: 0.0, Max: 0.0, Diff: 0.0, Sum: 0.0]
         [Termination Attempts: Min: 1, Avg: 17.3, Max: 28, Diff: 27, Sum: 69]
      [GC Worker Other (ms): Min: 0.0, Avg: 0.0, Max: 0.0, Diff: 0.0, Sum: 0.0]
      [GC Worker Total (ms): Min: 5.8, Avg: 5.8, Max: 5.8, Diff: 0.0, Sum: 23.1]
      [GC Worker End (ms): Min: 160877.1, Avg: 160877.1, Max: 160877.1, Diff: 0.0]
   [Code Root Fixup: 0.0 ms]
   [Code Root Purge: 0.0 ms]
   [Clear CT: 0.0 ms]
   [Other: 0.2 ms]
      [Choose CSet: 0.0 ms]
      [Ref Proc: 0.1 ms]
      [Ref Enq: 0.0 ms]
      [Redirty Cards: 0.0 ms]
      [Humongous Register: 0.0 ms]
      [Humongous Reclaim: 0.0 ms]
      [Free CSet: 0.0 ms]
   [Eden: 21.0M(21.0M)->0.0B(21.0M) Survivors: 4096.0K->4096.0K Heap: 461.5M(512.0M)->442.1M(512.0M)]
 [Times: user=0.06 sys=0.00, real=0.02 secs] 
2017-05-09T22:00:12.815+0300: 161.184: [GC concurrent-mark-end, 2.0054585 secs]
2017-05-09T22:00:12.815+0300: 161.184: [GC remark 2017-05-09T22:00:12.815+0300: 161.184: [Finalize Marking, 0.0000554 secs] 2017-05-09T22:00:12.815+0300: 161.184: [GC ref-proc, 0.0001060 secs] 2017-05-09T22:00:12.815+0300: 161.184: [Unloading, 0.0007662 secs], 0.0019112 secs]
 [Times: user=0.00 sys=0.00, real=0.00 secs] 
2017-05-09T22:00:12.817+0300: 161.186: [GC cleanup 457M->457M(512M), 0.0002939 secs]
 [Times: user=0.00 sys=0.00, real=0.00 secs] 
2017-05-09T22:00:12.915+0300: 161.295: [GC pause (G1 Evacuation Pause) (young), 0.0059578 secs]
   [Parallel Time: 5.6 ms, GC Workers: 4]
      [GC Worker Start (ms): Min: 161295.1, Avg: 161295.1, Max: 161295.1, Diff: 0.0]
      [Ext Root Scanning (ms): Min: 0.2, Avg: 0.2, Max: 0.2, Diff: 0.0, Sum: 0.6]
      [Update RS (ms): Min: 0.9, Avg: 1.3, Max: 1.8, Diff: 1.0, Sum: 5.2]
         [Processed Buffers: Min: 2, Avg: 2.8, Max: 3, Diff: 1, Sum: 11]
      [Scan RS (ms): Min: 0.0, Avg: 0.0, Max: 0.0, Diff: 0.0, Sum: 0.0]
      [Code Root Scanning (ms): Min: 0.0, Avg: 0.0, Max: 0.0, Diff: 0.0, Sum: 0.0]
      [Object Copy (ms): Min: 3.6, Avg: 4.1, Max: 4.5, Diff: 0.9, Sum: 16.4]
      [Termination (ms): Min: 0.0, Avg: 0.0, Max: 0.0, Diff: 0.0, Sum: 0.0]
         [Termination Attempts: Min: 1, Avg: 23.3, Max: 34, Diff: 33, Sum: 93]
      [GC Worker Other (ms): Min: 0.0, Avg: 0.0, Max: 0.0, Diff: 0.0, Sum: 0.0]
      [GC Worker Total (ms): Min: 5.6, Avg: 5.6, Max: 5.6, Diff: 0.0, Sum: 22.4]
      [GC Worker End (ms): Min: 161300.7, Avg: 161300.7, Max: 161300.7, Diff: 0.0]
   [Code Root Fixup: 0.0 ms]
   [Code Root Purge: 0.0 ms]
   [Clear CT: 0.0 ms]
   [Other: 0.3 ms]
      [Choose CSet: 0.0 ms]
      [Ref Proc: 0.2 ms]
      [Ref Enq: 0.0 ms]
      [Redirty Cards: 0.0 ms]
      [Humongous Register: 0.0 ms]
      [Humongous Reclaim: 0.0 ms]
      [Free CSet: 0.1 ms]
   [Eden: 21.0M(21.0M)->0.0B(21.0M) Survivors: 4096.0K->4096.0K Heap: 463.1M(512.0M)->443.9M(512.0M)]
 [Times: user=0.06 sys=0.00, real=0.02 secs] 
2017-05-09T22:00:13.321+0300: 161.694: [GC pause (G1 Evacuation Pause) (young), 0.0062195 secs]
   [Parallel Time: 6.0 ms, GC Workers: 4]
      [GC Worker Start (ms): Min: 161693.8, Avg: 161693.8, Max: 161693.8, Diff: 0.0]
      [Ext Root Scanning (ms): Min: 0.2, Avg: 0.2, Max: 0.2, Diff: 0.0, Sum: 0.7]
      [Update RS (ms): Min: 1.0, Avg: 1.3, Max: 1.9, Diff: 0.9, Sum: 5.3]
         [Processed Buffers: Min: 2, Avg: 2.8, Max: 3, Diff: 1, Sum: 11]
      [Scan RS (ms): Min: 0.0, Avg: 0.0, Max: 0.0, Diff: 0.0, Sum: 0.0]
      [Code Root Scanning (ms): Min: 0.0, Avg: 0.0, Max: 0.0, Diff: 0.0, Sum: 0.0]
      [Object Copy (ms): Min: 3.9, Avg: 4.4, Max: 4.8, Diff: 0.8, Sum: 17.7]
      [Termination (ms): Min: 0.0, Avg: 0.0, Max: 0.0, Diff: 0.0, Sum: 0.0]
         [Termination Attempts: Min: 1, Avg: 29.5, Max: 44, Diff: 43, Sum: 118]
      [GC Worker Other (ms): Min: 0.0, Avg: 0.0, Max: 0.0, Diff: 0.0, Sum: 0.0]
      [GC Worker Total (ms): Min: 5.9, Avg: 5.9, Max: 6.0, Diff: 0.0, Sum: 23.8]
      [GC Worker End (ms): Min: 161699.7, Avg: 161699.7, Max: 161699.7, Diff: 0.0]
   [Code Root Fixup: 0.0 ms]
   [Code Root Purge: 0.0 ms]
   [Clear CT: 0.0 ms]
   [Other: 0.2 ms]
      [Choose CSet: 0.0 ms]
      [Ref Proc: 0.0 ms]
      [Ref Enq: 0.0 ms]
      [Redirty Cards: 0.0 ms]
      [Humongous Register: 0.0 ms]
      [Humongous Reclaim: 0.0 ms]
      [Free CSet: 0.0 ms]
   [Eden: 21.0M(21.0M)->0.0B(21.0M) Survivors: 4096.0K->4096.0K Heap: 464.9M(512.0M)->445.0M(512.0M)]
 [Times: user=0.00 sys=0.00, real=0.00 secs] 
2017-05-09T22:00:13.728+0300: 162.110: [GC pause (G1 Evacuation Pause) (young) (initial-mark), 0.0067598 secs]
   [Parallel Time: 6.4 ms, GC Workers: 4]
      [GC Worker Start (ms): Min: 162110.4, Avg: 162110.4, Max: 162110.4, Diff: 0.0]
      [Ext Root Scanning (ms): Min: 0.3, Avg: 0.3, Max: 0.3, Diff: 0.0, Sum: 1.3]
      [Update RS (ms): Min: 0.9, Avg: 1.4, Max: 2.1, Diff: 1.2, Sum: 5.6]
         [Processed Buffers: Min: 2, Avg: 2.8, Max: 3, Diff: 1, Sum: 11]
      [Scan RS (ms): Min: 0.0, Avg: 0.0, Max: 0.0, Diff: 0.0, Sum: 0.0]
      [Code Root Scanning (ms): Min: 0.0, Avg: 0.0, Max: 0.0, Diff: 0.0, Sum: 0.0]
      [Object Copy (ms): Min: 4.0, Avg: 4.6, Max: 5.1, Diff: 1.2, Sum: 18.5]
      [Termination (ms): Min: 0.0, Avg: 0.0, Max: 0.0, Diff: 0.0, Sum: 0.0]
         [Termination Attempts: Min: 1, Avg: 11.3, Max: 19, Diff: 18, Sum: 45]
      [GC Worker Other (ms): Min: 0.0, Avg: 0.0, Max: 0.0, Diff: 0.0, Sum: 0.0]
      [GC Worker Total (ms): Min: 6.3, Avg: 6.4, Max: 6.4, Diff: 0.0, Sum: 25.4]
      [GC Worker End (ms): Min: 162116.8, Avg: 162116.8, Max: 162116.8, Diff: 0.0]
   [Code Root Fixup: 0.0 ms]
   [Code Root Purge: 0.0 ms]
   [Clear CT: 0.0 ms]
   [Other: 0.3 ms]
      [Choose CSet: 0.0 ms]
      [Ref Proc: 0.2 ms]
      [Ref Enq: 0.0 ms]
      [Redirty Cards: 0.0 ms]
      [Humongous Register: 0.0 ms]
      [Humongous Reclaim: 0.0 ms]
      [Free CSet: 0.0 ms]
   [Eden: 21.0M(21.0M)->0.0B(21.0M) Survivors: 4096.0K->4096.0K Heap: 466.0M(512.0M)->446.9M(512.0M)]
 [Times: user=0.06 sys=0.00, real=0.02 secs] 
2017-05-09T22:00:13.743+0300: 162.117: [GC concurrent-root-region-scan-start]
2017-05-09T22:00:13.743+0300: 162.119: [GC concurrent-root-region-scan-end, 0.0017814 secs]
2017-05-09T22:00:13.743+0300: 162.119: [GC concurrent-mark-start]
2017-05-09T22:00:14.240+0300: 162.617: [GC pause (G1 Evacuation Pause) (young), 0.0060512 secs]
   [Parallel Time: 5.8 ms, GC Workers: 4]
      [GC Worker Start (ms): Min: 162617.1, Avg: 162618.5, Max: 162622.8, Diff: 5.7]
      [Ext Root Scanning (ms): Min: 0.0, Avg: 0.1, Max: 0.2, Diff: 0.2, Sum: 0.5]
      [Update RS (ms): Min: 0.0, Avg: 1.3, Max: 2.1, Diff: 2.1, Sum: 5.2]
         [Processed Buffers: Min: 0, Avg: 2.8, Max: 4, Diff: 4, Sum: 11]
      [Scan RS (ms): Min: 0.0, Avg: 0.0, Max: 0.0, Diff: 0.0, Sum: 0.0]
      [Code Root Scanning (ms): Min: 0.0, Avg: 0.0, Max: 0.0, Diff: 0.0, Sum: 0.0]
      [Object Copy (ms): Min: 0.0, Avg: 2.8, Max: 4.2, Diff: 4.2, Sum: 11.3]
      [Termination (ms): Min: 0.0, Avg: 0.0, Max: 0.1, Diff: 0.1, Sum: 0.2]
         [Termination Attempts: Min: 1, Avg: 1.0, Max: 1, Diff: 0, Sum: 4]
      [GC Worker Other (ms): Min: 0.0, Avg: 0.0, Max: 0.0, Diff: 0.0, Sum: 0.0]
      [GC Worker Total (ms): Min: 0.0, Avg: 4.3, Max: 5.8, Diff: 5.7, Sum: 17.2]
      [GC Worker End (ms): Min: 162622.8, Avg: 162622.8, Max: 162622.9, Diff: 0.0]
   [Code Root Fixup: 0.0 ms]
   [Code Root Purge: 0.0 ms]
   [Clear CT: 0.0 ms]
   [Other: 0.2 ms]
      [Choose CSet: 0.0 ms]
      [Ref Proc: 0.1 ms]
      [Ref Enq: 0.0 ms]
      [Redirty Cards: 0.0 ms]
      [Humongous Register: 0.0 ms]
      [Humongous Reclaim: 0.0 ms]
      [Free CSet: 0.0 ms]
   [Eden: 21.0M(21.0M)->0.0B(21.0M) Survivors: 4096.0K->4096.0K Heap: 467.9M(512.0M)->447.7M(512.0M)]
 [Times: user=0.00 sys=0.00, real=0.00 secs] 
2017-05-09T22:00:14.240+0300: 162.623: [GC concurrent-mark-reset-for-overflow]
2017-05-09T22:00:15.083+0300: 163.459: [GC pause (G1 Evacuation Pause) (young), 0.0064656 secs]
   [Parallel Time: 5.9 ms, GC Workers: 4]
      [GC Worker Start (ms): Min: 163458.7, Avg: 163458.8, Max: 163458.8, Diff: 0.1]
      [Ext Root Scanning (ms): Min: 0.1, Avg: 0.2, Max: 0.2, Diff: 0.0, Sum: 0.6]
      [Update RS (ms): Min: 1.0, Avg: 1.3, Max: 1.7, Diff: 0.7, Sum: 5.2]
         [Processed Buffers: Min: 2, Avg: 2.8, Max: 3, Diff: 1, Sum: 11]
      [Scan RS (ms): Min: 0.0, Avg: 0.0, Max: 0.0, Diff: 0.0, Sum: 0.0]
      [Code Root Scanning (ms): Min: 0.0, Avg: 0.0, Max: 0.0, Diff: 0.0, Sum: 0.0]
      [Object Copy (ms): Min: 4.0, Avg: 4.4, Max: 4.7, Diff: 0.7, Sum: 17.5]
      [Termination (ms): Min: 0.0, Avg: 0.0, Max: 0.0, Diff: 0.0, Sum: 0.0]
         [Termination Attempts: Min: 1, Avg: 21.5, Max: 37, Diff: 36, Sum: 86]
      [GC Worker Other (ms): Min: 0.0, Avg: 0.0, Max: 0.0, Diff: 0.0, Sum: 0.1]
      [GC Worker Total (ms): Min: 5.8, Avg: 5.9, Max: 5.9, Diff: 0.0, Sum: 23.4]
      [GC Worker End (ms): Min: 163464.6, Avg: 163464.6, Max: 163464.6, Diff: 0.0]
   [Code Root Fixup: 0.0 ms]
   [Code Root Purge: 0.0 ms]
   [Clear CT: 0.1 ms]
   [Other: 0.4 ms]
      [Choose CSet: 0.0 ms]
      [Ref Proc: 0.1 ms]
      [Ref Enq: 0.0 ms]
      [Redirty Cards: 0.2 ms]
      [Humongous Register: 0.0 ms]
      [Humongous Reclaim: 0.0 ms]
      [Free CSet: 0.0 ms]
   [Eden: 21.0M(21.0M)->0.0B(21.0M) Survivors: 4096.0K->4096.0K Heap: 468.7M(512.0M)->449.1M(512.0M)]
 [Times: user=0.00 sys=0.00, real=0.00 secs] 
2017-05-09T22:00:15.083+0300: 163.465: [GC concurrent-mark-reset-for-overflow]
2017-05-09T22:00:15.505+0300: 163.882: [GC pause (G1 Evacuation Pause) (young), 0.0078133 secs]
   [Parallel Time: 7.6 ms, GC Workers: 4]
      [GC Worker Start (ms): Min: 163882.5, Avg: 163884.4, Max: 163890.0, Diff: 7.5]
      [Ext Root Scanning (ms): Min: 0.0, Avg: 0.1, Max: 0.2, Diff: 0.2, Sum: 0.5]
      [Update RS (ms): Min: 0.0, Avg: 1.3, Max: 2.1, Diff: 2.1, Sum: 5.2]
         [Processed Buffers: Min: 0, Avg: 2.8, Max: 4, Diff: 4, Sum: 11]
      [Scan RS (ms): Min: 0.0, Avg: 0.0, Max: 0.0, Diff: 0.0, Sum: 0.0]
      [Code Root Scanning (ms): Min: 0.0, Avg: 0.0, Max: 0.0, Diff: 0.0, Sum: 0.0]
      [Object Copy (ms): Min: 0.0, Avg: 4.2, Max: 6.0, Diff: 6.0, Sum: 16.6]
      [Termination (ms): Min: 0.0, Avg: 0.0, Max: 0.1, Diff: 0.1, Sum: 0.2]
         [Termination Attempts: Min: 1, Avg: 3.8, Max: 8, Diff: 7, Sum: 15]
      [GC Worker Other (ms): Min: 0.0, Avg: 0.0, Max: 0.0, Diff: 0.0, Sum: 0.0]
      [GC Worker Total (ms): Min: 0.0, Avg: 5.7, Max: 7.5, Diff: 7.5, Sum: 22.6]
      [GC Worker End (ms): Min: 163890.0, Avg: 163890.0, Max: 163890.0, Diff: 0.0]
   [Code Root Fixup: 0.0 ms]
   [Code Root Purge: 0.0 ms]
   [Clear CT: 0.0 ms]
   [Other: 0.2 ms]
      [Choose CSet: 0.0 ms]
      [Ref Proc: 0.1 ms]
      [Ref Enq: 0.0 ms]
      [Redirty Cards: 0.0 ms]
      [Humongous Register: 0.0 ms]
      [Humongous Reclaim: 0.0 ms]
      [Free CSet: 0.0 ms]
   [Eden: 21.0M(21.0M)->0.0B(22.0M) Survivors: 4096.0K->3072.0K Heap: 470.1M(512.0M)->450.0M(512.0M)]
 [Times: user=0.02 sys=0.00, real=0.02 secs] 
2017-05-09T22:00:15.768+0300: 164.137: [GC concurrent-mark-end, 2.0177915 secs]
2017-05-09T22:00:15.768+0300: 164.137: [GC remark 2017-05-09T22:00:15.768+0300: 164.137: [Finalize Marking, 0.0000506 secs] 2017-05-09T22:00:15.768+0300: 164.137: [GC ref-proc, 0.0001105 secs] 2017-05-09T22:00:15.768+0300: 164.137: [Unloading, 0.0008035 secs], 0.0019787 secs]
 [Times: user=0.00 sys=0.00, real=0.00 secs] 
2017-05-09T22:00:15.770+0300: 164.140: [GC cleanup 460M->460M(512M), 0.0003084 secs]
 [Times: user=0.00 sys=0.00, real=0.00 secs] 
2017-05-09T22:00:15.961+0300: 164.343: [GC pause (G1 Evacuation Pause) (young), 0.0070451 secs]
   [Parallel Time: 6.8 ms, GC Workers: 4]
      [GC Worker Start (ms): Min: 164342.7, Avg: 164344.4, Max: 164349.4, Diff: 6.7]
      [Ext Root Scanning (ms): Min: 0.0, Avg: 0.1, Max: 0.2, Diff: 0.2, Sum: 0.5]
      [Update RS (ms): Min: 0.0, Avg: 1.3, Max: 2.1, Diff: 2.1, Sum: 5.3]
         [Processed Buffers: Min: 0, Avg: 3.0, Max: 4, Diff: 4, Sum: 12]
      [Scan RS (ms): Min: 0.0, Avg: 0.0, Max: 0.0, Diff: 0.0, Sum: 0.0]
      [Code Root Scanning (ms): Min: 0.0, Avg: 0.0, Max: 0.0, Diff: 0.0, Sum: 0.0]
      [Object Copy (ms): Min: 0.0, Avg: 3.5, Max: 5.3, Diff: 5.3, Sum: 14.2]
      [Termination (ms): Min: 0.0, Avg: 0.1, Max: 0.1, Diff: 0.1, Sum: 0.3]
         [Termination Attempts: Min: 1, Avg: 3.0, Max: 7, Diff: 6, Sum: 12]
      [GC Worker Other (ms): Min: 0.0, Avg: 0.0, Max: 0.0, Diff: 0.0, Sum: 0.0]
      [GC Worker Total (ms): Min: 0.0, Avg: 5.1, Max: 6.8, Diff: 6.8, Sum: 20.3]
      [GC Worker End (ms): Min: 164349.4, Avg: 164349.4, Max: 164349.5, Diff: 0.1]
   [Code Root Fixup: 0.0 ms]
   [Code Root Purge: 0.0 ms]
   [Clear CT: 0.0 ms]
   [Other: 0.2 ms]
      [Choose CSet: 0.0 ms]
      [Ref Proc: 0.1 ms]
      [Ref Enq: 0.0 ms]
      [Redirty Cards: 0.0 ms]
      [Humongous Register: 0.0 ms]
      [Humongous Reclaim: 0.0 ms]
      [Free CSet: 0.0 ms]
   [Eden: 22.0M(22.0M)->0.0B(21.0M) Survivors: 3072.0K->4096.0K Heap: 472.0M(512.0M)->452.1M(512.0M)]
 [Times: user=0.05 sys=0.00, real=0.02 secs] 
2017-05-09T22:00:16.383+0300: 164.757: [GC pause (G1 Evacuation Pause) (young), 0.0063882 secs]
   [Parallel Time: 6.2 ms, GC Workers: 4]
      [GC Worker Start (ms): Min: 164756.8, Avg: 164756.8, Max: 164756.8, Diff: 0.0]
      [Ext Root Scanning (ms): Min: 0.1, Avg: 0.2, Max: 0.2, Diff: 0.0, Sum: 0.6]
      [Update RS (ms): Min: 1.0, Avg: 1.3, Max: 1.8, Diff: 0.8, Sum: 5.3]
         [Processed Buffers: Min: 2, Avg: 2.8, Max: 3, Diff: 1, Sum: 11]
      [Scan RS (ms): Min: 0.0, Avg: 0.0, Max: 0.0, Diff: 0.0, Sum: 0.0]
      [Code Root Scanning (ms): Min: 0.0, Avg: 0.0, Max: 0.0, Diff: 0.0, Sum: 0.0]
      [Object Copy (ms): Min: 4.2, Avg: 4.7, Max: 5.0, Diff: 0.8, Sum: 18.6]
      [Termination (ms): Min: 0.0, Avg: 0.0, Max: 0.0, Diff: 0.0, Sum: 0.0]
         [Termination Attempts: Min: 1, Avg: 24.0, Max: 36, Diff: 35, Sum: 96]
      [GC Worker Other (ms): Min: 0.0, Avg: 0.0, Max: 0.0, Diff: 0.0, Sum: 0.0]
      [GC Worker Total (ms): Min: 6.1, Avg: 6.1, Max: 6.2, Diff: 0.0, Sum: 24.6]
      [GC Worker End (ms): Min: 164762.9, Avg: 164762.9, Max: 164762.9, Diff: 0.0]
   [Code Root Fixup: 0.0 ms]
   [Code Root Purge: 0.0 ms]
   [Clear CT: 0.0 ms]
   [Other: 0.2 ms]
      [Choose CSet: 0.0 ms]
      [Ref Proc: 0.1 ms]
      [Ref Enq: 0.0 ms]
      [Redirty Cards: 0.0 ms]
      [Humongous Register: 0.0 ms]
      [Humongous Reclaim: 0.0 ms]
      [Free CSet: 0.0 ms]
   [Eden: 21.0M(21.0M)->0.0B(21.0M) Survivors: 4096.0K->4096.0K Heap: 473.1M(512.0M)->453.8M(512.0M)]
 [Times: user=0.00 sys=0.00, real=0.00 secs] 
2017-05-09T22:00:16.790+0300: 165.172: [GC pause (G1 Evacuation Pause) (young) (initial-mark), 0.0077179 secs]
   [Parallel Time: 7.4 ms, GC Workers: 4]
      [GC Worker Start (ms): Min: 165171.9, Avg: 165171.9, Max: 165172.1, Diff: 0.2]
      [Ext Root Scanning (ms): Min: 0.2, Avg: 2.0, Max: 7.1, Diff: 6.9, Sum: 7.8]
      [Update RS (ms): Min: 0.0, Avg: 1.3, Max: 2.1, Diff: 2.1, Sum: 5.2]
         [Processed Buffers: Min: 0, Avg: 2.8, Max: 4, Diff: 4, Sum: 11]
      [Scan RS (ms): Min: 0.0, Avg: 0.0, Max: 0.0, Diff: 0.0, Sum: 0.0]
      [Code Root Scanning (ms): Min: 0.0, Avg: 0.0, Max: 0.0, Diff: 0.0, Sum: 0.0]
      [Object Copy (ms): Min: 0.0, Avg: 4.0, Max: 5.7, Diff: 5.7, Sum: 15.9]
      [Termination (ms): Min: 0.0, Avg: 0.1, Max: 0.1, Diff: 0.1, Sum: 0.3]
         [Termination Attempts: Min: 1, Avg: 2.3, Max: 4, Diff: 3, Sum: 9]
      [GC Worker Other (ms): Min: 0.0, Avg: 0.0, Max: 0.0, Diff: 0.0, Sum: 0.0]
      [GC Worker Total (ms): Min: 7.1, Avg: 7.3, Max: 7.4, Diff: 0.3, Sum: 29.3]
      [GC Worker End (ms): Min: 165179.2, Avg: 165179.2, Max: 165179.3, Diff: 0.1]
   [Code Root Fixup: 0.0 ms]
   [Code Root Purge: 0.0 ms]
   [Clear CT: 0.0 ms]
   [Other: 0.2 ms]
      [Choose CSet: 0.0 ms]
      [Ref Proc: 0.1 ms]
      [Ref Enq: 0.0 ms]
      [Redirty Cards: 0.0 ms]
      [Humongous Register: 0.0 ms]
      [Humongous Reclaim: 0.0 ms]
      [Free CSet: 0.0 ms]
   [Eden: 21.0M(21.0M)->0.0B(22.0M) Survivors: 4096.0K->3072.0K Heap: 474.8M(512.0M)->454.4M(512.0M)]
 [Times: user=0.05 sys=0.00, real=0.02 secs] 
2017-05-09T22:00:16.805+0300: 165.180: [GC concurrent-root-region-scan-start]
2017-05-09T22:00:16.805+0300: 165.181: [GC concurrent-root-region-scan-end, 0.0016998 secs]
2017-05-09T22:00:16.805+0300: 165.181: [GC concurrent-mark-start]
2017-05-09T22:00:17.321+0300: 165.692: [GC pause (G1 Evacuation Pause) (young), 0.0069228 secs]
   [Parallel Time: 6.6 ms, GC Workers: 4]
      [GC Worker Start (ms): Min: 165692.6, Avg: 165692.6, Max: 165692.6, Diff: 0.0]
      [Ext Root Scanning (ms): Min: 0.2, Avg: 0.2, Max: 0.2, Diff: 0.0, Sum: 0.7]
      [Update RS (ms): Min: 1.0, Avg: 1.4, Max: 1.8, Diff: 0.8, Sum: 5.4]
         [Processed Buffers: Min: 2, Avg: 3.0, Max: 4, Diff: 2, Sum: 12]
      [Scan RS (ms): Min: 0.0, Avg: 0.0, Max: 0.0, Diff: 0.0, Sum: 0.0]
      [Code Root Scanning (ms): Min: 0.0, Avg: 0.0, Max: 0.0, Diff: 0.0, Sum: 0.0]
      [Object Copy (ms): Min: 4.5, Avg: 5.0, Max: 5.3, Diff: 0.8, Sum: 19.9]
      [Termination (ms): Min: 0.0, Avg: 0.0, Max: 0.0, Diff: 0.0, Sum: 0.0]
         [Termination Attempts: Min: 1, Avg: 19.8, Max: 28, Diff: 27, Sum: 79]
      [GC Worker Other (ms): Min: 0.0, Avg: 0.0, Max: 0.0, Diff: 0.0, Sum: 0.0]
      [GC Worker Total (ms): Min: 6.5, Avg: 6.5, Max: 6.5, Diff: 0.0, Sum: 26.1]
      [GC Worker End (ms): Min: 165699.1, Avg: 165699.1, Max: 165699.1, Diff: 0.0]
   [Code Root Fixup: 0.0 ms]
   [Code Root Purge: 0.0 ms]
   [Clear CT: 0.0 ms]
   [Other: 0.3 ms]
      [Choose CSet: 0.0 ms]
      [Ref Proc: 0.1 ms]
      [Ref Enq: 0.0 ms]
      [Redirty Cards: 0.0 ms]
      [Humongous Register: 0.0 ms]
      [Humongous Reclaim: 0.0 ms]
      [Free CSet: 0.1 ms]
   [Eden: 22.0M(22.0M)->0.0B(21.0M) Survivors: 3072.0K->4096.0K Heap: 476.4M(512.0M)->456.8M(512.0M)]
 [Times: user=0.00 sys=0.00, real=0.00 secs] 
2017-05-09T22:00:17.321+0300: 165.700: [GC concurrent-mark-reset-for-overflow]
2017-05-09T22:00:18.170+0300: 166.542: [GC pause (G1 Evacuation Pause) (young), 0.0062313 secs]
   [Parallel Time: 5.3 ms, GC Workers: 4]
      [GC Worker Start (ms): Min: 166541.9, Avg: 166542.0, Max: 166542.0, Diff: 0.1]
      [Ext Root Scanning (ms): Min: 0.1, Avg: 0.2, Max: 0.2, Diff: 0.1, Sum: 0.6]
      [Update RS (ms): Min: 0.9, Avg: 1.3, Max: 1.8, Diff: 0.8, Sum: 5.3]
         [Processed Buffers: Min: 2, Avg: 2.8, Max: 3, Diff: 1, Sum: 11]
      [Scan RS (ms): Min: 0.0, Avg: 0.0, Max: 0.0, Diff: 0.0, Sum: 0.0]
      [Code Root Scanning (ms): Min: 0.0, Avg: 0.0, Max: 0.0, Diff: 0.0, Sum: 0.0]
      [Object Copy (ms): Min: 3.2, Avg: 3.6, Max: 4.0, Diff: 0.8, Sum: 14.4]
      [Termination (ms): Min: 0.0, Avg: 0.0, Max: 0.0, Diff: 0.0, Sum: 0.0]
         [Termination Attempts: Min: 1, Avg: 9.8, Max: 13, Diff: 12, Sum: 39]
      [GC Worker Other (ms): Min: 0.0, Avg: 0.0, Max: 0.0, Diff: 0.0, Sum: 0.1]
      [GC Worker Total (ms): Min: 5.1, Avg: 5.1, Max: 5.1, Diff: 0.1, Sum: 20.4]
      [GC Worker End (ms): Min: 166547.1, Avg: 166547.1, Max: 166547.1, Diff: 0.0]
   [Code Root Fixup: 0.0 ms]
   [Code Root Purge: 0.0 ms]
   [Clear CT: 0.2 ms]
   [Other: 0.7 ms]
      [Choose CSet: 0.0 ms]
      [Ref Proc: 0.3 ms]
      [Ref Enq: 0.0 ms]
      [Redirty Cards: 0.3 ms]
      [Humongous Register: 0.0 ms]
      [Humongous Reclaim: 0.0 ms]
      [Free CSet: 0.0 ms]
   [Eden: 21.0M(21.0M)->0.0B(21.0M) Survivors: 4096.0K->4096.0K Heap: 477.8M(512.0M)->458.4M(512.0M)]
 [Times: user=0.00 sys=0.00, real=0.00 secs] 
2017-05-09T22:00:18.170+0300: 166.548: [GC concurrent-mark-reset-for-overflow]
2017-05-09T22:00:18.574+0300: 166.957: [GC pause (G1 Evacuation Pause) (young), 0.0054756 secs]
   [Parallel Time: 5.2 ms, GC Workers: 4]
      [GC Worker Start (ms): Min: 166957.0, Avg: 166957.0, Max: 166957.0, Diff: 0.0]
      [Ext Root Scanning (ms): Min: 0.1, Avg: 0.2, Max: 0.2, Diff: 0.0, Sum: 0.6]
      [Update RS (ms): Min: 0.9, Avg: 1.3, Max: 1.8, Diff: 0.9, Sum: 5.2]
         [Processed Buffers: Min: 2, Avg: 2.8, Max: 3, Diff: 1, Sum: 11]
      [Scan RS (ms): Min: 0.0, Avg: 0.0, Max: 0.0, Diff: 0.0, Sum: 0.0]
      [Code Root Scanning (ms): Min: 0.0, Avg: 0.0, Max: 0.0, Diff: 0.0, Sum: 0.0]
      [Object Copy (ms): Min: 3.1, Avg: 3.7, Max: 4.1, Diff: 0.9, Sum: 14.7]
      [Termination (ms): Min: 0.0, Avg: 0.0, Max: 0.0, Diff: 0.0, Sum: 0.0]
         [Termination Attempts: Min: 1, Avg: 9.0, Max: 14, Diff: 13, Sum: 36]
      [GC Worker Other (ms): Min: 0.0, Avg: 0.0, Max: 0.0, Diff: 0.0, Sum: 0.0]
      [GC Worker Total (ms): Min: 5.1, Avg: 5.1, Max: 5.1, Diff: 0.0, Sum: 20.6]
      [GC Worker End (ms): Min: 166962.2, Avg: 166962.2, Max: 166962.2, Diff: 0.0]
   [Code Root Fixup: 0.0 ms]
   [Code Root Purge: 0.0 ms]
   [Clear CT: 0.0 ms]
   [Other: 0.3 ms]
      [Choose CSet: 0.0 ms]
      [Ref Proc: 0.1 ms]
      [Ref Enq: 0.0 ms]
      [Redirty Cards: 0.0 ms]
      [Humongous Register: 0.0 ms]
      [Humongous Reclaim: 0.0 ms]
      [Free CSet: 0.0 ms]
   [Eden: 21.0M(21.0M)->0.0B(21.0M) Survivors: 4096.0K->4096.0K Heap: 479.4M(512.0M)->459.8M(512.0M)]
 [Times: user=0.06 sys=0.00, real=0.02 secs] 
2017-05-09T22:00:18.871+0300: 167.244: [GC concurrent-mark-end, 2.0630733 secs]
2017-05-09T22:00:18.871+0300: 167.245: [GC remark 2017-05-09T22:00:18.871+0300: 167.245: [Finalize Marking, 0.0000524 secs] 2017-05-09T22:00:18.871+0300: 167.245: [GC ref-proc, 0.0001096 secs] 2017-05-09T22:00:18.871+0300: 167.245: [Unloading, 0.0008114 secs], 0.0019655 secs]
 [Times: user=0.00 sys=0.00, real=0.00 secs] 
2017-05-09T22:00:18.871+0300: 167.247: [GC cleanup 473M->473M(512M), 0.0003280 secs]
 [Times: user=0.00 sys=0.00, real=0.00 secs] 
2017-05-09T22:00:19.029+0300: 167.399: [GC pause (G1 Evacuation Pause) (young), 0.0063370 secs]
   [Parallel Time: 6.1 ms, GC Workers: 4]
      [GC Worker Start (ms): Min: 167399.3, Avg: 167400.8, Max: 167405.4, Diff: 6.1]
      [Ext Root Scanning (ms): Min: 0.0, Avg: 0.1, Max: 0.2, Diff: 0.2, Sum: 0.6]
      [Update RS (ms): Min: 0.0, Avg: 1.3, Max: 2.1, Diff: 2.1, Sum: 5.3]
         [Processed Buffers: Min: 0, Avg: 3.0, Max: 5, Diff: 5, Sum: 12]
      [Scan RS (ms): Min: 0.0, Avg: 0.0, Max: 0.0, Diff: 0.0, Sum: 0.0]
      [Code Root Scanning (ms): Min: 0.0, Avg: 0.0, Max: 0.0, Diff: 0.0, Sum: 0.0]
      [Object Copy (ms): Min: 0.0, Avg: 3.1, Max: 4.4, Diff: 4.4, Sum: 12.2]
      [Termination (ms): Min: 0.0, Avg: 0.0, Max: 0.1, Diff: 0.1, Sum: 0.2]
         [Termination Attempts: Min: 1, Avg: 1.8, Max: 3, Diff: 2, Sum: 7]
      [GC Worker Other (ms): Min: 0.0, Avg: 0.0, Max: 0.0, Diff: 0.0, Sum: 0.0]
      [GC Worker Total (ms): Min: 0.0, Avg: 4.6, Max: 6.1, Diff: 6.1, Sum: 18.3]
      [GC Worker End (ms): Min: 167405.4, Avg: 167405.4, Max: 167405.4, Diff: 0.0]
   [Code Root Fixup: 0.0 ms]
   [Code Root Purge: 0.0 ms]
   [Clear CT: 0.0 ms]
   [Other: 0.2 ms]
      [Choose CSet: 0.0 ms]
      [Ref Proc: 0.1 ms]
      [Ref Enq: 0.0 ms]
      [Redirty Cards: 0.0 ms]
      [Humongous Register: 0.0 ms]
      [Humongous Reclaim: 0.0 ms]
      [Free CSet: 0.0 ms]
   [Eden: 21.0M(21.0M)->0.0B(21.0M) Survivors: 4096.0K->4096.0K Heap: 480.8M(512.0M)->460.9M(512.0M)]
 [Times: user=0.00 sys=0.00, real=0.00 secs] 
2017-05-09T22:00:19.419+0300: 167.791: [GC pause (G1 Evacuation Pause) (young), 0.0082094 secs]
   [Parallel Time: 8.0 ms, GC Workers: 4]
      [GC Worker Start (ms): Min: 167791.5, Avg: 167791.5, Max: 167791.5, Diff: 0.0]
      [Ext Root Scanning (ms): Min: 0.2, Avg: 2.2, Max: 7.9, Diff: 7.7, Sum: 8.7]
      [Update RS (ms): Min: 0.0, Avg: 1.5, Max: 2.4, Diff: 2.4, Sum: 6.0]
         [Processed Buffers: Min: 0, Avg: 2.8, Max: 5, Diff: 5, Sum: 11]
      [Scan RS (ms): Min: 0.0, Avg: 0.0, Max: 0.0, Diff: 0.0, Sum: 0.0]
      [Code Root Scanning (ms): Min: 0.0, Avg: 0.0, Max: 0.0, Diff: 0.0, Sum: 0.0]
      [Object Copy (ms): Min: 0.0, Avg: 4.2, Max: 6.0, Diff: 6.0, Sum: 16.7]
      [Termination (ms): Min: 0.0, Avg: 0.0, Max: 0.1, Diff: 0.1, Sum: 0.2]
         [Termination Attempts: Min: 1, Avg: 5.8, Max: 11, Diff: 10, Sum: 23]
      [GC Worker Other (ms): Min: 0.0, Avg: 0.0, Max: 0.0, Diff: 0.0, Sum: 0.0]
      [GC Worker Total (ms): Min: 7.9, Avg: 7.9, Max: 7.9, Diff: 0.0, Sum: 31.7]
      [GC Worker End (ms): Min: 167799.4, Avg: 167799.4, Max: 167799.4, Diff: 0.0]
   [Code Root Fixup: 0.0 ms]
   [Code Root Purge: 0.0 ms]
   [Clear CT: 0.0 ms]
   [Other: 0.2 ms]
      [Choose CSet: 0.0 ms]
      [Ref Proc: 0.1 ms]
      [Ref Enq: 0.0 ms]
      [Redirty Cards: 0.0 ms]
      [Humongous Register: 0.0 ms]
      [Humongous Reclaim: 0.0 ms]
      [Free CSet: 0.0 ms]
   [Eden: 21.0M(21.0M)->0.0B(22.0M) Survivors: 4096.0K->3072.0K Heap: 481.9M(512.0M)->461.8M(512.0M)]
 [Times: user=0.00 sys=0.00, real=0.00 secs] 
2017-05-09T22:00:19.826+0300: 168.209: [GC pause (G1 Evacuation Pause) (young) (initial-mark), 0.0077781 secs]
   [Parallel Time: 7.5 ms, GC Workers: 4]
      [GC Worker Start (ms): Min: 168209.4, Avg: 168209.4, Max: 168209.6, Diff: 0.2]
      [Ext Root Scanning (ms): Min: 0.2, Avg: 2.0, Max: 7.2, Diff: 6.9, Sum: 7.9]
      [Update RS (ms): Min: 0.0, Avg: 1.3, Max: 2.2, Diff: 2.2, Sum: 5.3]
         [Processed Buffers: Min: 0, Avg: 3.0, Max: 5, Diff: 5, Sum: 12]
      [Scan RS (ms): Min: 0.0, Avg: 0.0, Max: 0.0, Diff: 0.0, Sum: 0.0]
      [Code Root Scanning (ms): Min: 0.0, Avg: 0.0, Max: 0.0, Diff: 0.0, Sum: 0.0]
      [Object Copy (ms): Min: 0.0, Avg: 4.0, Max: 5.9, Diff: 5.9, Sum: 16.0]
      [Termination (ms): Min: 0.0, Avg: 0.1, Max: 0.1, Diff: 0.1, Sum: 0.3]
         [Termination Attempts: Min: 1, Avg: 4.0, Max: 9, Diff: 8, Sum: 16]
      [GC Worker Other (ms): Min: 0.0, Avg: 0.0, Max: 0.0, Diff: 0.0, Sum: 0.0]
      [GC Worker Total (ms): Min: 7.2, Avg: 7.4, Max: 7.5, Diff: 0.3, Sum: 29.6]
      [GC Worker End (ms): Min: 168216.8, Avg: 168216.8, Max: 168216.8, Diff: 0.1]
   [Code Root Fixup: 0.0 ms]
   [Code Root Purge: 0.0 ms]
   [Clear CT: 0.0 ms]
   [Other: 0.2 ms]
      [Choose CSet: 0.0 ms]
      [Ref Proc: 0.1 ms]
      [Ref Enq: 0.0 ms]
      [Redirty Cards: 0.0 ms]
      [Humongous Register: 0.0 ms]
      [Humongous Reclaim: 0.0 ms]
      [Free CSet: 0.0 ms]
   [Eden: 22.0M(22.0M)->0.0B(22.0M) Survivors: 3072.0K->3072.0K Heap: 483.8M(512.0M)->463.0M(512.0M)]
 [Times: user=0.05 sys=0.00, real=0.02 secs] 
2017-05-09T22:00:19.841+0300: 168.217: [GC concurrent-root-region-scan-start]
2017-05-09T22:00:19.841+0300: 168.219: [GC concurrent-root-region-scan-end, 0.0017173 secs]
2017-05-09T22:00:19.841+0300: 168.219: [GC concurrent-mark-start]
2017-05-09T22:00:20.369+0300: 168.741: [GC pause (G1 Evacuation Pause) (young), 0.0075787 secs]
   [Parallel Time: 7.4 ms, GC Workers: 4]
      [GC Worker Start (ms): Min: 168741.3, Avg: 168741.3, Max: 168741.3, Diff: 0.0]
      [Ext Root Scanning (ms): Min: 0.2, Avg: 0.8, Max: 2.7, Diff: 2.5, Sum: 3.3]
      [Update RS (ms): Min: 0.0, Avg: 1.5, Max: 2.5, Diff: 2.5, Sum: 6.0]
         [Processed Buffers: Min: 0, Avg: 3.0, Max: 4, Diff: 4, Sum: 12]
      [Scan RS (ms): Min: 0.0, Avg: 0.0, Max: 0.0, Diff: 0.0, Sum: 0.0]
      [Code Root Scanning (ms): Min: 0.0, Avg: 0.0, Max: 0.0, Diff: 0.0, Sum: 0.0]
      [Object Copy (ms): Min: 4.6, Avg: 5.0, Max: 5.7, Diff: 1.1, Sum: 19.8]
      [Termination (ms): Min: 0.0, Avg: 0.0, Max: 0.1, Diff: 0.1, Sum: 0.2]
         [Termination Attempts: Min: 1, Avg: 14.3, Max: 27, Diff: 26, Sum: 57]
      [GC Worker Other (ms): Min: 0.0, Avg: 0.0, Max: 0.0, Diff: 0.0, Sum: 0.0]
      [GC Worker Total (ms): Min: 7.3, Avg: 7.3, Max: 7.3, Diff: 0.0, Sum: 29.3]
      [GC Worker End (ms): Min: 168748.6, Avg: 168748.6, Max: 168748.6, Diff: 0.0]
   [Code Root Fixup: 0.0 ms]
   [Code Root Purge: 0.0 ms]
   [Clear CT: 0.0 ms]
   [Other: 0.2 ms]
      [Choose CSet: 0.0 ms]
      [Ref Proc: 0.1 ms]
      [Ref Enq: 0.0 ms]
      [Redirty Cards: 0.0 ms]
      [Humongous Register: 0.0 ms]
      [Humongous Reclaim: 0.0 ms]
      [Free CSet: 0.0 ms]
   [Eden: 22.0M(22.0M)->0.0B(21.0M) Survivors: 3072.0K->4096.0K Heap: 485.0M(512.0M)->465.6M(512.0M)]
 [Times: user=0.00 sys=0.00, real=0.00 secs] 
2017-05-09T22:00:20.369+0300: 168.749: [GC concurrent-mark-reset-for-overflow]
2017-05-09T22:00:21.228+0300: 169.600: [GC pause (G1 Evacuation Pause) (young), 0.0064987 secs]
   [Parallel Time: 6.2 ms, GC Workers: 4]
      [GC Worker Start (ms): Min: 169599.9, Avg: 169599.9, Max: 169600.0, Diff: 0.1]
      [Ext Root Scanning (ms): Min: 0.1, Avg: 0.2, Max: 0.2, Diff: 0.1, Sum: 0.6]
      [Update RS (ms): Min: 1.0, Avg: 1.3, Max: 1.8, Diff: 0.8, Sum: 5.3]
         [Processed Buffers: Min: 2, Avg: 2.8, Max: 3, Diff: 1, Sum: 11]
      [Scan RS (ms): Min: 0.0, Avg: 0.0, Max: 0.0, Diff: 0.0, Sum: 0.0]
      [Code Root Scanning (ms): Min: 0.0, Avg: 0.0, Max: 0.0, Diff: 0.0, Sum: 0.0]
      [Object Copy (ms): Min: 4.2, Avg: 4.6, Max: 5.0, Diff: 0.8, Sum: 18.6]
      [Termination (ms): Min: 0.0, Avg: 0.0, Max: 0.0, Diff: 0.0, Sum: 0.0]
         [Termination Attempts: Min: 1, Avg: 14.3, Max: 23, Diff: 22, Sum: 57]
      [GC Worker Other (ms): Min: 0.0, Avg: 0.0, Max: 0.0, Diff: 0.0, Sum: 0.0]
      [GC Worker Total (ms): Min: 6.1, Avg: 6.1, Max: 6.2, Diff: 0.1, Sum: 24.5]
      [GC Worker End (ms): Min: 169606.1, Avg: 169606.1, Max: 169606.1, Diff: 0.0]
   [Code Root Fixup: 0.0 ms]
   [Code Root Purge: 0.0 ms]
   [Clear CT: 0.1 ms]
   [Other: 0.2 ms]
      [Choose CSet: 0.0 ms]
      [Ref Proc: 0.1 ms]
      [Ref Enq: 0.0 ms]
      [Redirty Cards: 0.1 ms]
      [Humongous Register: 0.0 ms]
      [Humongous Reclaim: 0.0 ms]
      [Free CSet: 0.0 ms]
   [Eden: 21.0M(21.0M)->0.0B(21.0M) Survivors: 4096.0K->4096.0K Heap: 486.6M(512.0M)->466.9M(512.0M)]
 [Times: user=0.00 sys=0.00, real=0.00 secs] 
2017-05-09T22:00:21.228+0300: 169.607: [GC concurrent-mark-reset-for-overflow]
2017-05-09T22:00:21.572+0300: 169.953: [GC pause (G1 Evacuation Pause) (young), 0.0061777 secs]
   [Parallel Time: 6.0 ms, GC Workers: 4]
      [GC Worker Start (ms): Min: 169952.8, Avg: 169952.8, Max: 169952.8, Diff: 0.0]
      [Ext Root Scanning (ms): Min: 0.1, Avg: 0.2, Max: 0.2, Diff: 0.0, Sum: 0.6]
      [Update RS (ms): Min: 0.9, Avg: 1.3, Max: 1.9, Diff: 0.9, Sum: 5.3]
         [Processed Buffers: Min: 2, Avg: 2.8, Max: 3, Diff: 1, Sum: 11]
      [Scan RS (ms): Min: 0.0, Avg: 0.0, Max: 0.0, Diff: 0.0, Sum: 0.0]
      [Code Root Scanning (ms): Min: 0.0, Avg: 0.0, Max: 0.0, Diff: 0.0, Sum: 0.0]
      [Object Copy (ms): Min: 3.9, Avg: 4.5, Max: 4.9, Diff: 0.9, Sum: 17.8]
      [Termination (ms): Min: 0.0, Avg: 0.0, Max: 0.0, Diff: 0.0, Sum: 0.0]
         [Termination Attempts: Min: 1, Avg: 32.0, Max: 51, Diff: 50, Sum: 128]
      [GC Worker Other (ms): Min: 0.0, Avg: 0.0, Max: 0.0, Diff: 0.0, Sum: 0.0]
      [GC Worker Total (ms): Min: 5.9, Avg: 5.9, Max: 6.0, Diff: 0.0, Sum: 23.8]
      [GC Worker End (ms): Min: 169958.8, Avg: 169958.8, Max: 169958.8, Diff: 0.0]
   [Code Root Fixup: 0.0 ms]
   [Code Root Purge: 0.0 ms]
   [Clear CT: 0.0 ms]
   [Other: 0.2 ms]
      [Choose CSet: 0.0 ms]
      [Ref Proc: 0.1 ms]
      [Ref Enq: 0.0 ms]
      [Redirty Cards: 0.0 ms]
      [Humongous Register: 0.0 ms]
      [Humongous Reclaim: 0.0 ms]
      [Free CSet: 0.0 ms]
   [Eden: 21.0M(21.0M)->0.0B(21.0M) Survivors: 4096.0K->4096.0K Heap: 487.9M(512.0M)->468.1M(512.0M)]
 [Times: user=0.06 sys=0.00, real=0.02 secs] 
2017-05-09T22:00:21.900+0300: 170.284: [GC concurrent-mark-end, 2.0647858 secs]
2017-05-09T22:00:21.900+0300: 170.284: [GC remark 2017-05-09T22:00:21.900+0300: 170.284: [Finalize Marking, 0.0000524 secs] 2017-05-09T22:00:21.900+0300: 170.284: [GC ref-proc, 0.0001081 secs] 2017-05-09T22:00:21.900+0300: 170.284: [Unloading, 0.0007451 secs], 0.0019760 secs]
 [Times: user=0.06 sys=0.00, real=0.02 secs] 
2017-05-09T22:00:21.916+0300: 170.286: [GC cleanup 483M->483M(512M), 0.0003090 secs]
 [Times: user=0.00 sys=0.00, real=0.00 secs] 
2017-05-09T22:00:22.074+0300: 170.446: [GC pause (G1 Evacuation Pause) (young), 0.0059596 secs]
   [Parallel Time: 5.7 ms, GC Workers: 4]
      [GC Worker Start (ms): Min: 170446.2, Avg: 170446.2, Max: 170446.3, Diff: 0.0]
      [Ext Root Scanning (ms): Min: 0.1, Avg: 0.2, Max: 0.2, Diff: 0.0, Sum: 0.7]
      [Update RS (ms): Min: 0.9, Avg: 1.3, Max: 1.8, Diff: 0.9, Sum: 5.3]
         [Processed Buffers: Min: 2, Avg: 2.8, Max: 3, Diff: 1, Sum: 11]
      [Scan RS (ms): Min: 0.0, Avg: 0.0, Max: 0.0, Diff: 0.0, Sum: 0.0]
      [Code Root Scanning (ms): Min: 0.0, Avg: 0.0, Max: 0.0, Diff: 0.0, Sum: 0.0]
      [Object Copy (ms): Min: 3.7, Avg: 4.2, Max: 4.5, Diff: 0.9, Sum: 16.6]
      [Termination (ms): Min: 0.0, Avg: 0.0, Max: 0.0, Diff: 0.0, Sum: 0.0]
         [Termination Attempts: Min: 1, Avg: 32.0, Max: 46, Diff: 45, Sum: 128]
      [GC Worker Other (ms): Min: 0.0, Avg: 0.0, Max: 0.0, Diff: 0.0, Sum: 0.0]
      [GC Worker Total (ms): Min: 5.7, Avg: 5.7, Max: 5.7, Diff: 0.0, Sum: 22.7]
      [GC Worker End (ms): Min: 170451.9, Avg: 170451.9, Max: 170451.9, Diff: 0.0]
   [Code Root Fixup: 0.0 ms]
   [Code Root Purge: 0.0 ms]
   [Clear CT: 0.0 ms]
   [Other: 0.2 ms]
      [Choose CSet: 0.0 ms]
      [Ref Proc: 0.1 ms]
      [Ref Enq: 0.0 ms]
      [Redirty Cards: 0.0 ms]
      [Humongous Register: 0.0 ms]
      [Humongous Reclaim: 0.0 ms]
      [Free CSet: 0.0 ms]
   [Eden: 21.0M(21.0M)->0.0B(22.0M) Survivors: 4096.0K->3072.0K Heap: 489.1M(512.0M)->468.8M(512.0M)]
 [Times: user=0.00 sys=0.00, real=0.00 secs] 
2017-05-09T22:00:22.433+0300: 170.817: [GC pause (G1 Evacuation Pause) (mixed), 0.0070077 secs]
   [Parallel Time: 6.6 ms, GC Workers: 4]
      [GC Worker Start (ms): Min: 170817.2, Avg: 170817.2, Max: 170817.2, Diff: 0.0]
      [Ext Root Scanning (ms): Min: 0.3, Avg: 0.5, Max: 1.0, Diff: 0.7, Sum: 1.8]
      [Update RS (ms): Min: 0.6, Avg: 1.4, Max: 2.1, Diff: 1.5, Sum: 5.8]
         [Processed Buffers: Min: 2, Avg: 2.8, Max: 3, Diff: 1, Sum: 11]
      [Scan RS (ms): Min: 0.0, Avg: 0.0, Max: 0.1, Diff: 0.1, Sum: 0.1]
      [Code Root Scanning (ms): Min: 0.0, Avg: 0.0, Max: 0.0, Diff: 0.0, Sum: 0.0]
      [Object Copy (ms): Min: 4.1, Avg: 4.6, Max: 5.0, Diff: 0.9, Sum: 18.5]
      [Termination (ms): Min: 0.0, Avg: 0.0, Max: 0.0, Diff: 0.0, Sum: 0.0]
         [Termination Attempts: Min: 1, Avg: 17.5, Max: 29, Diff: 28, Sum: 70]
      [GC Worker Other (ms): Min: 0.0, Avg: 0.0, Max: 0.0, Diff: 0.0, Sum: 0.0]
      [GC Worker Total (ms): Min: 6.6, Avg: 6.6, Max: 6.6, Diff: 0.0, Sum: 26.3]
      [GC Worker End (ms): Min: 170823.8, Avg: 170823.8, Max: 170823.8, Diff: 0.0]
   [Code Root Fixup: 0.0 ms]
   [Code Root Purge: 0.0 ms]
   [Clear CT: 0.1 ms]
   [Other: 0.3 ms]
      [Choose CSet: 0.0 ms]
      [Ref Proc: 0.2 ms]
      [Ref Enq: 0.0 ms]
      [Redirty Cards: 0.0 ms]
      [Humongous Register: 0.0 ms]
      [Humongous Reclaim: 0.0 ms]
      [Free CSet: 0.0 ms]
   [Eden: 22.0M(22.0M)->0.0B(21.0M) Survivors: 3072.0K->4096.0K Heap: 490.8M(512.0M)->469.9M(512.0M)]
 [Times: user=0.05 sys=0.00, real=0.02 secs] 
2017-05-09T22:00:22.855+0300: 171.229: [GC pause (G1 Evacuation Pause) (young), 0.0072405 secs]
   [Parallel Time: 7.0 ms, GC Workers: 4]
      [GC Worker Start (ms): Min: 171229.3, Avg: 171229.3, Max: 171229.3, Diff: 0.0]
      [Ext Root Scanning (ms): Min: 0.2, Avg: 0.2, Max: 0.2, Diff: 0.0, Sum: 0.7]
      [Update RS (ms): Min: 0.9, Avg: 1.4, Max: 2.0, Diff: 1.1, Sum: 5.6]
         [Processed Buffers: Min: 2, Avg: 3.0, Max: 4, Diff: 2, Sum: 12]
      [Scan RS (ms): Min: 0.0, Avg: 0.0, Max: 0.0, Diff: 0.0, Sum: 0.0]
      [Code Root Scanning (ms): Min: 0.0, Avg: 0.0, Max: 0.0, Diff: 0.0, Sum: 0.0]
      [Object Copy (ms): Min: 4.7, Avg: 5.4, Max: 5.8, Diff: 1.0, Sum: 21.4]
      [Termination (ms): Min: 0.0, Avg: 0.0, Max: 0.0, Diff: 0.0, Sum: 0.0]
         [Termination Attempts: Min: 1, Avg: 19.8, Max: 34, Diff: 33, Sum: 79]
      [GC Worker Other (ms): Min: 0.0, Avg: 0.0, Max: 0.0, Diff: 0.0, Sum: 0.0]
      [GC Worker Total (ms): Min: 6.9, Avg: 6.9, Max: 7.0, Diff: 0.0, Sum: 27.7]
      [GC Worker End (ms): Min: 171236.3, Avg: 171236.3, Max: 171236.3, Diff: 0.0]
   [Code Root Fixup: 0.0 ms]
   [Code Root Purge: 0.0 ms]
   [Clear CT: 0.0 ms]
   [Other: 0.2 ms]
      [Choose CSet: 0.0 ms]
      [Ref Proc: 0.1 ms]
      [Ref Enq: 0.0 ms]
      [Redirty Cards: 0.0 ms]
      [Humongous Register: 0.0 ms]
      [Humongous Reclaim: 0.0 ms]
      [Free CSet: 0.0 ms]
   [Eden: 21.0M(21.0M)->0.0B(21.0M) Survivors: 4096.0K->4096.0K Heap: 490.9M(512.0M)->471.6M(512.0M)]
 [Times: user=0.00 sys=0.00, real=0.00 secs] 
2017-05-09T22:00:23.230+0300: 171.608: [GC pause (G1 Evacuation Pause) (young) (initial-mark), 0.0060325 secs]
   [Parallel Time: 5.8 ms, GC Workers: 4]
      [GC Worker Start (ms): Min: 171608.1, Avg: 171608.1, Max: 171608.1, Diff: 0.0]
      [Ext Root Scanning (ms): Min: 0.2, Avg: 0.2, Max: 0.3, Diff: 0.0, Sum: 1.0]
      [Update RS (ms): Min: 1.0, Avg: 1.3, Max: 1.8, Diff: 0.8, Sum: 5.3]
         [Processed Buffers: Min: 2, Avg: 2.8, Max: 3, Diff: 1, Sum: 11]
      [Scan RS (ms): Min: 0.0, Avg: 0.0, Max: 0.0, Diff: 0.0, Sum: 0.0]
      [Code Root Scanning (ms): Min: 0.0, Avg: 0.0, Max: 0.0, Diff: 0.0, Sum: 0.0]
      [Object Copy (ms): Min: 3.7, Avg: 4.2, Max: 4.5, Diff: 0.8, Sum: 16.7]
      [Termination (ms): Min: 0.0, Avg: 0.0, Max: 0.0, Diff: 0.0, Sum: 0.0]
         [Termination Attempts: Min: 1, Avg: 12.8, Max: 20, Diff: 19, Sum: 51]
      [GC Worker Other (ms): Min: 0.0, Avg: 0.0, Max: 0.0, Diff: 0.0, Sum: 0.1]
      [GC Worker Total (ms): Min: 5.8, Avg: 5.8, Max: 5.8, Diff: 0.0, Sum: 23.0]
      [GC Worker End (ms): Min: 171613.9, Avg: 171613.9, Max: 171613.9, Diff: 0.0]
   [Code Root Fixup: 0.0 ms]
   [Code Root Purge: 0.0 ms]
   [Clear CT: 0.0 ms]
   [Other: 0.2 ms]
      [Choose CSet: 0.0 ms]
      [Ref Proc: 0.1 ms]
      [Ref Enq: 0.0 ms]
      [Redirty Cards: 0.0 ms]
      [Humongous Register: 0.0 ms]
      [Humongous Reclaim: 0.0 ms]
      [Free CSet: 0.1 ms]
   [Eden: 21.0M(21.0M)->0.0B(21.0M) Survivors: 4096.0K->4096.0K Heap: 492.6M(512.0M)->472.5M(512.0M)]
 [Times: user=0.00 sys=0.00, real=0.00 secs] 
2017-05-09T22:00:23.230+0300: 171.614: [GC concurrent-root-region-scan-start]
2017-05-09T22:00:23.245+0300: 171.616: [GC concurrent-root-region-scan-end, 0.0017564 secs]
2017-05-09T22:00:23.245+0300: 171.616: [GC concurrent-mark-start]
2017-05-09T22:00:23.777+0300: 172.150: [GC pause (G1 Evacuation Pause) (young), 0.0077122 secs]
   [Parallel Time: 7.5 ms, GC Workers: 4]
      [GC Worker Start (ms): Min: 172150.1, Avg: 172152.0, Max: 172157.5, Diff: 7.4]
      [Ext Root Scanning (ms): Min: 0.0, Avg: 0.1, Max: 0.2, Diff: 0.2, Sum: 0.5]
      [Update RS (ms): Min: 0.0, Avg: 1.3, Max: 2.1, Diff: 2.1, Sum: 5.4]
         [Processed Buffers: Min: 0, Avg: 2.8, Max: 4, Diff: 4, Sum: 11]
      [Scan RS (ms): Min: 0.0, Avg: 0.0, Max: 0.0, Diff: 0.0, Sum: 0.0]
      [Code Root Scanning (ms): Min: 0.0, Avg: 0.0, Max: 0.0, Diff: 0.0, Sum: 0.0]
      [Object Copy (ms): Min: 0.0, Avg: 4.1, Max: 5.8, Diff: 5.8, Sum: 16.3]
      [Termination (ms): Min: 0.0, Avg: 0.0, Max: 0.1, Diff: 0.1, Sum: 0.2]
         [Termination Attempts: Min: 1, Avg: 9.5, Max: 20, Diff: 19, Sum: 38]
      [GC Worker Other (ms): Min: 0.0, Avg: 0.0, Max: 0.0, Diff: 0.0, Sum: 0.0]
      [GC Worker Total (ms): Min: 0.0, Avg: 5.6, Max: 7.4, Diff: 7.4, Sum: 22.3]
      [GC Worker End (ms): Min: 172157.6, Avg: 172157.6, Max: 172157.6, Diff: 0.0]
   [Code Root Fixup: 0.0 ms]
   [Code Root Purge: 0.0 ms]
   [Clear CT: 0.0 ms]
   [Other: 0.2 ms]
      [Choose CSet: 0.0 ms]
      [Ref Proc: 0.1 ms]
      [Ref Enq: 0.0 ms]
      [Redirty Cards: 0.0 ms]
      [Humongous Register: 0.0 ms]
      [Humongous Reclaim: 0.0 ms]
      [Free CSet: 0.0 ms]
   [Eden: 21.0M(21.0M)->0.0B(21.0M) Survivors: 4096.0K->4096.0K Heap: 493.5M(512.0M)->473.9M(512.0M)]
 [Times: user=0.00 sys=0.00, real=0.00 secs] 
2017-05-09T22:00:23.777+0300: 172.158: [GC concurrent-mark-reset-for-overflow]
2017-05-09T22:00:24.658+0300: 173.029: [GC pause (G1 Evacuation Pause) (young), 0.0062999 secs]
   [Parallel Time: 5.6 ms, GC Workers: 4]
      [GC Worker Start (ms): Min: 173029.3, Avg: 173029.4, Max: 173029.4, Diff: 0.1]
      [Ext Root Scanning (ms): Min: 0.1, Avg: 0.2, Max: 0.2, Diff: 0.1, Sum: 0.6]
      [Update RS (ms): Min: 1.0, Avg: 1.4, Max: 1.8, Diff: 0.7, Sum: 5.4]
         [Processed Buffers: Min: 2, Avg: 3.0, Max: 4, Diff: 2, Sum: 12]
      [Scan RS (ms): Min: 0.0, Avg: 0.0, Max: 0.0, Diff: 0.0, Sum: 0.0]
      [Code Root Scanning (ms): Min: 0.0, Avg: 0.0, Max: 0.0, Diff: 0.0, Sum: 0.0]
      [Object Copy (ms): Min: 3.5, Avg: 3.9, Max: 4.2, Diff: 0.7, Sum: 15.7]
      [Termination (ms): Min: 0.0, Avg: 0.0, Max: 0.0, Diff: 0.0, Sum: 0.0]
         [Termination Attempts: Min: 1, Avg: 5.8, Max: 9, Diff: 8, Sum: 23]
      [GC Worker Other (ms): Min: 0.0, Avg: 0.0, Max: 0.0, Diff: 0.0, Sum: 0.0]
      [GC Worker Total (ms): Min: 5.4, Avg: 5.4, Max: 5.5, Diff: 0.1, Sum: 21.8]
      [GC Worker End (ms): Min: 173034.8, Avg: 173034.8, Max: 173034.8, Diff: 0.0]
   [Code Root Fixup: 0.0 ms]
   [Code Root Purge: 0.0 ms]
   [Clear CT: 0.2 ms]
   [Other: 0.6 ms]
      [Choose CSet: 0.0 ms]
      [Ref Proc: 0.2 ms]
      [Ref Enq: 0.0 ms]
      [Redirty Cards: 0.3 ms]
      [Humongous Register: 0.0 ms]
      [Humongous Reclaim: 0.0 ms]
      [Free CSet: 0.0 ms]
   [Eden: 21.0M(21.0M)->0.0B(21.0M) Survivors: 4096.0K->4096.0K Heap: 494.9M(512.0M)->475.3M(512.0M)]
 [Times: user=0.00 sys=0.00, real=0.00 secs] 
2017-05-09T22:00:24.658+0300: 173.036: [GC concurrent-mark-reset-for-overflow]
2017-05-09T22:00:25.049+0300: 173.429: [GC pause (G1 Evacuation Pause) (young), 0.0062358 secs]
   [Parallel Time: 5.9 ms, GC Workers: 4]
      [GC Worker Start (ms): Min: 173429.3, Avg: 173429.3, Max: 173429.3, Diff: 0.0]
      [Ext Root Scanning (ms): Min: 0.2, Avg: 0.2, Max: 0.2, Diff: 0.0, Sum: 0.6]
      [Update RS (ms): Min: 0.9, Avg: 1.3, Max: 1.8, Diff: 0.9, Sum: 5.2]
         [Processed Buffers: Min: 2, Avg: 3.0, Max: 4, Diff: 2, Sum: 12]
      [Scan RS (ms): Min: 0.0, Avg: 0.0, Max: 0.0, Diff: 0.0, Sum: 0.0]
      [Code Root Scanning (ms): Min: 0.0, Avg: 0.0, Max: 0.0, Diff: 0.0, Sum: 0.0]
      [Object Copy (ms): Min: 3.9, Avg: 4.4, Max: 4.8, Diff: 0.9, Sum: 17.6]
      [Termination (ms): Min: 0.0, Avg: 0.0, Max: 0.0, Diff: 0.0, Sum: 0.0]
         [Termination Attempts: Min: 1, Avg: 7.0, Max: 10, Diff: 9, Sum: 28]
      [GC Worker Other (ms): Min: 0.0, Avg: 0.0, Max: 0.0, Diff: 0.0, Sum: 0.0]
      [GC Worker Total (ms): Min: 5.9, Avg: 5.9, Max: 5.9, Diff: 0.0, Sum: 23.6]
      [GC Worker End (ms): Min: 173435.2, Avg: 173435.2, Max: 173435.2, Diff: 0.0]
   [Code Root Fixup: 0.0 ms]
   [Code Root Purge: 0.0 ms]
   [Clear CT: 0.0 ms]
   [Other: 0.3 ms]
      [Choose CSet: 0.0 ms]
      [Ref Proc: 0.2 ms]
      [Ref Enq: 0.0 ms]
      [Redirty Cards: 0.0 ms]
      [Humongous Register: 0.0 ms]
      [Humongous Reclaim: 0.0 ms]
      [Free CSet: 0.0 ms]
   [Eden: 21.0M(21.0M)->0.0B(21.0M) Survivors: 4096.0K->4096.0K Heap: 496.3M(512.0M)->476.5M(512.0M)]
 [Times: user=0.06 sys=0.00, real=0.02 secs] 
2017-05-09T22:00:25.362+0300: 173.742: [GC concurrent-mark-end, 2.1258379 secs]
2017-05-09T22:00:25.362+0300: 173.742: [GC remark 2017-05-09T22:00:25.362+0300: 173.742: [Finalize Marking, 0.0000717 secs] 2017-05-09T22:00:25.362+0300: 173.742: [GC ref-proc, 0.0001099 secs] 2017-05-09T22:00:25.362+0300: 173.742: [Unloading, 0.0009900 secs], 0.0027850 secs]
 [Times: user=0.00 sys=0.00, real=0.00 secs] 
2017-05-09T22:00:25.362+0300: 173.745: [GC cleanup 492M->492M(512M), 0.0003876 secs]
 [Times: user=0.00 sys=0.00, real=0.00 secs] 
2017-05-09T22:00:25.455+0300: 173.836: [GC pause (G1 Evacuation Pause) (young), 0.0074887 secs]
   [Parallel Time: 7.1 ms, GC Workers: 4]
      [GC Worker Start (ms): Min: 173835.7, Avg: 173835.7, Max: 173835.7, Diff: 0.0]
      [Ext Root Scanning (ms): Min: 0.2, Avg: 0.2, Max: 0.2, Diff: 0.0, Sum: 0.7]
      [Update RS (ms): Min: 1.3, Avg: 1.8, Max: 2.3, Diff: 1.0, Sum: 7.1]
         [Processed Buffers: Min: 1, Avg: 2.8, Max: 4, Diff: 3, Sum: 11]
      [Scan RS (ms): Min: 0.0, Avg: 0.0, Max: 0.0, Diff: 0.0, Sum: 0.0]
      [Code Root Scanning (ms): Min: 0.0, Avg: 0.0, Max: 0.0, Diff: 0.0, Sum: 0.0]
      [Object Copy (ms): Min: 4.6, Avg: 5.1, Max: 5.6, Diff: 0.9, Sum: 20.5]
      [Termination (ms): Min: 0.0, Avg: 0.0, Max: 0.0, Diff: 0.0, Sum: 0.0]
         [Termination Attempts: Min: 1, Avg: 16.0, Max: 27, Diff: 26, Sum: 64]
      [GC Worker Other (ms): Min: 0.0, Avg: 0.0, Max: 0.0, Diff: 0.0, Sum: 0.0]
      [GC Worker Total (ms): Min: 7.1, Avg: 7.1, Max: 7.1, Diff: 0.0, Sum: 28.3]
      [GC Worker End (ms): Min: 173842.8, Avg: 173842.8, Max: 173842.8, Diff: 0.0]
   [Code Root Fixup: 0.0 ms]
   [Code Root Purge: 0.0 ms]
   [Clear CT: 0.0 ms]
   [Other: 0.3 ms]
      [Choose CSet: 0.0 ms]
      [Ref Proc: 0.2 ms]
      [Ref Enq: 0.0 ms]
      [Redirty Cards: 0.0 ms]
      [Humongous Register: 0.0 ms]
      [Humongous Reclaim: 0.0 ms]
      [Free CSet: 0.0 ms]
   [Eden: 21.0M(21.0M)->0.0B(21.0M) Survivors: 4096.0K->4096.0K Heap: 497.5M(512.0M)->478.6M(512.0M)]
 [Times: user=0.06 sys=0.00, real=0.02 secs] 
2017-05-09T22:00:25.915+0300: 174.284: [GC pause (G1 Evacuation Pause) (mixed), 0.0078850 secs]
   [Parallel Time: 7.5 ms, GC Workers: 4]
      [GC Worker Start (ms): Min: 174284.1, Avg: 174284.1, Max: 174284.2, Diff: 0.0]
      [Ext Root Scanning (ms): Min: 0.2, Avg: 0.2, Max: 0.2, Diff: 0.0, Sum: 0.8]
      [Update RS (ms): Min: 0.9, Avg: 1.4, Max: 2.0, Diff: 1.1, Sum: 5.6]
         [Processed Buffers: Min: 2, Avg: 2.8, Max: 3, Diff: 1, Sum: 11]
      [Scan RS (ms): Min: 0.0, Avg: 0.2, Max: 0.5, Diff: 0.5, Sum: 0.9]
      [Code Root Scanning (ms): Min: 0.0, Avg: 0.0, Max: 0.0, Diff: 0.0, Sum: 0.0]
      [Object Copy (ms): Min: 5.3, Avg: 5.7, Max: 5.9, Diff: 0.7, Sum: 22.7]
      [Termination (ms): Min: 0.0, Avg: 0.0, Max: 0.0, Diff: 0.0, Sum: 0.0]
         [Termination Attempts: Min: 1, Avg: 1.0, Max: 1, Diff: 0, Sum: 4]
      [GC Worker Other (ms): Min: 0.0, Avg: 0.0, Max: 0.0, Diff: 0.0, Sum: 0.1]
      [GC Worker Total (ms): Min: 7.5, Avg: 7.5, Max: 7.5, Diff: 0.0, Sum: 30.1]
      [GC Worker End (ms): Min: 174291.7, Avg: 174291.7, Max: 174291.7, Diff: 0.0]
   [Code Root Fixup: 0.0 ms]
   [Code Root Purge: 0.0 ms]
   [Clear CT: 0.1 ms]
   [Other: 0.3 ms]
      [Choose CSet: 0.0 ms]
      [Ref Proc: 0.1 ms]
      [Ref Enq: 0.0 ms]
      [Redirty Cards: 0.0 ms]
      [Humongous Register: 0.0 ms]
      [Humongous Reclaim: 0.0 ms]
      [Free CSet: 0.1 ms]
   [Eden: 21.0M(21.0M)->0.0B(21.0M) Survivors: 4096.0K->4096.0K Heap: 499.6M(512.0M)->476.1M(512.0M)]
 [Times: user=0.00 sys=0.00, real=0.00 secs] 
2017-05-09T22:00:26.310+0300: 174.683: [GC pause (G1 Evacuation Pause) (young), 0.0075598 secs]
   [Parallel Time: 7.4 ms, GC Workers: 4]
      [GC Worker Start (ms): Min: 174683.0, Avg: 174683.1, Max: 174683.2, Diff: 0.2]
      [Ext Root Scanning (ms): Min: 0.0, Avg: 0.2, Max: 0.2, Diff: 0.2, Sum: 0.6]
      [Update RS (ms): Min: 1.4, Avg: 1.8, Max: 2.4, Diff: 1.0, Sum: 7.2]
         [Processed Buffers: Min: 3, Avg: 4.0, Max: 5, Diff: 2, Sum: 16]
      [Scan RS (ms): Min: 0.0, Avg: 0.0, Max: 0.0, Diff: 0.0, Sum: 0.0]
      [Code Root Scanning (ms): Min: 0.0, Avg: 0.0, Max: 0.0, Diff: 0.0, Sum: 0.0]
      [Object Copy (ms): Min: 4.8, Avg: 5.3, Max: 5.7, Diff: 0.9, Sum: 21.2]
      [Termination (ms): Min: 0.0, Avg: 0.0, Max: 0.0, Diff: 0.0, Sum: 0.0]
         [Termination Attempts: Min: 1, Avg: 23.3, Max: 32, Diff: 31, Sum: 93]
      [GC Worker Other (ms): Min: 0.0, Avg: 0.0, Max: 0.0, Diff: 0.0, Sum: 0.0]
      [GC Worker Total (ms): Min: 7.1, Avg: 7.3, Max: 7.3, Diff: 0.2, Sum: 29.1]
      [GC Worker End (ms): Min: 174690.3, Avg: 174690.3, Max: 174690.3, Diff: 0.0]
   [Code Root Fixup: 0.0 ms]
   [Code Root Purge: 0.0 ms]
   [Clear CT: 0.0 ms]
   [Other: 0.2 ms]
      [Choose CSet: 0.0 ms]
      [Ref Proc: 0.0 ms]
      [Ref Enq: 0.0 ms]
      [Redirty Cards: 0.0 ms]
      [Humongous Register: 0.0 ms]
      [Humongous Reclaim: 0.0 ms]
      [Free CSet: 0.0 ms]
   [Eden: 21.0M(21.0M)->0.0B(21.0M) Survivors: 4096.0K->4096.0K Heap: 497.1M(512.0M)->478.2M(512.0M)]
 [Times: user=0.00 sys=0.00, real=0.00 secs] 
2017-05-09T22:00:26.691+0300: 175.074: [GC pause (G1 Evacuation Pause) (young) (initial-mark), 0.0062575 secs]
   [Parallel Time: 5.9 ms, GC Workers: 4]
      [GC Worker Start (ms): Min: 175073.9, Avg: 175073.9, Max: 175073.9, Diff: 0.1]
      [Ext Root Scanning (ms): Min: 0.3, Avg: 0.3, Max: 0.3, Diff: 0.1, Sum: 1.2]
      [Update RS (ms): Min: 0.9, Avg: 1.4, Max: 1.9, Diff: 1.0, Sum: 5.6]
         [Processed Buffers: Min: 2, Avg: 2.8, Max: 3, Diff: 1, Sum: 11]
      [Scan RS (ms): Min: 0.0, Avg: 0.0, Max: 0.0, Diff: 0.0, Sum: 0.0]
      [Code Root Scanning (ms): Min: 0.0, Avg: 0.0, Max: 0.0, Diff: 0.0, Sum: 0.0]
      [Object Copy (ms): Min: 3.6, Avg: 4.1, Max: 4.6, Diff: 1.0, Sum: 16.4]
      [Termination (ms): Min: 0.0, Avg: 0.0, Max: 0.0, Diff: 0.0, Sum: 0.0]
         [Termination Attempts: Min: 1, Avg: 3.3, Max: 5, Diff: 4, Sum: 13]
      [GC Worker Other (ms): Min: 0.0, Avg: 0.0, Max: 0.0, Diff: 0.0, Sum: 0.0]
      [GC Worker Total (ms): Min: 5.8, Avg: 5.8, Max: 5.8, Diff: 0.1, Sum: 23.3]
      [GC Worker End (ms): Min: 175079.7, Avg: 175079.7, Max: 175079.7, Diff: 0.0]
   [Code Root Fixup: 0.0 ms]
   [Code Root Purge: 0.0 ms]
   [Clear CT: 0.0 ms]
   [Other: 0.3 ms]
      [Choose CSet: 0.0 ms]
      [Ref Proc: 0.2 ms]
      [Ref Enq: 0.0 ms]
      [Redirty Cards: 0.0 ms]
      [Humongous Register: 0.0 ms]
      [Humongous Reclaim: 0.0 ms]
      [Free CSet: 0.0 ms]
   [Eden: 21.0M(21.0M)->0.0B(21.0M) Survivors: 4096.0K->4096.0K Heap: 499.2M(512.0M)->480.1M(512.0M)]
 [Times: user=0.06 sys=0.00, real=0.02 secs] 
2017-05-09T22:00:26.706+0300: 175.080: [GC concurrent-root-region-scan-start]
2017-05-09T22:00:26.706+0300: 175.082: [GC concurrent-root-region-scan-end, 0.0018098 secs]
2017-05-09T22:00:26.706+0300: 175.082: [GC concurrent-mark-start]
2017-05-09T22:00:27.244+0300: 175.619: [GC pause (G1 Evacuation Pause) (young), 0.0063255 secs]
   [Parallel Time: 6.1 ms, GC Workers: 4]
      [GC Worker Start (ms): Min: 175619.0, Avg: 175619.0, Max: 175619.0, Diff: 0.0]
      [Ext Root Scanning (ms): Min: 0.1, Avg: 0.1, Max: 0.1, Diff: 0.0, Sum: 0.6]
      [Update RS (ms): Min: 0.9, Avg: 1.3, Max: 1.8, Diff: 0.9, Sum: 5.1]
         [Processed Buffers: Min: 2, Avg: 2.8, Max: 3, Diff: 1, Sum: 11]
      [Scan RS (ms): Min: 0.0, Avg: 0.0, Max: 0.0, Diff: 0.0, Sum: 0.0]
      [Code Root Scanning (ms): Min: 0.0, Avg: 0.0, Max: 0.0, Diff: 0.0, Sum: 0.0]
      [Object Copy (ms): Min: 4.2, Avg: 4.7, Max: 5.0, Diff: 0.9, Sum: 18.6]
      [Termination (ms): Min: 0.0, Avg: 0.0, Max: 0.0, Diff: 0.0, Sum: 0.0]
         [Termination Attempts: Min: 1, Avg: 15.0, Max: 24, Diff: 23, Sum: 60]
      [GC Worker Other (ms): Min: 0.0, Avg: 0.0, Max: 0.0, Diff: 0.0, Sum: 0.0]
      [GC Worker Total (ms): Min: 6.1, Avg: 6.1, Max: 6.1, Diff: 0.0, Sum: 24.4]
      [GC Worker End (ms): Min: 175625.1, Avg: 175625.1, Max: 175625.1, Diff: 0.0]
   [Code Root Fixup: 0.0 ms]
   [Code Root Purge: 0.0 ms]
   [Clear CT: 0.0 ms]
   [Other: 0.2 ms]
      [Choose CSet: 0.0 ms]
      [Ref Proc: 0.1 ms]
      [Ref Enq: 0.0 ms]
      [Redirty Cards: 0.0 ms]
      [Humongous Register: 0.0 ms]
      [Humongous Reclaim: 0.0 ms]
      [Free CSet: 0.0 ms]
   [Eden: 21.0M(21.0M)->0.0B(21.0M) Survivors: 4096.0K->4096.0K Heap: 501.1M(512.0M)->480.9M(512.0M)]
 [Times: user=0.00 sys=0.00, real=0.00 secs] 
2017-05-09T22:00:27.244+0300: 175.626: [GC concurrent-mark-reset-for-overflow]
2017-05-09T22:00:28.128+0300: 176.501: [GC pause (G1 Evacuation Pause) (young), 0.0069116 secs]
   [Parallel Time: 6.2 ms, GC Workers: 4]
      [GC Worker Start (ms): Min: 176500.9, Avg: 176500.9, Max: 176501.0, Diff: 0.1]
      [Ext Root Scanning (ms): Min: 0.1, Avg: 0.2, Max: 0.2, Diff: 0.1, Sum: 0.6]
      [Update RS (ms): Min: 0.8, Avg: 1.3, Max: 1.9, Diff: 1.0, Sum: 5.2]
         [Processed Buffers: Min: 2, Avg: 2.8, Max: 3, Diff: 1, Sum: 11]
      [Scan RS (ms): Min: 0.0, Avg: 0.0, Max: 0.0, Diff: 0.0, Sum: 0.0]
      [Code Root Scanning (ms): Min: 0.0, Avg: 0.0, Max: 0.0, Diff: 0.0, Sum: 0.0]
      [Object Copy (ms): Min: 4.1, Avg: 4.6, Max: 5.1, Diff: 1.0, Sum: 18.5]
      [Termination (ms): Min: 0.0, Avg: 0.0, Max: 0.0, Diff: 0.0, Sum: 0.0]
         [Termination Attempts: Min: 1, Avg: 10.3, Max: 15, Diff: 14, Sum: 41]
      [GC Worker Other (ms): Min: 0.0, Avg: 0.0, Max: 0.0, Diff: 0.0, Sum: 0.0]
      [GC Worker Total (ms): Min: 6.0, Avg: 6.1, Max: 6.1, Diff: 0.1, Sum: 24.4]
      [GC Worker End (ms): Min: 176507.0, Avg: 176507.0, Max: 176507.0, Diff: 0.0]
   [Code Root Fixup: 0.0 ms]
   [Code Root Purge: 0.0 ms]
   [Clear CT: 0.2 ms]
   [Other: 0.4 ms]
      [Choose CSet: 0.0 ms]
      [Ref Proc: 0.2 ms]
      [Ref Enq: 0.0 ms]
      [Redirty Cards: 0.2 ms]
      [Humongous Register: 0.0 ms]
      [Humongous Reclaim: 0.0 ms]
      [Free CSet: 0.0 ms]
   [Eden: 21.0M(21.0M)->0.0B(22.0M) Survivors: 4096.0K->3072.0K Heap: 501.9M(512.0M)->482.0M(512.0M)]
 [Times: user=0.00 sys=0.00, real=0.00 secs] 
2017-05-09T22:00:28.128+0300: 176.508: [GC concurrent-mark-reset-for-overflow]
2017-05-09T22:00:28.597+0300: 176.971: [GC pause (G1 Evacuation Pause) (young), 0.0069920 secs]
   [Parallel Time: 6.8 ms, GC Workers: 4]
      [GC Worker Start (ms): Min: 176970.7, Avg: 176970.7, Max: 176970.7, Diff: 0.0]
      [Ext Root Scanning (ms): Min: 0.2, Avg: 0.2, Max: 0.2, Diff: 0.0, Sum: 0.6]
      [Update RS (ms): Min: 0.9, Avg: 1.4, Max: 1.9, Diff: 0.9, Sum: 5.4]
         [Processed Buffers: Min: 2, Avg: 2.8, Max: 3, Diff: 1, Sum: 11]
      [Scan RS (ms): Min: 0.0, Avg: 0.0, Max: 0.0, Diff: 0.0, Sum: 0.0]
      [Code Root Scanning (ms): Min: 0.0, Avg: 0.0, Max: 0.0, Diff: 0.0, Sum: 0.0]
      [Object Copy (ms): Min: 4.7, Avg: 5.2, Max: 5.7, Diff: 0.9, Sum: 21.0]
      [Termination (ms): Min: 0.0, Avg: 0.0, Max: 0.0, Diff: 0.0, Sum: 0.0]
         [Termination Attempts: Min: 1, Avg: 22.8, Max: 37, Diff: 36, Sum: 91]
      [GC Worker Other (ms): Min: 0.0, Avg: 0.0, Max: 0.0, Diff: 0.0, Sum: 0.0]
      [GC Worker Total (ms): Min: 6.8, Avg: 6.8, Max: 6.8, Diff: 0.0, Sum: 27.1]
      [GC Worker End (ms): Min: 176977.5, Avg: 176977.5, Max: 176977.5, Diff: 0.0]
   [Code Root Fixup: 0.0 ms]
   [Code Root Purge: 0.0 ms]
   [Clear CT: 0.0 ms]
   [Other: 0.2 ms]
      [Choose CSet: 0.0 ms]
      [Ref Proc: 0.1 ms]
      [Ref Enq: 0.0 ms]
      [Redirty Cards: 0.0 ms]
      [Humongous Register: 0.0 ms]
      [Humongous Reclaim: 0.0 ms]
      [Free CSet: 0.0 ms]
   [Eden: 22.0M(22.0M)->0.0B(21.0M) Survivors: 3072.0K->4096.0K Heap: 504.0M(512.0M)->483.6M(512.0M)]
 [Times: user=0.00 sys=0.00, real=0.00 secs] 
2017-05-09T22:00:28.823+0300: 177.206: [GC concurrent-mark-end, 2.1242504 secs]
2017-05-09T22:00:28.823+0300: 177.206: [GC remark 2017-05-09T22:00:28.823+0300: 177.206: [Finalize Marking, 0.0000506 secs] 2017-05-09T22:00:28.823+0300: 177.207: [GC ref-proc, 0.0001141 secs] 2017-05-09T22:00:28.823+0300: 177.207: [Unloading, 0.0008406 secs], 0.0020654 secs]
 [Times: user=0.06 sys=0.00, real=0.02 secs] 
2017-05-09T22:00:28.839+0300: 177.209: [GC cleanup 496M->496M(512M), 0.0003189 secs]
 [Times: user=0.00 sys=0.00, real=0.00 secs] 
2017-05-09T22:00:29.013+0300: 177.383: [GC pause (G1 Evacuation Pause) (young), 0.0091593 secs]
   [Parallel Time: 8.7 ms, GC Workers: 4]
      [GC Worker Start (ms): Min: 177382.7, Avg: 177382.8, Max: 177382.9, Diff: 0.2]
      [Ext Root Scanning (ms): Min: 0.0, Avg: 0.1, Max: 0.2, Diff: 0.2, Sum: 0.5]
      [Update RS (ms): Min: 1.0, Avg: 3.0, Max: 7.5, Diff: 6.4, Sum: 12.1]
         [Processed Buffers: Min: 1, Avg: 2.8, Max: 4, Diff: 3, Sum: 11]
      [Scan RS (ms): Min: 0.0, Avg: 0.0, Max: 0.0, Diff: 0.0, Sum: 0.0]
      [Code Root Scanning (ms): Min: 0.0, Avg: 0.0, Max: 0.0, Diff: 0.0, Sum: 0.0]
      [Object Copy (ms): Min: 0.9, Avg: 4.8, Max: 7.2, Diff: 6.3, Sum: 19.2]
      [Termination (ms): Min: 0.0, Avg: 0.5, Max: 1.7, Diff: 1.7, Sum: 2.1]
         [Termination Attempts: Min: 1, Avg: 17.3, Max: 46, Diff: 45, Sum: 69]
      [GC Worker Other (ms): Min: 0.0, Avg: 0.0, Max: 0.0, Diff: 0.0, Sum: 0.0]
      [GC Worker Total (ms): Min: 8.4, Avg: 8.5, Max: 8.5, Diff: 0.2, Sum: 34.0]
      [GC Worker End (ms): Min: 177391.3, Avg: 177391.3, Max: 177391.3, Diff: 0.0]
   [Code Root Fixup: 0.0 ms]
   [Code Root Purge: 0.0 ms]
   [Clear CT: 0.1 ms]
   [Other: 0.4 ms]
      [Choose CSet: 0.0 ms]
      [Ref Proc: 0.1 ms]
      [Ref Enq: 0.0 ms]
      [Redirty Cards: 0.1 ms]
      [Humongous Register: 0.0 ms]
      [Humongous Reclaim: 0.0 ms]
      [Free CSet: 0.0 ms]
   [Eden: 21.0M(21.0M)->0.0B(22.0M) Survivors: 4096.0K->3072.0K Heap: 504.6M(512.0M)->484.4M(512.0M)]
 [Times: user=0.00 sys=0.00, real=0.00 secs] 
2017-05-09T22:00:29.403+0300: 177.780: [GC pause (G1 Evacuation Pause) (mixed) (to-space exhausted), 0.1143884 secs]
   [Parallel Time: 108.9 ms, GC Workers: 4]
      [GC Worker Start (ms): Min: 177779.6, Avg: 177779.6, Max: 177779.6, Diff: 0.0]
      [Ext Root Scanning (ms): Min: 0.2, Avg: 0.2, Max: 0.2, Diff: 0.0, Sum: 0.7]
      [Update RS (ms): Min: 1.0, Avg: 1.4, Max: 1.9, Diff: 0.9, Sum: 5.6]
         [Processed Buffers: Min: 3, Avg: 3.0, Max: 3, Diff: 0, Sum: 12]
      [Scan RS (ms): Min: 0.1, Avg: 0.6, Max: 1.0, Diff: 0.9, Sum: 2.5]
      [Code Root Scanning (ms): Min: 0.0, Avg: 0.0, Max: 0.0, Diff: 0.0, Sum: 0.0]
      [Object Copy (ms): Min: 106.6, Avg: 106.6, Max: 106.7, Diff: 0.0, Sum: 426.6]
      [Termination (ms): Min: 0.0, Avg: 0.0, Max: 0.0, Diff: 0.0, Sum: 0.0]
         [Termination Attempts: Min: 1, Avg: 1.0, Max: 1, Diff: 0, Sum: 4]
      [GC Worker Other (ms): Min: 0.0, Avg: 0.0, Max: 0.0, Diff: 0.0, Sum: 0.0]
      [GC Worker Total (ms): Min: 108.8, Avg: 108.8, Max: 108.8, Diff: 0.0, Sum: 435.4]
      [GC Worker End (ms): Min: 177888.4, Avg: 177888.4, Max: 177888.4, Diff: 0.0]
   [Code Root Fixup: 0.0 ms]
   [Code Root Purge: 0.0 ms]
   [Clear CT: 0.1 ms]
   [Other: 5.5 ms]
      [Evacuation Failure: 5.3 ms]
      [Choose CSet: 0.0 ms]
      [Ref Proc: 0.0 ms]
      [Ref Enq: 0.0 ms]
      [Redirty Cards: 0.0 ms]
      [Humongous Register: 0.0 ms]
      [Humongous Reclaim: 0.0 ms]
      [Free CSet: 0.0 ms]
   [Eden: 22.0M(22.0M)->0.0B(24.0M) Survivors: 3072.0K->1024.0K Heap: 506.4M(512.0M)->483.2M(512.0M)]
 [Times: user=0.16 sys=0.02, real=0.11 secs] 
2017-05-09T22:00:29.973+0300: 178.347: [GC pause (G1 Evacuation Pause) (young), 0.0065261 secs]
   [Parallel Time: 6.3 ms, GC Workers: 4]
      [GC Worker Start (ms): Min: 178347.4, Avg: 178347.4, Max: 178347.4, Diff: 0.0]
      [Ext Root Scanning (ms): Min: 0.2, Avg: 0.2, Max: 0.2, Diff: 0.0, Sum: 0.7]
      [Update RS (ms): Min: 1.9, Avg: 2.5, Max: 3.1, Diff: 1.2, Sum: 10.1]
         [Processed Buffers: Min: 5, Avg: 7.0, Max: 12, Diff: 7, Sum: 28]
      [Scan RS (ms): Min: 0.0, Avg: 0.0, Max: 0.0, Diff: 0.0, Sum: 0.0]
      [Code Root Scanning (ms): Min: 0.0, Avg: 0.0, Max: 0.0, Diff: 0.0, Sum: 0.0]
      [Object Copy (ms): Min: 2.9, Avg: 3.6, Max: 4.2, Diff: 1.2, Sum: 14.2]
      [Termination (ms): Min: 0.0, Avg: 0.0, Max: 0.0, Diff: 0.0, Sum: 0.0]
         [Termination Attempts: Min: 1, Avg: 33.8, Max: 47, Diff: 46, Sum: 135]
      [GC Worker Other (ms): Min: 0.0, Avg: 0.0, Max: 0.0, Diff: 0.0, Sum: 0.0]
      [GC Worker Total (ms): Min: 6.3, Avg: 6.3, Max: 6.3, Diff: 0.0, Sum: 25.1]
      [GC Worker End (ms): Min: 178353.7, Avg: 178353.7, Max: 178353.7, Diff: 0.0]
   [Code Root Fixup: 0.0 ms]
   [Code Root Purge: 0.0 ms]
   [Clear CT: 0.0 ms]
   [Other: 0.2 ms]
      [Choose CSet: 0.0 ms]
      [Ref Proc: 0.0 ms]
      [Ref Enq: 0.0 ms]
      [Redirty Cards: 0.0 ms]
      [Humongous Register: 0.0 ms]
      [Humongous Reclaim: 0.0 ms]
      [Free CSet: 0.0 ms]
   [Eden: 24.0M(24.0M)->0.0B(21.0M) Survivors: 1024.0K->4096.0K Heap: 507.2M(512.0M)->485.9M(512.0M)]
 [Times: user=0.00 sys=0.00, real=0.00 secs] 
2017-05-09T22:00:30.379+0300: 178.752: [GC pause (G1 Evacuation Pause) (young) (initial-mark), 0.0061738 secs]
   [Parallel Time: 5.6 ms, GC Workers: 4]
      [GC Worker Start (ms): Min: 178752.4, Avg: 178752.5, Max: 178752.7, Diff: 0.2]
      [Ext Root Scanning (ms): Min: 0.3, Avg: 0.6, Max: 1.3, Diff: 1.0, Sum: 2.2]
      [Update RS (ms): Min: 0.0, Avg: 1.0, Max: 1.7, Diff: 1.7, Sum: 4.1]
         [Processed Buffers: Min: 0, Avg: 2.0, Max: 3, Diff: 3, Sum: 8]
      [Scan RS (ms): Min: 0.0, Avg: 0.0, Max: 0.0, Diff: 0.0, Sum: 0.0]
      [Code Root Scanning (ms): Min: 0.0, Avg: 0.0, Max: 0.0, Diff: 0.0, Sum: 0.0]
      [Object Copy (ms): Min: 3.5, Avg: 3.9, Max: 4.3, Diff: 0.7, Sum: 15.7]
      [Termination (ms): Min: 0.0, Avg: 0.0, Max: 0.0, Diff: 0.0, Sum: 0.0]
         [Termination Attempts: Min: 1, Avg: 10.0, Max: 18, Diff: 17, Sum: 40]
      [GC Worker Other (ms): Min: 0.0, Avg: 0.0, Max: 0.0, Diff: 0.0, Sum: 0.0]
      [GC Worker Total (ms): Min: 5.3, Avg: 5.5, Max: 5.6, Diff: 0.2, Sum: 22.0]
      [GC Worker End (ms): Min: 178758.0, Avg: 178758.0, Max: 178758.0, Diff: 0.0]
   [Code Root Fixup: 0.0 ms]
   [Code Root Purge: 0.0 ms]
   [Clear CT: 0.1 ms]
   [Other: 0.5 ms]
      [Choose CSet: 0.0 ms]
      [Ref Proc: 0.1 ms]
      [Ref Enq: 0.0 ms]
      [Redirty Cards: 0.2 ms]
      [Humongous Register: 0.0 ms]
      [Humongous Reclaim: 0.0 ms]
      [Free CSet: 0.0 ms]
   [Eden: 21.0M(21.0M)->0.0B(21.0M) Survivors: 4096.0K->4096.0K Heap: 506.9M(512.0M)->485.6M(512.0M)]
 [Times: user=0.00 sys=0.00, real=0.00 secs] 
2017-05-09T22:00:30.379+0300: 178.759: [GC concurrent-root-region-scan-start]
2017-05-09T22:00:30.379+0300: 178.761: [GC concurrent-root-region-scan-end, 0.0018944 secs]
2017-05-09T22:00:30.379+0300: 178.761: [GC concurrent-mark-start]
2017-05-09T22:00:30.922+0300: 179.305: [GC pause (G1 Evacuation Pause) (young) (to-space exhausted), 0.0111663 secs]
   [Parallel Time: 10.0 ms, GC Workers: 4]
      [GC Worker Start (ms): Min: 179305.0, Avg: 179306.1, Max: 179309.3, Diff: 4.2]
      [Ext Root Scanning (ms): Min: 0.0, Avg: 0.1, Max: 0.2, Diff: 0.2, Sum: 0.6]
      [Update RS (ms): Min: 0.0, Avg: 1.5, Max: 2.5, Diff: 2.5, Sum: 5.9]
         [Processed Buffers: Min: 0, Avg: 2.5, Max: 4, Diff: 4, Sum: 10]
      [Scan RS (ms): Min: 0.0, Avg: 0.0, Max: 0.0, Diff: 0.0, Sum: 0.0]
      [Code Root Scanning (ms): Min: 0.0, Avg: 0.0, Max: 0.0, Diff: 0.0, Sum: 0.0]
      [Object Copy (ms): Min: 5.6, Avg: 7.1, Max: 8.1, Diff: 2.5, Sum: 28.5]
      [Termination (ms): Min: 0.0, Avg: 0.1, Max: 0.1, Diff: 0.1, Sum: 0.3]
         [Termination Attempts: Min: 1, Avg: 42.0, Max: 61, Diff: 60, Sum: 168]
      [GC Worker Other (ms): Min: 0.0, Avg: 0.0, Max: 0.0, Diff: 0.0, Sum: 0.0]
      [GC Worker Total (ms): Min: 5.7, Avg: 8.8, Max: 9.9, Diff: 4.3, Sum: 35.4]
      [GC Worker End (ms): Min: 179314.9, Avg: 179314.9, Max: 179315.0, Diff: 0.1]
   [Code Root Fixup: 0.0 ms]
   [Code Root Purge: 0.0 ms]
   [Clear CT: 0.0 ms]
   [Other: 1.2 ms]
      [Evacuation Failure: 1.0 ms]
      [Choose CSet: 0.0 ms]
      [Ref Proc: 0.1 ms]
      [Ref Enq: 0.0 ms]
      [Redirty Cards: 0.0 ms]
      [Humongous Register: 0.0 ms]
      [Humongous Reclaim: 0.0 ms]
      [Free CSet: 0.0 ms]
   [Eden: 21.0M(21.0M)->0.0B(22.0M) Survivors: 4096.0K->3072.0K Heap: 506.6M(512.0M)->486.6M(512.0M)]
 [Times: user=0.02 sys=0.00, real=0.02 secs] 
2017-05-09T22:00:30.938+0300: 179.316: [GC concurrent-mark-reset-for-overflow]
2017-05-09T22:00:31.840+0300: 180.216: [GC pause (G1 Evacuation Pause) (young) (to-space exhausted), 0.0549582 secs]
   [Parallel Time: 50.7 ms, GC Workers: 4]
      [GC Worker Start (ms): Min: 180215.8, Avg: 180215.8, Max: 180215.9, Diff: 0.1]
      [Ext Root Scanning (ms): Min: 0.1, Avg: 0.2, Max: 0.2, Diff: 0.1, Sum: 0.6]
      [Update RS (ms): Min: 1.0, Avg: 1.4, Max: 2.0, Diff: 1.0, Sum: 5.8]
         [Processed Buffers: Min: 3, Avg: 5.3, Max: 9, Diff: 6, Sum: 21]
      [Scan RS (ms): Min: 0.0, Avg: 0.0, Max: 0.0, Diff: 0.0, Sum: 0.0]
      [Code Root Scanning (ms): Min: 0.0, Avg: 0.0, Max: 0.0, Diff: 0.0, Sum: 0.0]
      [Object Copy (ms): Min: 48.4, Avg: 49.0, Max: 49.4, Diff: 1.0, Sum: 195.8]
      [Termination (ms): Min: 0.0, Avg: 0.0, Max: 0.0, Diff: 0.0, Sum: 0.0]
         [Termination Attempts: Min: 1, Avg: 2.3, Max: 3, Diff: 2, Sum: 9]
      [GC Worker Other (ms): Min: 0.0, Avg: 0.0, Max: 0.0, Diff: 0.0, Sum: 0.0]
      [GC Worker Total (ms): Min: 50.5, Avg: 50.6, Max: 50.6, Diff: 0.1, Sum: 202.3]
      [GC Worker End (ms): Min: 180266.4, Avg: 180266.4, Max: 180266.4, Diff: 0.0]
   [Code Root Fixup: 0.0 ms]
   [Code Root Purge: 0.0 ms]
   [Clear CT: 0.0 ms]
   [Other: 4.3 ms]
      [Evacuation Failure: 3.9 ms]
      [Choose CSet: 0.0 ms]
      [Ref Proc: 0.0 ms]
      [Ref Enq: 0.0 ms]
      [Redirty Cards: 0.2 ms]
      [Humongous Register: 0.0 ms]
      [Humongous Reclaim: 0.0 ms]
      [Free CSet: 0.0 ms]
   [Eden: 22.0M(22.0M)->0.0B(23.0M) Survivors: 3072.0K->2048.0K Heap: 508.6M(512.0M)->490.6M(512.0M)]
 [Times: user=0.05 sys=0.02, real=0.05 secs] 
2017-05-09T22:00:31.887+0300: 180.271: [GC concurrent-mark-reset-for-overflow]
2017-05-09T22:00:32.286+0300: 180.656: [GC pause (G1 Evacuation Pause) (young) (to-space exhausted), 0.1259671 secs]
   [Parallel Time: 115.4 ms, GC Workers: 4]
      [GC Worker Start (ms): Min: 180656.3, Avg: 180657.1, Max: 180659.4, Diff: 3.2]
      [Ext Root Scanning (ms): Min: 0.0, Avg: 0.2, Max: 0.3, Diff: 0.3, Sum: 0.8]
      [Update RS (ms): Min: 0.0, Avg: 1.8, Max: 3.1, Diff: 3.1, Sum: 7.1]
         [Processed Buffers: Min: 0, Avg: 5.0, Max: 9, Diff: 9, Sum: 20]
      [Scan RS (ms): Min: 0.0, Avg: 0.0, Max: 0.0, Diff: 0.0, Sum: 0.0]
      [Code Root Scanning (ms): Min: 0.0, Avg: 0.0, Max: 0.0, Diff: 0.0, Sum: 0.0]
      [Object Copy (ms): Min: 111.9, Avg: 112.6, Max: 113.7, Diff: 1.8, Sum: 450.2]
      [Termination (ms): Min: 0.0, Avg: 0.0, Max: 0.0, Diff: 0.0, Sum: 0.0]
         [Termination Attempts: Min: 1, Avg: 1.0, Max: 1, Diff: 0, Sum: 4]
      [GC Worker Other (ms): Min: 0.0, Avg: 0.0, Max: 0.0, Diff: 0.0, Sum: 0.0]
      [GC Worker Total (ms): Min: 112.2, Avg: 114.5, Max: 115.3, Diff: 3.2, Sum: 458.2]
      [GC Worker End (ms): Min: 180771.6, Avg: 180771.6, Max: 180771.6, Diff: 0.0]
   [Code Root Fixup: 0.0 ms]
   [Code Root Purge: 0.0 ms]
   [Clear CT: 0.0 ms]
   [Other: 10.6 ms]
      [Evacuation Failure: 10.4 ms]
      [Choose CSet: 0.0 ms]
      [Ref Proc: 0.0 ms]
      [Ref Enq: 0.0 ms]
      [Redirty Cards: 0.0 ms]
      [Humongous Register: 0.0 ms]
      [Humongous Reclaim: 0.0 ms]
      [Free CSet: 0.0 ms]
   [Eden: 20.0M(23.0M)->0.0B(25.0M) Survivors: 2048.0K->0.0B Heap: 510.6M(512.0M)->510.6M(512.0M)]
 [Times: user=0.16 sys=0.00, real=0.13 secs] 
2017-05-09T22:00:32.411+0300: 180.783: [GC pause (G1 Evacuation Pause) (young), 0.0010499 secs]
   [Parallel Time: 0.9 ms, GC Workers: 4]
      [GC Worker Start (ms): Min: 180782.6, Avg: 180782.6, Max: 180782.6, Diff: 0.0]
      [Ext Root Scanning (ms): Min: 0.2, Avg: 0.2, Max: 0.2, Diff: 0.0, Sum: 0.7]
      [Update RS (ms): Min: 0.7, Avg: 0.7, Max: 0.7, Diff: 0.0, Sum: 2.9]
         [Processed Buffers: Min: 2, Avg: 3.5, Max: 5, Diff: 3, Sum: 14]
      [Scan RS (ms): Min: 0.0, Avg: 0.0, Max: 0.0, Diff: 0.0, Sum: 0.0]
      [Code Root Scanning (ms): Min: 0.0, Avg: 0.0, Max: 0.0, Diff: 0.0, Sum: 0.0]
      [Object Copy (ms): Min: 0.0, Avg: 0.0, Max: 0.0, Diff: 0.0, Sum: 0.0]
      [Termination (ms): Min: 0.0, Avg: 0.0, Max: 0.0, Diff: 0.0, Sum: 0.0]
         [Termination Attempts: Min: 1, Avg: 1.0, Max: 1, Diff: 0, Sum: 4]
      [GC Worker Other (ms): Min: 0.0, Avg: 0.0, Max: 0.0, Diff: 0.0, Sum: 0.0]
      [GC Worker Total (ms): Min: 0.9, Avg: 0.9, Max: 0.9, Diff: 0.0, Sum: 3.6]
      [GC Worker End (ms): Min: 180783.5, Avg: 180783.5, Max: 180783.5, Diff: 0.0]
   [Code Root Fixup: 0.0 ms]
   [Code Root Purge: 0.0 ms]
   [Clear CT: 0.0 ms]
   [Other: 0.1 ms]
      [Choose CSet: 0.0 ms]
      [Ref Proc: 0.0 ms]
      [Ref Enq: 0.0 ms]
      [Redirty Cards: 0.0 ms]
      [Humongous Register: 0.0 ms]
      [Humongous Reclaim: 0.0 ms]
      [Free CSet: 0.0 ms]
   [Eden: 0.0B(25.0M)->0.0B(25.0M) Survivors: 0.0B->0.0B Heap: 510.6M(512.0M)->510.6M(512.0M)]
 [Times: user=0.00 sys=0.00, real=0.00 secs] 
2017-05-09T22:00:32.411+0300: 180.784: [Full GC (Allocation Failure)  510M->456M(512M), 1.1736513 secs]
   [Eden: 0.0B(25.0M)->0.0B(25.0M) Survivors: 0.0B->0.0B Heap: 510.6M(512.0M)->456.1M(512.0M)], [Metaspace: 7484K->7484K(1056768K)]
 [Times: user=1.51 sys=0.05, real=1.18 secs] 
2017-05-09T22:00:33.588+0300: 181.958: [GC concurrent-mark-abort]
2017-05-09T22:00:34.008+0300: 182.391: [GC pause (G1 Evacuation Pause) (young), 0.0033665 secs]
   [Parallel Time: 3.0 ms, GC Workers: 4]
      [GC Worker Start (ms): Min: 182391.1, Avg: 182391.1, Max: 182391.1, Diff: 0.0]
      [Ext Root Scanning (ms): Min: 0.2, Avg: 0.2, Max: 0.2, Diff: 0.0, Sum: 0.7]
      [Update RS (ms): Min: 0.0, Avg: 0.7, Max: 1.4, Diff: 1.4, Sum: 2.7]
         [Processed Buffers: Min: 0, Avg: 0.5, Max: 1, Diff: 1, Sum: 2]
      [Scan RS (ms): Min: 0.0, Avg: 0.0, Max: 0.0, Diff: 0.0, Sum: 0.0]
      [Code Root Scanning (ms): Min: 0.0, Avg: 0.0, Max: 0.0, Diff: 0.0, Sum: 0.0]
      [Object Copy (ms): Min: 1.5, Avg: 2.2, Max: 2.8, Diff: 1.4, Sum: 8.7]
      [Termination (ms): Min: 0.0, Avg: 0.0, Max: 0.0, Diff: 0.0, Sum: 0.0]
         [Termination Attempts: Min: 1, Avg: 1.0, Max: 1, Diff: 0, Sum: 4]
      [GC Worker Other (ms): Min: 0.0, Avg: 0.0, Max: 0.0, Diff: 0.0, Sum: 0.0]
      [GC Worker Total (ms): Min: 3.0, Avg: 3.0, Max: 3.0, Diff: 0.0, Sum: 12.1]
      [GC Worker End (ms): Min: 182394.1, Avg: 182394.1, Max: 182394.1, Diff: 0.0]
   [Code Root Fixup: 0.0 ms]
   [Code Root Purge: 0.0 ms]
   [Clear CT: 0.0 ms]
   [Other: 0.3 ms]
      [Choose CSet: 0.0 ms]
      [Ref Proc: 0.1 ms]
      [Ref Enq: 0.0 ms]
      [Redirty Cards: 0.0 ms]
      [Humongous Register: 0.0 ms]
      [Humongous Reclaim: 0.0 ms]
      [Free CSet: 0.1 ms]
   [Eden: 25.0M(25.0M)->0.0B(23.0M) Survivors: 0.0B->2048.0K Heap: 481.1M(512.0M)->457.2M(512.0M)]
 [Times: user=0.06 sys=0.00, real=0.02 secs] 
2017-05-09T22:00:34.445+0300: 182.818: [GC pause (G1 Evacuation Pause) (young) (initial-mark), 0.0046634 secs]
   [Parallel Time: 4.4 ms, GC Workers: 4]
      [GC Worker Start (ms): Min: 182818.2, Avg: 182818.3, Max: 182818.4, Diff: 0.2]
      [Ext Root Scanning (ms): Min: 0.2, Avg: 1.2, Max: 4.2, Diff: 3.9, Sum: 4.9]
      [Update RS (ms): Min: 0.0, Avg: 0.8, Max: 1.4, Diff: 1.4, Sum: 3.1]
         [Processed Buffers: Min: 0, Avg: 1.8, Max: 3, Diff: 3, Sum: 7]
      [Scan RS (ms): Min: 0.0, Avg: 0.0, Max: 0.0, Diff: 0.0, Sum: 0.0]
      [Code Root Scanning (ms): Min: 0.0, Avg: 0.0, Max: 0.0, Diff: 0.0, Sum: 0.0]
      [Object Copy (ms): Min: 0.0, Avg: 2.3, Max: 3.6, Diff: 3.6, Sum: 9.2]
      [Termination (ms): Min: 0.0, Avg: 0.0, Max: 0.0, Diff: 0.0, Sum: 0.1]
         [Termination Attempts: Min: 1, Avg: 2.0, Max: 4, Diff: 3, Sum: 8]
      [GC Worker Other (ms): Min: 0.0, Avg: 0.0, Max: 0.0, Diff: 0.0, Sum: 0.0]
      [GC Worker Total (ms): Min: 4.2, Avg: 4.3, Max: 4.4, Diff: 0.2, Sum: 17.3]
      [GC Worker End (ms): Min: 182822.6, Avg: 182822.6, Max: 182822.6, Diff: 0.0]
   [Code Root Fixup: 0.0 ms]
   [Code Root Purge: 0.0 ms]
   [Clear CT: 0.0 ms]
   [Other: 0.2 ms]
      [Choose CSet: 0.0 ms]
      [Ref Proc: 0.1 ms]
      [Ref Enq: 0.0 ms]
      [Redirty Cards: 0.0 ms]
      [Humongous Register: 0.0 ms]
      [Humongous Reclaim: 0.0 ms]
      [Free CSet: 0.0 ms]
   [Eden: 23.0M(23.0M)->0.0B(22.0M) Survivors: 2048.0K->3072.0K Heap: 480.2M(512.0M)->458.3M(512.0M)]
 [Times: user=0.00 sys=0.00, real=0.00 secs] 
2017-05-09T22:00:34.445+0300: 182.823: [GC concurrent-root-region-scan-start]
2017-05-09T22:00:34.445+0300: 182.824: [GC concurrent-root-region-scan-end, 0.0012812 secs]
2017-05-09T22:00:34.445+0300: 182.824: [GC concurrent-mark-start]
2017-05-09T22:00:35.008+0300: 183.380: [GC pause (G1 Evacuation Pause) (young), 0.0061849 secs]
   [Parallel Time: 6.0 ms, GC Workers: 4]
      [GC Worker Start (ms): Min: 183380.1, Avg: 183380.7, Max: 183382.4, Diff: 2.4]
      [Ext Root Scanning (ms): Min: 0.0, Avg: 0.2, Max: 0.2, Diff: 0.2, Sum: 0.6]
      [Update RS (ms): Min: 0.0, Avg: 1.2, Max: 2.1, Diff: 2.1, Sum: 4.9]
         [Processed Buffers: Min: 0, Avg: 2.3, Max: 3, Diff: 3, Sum: 9]
      [Scan RS (ms): Min: 0.0, Avg: 0.0, Max: 0.0, Diff: 0.0, Sum: 0.0]
      [Code Root Scanning (ms): Min: 0.0, Avg: 0.0, Max: 0.0, Diff: 0.0, Sum: 0.0]
      [Object Copy (ms): Min: 3.6, Avg: 4.0, Max: 4.7, Diff: 1.1, Sum: 15.9]
      [Termination (ms): Min: 0.0, Avg: 0.0, Max: 0.0, Diff: 0.0, Sum: 0.0]
         [Termination Attempts: Min: 1, Avg: 2.3, Max: 4, Diff: 3, Sum: 9]
      [GC Worker Other (ms): Min: 0.0, Avg: 0.0, Max: 0.0, Diff: 0.0, Sum: 0.0]
      [GC Worker Total (ms): Min: 3.6, Avg: 5.4, Max: 6.0, Diff: 2.4, Sum: 21.4]
      [GC Worker End (ms): Min: 183386.0, Avg: 183386.0, Max: 183386.0, Diff: 0.0]
   [Code Root Fixup: 0.0 ms]
   [Code Root Purge: 0.0 ms]
   [Clear CT: 0.0 ms]
   [Other: 0.2 ms]
      [Choose CSet: 0.0 ms]
      [Ref Proc: 0.1 ms]
      [Ref Enq: 0.0 ms]
      [Redirty Cards: 0.0 ms]
      [Humongous Register: 0.0 ms]
      [Humongous Reclaim: 0.0 ms]
      [Free CSet: 0.0 ms]
   [Eden: 22.0M(22.0M)->0.0B(21.0M) Survivors: 3072.0K->4096.0K Heap: 480.3M(512.0M)->460.2M(512.0M)]
 [Times: user=0.00 sys=0.00, real=0.00 secs] 
2017-05-09T22:00:35.008+0300: 183.386: [GC concurrent-mark-reset-for-overflow]
2017-05-09T22:00:35.924+0300: 184.293: [GC pause (G1 Evacuation Pause) (young), 0.0063120 secs]
   [Parallel Time: 5.8 ms, GC Workers: 4]
      [GC Worker Start (ms): Min: 184293.3, Avg: 184293.3, Max: 184293.3, Diff: 0.1]
      [Ext Root Scanning (ms): Min: 0.1, Avg: 0.2, Max: 0.2, Diff: 0.0, Sum: 0.6]
      [Update RS (ms): Min: 0.8, Avg: 1.3, Max: 1.8, Diff: 1.0, Sum: 5.1]
         [Processed Buffers: Min: 2, Avg: 2.5, Max: 3, Diff: 1, Sum: 10]
      [Scan RS (ms): Min: 0.0, Avg: 0.0, Max: 0.0, Diff: 0.0, Sum: 0.0]
      [Code Root Scanning (ms): Min: 0.0, Avg: 0.0, Max: 0.0, Diff: 0.0, Sum: 0.0]
      [Object Copy (ms): Min: 3.8, Avg: 4.3, Max: 4.8, Diff: 1.0, Sum: 17.4]
      [Termination (ms): Min: 0.0, Avg: 0.0, Max: 0.0, Diff: 0.0, Sum: 0.0]
         [Termination Attempts: Min: 1, Avg: 1.0, Max: 1, Diff: 0, Sum: 4]
      [GC Worker Other (ms): Min: 0.0, Avg: 0.0, Max: 0.0, Diff: 0.0, Sum: 0.0]
      [GC Worker Total (ms): Min: 5.8, Avg: 5.8, Max: 5.8, Diff: 0.1, Sum: 23.1]
      [GC Worker End (ms): Min: 184299.1, Avg: 184299.1, Max: 184299.1, Diff: 0.0]
   [Code Root Fixup: 0.0 ms]
   [Code Root Purge: 0.0 ms]
   [Clear CT: 0.1 ms]
   [Other: 0.3 ms]
      [Choose CSet: 0.0 ms]
      [Ref Proc: 0.1 ms]
      [Ref Enq: 0.0 ms]
      [Redirty Cards: 0.2 ms]
      [Humongous Register: 0.0 ms]
      [Humongous Reclaim: 0.0 ms]
      [Free CSet: 0.0 ms]
   [Eden: 21.0M(21.0M)->0.0B(21.0M) Survivors: 4096.0K->4096.0K Heap: 481.2M(512.0M)->460.6M(512.0M)]
 [Times: user=0.00 sys=0.00, real=0.01 secs] 
2017-05-09T22:00:35.930+0300: 184.300: [GC concurrent-mark-reset-for-overflow]
2017-05-09T22:00:36.303+0300: 184.676: [GC pause (G1 Evacuation Pause) (young), 0.0078429 secs]
   [Parallel Time: 7.6 ms, GC Workers: 4]
      [GC Worker Start (ms): Min: 184676.1, Avg: 184676.9, Max: 184679.1, Diff: 2.9]
      [Ext Root Scanning (ms): Min: 0.0, Avg: 0.1, Max: 0.2, Diff: 0.2, Sum: 0.5]
      [Update RS (ms): Min: 0.0, Avg: 1.4, Max: 2.4, Diff: 2.4, Sum: 5.8]
         [Processed Buffers: Min: 0, Avg: 2.8, Max: 4, Diff: 4, Sum: 11]
      [Scan RS (ms): Min: 0.0, Avg: 0.0, Max: 0.0, Diff: 0.0, Sum: 0.0]
      [Code Root Scanning (ms): Min: 0.0, Avg: 0.0, Max: 0.0, Diff: 0.0, Sum: 0.0]
      [Object Copy (ms): Min: 4.7, Avg: 5.3, Max: 6.0, Diff: 1.4, Sum: 21.1]
      [Termination (ms): Min: 0.0, Avg: 0.0, Max: 0.0, Diff: 0.0, Sum: 0.0]
         [Termination Attempts: Min: 1, Avg: 13.5, Max: 21, Diff: 20, Sum: 54]
      [GC Worker Other (ms): Min: 0.0, Avg: 0.0, Max: 0.0, Diff: 0.0, Sum: 0.0]
      [GC Worker Total (ms): Min: 4.7, Avg: 6.9, Max: 7.6, Diff: 2.9, Sum: 27.5]
      [GC Worker End (ms): Min: 184683.7, Avg: 184683.7, Max: 184683.7, Diff: 0.0]
   [Code Root Fixup: 0.0 ms]
   [Code Root Purge: 0.0 ms]
   [Clear CT: 0.0 ms]
   [Other: 0.2 ms]
      [Choose CSet: 0.0 ms]
      [Ref Proc: 0.1 ms]
      [Ref Enq: 0.0 ms]
      [Redirty Cards: 0.0 ms]
      [Humongous Register: 0.0 ms]
      [Humongous Reclaim: 0.0 ms]
      [Free CSet: 0.0 ms]
   [Eden: 21.0M(21.0M)->0.0B(22.0M) Survivors: 4096.0K->3072.0K Heap: 481.6M(512.0M)->461.5M(512.0M)]
 [Times: user=0.00 sys=0.00, real=0.00 secs] 
2017-05-09T22:00:36.659+0300: 185.035: [GC concurrent-mark-end, 2.2109625 secs]
2017-05-09T22:00:36.659+0300: 185.035: [GC remark 2017-05-09T22:00:36.659+0300: 185.035: [Finalize Marking, 0.0000497 secs] 2017-05-09T22:00:36.659+0300: 185.035: [GC ref-proc, 0.0001114 secs] 2017-05-09T22:00:36.659+0300: 185.036: [Unloading, 0.0008478 secs], 0.0020639 secs]
 [Times: user=0.00 sys=0.00, real=0.00 secs] 
2017-05-09T22:00:36.659+0300: 185.037: [GC cleanup 482M->482M(512M), 0.0002982 secs]
 [Times: user=0.00 sys=0.00, real=0.00 secs] 
2017-05-09T22:00:36.690+0300: 185.074: [GC pause (G1 Evacuation Pause) (young), 0.0087160 secs]
   [Parallel Time: 8.4 ms, GC Workers: 4]
      [GC Worker Start (ms): Min: 185073.8, Avg: 185074.0, Max: 185074.5, Diff: 0.6]
      [Ext Root Scanning (ms): Min: 0.0, Avg: 0.1, Max: 0.2, Diff: 0.2, Sum: 0.6]
      [Update RS (ms): Min: 1.1, Avg: 2.8, Max: 5.3, Diff: 4.2, Sum: 11.4]
         [Processed Buffers: Min: 1, Avg: 2.8, Max: 4, Diff: 3, Sum: 11]
      [Scan RS (ms): Min: 0.0, Avg: 0.0, Max: 0.0, Diff: 0.0, Sum: 0.0]
      [Code Root Scanning (ms): Min: 0.0, Avg: 0.0, Max: 0.0, Diff: 0.0, Sum: 0.0]
      [Object Copy (ms): Min: 2.9, Avg: 5.2, Max: 6.6, Diff: 3.7, Sum: 20.9]
      [Termination (ms): Min: 0.0, Avg: 0.0, Max: 0.0, Diff: 0.0, Sum: 0.0]
         [Termination Attempts: Min: 1, Avg: 22.5, Max: 36, Diff: 35, Sum: 90]
      [GC Worker Other (ms): Min: 0.0, Avg: 0.0, Max: 0.0, Diff: 0.0, Sum: 0.0]
      [GC Worker Total (ms): Min: 7.8, Avg: 8.2, Max: 8.4, Diff: 0.6, Sum: 32.9]
      [GC Worker End (ms): Min: 185082.2, Avg: 185082.2, Max: 185082.2, Diff: 0.0]
   [Code Root Fixup: 0.0 ms]
   [Code Root Purge: 0.0 ms]
   [Clear CT: 0.0 ms]
   [Other: 0.3 ms]
      [Choose CSet: 0.0 ms]
      [Ref Proc: 0.1 ms]
      [Ref Enq: 0.0 ms]
      [Redirty Cards: 0.0 ms]
      [Humongous Register: 0.0 ms]
      [Humongous Reclaim: 0.0 ms]
      [Free CSet: 0.0 ms]
   [Eden: 22.0M(22.0M)->0.0B(21.0M) Survivors: 3072.0K->4096.0K Heap: 483.5M(512.0M)->463.3M(512.0M)]
 [Times: user=0.05 sys=0.00, real=0.02 secs] 
2017-05-09T22:00:37.096+0300: 185.468: [GC pause (G1 Evacuation Pause) (young), 0.0061683 secs]
   [Parallel Time: 6.0 ms, GC Workers: 4]
      [GC Worker Start (ms): Min: 185468.4, Avg: 185468.4, Max: 185468.4, Diff: 0.0]
      [Ext Root Scanning (ms): Min: 0.2, Avg: 0.2, Max: 0.2, Diff: 0.0, Sum: 0.6]
      [Update RS (ms): Min: 1.0, Avg: 1.3, Max: 1.7, Diff: 0.7, Sum: 5.3]
         [Processed Buffers: Min: 2, Avg: 3.0, Max: 4, Diff: 2, Sum: 12]
      [Scan RS (ms): Min: 0.0, Avg: 0.0, Max: 0.0, Diff: 0.0, Sum: 0.0]
      [Code Root Scanning (ms): Min: 0.0, Avg: 0.0, Max: 0.0, Diff: 0.0, Sum: 0.0]
      [Object Copy (ms): Min: 4.1, Avg: 4.4, Max: 4.7, Diff: 0.7, Sum: 17.7]
      [Termination (ms): Min: 0.0, Avg: 0.0, Max: 0.0, Diff: 0.0, Sum: 0.0]
         [Termination Attempts: Min: 1, Avg: 6.3, Max: 9, Diff: 8, Sum: 25]
      [GC Worker Other (ms): Min: 0.0, Avg: 0.0, Max: 0.0, Diff: 0.0, Sum: 0.0]
      [GC Worker Total (ms): Min: 5.9, Avg: 5.9, Max: 5.9, Diff: 0.0, Sum: 23.7]
      [GC Worker End (ms): Min: 185474.4, Avg: 185474.4, Max: 185474.4, Diff: 0.0]
   [Code Root Fixup: 0.0 ms]
   [Code Root Purge: 0.0 ms]
   [Clear CT: 0.0 ms]
   [Other: 0.2 ms]
      [Choose CSet: 0.0 ms]
      [Ref Proc: 0.1 ms]
      [Ref Enq: 0.0 ms]
      [Redirty Cards: 0.0 ms]
      [Humongous Register: 0.0 ms]
      [Humongous Reclaim: 0.0 ms]
      [Free CSet: 0.0 ms]
   [Eden: 21.0M(21.0M)->0.0B(21.0M) Survivors: 4096.0K->4096.0K Heap: 484.3M(512.0M)->464.8M(512.0M)]
 [Times: user=0.00 sys=0.00, real=0.00 secs] 
2017-05-09T22:00:37.503+0300: 185.883: [GC pause (G1 Evacuation Pause) (young) (initial-mark), 0.0082145 secs]
   [Parallel Time: 7.9 ms, GC Workers: 4]
      [GC Worker Start (ms): Min: 185883.0, Avg: 185883.0, Max: 185883.1, Diff: 0.1]
      [Ext Root Scanning (ms): Min: 0.6, Avg: 0.6, Max: 0.7, Diff: 0.1, Sum: 2.5]
      [Update RS (ms): Min: 1.3, Avg: 2.9, Max: 5.9, Diff: 4.6, Sum: 11.8]
         [Processed Buffers: Min: 1, Avg: 2.8, Max: 4, Diff: 3, Sum: 11]
      [Scan RS (ms): Min: 0.0, Avg: 0.0, Max: 0.0, Diff: 0.0, Sum: 0.0]
      [Code Root Scanning (ms): Min: 0.0, Avg: 0.0, Max: 0.0, Diff: 0.0, Sum: 0.0]
      [Object Copy (ms): Min: 1.3, Avg: 4.3, Max: 5.9, Diff: 4.7, Sum: 17.1]
      [Termination (ms): Min: 0.0, Avg: 0.0, Max: 0.0, Diff: 0.0, Sum: 0.0]
         [Termination Attempts: Min: 1, Avg: 1.0, Max: 1, Diff: 0, Sum: 4]
      [GC Worker Other (ms): Min: 0.0, Avg: 0.0, Max: 0.0, Diff: 0.0, Sum: 0.1]
      [GC Worker Total (ms): Min: 7.8, Avg: 7.9, Max: 7.9, Diff: 0.1, Sum: 31.4]
      [GC Worker End (ms): Min: 185890.9, Avg: 185890.9, Max: 185890.9, Diff: 0.0]
   [Code Root Fixup: 0.0 ms]
   [Code Root Purge: 0.0 ms]
   [Clear CT: 0.0 ms]
   [Other: 0.3 ms]
      [Choose CSet: 0.0 ms]
      [Ref Proc: 0.1 ms]
      [Ref Enq: 0.0 ms]
      [Redirty Cards: 0.0 ms]
      [Humongous Register: 0.0 ms]
      [Humongous Reclaim: 0.0 ms]
      [Free CSet: 0.0 ms]
   [Eden: 21.0M(21.0M)->0.0B(21.0M) Survivors: 4096.0K->4096.0K Heap: 485.8M(512.0M)->466.2M(512.0M)]
 [Times: user=0.05 sys=0.00, real=0.01 secs] 
2017-05-09T22:00:37.518+0300: 185.891: [GC concurrent-root-region-scan-start]
2017-05-09T22:00:37.518+0300: 185.893: [GC concurrent-root-region-scan-end, 0.0020624 secs]
2017-05-09T22:00:37.518+0300: 185.893: [GC concurrent-mark-start]
2017-05-09T22:00:38.067+0300: 186.441: [GC pause (G1 Evacuation Pause) (young), 0.0063228 secs]
   [Parallel Time: 5.9 ms, GC Workers: 4]
      [GC Worker Start (ms): Min: 186441.2, Avg: 186441.3, Max: 186441.3, Diff: 0.0]
      [Ext Root Scanning (ms): Min: 0.1, Avg: 0.2, Max: 0.2, Diff: 0.0, Sum: 0.6]
      [Update RS (ms): Min: 1.0, Avg: 1.3, Max: 1.7, Diff: 0.8, Sum: 5.2]
         [Processed Buffers: Min: 2, Avg: 2.8, Max: 3, Diff: 1, Sum: 11]
      [Scan RS (ms): Min: 0.0, Avg: 0.0, Max: 0.0, Diff: 0.0, Sum: 0.0]
      [Code Root Scanning (ms): Min: 0.0, Avg: 0.0, Max: 0.0, Diff: 0.0, Sum: 0.0]
      [Object Copy (ms): Min: 4.0, Avg: 4.4, Max: 4.8, Diff: 0.8, Sum: 17.7]
      [Termination (ms): Min: 0.0, Avg: 0.0, Max: 0.0, Diff: 0.0, Sum: 0.0]
         [Termination Attempts: Min: 1, Avg: 21.5, Max: 33, Diff: 32, Sum: 86]
      [GC Worker Other (ms): Min: 0.0, Avg: 0.0, Max: 0.0, Diff: 0.0, Sum: 0.0]
      [GC Worker Total (ms): Min: 5.9, Avg: 5.9, Max: 5.9, Diff: 0.0, Sum: 23.6]
      [GC Worker End (ms): Min: 186447.1, Avg: 186447.1, Max: 186447.1, Diff: 0.0]
   [Code Root Fixup: 0.0 ms]
   [Code Root Purge: 0.0 ms]
   [Clear CT: 0.1 ms]
   [Other: 0.3 ms]
      [Choose CSet: 0.0 ms]
      [Ref Proc: 0.1 ms]
      [Ref Enq: 0.0 ms]
      [Redirty Cards: 0.1 ms]
      [Humongous Register: 0.0 ms]
      [Humongous Reclaim: 0.0 ms]
      [Free CSet: 0.0 ms]
   [Eden: 21.0M(21.0M)->0.0B(21.0M) Survivors: 4096.0K->4096.0K Heap: 487.2M(512.0M)->467.8M(512.0M)]
 [Times: user=0.00 sys=0.00, real=0.00 secs] 
2017-05-09T22:00:38.067+0300: 186.448: [GC concurrent-mark-reset-for-overflow]
2017-05-09T22:00:38.990+0300: 187.361: [GC pause (G1 Evacuation Pause) (young), 0.0070381 secs]
   [Parallel Time: 6.3 ms, GC Workers: 4]
      [GC Worker Start (ms): Min: 187361.1, Avg: 187361.2, Max: 187361.2, Diff: 0.1]
      [Ext Root Scanning (ms): Min: 0.1, Avg: 0.2, Max: 0.2, Diff: 0.0, Sum: 0.6]
      [Update RS (ms): Min: 0.9, Avg: 1.3, Max: 1.9, Diff: 1.1, Sum: 5.3]
         [Processed Buffers: Min: 2, Avg: 2.8, Max: 3, Diff: 1, Sum: 11]
      [Scan RS (ms): Min: 0.0, Avg: 0.0, Max: 0.0, Diff: 0.0, Sum: 0.0]
      [Code Root Scanning (ms): Min: 0.0, Avg: 0.0, Max: 0.0, Diff: 0.0, Sum: 0.0]
      [Object Copy (ms): Min: 4.1, Avg: 4.7, Max: 5.2, Diff: 1.1, Sum: 18.8]
      [Termination (ms): Min: 0.0, Avg: 0.0, Max: 0.0, Diff: 0.0, Sum: 0.0]
         [Termination Attempts: Min: 1, Avg: 42.3, Max: 61, Diff: 60, Sum: 169]
      [GC Worker Other (ms): Min: 0.0, Avg: 0.0, Max: 0.0, Diff: 0.0, Sum: 0.0]
      [GC Worker Total (ms): Min: 6.2, Avg: 6.2, Max: 6.2, Diff: 0.1, Sum: 24.8]
      [GC Worker End (ms): Min: 187367.4, Avg: 187367.4, Max: 187367.4, Diff: 0.0]
   [Code Root Fixup: 0.0 ms]
   [Code Root Purge: 0.0 ms]
   [Clear CT: 0.2 ms]
   [Other: 0.5 ms]
      [Choose CSet: 0.0 ms]
      [Ref Proc: 0.2 ms]
      [Ref Enq: 0.0 ms]
      [Redirty Cards: 0.2 ms]
      [Humongous Register: 0.0 ms]
      [Humongous Reclaim: 0.0 ms]
      [Free CSet: 0.0 ms]
   [Eden: 21.0M(21.0M)->0.0B(21.0M) Survivors: 4096.0K->4096.0K Heap: 488.8M(512.0M)->469.3M(512.0M)]
 [Times: user=0.00 sys=0.00, real=0.00 secs] 
2017-05-09T22:00:38.990+0300: 187.368: [GC concurrent-mark-reset-for-overflow]
2017-05-09T22:00:39.381+0300: 187.758: [GC pause (G1 Evacuation Pause) (young), 0.0069604 secs]
   [Parallel Time: 6.7 ms, GC Workers: 4]
      [GC Worker Start (ms): Min: 187757.7, Avg: 187757.7, Max: 187757.7, Diff: 0.0]
      [Ext Root Scanning (ms): Min: 0.1, Avg: 0.2, Max: 0.2, Diff: 0.0, Sum: 0.6]
      [Update RS (ms): Min: 1.0, Avg: 1.3, Max: 1.9, Diff: 0.9, Sum: 5.3]
         [Processed Buffers: Min: 2, Avg: 2.8, Max: 3, Diff: 1, Sum: 11]
      [Scan RS (ms): Min: 0.0, Avg: 0.0, Max: 0.0, Diff: 0.0, Sum: 0.0]
      [Code Root Scanning (ms): Min: 0.0, Avg: 0.0, Max: 0.0, Diff: 0.0, Sum: 0.0]
      [Object Copy (ms): Min: 4.6, Avg: 5.1, Max: 5.5, Diff: 0.9, Sum: 20.5]
      [Termination (ms): Min: 0.0, Avg: 0.0, Max: 0.1, Diff: 0.1, Sum: 0.1]
         [Termination Attempts: Min: 1, Avg: 22.3, Max: 32, Diff: 31, Sum: 89]
      [GC Worker Other (ms): Min: 0.0, Avg: 0.0, Max: 0.0, Diff: 0.0, Sum: 0.0]
      [GC Worker Total (ms): Min: 6.6, Avg: 6.6, Max: 6.7, Diff: 0.0, Sum: 26.6]
      [GC Worker End (ms): Min: 187764.4, Avg: 187764.4, Max: 187764.4, Diff: 0.0]
   [Code Root Fixup: 0.0 ms]
   [Code Root Purge: 0.0 ms]
   [Clear CT: 0.0 ms]
   [Other: 0.2 ms]
      [Choose CSet: 0.0 ms]
      [Ref Proc: 0.1 ms]
      [Ref Enq: 0.0 ms]
      [Redirty Cards: 0.0 ms]
      [Humongous Register: 0.0 ms]
      [Humongous Reclaim: 0.0 ms]
      [Free CSet: 0.0 ms]
   [Eden: 21.0M(21.0M)->0.0B(21.0M) Survivors: 4096.0K->4096.0K Heap: 490.3M(512.0M)->470.8M(512.0M)]
 [Times: user=0.00 sys=0.00, real=0.00 secs] 
2017-05-09T22:00:39.730+0300: 188.103: [GC concurrent-mark-end, 2.2095165 secs]
2017-05-09T22:00:39.730+0300: 188.103: [GC remark 2017-05-09T22:00:39.730+0300: 188.103: [Finalize Marking, 0.0000485 secs] 2017-05-09T22:00:39.730+0300: 188.103: [GC ref-proc, 0.0001081 secs] 2017-05-09T22:00:39.730+0300: 188.103: [Unloading, 0.0008035 secs], 0.0020260 secs]
 [Times: user=0.00 sys=0.00, real=0.00 secs] 
2017-05-09T22:00:39.730+0300: 188.105: [GC cleanup 487M->487M(512M), 0.0002988 secs]
 [Times: user=0.00 sys=0.00, real=0.00 secs] 
2017-05-09T22:00:39.839+0300: 188.209: [GC pause (G1 Evacuation Pause) (young), 0.0059470 secs]
   [Parallel Time: 5.7 ms, GC Workers: 4]
      [GC Worker Start (ms): Min: 188208.7, Avg: 188208.7, Max: 188208.7, Diff: 0.0]
      [Ext Root Scanning (ms): Min: 0.2, Avg: 0.2, Max: 0.2, Diff: 0.0, Sum: 0.6]
      [Update RS (ms): Min: 1.0, Avg: 1.3, Max: 1.8, Diff: 0.8, Sum: 5.3]
         [Processed Buffers: Min: 2, Avg: 3.0, Max: 4, Diff: 2, Sum: 12]
      [Scan RS (ms): Min: 0.0, Avg: 0.0, Max: 0.0, Diff: 0.0, Sum: 0.0]
      [Code Root Scanning (ms): Min: 0.0, Avg: 0.0, Max: 0.0, Diff: 0.0, Sum: 0.0]
      [Object Copy (ms): Min: 3.6, Avg: 4.1, Max: 4.4, Diff: 0.8, Sum: 16.5]
      [Termination (ms): Min: 0.0, Avg: 0.0, Max: 0.1, Diff: 0.1, Sum: 0.2]
         [Termination Attempts: Min: 1, Avg: 10.5, Max: 19, Diff: 18, Sum: 42]
      [GC Worker Other (ms): Min: 0.0, Avg: 0.0, Max: 0.0, Diff: 0.0, Sum: 0.0]
      [GC Worker Total (ms): Min: 5.7, Avg: 5.7, Max: 5.7, Diff: 0.0, Sum: 22.7]
      [GC Worker End (ms): Min: 188214.4, Avg: 188214.4, Max: 188214.4, Diff: 0.0]
   [Code Root Fixup: 0.0 ms]
   [Code Root Purge: 0.0 ms]
   [Clear CT: 0.0 ms]
   [Other: 0.2 ms]
      [Choose CSet: 0.0 ms]
      [Ref Proc: 0.1 ms]
      [Ref Enq: 0.0 ms]
      [Redirty Cards: 0.0 ms]
      [Humongous Register: 0.0 ms]
      [Humongous Reclaim: 0.0 ms]
      [Free CSet: 0.1 ms]
   [Eden: 21.0M(21.0M)->0.0B(21.0M) Survivors: 4096.0K->4096.0K Heap: 491.8M(512.0M)->472.7M(512.0M)]
 [Times: user=0.00 sys=0.00, real=0.00 secs] 
2017-05-09T22:00:40.246+0300: 188.617: [GC pause (G1 Evacuation Pause) (young), 0.0074775 secs]
   [Parallel Time: 7.3 ms, GC Workers: 4]
      [GC Worker Start (ms): Min: 188617.3, Avg: 188619.1, Max: 188624.5, Diff: 7.2]
      [Ext Root Scanning (ms): Min: 0.0, Avg: 0.1, Max: 0.2, Diff: 0.2, Sum: 0.5]
      [Update RS (ms): Min: 0.0, Avg: 1.3, Max: 2.1, Diff: 2.1, Sum: 5.2]
         [Processed Buffers: Min: 0, Avg: 2.8, Max: 4, Diff: 4, Sum: 11]
      [Scan RS (ms): Min: 0.0, Avg: 0.0, Max: 0.0, Diff: 0.0, Sum: 0.0]
      [Code Root Scanning (ms): Min: 0.0, Avg: 0.0, Max: 0.0, Diff: 0.0, Sum: 0.0]
      [Object Copy (ms): Min: 0.0, Avg: 3.9, Max: 5.7, Diff: 5.7, Sum: 15.8]
      [Termination (ms): Min: 0.0, Avg: 0.0, Max: 0.1, Diff: 0.1, Sum: 0.2]
         [Termination Attempts: Min: 1, Avg: 4.3, Max: 10, Diff: 9, Sum: 17]
      [GC Worker Other (ms): Min: 0.0, Avg: 0.0, Max: 0.0, Diff: 0.0, Sum: 0.0]
      [GC Worker Total (ms): Min: 0.0, Avg: 5.4, Max: 7.2, Diff: 7.2, Sum: 21.7]
      [GC Worker End (ms): Min: 188624.5, Avg: 188624.5, Max: 188624.5, Diff: 0.0]
   [Code Root Fixup: 0.0 ms]
   [Code Root Purge: 0.0 ms]
   [Clear CT: 0.0 ms]
   [Other: 0.2 ms]
      [Choose CSet: 0.0 ms]
      [Ref Proc: 0.1 ms]
      [Ref Enq: 0.0 ms]
      [Redirty Cards: 0.0 ms]
      [Humongous Register: 0.0 ms]
      [Humongous Reclaim: 0.0 ms]
      [Free CSet: 0.0 ms]
   [Eden: 21.0M(21.0M)->0.0B(21.0M) Survivors: 4096.0K->4096.0K Heap: 493.7M(512.0M)->473.8M(512.0M)]
 [Times: user=0.00 sys=0.00, real=0.00 secs] 
2017-05-09T22:00:40.636+0300: 189.013: [GC pause (G1 Evacuation Pause) (young) (initial-mark), 0.0089714 secs]
   [Parallel Time: 8.6 ms, GC Workers: 4]
      [GC Worker Start (ms): Min: 189012.7, Avg: 189012.8, Max: 189012.9, Diff: 0.2]
      [Ext Root Scanning (ms): Min: 0.3, Avg: 2.2, Max: 8.1, Diff: 7.8, Sum: 8.9]
      [Update RS (ms): Min: 0.0, Avg: 1.5, Max: 2.9, Diff: 2.9, Sum: 5.9]
         [Processed Buffers: Min: 0, Avg: 3.0, Max: 4, Diff: 4, Sum: 12]
      [Scan RS (ms): Min: 0.0, Avg: 0.0, Max: 0.0, Diff: 0.0, Sum: 0.0]
      [Code Root Scanning (ms): Min: 0.0, Avg: 0.0, Max: 0.0, Diff: 0.0, Sum: 0.0]
      [Object Copy (ms): Min: 0.2, Avg: 4.8, Max: 7.1, Diff: 6.9, Sum: 19.2]
      [Termination (ms): Min: 0.0, Avg: 0.0, Max: 0.0, Diff: 0.0, Sum: 0.0]
         [Termination Attempts: Min: 1, Avg: 5.5, Max: 10, Diff: 9, Sum: 22]
      [GC Worker Other (ms): Min: 0.0, Avg: 0.0, Max: 0.0, Diff: 0.0, Sum: 0.0]
      [GC Worker Total (ms): Min: 8.3, Avg: 8.5, Max: 8.6, Diff: 0.2, Sum: 34.0]
      [GC Worker End (ms): Min: 189021.3, Avg: 189021.3, Max: 189021.3, Diff: 0.0]
   [Code Root Fixup: 0.0 ms]
   [Code Root Purge: 0.0 ms]
   [Clear CT: 0.0 ms]
   [Other: 0.4 ms]
      [Choose CSet: 0.0 ms]
      [Ref Proc: 0.2 ms]
      [Ref Enq: 0.0 ms]
      [Redirty Cards: 0.0 ms]
      [Humongous Register: 0.0 ms]
      [Humongous Reclaim: 0.0 ms]
      [Free CSet: 0.1 ms]
   [Eden: 21.0M(21.0M)->0.0B(21.0M) Survivors: 4096.0K->4096.0K Heap: 494.8M(512.0M)->475.0M(512.0M)]
 [Times: user=0.05 sys=0.00, real=0.02 secs] 
2017-05-09T22:00:40.652+0300: 189.022: [GC concurrent-root-region-scan-start]
2017-05-09T22:00:40.652+0300: 189.023: [GC concurrent-root-region-scan-end, 0.0016574 secs]
2017-05-09T22:00:40.652+0300: 189.023: [GC concurrent-mark-start]
2017-05-09T22:00:41.214+0300: 189.586: [GC pause (G1 Evacuation Pause) (young), 0.0066144 secs]
   [Parallel Time: 6.4 ms, GC Workers: 4]
      [GC Worker Start (ms): Min: 189585.9, Avg: 189586.0, Max: 189586.1, Diff: 0.3]
      [Ext Root Scanning (ms): Min: 0.0, Avg: 0.1, Max: 0.2, Diff: 0.2, Sum: 0.6]
      [Update RS (ms): Min: 1.2, Avg: 2.2, Max: 3.1, Diff: 2.0, Sum: 8.8]
         [Processed Buffers: Min: 1, Avg: 3.0, Max: 4, Diff: 3, Sum: 12]
      [Scan RS (ms): Min: 0.0, Avg: 0.0, Max: 0.0, Diff: 0.0, Sum: 0.0]
      [Code Root Scanning (ms): Min: 0.0, Avg: 0.0, Max: 0.0, Diff: 0.0, Sum: 0.0]
      [Object Copy (ms): Min: 2.9, Avg: 3.9, Max: 4.9, Diff: 1.9, Sum: 15.4]
      [Termination (ms): Min: 0.0, Avg: 0.0, Max: 0.0, Diff: 0.0, Sum: 0.0]
         [Termination Attempts: Min: 1, Avg: 5.0, Max: 7, Diff: 6, Sum: 20]
      [GC Worker Other (ms): Min: 0.0, Avg: 0.0, Max: 0.0, Diff: 0.0, Sum: 0.0]
      [GC Worker Total (ms): Min: 6.1, Avg: 6.2, Max: 6.3, Diff: 0.3, Sum: 24.9]
      [GC Worker End (ms): Min: 189592.2, Avg: 189592.2, Max: 189592.2, Diff: 0.0]
   [Code Root Fixup: 0.0 ms]
   [Code Root Purge: 0.0 ms]
   [Clear CT: 0.1 ms]
   [Other: 0.2 ms]
      [Choose CSet: 0.0 ms]
      [Ref Proc: 0.1 ms]
      [Ref Enq: 0.0 ms]
      [Redirty Cards: 0.0 ms]
      [Humongous Register: 0.0 ms]
      [Humongous Reclaim: 0.0 ms]
      [Free CSet: 0.0 ms]
   [Eden: 21.0M(21.0M)->0.0B(21.0M) Survivors: 4096.0K->4096.0K Heap: 496.0M(512.0M)->476.4M(512.0M)]
 [Times: user=0.00 sys=0.00, real=0.00 secs] 
2017-05-09T22:00:41.214+0300: 189.593: [GC concurrent-mark-reset-for-overflow]
2017-05-09T22:00:42.142+0300: 190.518: [GC pause (G1 Evacuation Pause) (young), 0.0061701 secs]
   [Parallel Time: 5.7 ms, GC Workers: 4]
      [GC Worker Start (ms): Min: 190518.1, Avg: 190518.1, Max: 190518.1, Diff: 0.0]
      [Ext Root Scanning (ms): Min: 0.1, Avg: 0.1, Max: 0.2, Diff: 0.0, Sum: 0.6]
      [Update RS (ms): Min: 1.0, Avg: 1.3, Max: 1.7, Diff: 0.8, Sum: 5.2]
         [Processed Buffers: Min: 2, Avg: 3.0, Max: 4, Diff: 2, Sum: 12]
      [Scan RS (ms): Min: 0.0, Avg: 0.0, Max: 0.0, Diff: 0.0, Sum: 0.0]
      [Code Root Scanning (ms): Min: 0.0, Avg: 0.0, Max: 0.0, Diff: 0.0, Sum: 0.0]
      [Object Copy (ms): Min: 3.7, Avg: 4.1, Max: 4.4, Diff: 0.8, Sum: 16.4]
      [Termination (ms): Min: 0.0, Avg: 0.0, Max: 0.0, Diff: 0.0, Sum: 0.0]
         [Termination Attempts: Min: 1, Avg: 15.8, Max: 26, Diff: 25, Sum: 63]
      [GC Worker Other (ms): Min: 0.0, Avg: 0.0, Max: 0.0, Diff: 0.0, Sum: 0.0]
      [GC Worker Total (ms): Min: 5.5, Avg: 5.5, Max: 5.6, Diff: 0.0, Sum: 22.2]
      [GC Worker End (ms): Min: 190523.7, Avg: 190523.7, Max: 190523.7, Diff: 0.0]
   [Code Root Fixup: 0.0 ms]
   [Code Root Purge: 0.0 ms]
   [Clear CT: 0.2 ms]
   [Other: 0.3 ms]
      [Choose CSet: 0.0 ms]
      [Ref Proc: 0.1 ms]
      [Ref Enq: 0.0 ms]
      [Redirty Cards: 0.1 ms]
      [Humongous Register: 0.0 ms]
      [Humongous Reclaim: 0.0 ms]
      [Free CSet: 0.0 ms]
   [Eden: 21.0M(21.0M)->0.0B(21.0M) Survivors: 4096.0K->4096.0K Heap: 497.4M(512.0M)->478.0M(512.0M)]
 [Times: user=0.00 sys=0.00, real=0.00 secs] 
2017-05-09T22:00:42.142+0300: 190.524: [GC concurrent-mark-reset-for-overflow]
2017-05-09T22:00:42.548+0300: 190.924: [GC pause (G1 Evacuation Pause) (young), 0.0063397 secs]
   [Parallel Time: 6.0 ms, GC Workers: 4]
      [GC Worker Start (ms): Min: 190924.0, Avg: 190924.0, Max: 190924.0, Diff: 0.0]
      [Ext Root Scanning (ms): Min: 0.1, Avg: 0.2, Max: 0.2, Diff: 0.0, Sum: 0.6]
      [Update RS (ms): Min: 0.9, Avg: 1.3, Max: 1.9, Diff: 1.0, Sum: 5.3]
         [Processed Buffers: Min: 2, Avg: 2.8, Max: 3, Diff: 1, Sum: 11]
      [Scan RS (ms): Min: 0.0, Avg: 0.0, Max: 0.0, Diff: 0.0, Sum: 0.0]
      [Code Root Scanning (ms): Min: 0.0, Avg: 0.0, Max: 0.0, Diff: 0.0, Sum: 0.0]
      [Object Copy (ms): Min: 4.0, Avg: 4.5, Max: 4.9, Diff: 1.0, Sum: 18.1]
      [Termination (ms): Min: 0.0, Avg: 0.0, Max: 0.0, Diff: 0.0, Sum: 0.0]
         [Termination Attempts: Min: 1, Avg: 14.0, Max: 29, Diff: 28, Sum: 56]
      [GC Worker Other (ms): Min: 0.0, Avg: 0.0, Max: 0.0, Diff: 0.0, Sum: 0.0]
      [GC Worker Total (ms): Min: 6.0, Avg: 6.0, Max: 6.0, Diff: 0.0, Sum: 24.0]
      [GC Worker End (ms): Min: 190930.0, Avg: 190930.0, Max: 190930.0, Diff: 0.0]
   [Code Root Fixup: 0.0 ms]
   [Code Root Purge: 0.0 ms]
   [Clear CT: 0.0 ms]
   [Other: 0.3 ms]
      [Choose CSet: 0.0 ms]
      [Ref Proc: 0.1 ms]
      [Ref Enq: 0.0 ms]
      [Redirty Cards: 0.1 ms]
      [Humongous Register: 0.0 ms]
      [Humongous Reclaim: 0.0 ms]
      [Free CSet: 0.0 ms]
   [Eden: 21.0M(21.0M)->0.0B(21.0M) Survivors: 4096.0K->4096.0K Heap: 499.0M(512.0M)->479.4M(512.0M)]
 [Times: user=0.00 sys=0.00, real=0.00 secs] 
2017-05-09T22:00:42.897+0300: 191.277: [GC concurrent-mark-end, 2.2534189 secs]
2017-05-09T22:00:42.897+0300: 191.277: [GC remark 2017-05-09T22:00:42.897+0300: 191.277: [Finalize Marking, 0.0000563 secs] 2017-05-09T22:00:42.897+0300: 191.277: [GC ref-proc, 0.0001081 secs] 2017-05-09T22:00:42.897+0300: 191.277: [Unloading, 0.0007951 secs], 0.0020344 secs]
 [Times: user=0.00 sys=0.00, real=0.00 secs] 
2017-05-09T22:00:42.897+0300: 191.279: [GC cleanup 499M->499M(512M), 0.0002915 secs]
 [Times: user=0.00 sys=0.00, real=0.00 secs] 
2017-05-09T22:00:42.928+0300: 191.304: [GC pause (G1 Evacuation Pause) (young), 0.0060370 secs]
   [Parallel Time: 5.8 ms, GC Workers: 4]
      [GC Worker Start (ms): Min: 191303.9, Avg: 191303.9, Max: 191303.9, Diff: 0.0]
      [Ext Root Scanning (ms): Min: 0.2, Avg: 0.2, Max: 0.2, Diff: 0.0, Sum: 0.6]
      [Update RS (ms): Min: 0.9, Avg: 1.3, Max: 1.9, Diff: 0.9, Sum: 5.2]
         [Processed Buffers: Min: 2, Avg: 2.8, Max: 3, Diff: 1, Sum: 11]
      [Scan RS (ms): Min: 0.0, Avg: 0.0, Max: 0.0, Diff: 0.0, Sum: 0.0]
      [Code Root Scanning (ms): Min: 0.0, Avg: 0.0, Max: 0.0, Diff: 0.0, Sum: 0.0]
      [Object Copy (ms): Min: 3.8, Avg: 4.3, Max: 4.7, Diff: 0.9, Sum: 17.2]
      [Termination (ms): Min: 0.0, Avg: 0.0, Max: 0.0, Diff: 0.0, Sum: 0.0]
         [Termination Attempts: Min: 1, Avg: 37.5, Max: 55, Diff: 54, Sum: 150]
      [GC Worker Other (ms): Min: 0.0, Avg: 0.0, Max: 0.0, Diff: 0.0, Sum: 0.0]
      [GC Worker Total (ms): Min: 5.8, Avg: 5.8, Max: 5.8, Diff: 0.0, Sum: 23.2]
      [GC Worker End (ms): Min: 191309.7, Avg: 191309.7, Max: 191309.7, Diff: 0.0]
   [Code Root Fixup: 0.0 ms]
   [Code Root Purge: 0.0 ms]
   [Clear CT: 0.0 ms]
   [Other: 0.2 ms]
      [Choose CSet: 0.0 ms]
      [Ref Proc: 0.1 ms]
      [Ref Enq: 0.0 ms]
      [Redirty Cards: 0.0 ms]
      [Humongous Register: 0.0 ms]
      [Humongous Reclaim: 0.0 ms]
      [Free CSet: 0.0 ms]
   [Eden: 21.0M(21.0M)->0.0B(21.0M) Survivors: 4096.0K->4096.0K Heap: 500.4M(512.0M)->481.0M(512.0M)]
 [Times: user=0.00 sys=0.00, real=0.00 secs] 
2017-05-09T22:00:43.303+0300: 191.677: [GC pause (G1 Evacuation Pause) (young), 0.0066960 secs]
   [Parallel Time: 6.3 ms, GC Workers: 4]
      [GC Worker Start (ms): Min: 191677.4, Avg: 191677.4, Max: 191677.4, Diff: 0.0]
      [Ext Root Scanning (ms): Min: 0.2, Avg: 0.2, Max: 0.2, Diff: 0.0, Sum: 0.7]
      [Update RS (ms): Min: 0.9, Avg: 1.3, Max: 1.9, Diff: 1.0, Sum: 5.3]
         [Processed Buffers: Min: 2, Avg: 2.8, Max: 3, Diff: 1, Sum: 11]
      [Scan RS (ms): Min: 0.0, Avg: 0.0, Max: 0.0, Diff: 0.0, Sum: 0.0]
      [Code Root Scanning (ms): Min: 0.0, Avg: 0.0, Max: 0.0, Diff: 0.0, Sum: 0.0]
      [Object Copy (ms): Min: 4.2, Avg: 4.8, Max: 5.2, Diff: 1.0, Sum: 19.1]
      [Termination (ms): Min: 0.0, Avg: 0.0, Max: 0.0, Diff: 0.0, Sum: 0.0]
         [Termination Attempts: Min: 1, Avg: 19.0, Max: 28, Diff: 27, Sum: 76]
      [GC Worker Other (ms): Min: 0.0, Avg: 0.0, Max: 0.0, Diff: 0.0, Sum: 0.0]
      [GC Worker Total (ms): Min: 6.3, Avg: 6.3, Max: 6.3, Diff: 0.0, Sum: 25.2]
      [GC Worker End (ms): Min: 191683.7, Avg: 191683.7, Max: 191683.7, Diff: 0.0]
   [Code Root Fixup: 0.0 ms]
   [Code Root Purge: 0.0 ms]
   [Clear CT: 0.0 ms]
   [Other: 0.3 ms]
      [Choose CSet: 0.0 ms]
      [Ref Proc: 0.2 ms]
      [Ref Enq: 0.0 ms]
      [Redirty Cards: 0.0 ms]
      [Humongous Register: 0.0 ms]
      [Humongous Reclaim: 0.0 ms]
      [Free CSet: 0.1 ms]
   [Eden: 21.0M(21.0M)->0.0B(21.0M) Survivors: 4096.0K->4096.0K Heap: 502.0M(512.0M)->482.4M(512.0M)]
 [Times: user=0.00 sys=0.00, real=0.00 secs] 
2017-05-09T22:00:43.710+0300: 192.085: [GC pause (G1 Evacuation Pause) (young) (initial-mark), 0.0061765 secs]
   [Parallel Time: 5.9 ms, GC Workers: 4]
      [GC Worker Start (ms): Min: 192085.0, Avg: 192085.0, Max: 192085.1, Diff: 0.0]
      [Ext Root Scanning (ms): Min: 0.3, Avg: 0.3, Max: 0.3, Diff: 0.0, Sum: 1.1]
      [Update RS (ms): Min: 0.9, Avg: 1.3, Max: 1.9, Diff: 1.0, Sum: 5.3]
         [Processed Buffers: Min: 2, Avg: 2.8, Max: 3, Diff: 1, Sum: 11]
      [Scan RS (ms): Min: 0.0, Avg: 0.0, Max: 0.0, Diff: 0.0, Sum: 0.0]
      [Code Root Scanning (ms): Min: 0.0, Avg: 0.0, Max: 0.0, Diff: 0.0, Sum: 0.0]
      [Object Copy (ms): Min: 3.7, Avg: 4.3, Max: 4.7, Diff: 1.0, Sum: 17.1]
      [Termination (ms): Min: 0.0, Avg: 0.0, Max: 0.0, Diff: 0.0, Sum: 0.0]
         [Termination Attempts: Min: 1, Avg: 2.0, Max: 3, Diff: 2, Sum: 8]
      [GC Worker Other (ms): Min: 0.0, Avg: 0.0, Max: 0.0, Diff: 0.0, Sum: 0.0]
      [GC Worker Total (ms): Min: 5.9, Avg: 5.9, Max: 5.9, Diff: 0.0, Sum: 23.6]
      [GC Worker End (ms): Min: 192090.9, Avg: 192090.9, Max: 192090.9, Diff: 0.0]
   [Code Root Fixup: 0.0 ms]
   [Code Root Purge: 0.0 ms]
   [Clear CT: 0.0 ms]
   [Other: 0.2 ms]
      [Choose CSet: 0.0 ms]
      [Ref Proc: 0.1 ms]
      [Ref Enq: 0.0 ms]
      [Redirty Cards: 0.0 ms]
      [Humongous Register: 0.0 ms]
      [Humongous Reclaim: 0.0 ms]
      [Free CSet: 0.0 ms]
   [Eden: 21.0M(21.0M)->0.0B(21.0M) Survivors: 4096.0K->4096.0K Heap: 503.4M(512.0M)->484.0M(512.0M)]
 [Times: user=0.00 sys=0.00, real=0.00 secs] 
2017-05-09T22:00:43.710+0300: 192.091: [GC concurrent-root-region-scan-start]
2017-05-09T22:00:43.710+0300: 192.093: [GC concurrent-root-region-scan-end, 0.0016501 secs]
2017-05-09T22:00:43.710+0300: 192.093: [GC concurrent-mark-start]
2017-05-09T22:00:44.292+0300: 192.664: [GC pause (G1 Evacuation Pause) (young), 0.0067141 secs]
   [Parallel Time: 6.3 ms, GC Workers: 4]
      [GC Worker Start (ms): Min: 192664.4, Avg: 192664.4, Max: 192664.4, Diff: 0.1]
      [Ext Root Scanning (ms): Min: 0.1, Avg: 0.2, Max: 0.2, Diff: 0.1, Sum: 0.6]
      [Update RS (ms): Min: 0.9, Avg: 1.3, Max: 1.9, Diff: 1.0, Sum: 5.2]
         [Processed Buffers: Min: 2, Avg: 2.8, Max: 3, Diff: 1, Sum: 11]
      [Scan RS (ms): Min: 0.0, Avg: 0.0, Max: 0.0, Diff: 0.0, Sum: 0.0]
      [Code Root Scanning (ms): Min: 0.0, Avg: 0.0, Max: 0.0, Diff: 0.0, Sum: 0.0]
      [Object Copy (ms): Min: 4.1, Avg: 4.7, Max: 5.1, Diff: 1.0, Sum: 18.9]
      [Termination (ms): Min: 0.0, Avg: 0.0, Max: 0.0, Diff: 0.0, Sum: 0.0]
         [Termination Attempts: Min: 1, Avg: 1.0, Max: 1, Diff: 0, Sum: 4]
      [GC Worker Other (ms): Min: 0.0, Avg: 0.0, Max: 0.0, Diff: 0.0, Sum: 0.0]
      [GC Worker Total (ms): Min: 6.2, Avg: 6.2, Max: 6.3, Diff: 0.1, Sum: 24.9]
      [GC Worker End (ms): Min: 192670.6, Avg: 192670.6, Max: 192670.6, Diff: 0.0]
   [Code Root Fixup: 0.0 ms]
   [Code Root Purge: 0.0 ms]
   [Clear CT: 0.1 ms]
   [Other: 0.3 ms]
      [Choose CSet: 0.0 ms]
      [Ref Proc: 0.1 ms]
      [Ref Enq: 0.0 ms]
      [Redirty Cards: 0.1 ms]
      [Humongous Register: 0.0 ms]
      [Humongous Reclaim: 0.0 ms]
      [Free CSet: 0.0 ms]
   [Eden: 21.0M(21.0M)->0.0B(21.0M) Survivors: 4096.0K->4096.0K Heap: 505.0M(512.0M)->485.4M(512.0M)]
 [Times: user=0.00 sys=0.00, real=0.00 secs] 
2017-05-09T22:00:44.292+0300: 192.671: [GC concurrent-mark-reset-for-overflow]
2017-05-09T22:00:45.230+0300: 193.605: [GC pause (G1 Evacuation Pause) (young) (to-space exhausted), 0.0099086 secs]
   [Parallel Time: 5.9 ms, GC Workers: 4]
      [GC Worker Start (ms): Min: 193604.7, Avg: 193604.8, Max: 193604.8, Diff: 0.1]
      [Ext Root Scanning (ms): Min: 0.1, Avg: 0.1, Max: 0.2, Diff: 0.1, Sum: 0.6]
      [Update RS (ms): Min: 0.9, Avg: 1.3, Max: 1.9, Diff: 1.0, Sum: 5.2]
         [Processed Buffers: Min: 2, Avg: 2.8, Max: 3, Diff: 1, Sum: 11]
      [Scan RS (ms): Min: 0.0, Avg: 0.0, Max: 0.0, Diff: 0.0, Sum: 0.0]
      [Code Root Scanning (ms): Min: 0.0, Avg: 0.0, Max: 0.0, Diff: 0.0, Sum: 0.0]
      [Object Copy (ms): Min: 3.8, Avg: 4.4, Max: 4.8, Diff: 1.0, Sum: 17.4]
      [Termination (ms): Min: 0.0, Avg: 0.0, Max: 0.0, Diff: 0.0, Sum: 0.1]
         [Termination Attempts: Min: 1, Avg: 2.3, Max: 4, Diff: 3, Sum: 9]
      [GC Worker Other (ms): Min: 0.0, Avg: 0.0, Max: 0.0, Diff: 0.0, Sum: 0.0]
      [GC Worker Total (ms): Min: 5.8, Avg: 5.8, Max: 5.9, Diff: 0.1, Sum: 23.4]
      [GC Worker End (ms): Min: 193610.6, Avg: 193610.6, Max: 193610.6, Diff: 0.0]
   [Code Root Fixup: 0.0 ms]
   [Code Root Purge: 0.0 ms]
   [Clear CT: 0.2 ms]
   [Other: 3.7 ms]
      [Evacuation Failure: 3.1 ms]
      [Choose CSet: 0.0 ms]
      [Ref Proc: 0.2 ms]
      [Ref Enq: 0.0 ms]
      [Redirty Cards: 0.3 ms]
      [Humongous Register: 0.0 ms]
      [Humongous Reclaim: 0.0 ms]
      [Free CSet: 0.0 ms]
   [Eden: 21.0M(21.0M)->0.0B(22.0M) Survivors: 4096.0K->3072.0K Heap: 506.4M(512.0M)->488.6M(512.0M)]
 [Times: user=0.00 sys=0.00, real=0.00 secs] 
2017-05-09T22:00:45.230+0300: 193.615: [GC concurrent-mark-reset-for-overflow]
2017-05-09T22:00:45.699+0300: 194.074: [GC pause (G1 Evacuation Pause) (young) (to-space exhausted), 0.1724363 secs]
   [Parallel Time: 158.2 ms, GC Workers: 4]
      [GC Worker Start (ms): Min: 194074.4, Avg: 194075.0, Max: 194076.6, Diff: 2.2]
      [Ext Root Scanning (ms): Min: 0.0, Avg: 0.1, Max: 0.2, Diff: 0.2, Sum: 0.5]
      [Update RS (ms): Min: 0.0, Avg: 1.3, Max: 2.1, Diff: 2.1, Sum: 5.3]
         [Processed Buffers: Min: 0, Avg: 4.8, Max: 10, Diff: 10, Sum: 19]
      [Scan RS (ms): Min: 0.0, Avg: 0.0, Max: 0.0, Diff: 0.0, Sum: 0.0]
      [Code Root Scanning (ms): Min: 0.0, Avg: 0.0, Max: 0.0, Diff: 0.0, Sum: 0.0]
      [Object Copy (ms): Min: 155.8, Avg: 156.1, Max: 156.7, Diff: 0.9, Sum: 624.6]
      [Termination (ms): Min: 0.0, Avg: 0.0, Max: 0.0, Diff: 0.0, Sum: 0.1]
         [Termination Attempts: Min: 1, Avg: 1.0, Max: 1, Diff: 0, Sum: 4]
      [GC Worker Other (ms): Min: 0.0, Avg: 0.0, Max: 0.0, Diff: 0.0, Sum: 0.0]
      [GC Worker Total (ms): Min: 156.0, Avg: 157.6, Max: 158.2, Diff: 2.1, Sum: 630.5]
      [GC Worker End (ms): Min: 194232.6, Avg: 194232.6, Max: 194232.6, Diff: 0.0]
   [Code Root Fixup: 0.0 ms]
   [Code Root Purge: 0.0 ms]
   [Clear CT: 0.0 ms]
   [Other: 14.2 ms]
      [Evacuation Failure: 14.0 ms]
      [Choose CSet: 0.0 ms]
      [Ref Proc: 0.1 ms]
      [Ref Enq: 0.0 ms]
      [Redirty Cards: 0.0 ms]
      [Humongous Register: 0.0 ms]
      [Humongous Reclaim: 0.0 ms]
      [Free CSet: 0.0 ms]
   [Eden: 22.0M(22.0M)->0.0B(25.0M) Survivors: 3072.0K->0.0B Heap: 510.6M(512.0M)->510.6M(512.0M)]
 [Times: user=0.27 sys=0.06, real=0.17 secs] 
2017-05-09T22:00:45.869+0300: 194.247: [GC pause (G1 Evacuation Pause) (young), 0.0012152 secs]
   [Parallel Time: 1.1 ms, GC Workers: 4]
      [GC Worker Start (ms): Min: 194247.1, Avg: 194247.1, Max: 194247.1, Diff: 0.0]
      [Ext Root Scanning (ms): Min: 0.2, Avg: 0.2, Max: 0.2, Diff: 0.0, Sum: 0.7]
      [Update RS (ms): Min: 0.8, Avg: 0.8, Max: 0.9, Diff: 0.1, Sum: 3.4]
         [Processed Buffers: Min: 2, Avg: 4.5, Max: 7, Diff: 5, Sum: 18]
      [Scan RS (ms): Min: 0.0, Avg: 0.0, Max: 0.0, Diff: 0.0, Sum: 0.0]
      [Code Root Scanning (ms): Min: 0.0, Avg: 0.0, Max: 0.0, Diff: 0.0, Sum: 0.0]
      [Object Copy (ms): Min: 0.0, Avg: 0.0, Max: 0.0, Diff: 0.0, Sum: 0.0]
      [Termination (ms): Min: 0.0, Avg: 0.0, Max: 0.1, Diff: 0.1, Sum: 0.1]
         [Termination Attempts: Min: 1, Avg: 1.0, Max: 1, Diff: 0, Sum: 4]
      [GC Worker Other (ms): Min: 0.0, Avg: 0.0, Max: 0.0, Diff: 0.0, Sum: 0.0]
      [GC Worker Total (ms): Min: 1.1, Avg: 1.1, Max: 1.1, Diff: 0.0, Sum: 4.3]
      [GC Worker End (ms): Min: 194248.2, Avg: 194248.2, Max: 194248.2, Diff: 0.0]
   [Code Root Fixup: 0.0 ms]
   [Code Root Purge: 0.0 ms]
   [Clear CT: 0.0 ms]
   [Other: 0.1 ms]
      [Choose CSet: 0.0 ms]
      [Ref Proc: 0.0 ms]
      [Ref Enq: 0.0 ms]
      [Redirty Cards: 0.0 ms]
      [Humongous Register: 0.0 ms]
      [Humongous Reclaim: 0.0 ms]
      [Free CSet: 0.0 ms]
   [Eden: 0.0B(25.0M)->0.0B(25.0M) Survivors: 0.0B->0.0B Heap: 510.6M(512.0M)->510.6M(512.0M)]
 [Times: user=0.00 sys=0.00, real=0.00 secs] 
2017-05-09T22:00:45.869+0300: 194.248: [Full GC (Allocation Failure)  510M->475M(512M), 1.1292429 secs]
   [Eden: 0.0B(25.0M)->0.0B(25.0M) Survivors: 0.0B->0.0B Heap: 510.6M(512.0M)->475.2M(512.0M)], [Metaspace: 7484K->7484K(1056768K)]
 [Times: user=1.55 sys=0.00, real=1.13 secs] 
2017-05-09T22:00:46.994+0300: 195.378: [GC concurrent-mark-abort]
2017-05-09T22:00:47.438+0300: 195.813: [GC pause (G1 Evacuation Pause) (young), 0.0032545 secs]
   [Parallel Time: 3.0 ms, GC Workers: 4]
      [GC Worker Start (ms): Min: 195813.5, Avg: 195814.2, Max: 195816.5, Diff: 3.0]
      [Ext Root Scanning (ms): Min: 0.0, Avg: 0.1, Max: 0.2, Diff: 0.2, Sum: 0.5]
      [Update RS (ms): Min: 0.0, Avg: 0.6, Max: 1.2, Diff: 1.2, Sum: 2.4]
         [Processed Buffers: Min: 0, Avg: 0.5, Max: 1, Diff: 1, Sum: 2]
      [Scan RS (ms): Min: 0.0, Avg: 0.0, Max: 0.0, Diff: 0.0, Sum: 0.0]
      [Code Root Scanning (ms): Min: 0.0, Avg: 0.0, Max: 0.0, Diff: 0.0, Sum: 0.0]
      [Object Copy (ms): Min: 0.0, Avg: 1.5, Max: 2.8, Diff: 2.8, Sum: 6.0]
      [Termination (ms): Min: 0.0, Avg: 0.0, Max: 0.0, Diff: 0.0, Sum: 0.1]
         [Termination Attempts: Min: 1, Avg: 1.0, Max: 1, Diff: 0, Sum: 4]
      [GC Worker Other (ms): Min: 0.0, Avg: 0.0, Max: 0.0, Diff: 0.0, Sum: 0.0]
      [GC Worker Total (ms): Min: 0.0, Avg: 2.3, Max: 3.0, Diff: 3.0, Sum: 9.1]
      [GC Worker End (ms): Min: 195816.5, Avg: 195816.5, Max: 195816.5, Diff: 0.0]
   [Code Root Fixup: 0.0 ms]
   [Code Root Purge: 0.0 ms]
   [Clear CT: 0.0 ms]
   [Other: 0.2 ms]
      [Choose CSet: 0.0 ms]
      [Ref Proc: 0.1 ms]
      [Ref Enq: 0.0 ms]
      [Redirty Cards: 0.0 ms]
      [Humongous Register: 0.0 ms]
      [Humongous Reclaim: 0.0 ms]
      [Free CSet: 0.0 ms]
   [Eden: 25.0M(25.0M)->0.0B(23.0M) Survivors: 0.0B->2048.0K Heap: 500.2M(512.0M)->476.3M(512.0M)]
 [Times: user=0.00 sys=0.00, real=0.00 secs] 
2017-05-09T22:00:47.876+0300: 196.254: [GC pause (G1 Evacuation Pause) (young) (initial-mark), 0.0049920 secs]
   [Parallel Time: 4.7 ms, GC Workers: 4]
      [GC Worker Start (ms): Min: 196254.2, Avg: 196254.3, Max: 196254.4, Diff: 0.2]
      [Ext Root Scanning (ms): Min: 0.2, Avg: 1.3, Max: 4.4, Diff: 4.2, Sum: 5.2]
      [Update RS (ms): Min: 0.0, Avg: 0.7, Max: 1.4, Diff: 1.4, Sum: 3.0]
         [Processed Buffers: Min: 0, Avg: 1.5, Max: 2, Diff: 2, Sum: 6]
      [Scan RS (ms): Min: 0.0, Avg: 0.0, Max: 0.0, Diff: 0.0, Sum: 0.0]
      [Code Root Scanning (ms): Min: 0.0, Avg: 0.0, Max: 0.0, Diff: 0.0, Sum: 0.0]
      [Object Copy (ms): Min: 0.0, Avg: 2.5, Max: 4.0, Diff: 4.0, Sum: 10.1]
      [Termination (ms): Min: 0.0, Avg: 0.0, Max: 0.1, Diff: 0.1, Sum: 0.2]
         [Termination Attempts: Min: 1, Avg: 3.3, Max: 6, Diff: 5, Sum: 13]
      [GC Worker Other (ms): Min: 0.0, Avg: 0.0, Max: 0.0, Diff: 0.0, Sum: 0.0]
      [GC Worker Total (ms): Min: 4.4, Avg: 4.6, Max: 4.7, Diff: 0.2, Sum: 18.5]
      [GC Worker End (ms): Min: 196258.9, Avg: 196258.9, Max: 196258.9, Diff: 0.0]
   [Code Root Fixup: 0.0 ms]
   [Code Root Purge: 0.0 ms]
   [Clear CT: 0.0 ms]
   [Other: 0.3 ms]
      [Choose CSet: 0.0 ms]
      [Ref Proc: 0.1 ms]
      [Ref Enq: 0.0 ms]
      [Redirty Cards: 0.0 ms]
      [Humongous Register: 0.0 ms]
      [Humongous Reclaim: 0.0 ms]
      [Free CSet: 0.0 ms]
   [Eden: 23.0M(23.0M)->0.0B(22.0M) Survivors: 2048.0K->3072.0K Heap: 499.3M(512.0M)->477.4M(512.0M)]
 [Times: user=0.00 sys=0.00, real=0.00 secs] 
2017-05-09T22:00:47.876+0300: 196.259: [GC concurrent-root-region-scan-start]
2017-05-09T22:00:47.891+0300: 196.261: [GC concurrent-root-region-scan-end, 0.0013764 secs]
2017-05-09T22:00:47.891+0300: 196.261: [GC concurrent-mark-start]
2017-05-09T22:00:48.454+0300: 196.829: [GC pause (G1 Evacuation Pause) (young), 0.0061521 secs]
   [Parallel Time: 5.9 ms, GC Workers: 4]
      [GC Worker Start (ms): Min: 196829.3, Avg: 196830.8, Max: 196835.1, Diff: 5.8]
      [Ext Root Scanning (ms): Min: 0.0, Avg: 0.1, Max: 0.2, Diff: 0.2, Sum: 0.6]
      [Update RS (ms): Min: 0.0, Avg: 1.0, Max: 1.6, Diff: 1.6, Sum: 3.9]
         [Processed Buffers: Min: 0, Avg: 2.3, Max: 3, Diff: 3, Sum: 9]
      [Scan RS (ms): Min: 0.0, Avg: 0.0, Max: 0.0, Diff: 0.0, Sum: 0.0]
      [Code Root Scanning (ms): Min: 0.0, Avg: 0.0, Max: 0.0, Diff: 0.0, Sum: 0.0]
      [Object Copy (ms): Min: 0.0, Avg: 3.2, Max: 4.9, Diff: 4.9, Sum: 13.0]
      [Termination (ms): Min: 0.0, Avg: 0.0, Max: 0.1, Diff: 0.1, Sum: 0.2]
         [Termination Attempts: Min: 1, Avg: 1.5, Max: 3, Diff: 2, Sum: 6]
      [GC Worker Other (ms): Min: 0.0, Avg: 0.0, Max: 0.0, Diff: 0.0, Sum: 0.0]
      [GC Worker Total (ms): Min: 0.0, Avg: 4.4, Max: 5.9, Diff: 5.8, Sum: 17.6]
      [GC Worker End (ms): Min: 196835.1, Avg: 196835.1, Max: 196835.1, Diff: 0.0]
   [Code Root Fixup: 0.0 ms]
   [Code Root Purge: 0.0 ms]
   [Clear CT: 0.1 ms]
   [Other: 0.2 ms]
      [Choose CSet: 0.0 ms]
      [Ref Proc: 0.1 ms]
      [Ref Enq: 0.0 ms]
      [Redirty Cards: 0.0 ms]
      [Humongous Register: 0.0 ms]
      [Humongous Reclaim: 0.0 ms]
      [Free CSet: 0.0 ms]
   [Eden: 22.0M(22.0M)->0.0B(21.0M) Survivors: 3072.0K->4096.0K Heap: 499.4M(512.0M)->479.3M(512.0M)]
 [Times: user=0.00 sys=0.00, real=0.00 secs] 
2017-05-09T22:00:48.454+0300: 196.836: [GC concurrent-mark-reset-for-overflow]
2017-05-09T22:00:49.403+0300: 197.779: [GC pause (G1 Evacuation Pause) (young), 0.0062096 secs]
   [Parallel Time: 5.6 ms, GC Workers: 4]
      [GC Worker Start (ms): Min: 197778.6, Avg: 197778.7, Max: 197778.7, Diff: 0.1]
      [Ext Root Scanning (ms): Min: 0.1, Avg: 0.1, Max: 0.2, Diff: 0.1, Sum: 0.6]
      [Update RS (ms): Min: 0.8, Avg: 1.2, Max: 1.6, Diff: 0.8, Sum: 4.7]
         [Processed Buffers: Min: 2, Avg: 2.3, Max: 3, Diff: 1, Sum: 9]
      [Scan RS (ms): Min: 0.0, Avg: 0.0, Max: 0.0, Diff: 0.0, Sum: 0.0]
      [Code Root Scanning (ms): Min: 0.0, Avg: 0.0, Max: 0.0, Diff: 0.0, Sum: 0.0]
      [Object Copy (ms): Min: 3.8, Avg: 4.2, Max: 4.6, Diff: 0.8, Sum: 16.9]
      [Termination (ms): Min: 0.0, Avg: 0.0, Max: 0.0, Diff: 0.0, Sum: 0.0]
         [Termination Attempts: Min: 1, Avg: 19.3, Max: 33, Diff: 32, Sum: 77]
      [GC Worker Other (ms): Min: 0.0, Avg: 0.0, Max: 0.0, Diff: 0.0, Sum: 0.0]
      [GC Worker Total (ms): Min: 5.5, Avg: 5.6, Max: 5.6, Diff: 0.1, Sum: 22.2]
      [GC Worker End (ms): Min: 197784.2, Avg: 197784.2, Max: 197784.2, Diff: 0.0]
   [Code Root Fixup: 0.0 ms]
   [Code Root Purge: 0.0 ms]
   [Clear CT: 0.2 ms]
   [Other: 0.4 ms]
      [Choose CSet: 0.0 ms]
      [Ref Proc: 0.1 ms]
      [Ref Enq: 0.0 ms]
      [Redirty Cards: 0.2 ms]
      [Humongous Register: 0.0 ms]
      [Humongous Reclaim: 0.0 ms]
      [Free CSet: 0.0 ms]
   [Eden: 21.0M(21.0M)->0.0B(21.0M) Survivors: 4096.0K->4096.0K Heap: 500.3M(512.0M)->479.8M(512.0M)]
 [Times: user=0.00 sys=0.00, real=0.00 secs] 
2017-05-09T22:00:49.403+0300: 197.785: [GC concurrent-mark-reset-for-overflow]
2017-05-09T22:00:49.825+0300: 198.198: [GC pause (G1 Evacuation Pause) (young), 0.0070029 secs]
   [Parallel Time: 6.8 ms, GC Workers: 4]
      [GC Worker Start (ms): Min: 198198.0, Avg: 198198.0, Max: 198198.0, Diff: 0.0]
      [Ext Root Scanning (ms): Min: 0.3, Avg: 1.9, Max: 6.7, Diff: 6.5, Sum: 7.5]
      [Update RS (ms): Min: 0.0, Avg: 1.4, Max: 2.2, Diff: 2.2, Sum: 5.6]
         [Processed Buffers: Min: 0, Avg: 3.0, Max: 5, Diff: 5, Sum: 12]
      [Scan RS (ms): Min: 0.0, Avg: 0.0, Max: 0.0, Diff: 0.0, Sum: 0.0]
      [Code Root Scanning (ms): Min: 0.0, Avg: 0.0, Max: 0.0, Diff: 0.0, Sum: 0.0]
      [Object Copy (ms): Min: 0.0, Avg: 3.4, Max: 5.0, Diff: 5.0, Sum: 13.6]
      [Termination (ms): Min: 0.0, Avg: 0.1, Max: 0.1, Diff: 0.1, Sum: 0.2]
         [Termination Attempts: Min: 1, Avg: 4.5, Max: 9, Diff: 8, Sum: 18]
      [GC Worker Other (ms): Min: 0.0, Avg: 0.0, Max: 0.0, Diff: 0.0, Sum: 0.0]
      [GC Worker Total (ms): Min: 6.7, Avg: 6.7, Max: 6.8, Diff: 0.0, Sum: 26.9]
      [GC Worker End (ms): Min: 198204.7, Avg: 198204.7, Max: 198204.8, Diff: 0.0]
   [Code Root Fixup: 0.0 ms]
   [Code Root Purge: 0.0 ms]
   [Clear CT: 0.0 ms]
   [Other: 0.2 ms]
      [Choose CSet: 0.0 ms]
      [Ref Proc: 0.1 ms]
      [Ref Enq: 0.0 ms]
      [Redirty Cards: 0.0 ms]
      [Humongous Register: 0.0 ms]
      [Humongous Reclaim: 0.0 ms]
      [Free CSet: 0.0 ms]
   [Eden: 21.0M(21.0M)->0.0B(21.0M) Survivors: 4096.0K->4096.0K Heap: 500.8M(512.0M)->481.1M(512.0M)]
 [Times: user=0.00 sys=0.00, real=0.00 secs] 
2017-05-09T22:00:50.169+0300: 198.546: [GC concurrent-mark-end, 2.2851575 secs]
2017-05-09T22:00:50.169+0300: 198.546: [GC remark 2017-05-09T22:00:50.169+0300: 198.546: [Finalize Marking, 0.0000539 secs] 2017-05-09T22:00:50.169+0300: 198.546: [GC ref-proc, 0.0001099 secs] 2017-05-09T22:00:50.169+0300: 198.546: [Unloading, 0.0008361 secs], 0.0020799 secs]
 [Times: user=0.00 sys=0.00, real=0.00 secs] 
2017-05-09T22:00:50.169+0300: 198.548: [GC cleanup 494M->494M(512M), 0.0003271 secs]
 [Times: user=0.00 sys=0.00, real=0.00 secs] 
2017-05-09T22:00:50.310+0300: 198.679: [GC pause (G1 Evacuation Pause) (young), 0.0090548 secs]
   [Parallel Time: 8.8 ms, GC Workers: 4]
      [GC Worker Start (ms): Min: 198679.1, Avg: 198679.1, Max: 198679.3, Diff: 0.2]
      [Ext Root Scanning (ms): Min: 0.0, Avg: 0.1, Max: 0.2, Diff: 0.2, Sum: 0.5]
      [Update RS (ms): Min: 1.1, Avg: 3.0, Max: 7.2, Diff: 6.1, Sum: 12.0]
         [Processed Buffers: Min: 1, Avg: 2.8, Max: 4, Diff: 3, Sum: 11]
      [Scan RS (ms): Min: 0.0, Avg: 0.0, Max: 0.0, Diff: 0.0, Sum: 0.0]
      [Code Root Scanning (ms): Min: 0.0, Avg: 0.0, Max: 0.0, Diff: 0.0, Sum: 0.0]
      [Object Copy (ms): Min: 1.3, Avg: 4.9, Max: 6.6, Diff: 5.3, Sum: 19.6]
      [Termination (ms): Min: 0.0, Avg: 0.6, Max: 2.3, Diff: 2.3, Sum: 2.6]
         [Termination Attempts: Min: 1, Avg: 12.0, Max: 24, Diff: 23, Sum: 48]
      [GC Worker Other (ms): Min: 0.0, Avg: 0.0, Max: 0.0, Diff: 0.0, Sum: 0.0]
      [GC Worker Total (ms): Min: 8.5, Avg: 8.7, Max: 8.7, Diff: 0.2, Sum: 34.8]
      [GC Worker End (ms): Min: 198687.8, Avg: 198687.8, Max: 198687.8, Diff: 0.0]
   [Code Root Fixup: 0.0 ms]
   [Code Root Purge: 0.0 ms]
   [Clear CT: 0.0 ms]
   [Other: 0.2 ms]
      [Choose CSet: 0.0 ms]
      [Ref Proc: 0.1 ms]
      [Ref Enq: 0.0 ms]
      [Redirty Cards: 0.0 ms]
      [Humongous Register: 0.0 ms]
      [Humongous Reclaim: 0.0 ms]
      [Free CSet: 0.0 ms]
   [Eden: 21.0M(21.0M)->0.0B(21.0M) Survivors: 4096.0K->4096.0K Heap: 502.1M(512.0M)->482.7M(512.0M)]
 [Times: user=0.00 sys=0.00, real=0.00 secs] 
2017-05-09T22:00:50.700+0300: 199.077: [GC pause (G1 Evacuation Pause) (young), 0.0062201 secs]
   [Parallel Time: 6.0 ms, GC Workers: 4]
      [GC Worker Start (ms): Min: 199076.7, Avg: 199076.7, Max: 199076.7, Diff: 0.0]
      [Ext Root Scanning (ms): Min: 0.1, Avg: 0.2, Max: 0.2, Diff: 0.0, Sum: 0.6]
      [Update RS (ms): Min: 1.0, Avg: 1.3, Max: 1.8, Diff: 0.7, Sum: 5.3]
         [Processed Buffers: Min: 3, Avg: 3.0, Max: 3, Diff: 0, Sum: 12]
      [Scan RS (ms): Min: 0.0, Avg: 0.0, Max: 0.0, Diff: 0.0, Sum: 0.0]
      [Code Root Scanning (ms): Min: 0.0, Avg: 0.0, Max: 0.0, Diff: 0.0, Sum: 0.0]
      [Object Copy (ms): Min: 4.0, Avg: 4.5, Max: 4.8, Diff: 0.7, Sum: 17.9]
      [Termination (ms): Min: 0.0, Avg: 0.0, Max: 0.0, Diff: 0.0, Sum: 0.0]
         [Termination Attempts: Min: 1, Avg: 12.0, Max: 18, Diff: 17, Sum: 48]
      [GC Worker Other (ms): Min: 0.0, Avg: 0.0, Max: 0.0, Diff: 0.0, Sum: 0.0]
      [GC Worker Total (ms): Min: 6.0, Avg: 6.0, Max: 6.0, Diff: 0.0, Sum: 23.9]
      [GC Worker End (ms): Min: 199082.6, Avg: 199082.6, Max: 199082.6, Diff: 0.0]
   [Code Root Fixup: 0.0 ms]
   [Code Root Purge: 0.0 ms]
   [Clear CT: 0.0 ms]
   [Other: 0.2 ms]
      [Choose CSet: 0.0 ms]
      [Ref Proc: 0.1 ms]
      [Ref Enq: 0.0 ms]
      [Redirty Cards: 0.0 ms]
      [Humongous Register: 0.0 ms]
      [Humongous Reclaim: 0.0 ms]
      [Free CSet: 0.0 ms]
   [Eden: 21.0M(21.0M)->0.0B(22.0M) Survivors: 4096.0K->3072.0K Heap: 503.7M(512.0M)->482.9M(512.0M)]
 [Times: user=0.00 sys=0.00, real=0.00 secs] 
2017-05-09T22:00:51.107+0300: 199.487: [GC pause (G1 Evacuation Pause) (young) (initial-mark), 0.0078462 secs]
   [Parallel Time: 7.6 ms, GC Workers: 4]
      [GC Worker Start (ms): Min: 199486.6, Avg: 199486.7, Max: 199486.9, Diff: 0.2]
      [Ext Root Scanning (ms): Min: 0.2, Avg: 2.0, Max: 7.2, Diff: 7.0, Sum: 8.0]
      [Update RS (ms): Min: 0.0, Avg: 1.4, Max: 2.2, Diff: 2.2, Sum: 5.4]
         [Processed Buffers: Min: 0, Avg: 2.8, Max: 4, Diff: 4, Sum: 11]
      [Scan RS (ms): Min: 0.0, Avg: 0.0, Max: 0.0, Diff: 0.0, Sum: 0.0]
      [Code Root Scanning (ms): Min: 0.0, Avg: 0.0, Max: 0.0, Diff: 0.0, Sum: 0.0]
      [Object Copy (ms): Min: 0.0, Avg: 4.0, Max: 5.9, Diff: 5.9, Sum: 16.1]
      [Termination (ms): Min: 0.0, Avg: 0.1, Max: 0.1, Diff: 0.1, Sum: 0.3]
         [Termination Attempts: Min: 1, Avg: 2.8, Max: 5, Diff: 4, Sum: 11]
      [GC Worker Other (ms): Min: 0.0, Avg: 0.0, Max: 0.0, Diff: 0.0, Sum: 0.0]
      [GC Worker Total (ms): Min: 7.2, Avg: 7.5, Max: 7.5, Diff: 0.3, Sum: 29.8]
      [GC Worker End (ms): Min: 199494.1, Avg: 199494.2, Max: 199494.2, Diff: 0.1]
   [Code Root Fixup: 0.0 ms]
   [Code Root Purge: 0.0 ms]
   [Clear CT: 0.0 ms]
   [Other: 0.3 ms]
      [Choose CSet: 0.0 ms]
      [Ref Proc: 0.1 ms]
      [Ref Enq: 0.0 ms]
      [Redirty Cards: 0.0 ms]
      [Humongous Register: 0.0 ms]
      [Humongous Reclaim: 0.0 ms]
      [Free CSet: 0.0 ms]
   [Eden: 22.0M(22.0M)->0.0B(21.0M) Survivors: 3072.0K->4096.0K Heap: 504.9M(512.0M)->485.0M(512.0M)]
 [Times: user=0.05 sys=0.00, real=0.01 secs] 
2017-05-09T22:00:51.122+0300: 199.495: [GC concurrent-root-region-scan-start]
2017-05-09T22:00:51.122+0300: 199.496: [GC concurrent-root-region-scan-end, 0.0016760 secs]
2017-05-09T22:00:51.122+0300: 199.496: [GC concurrent-mark-start]
2017-05-09T22:00:51.700+0300: 200.079: [GC pause (G1 Evacuation Pause) (young), 0.0087958 secs]
   [Parallel Time: 8.6 ms, GC Workers: 4]
      [GC Worker Start (ms): Min: 200079.3, Avg: 200079.4, Max: 200079.4, Diff: 0.0]
      [Ext Root Scanning (ms): Min: 0.2, Avg: 2.2, Max: 8.4, Diff: 8.2, Sum: 8.9]
      [Update RS (ms): Min: 0.0, Avg: 1.6, Max: 2.7, Diff: 2.7, Sum: 6.3]
         [Processed Buffers: Min: 0, Avg: 3.0, Max: 4, Diff: 4, Sum: 12]
      [Scan RS (ms): Min: 0.0, Avg: 0.0, Max: 0.0, Diff: 0.0, Sum: 0.0]
      [Code Root Scanning (ms): Min: 0.0, Avg: 0.0, Max: 0.0, Diff: 0.0, Sum: 0.0]
      [Object Copy (ms): Min: 0.0, Avg: 4.5, Max: 6.8, Diff: 6.8, Sum: 18.0]
      [Termination (ms): Min: 0.0, Avg: 0.1, Max: 0.2, Diff: 0.2, Sum: 0.5]
         [Termination Attempts: Min: 1, Avg: 12.0, Max: 27, Diff: 26, Sum: 48]
      [GC Worker Other (ms): Min: 0.0, Avg: 0.0, Max: 0.0, Diff: 0.0, Sum: 0.0]
      [GC Worker Total (ms): Min: 8.4, Avg: 8.5, Max: 8.5, Diff: 0.1, Sum: 33.9]
      [GC Worker End (ms): Min: 200087.7, Avg: 200087.8, Max: 200087.9, Diff: 0.1]
   [Code Root Fixup: 0.0 ms]
   [Code Root Purge: 0.0 ms]
   [Clear CT: 0.0 ms]
   [Other: 0.2 ms]
      [Choose CSet: 0.0 ms]
      [Ref Proc: 0.1 ms]
      [Ref Enq: 0.0 ms]
      [Redirty Cards: 0.0 ms]
      [Humongous Register: 0.0 ms]
      [Humongous Reclaim: 0.0 ms]
      [Free CSet: 0.0 ms]
   [Eden: 21.0M(21.0M)->0.0B(22.0M) Survivors: 4096.0K->3072.0K Heap: 506.0M(512.0M)->485.9M(512.0M)]
 [Times: user=0.05 sys=0.00, real=0.02 secs] 
2017-05-09T22:00:51.716+0300: 200.088: [GC concurrent-mark-reset-for-overflow]
2017-05-09T22:00:52.669+0300: 201.040: [GC pause (G1 Evacuation Pause) (young) (to-space exhausted), 0.0204301 secs]
   [Parallel Time: 15.5 ms, GC Workers: 4]
      [GC Worker Start (ms): Min: 201039.9, Avg: 201039.9, Max: 201040.0, Diff: 0.1]
      [Ext Root Scanning (ms): Min: 0.1, Avg: 0.2, Max: 0.2, Diff: 0.1, Sum: 0.6]
      [Update RS (ms): Min: 1.0, Avg: 1.4, Max: 1.8, Diff: 0.8, Sum: 5.6]
         [Processed Buffers: Min: 2, Avg: 2.8, Max: 3, Diff: 1, Sum: 11]
      [Scan RS (ms): Min: 0.0, Avg: 0.0, Max: 0.0, Diff: 0.0, Sum: 0.0]
      [Code Root Scanning (ms): Min: 0.0, Avg: 0.0, Max: 0.0, Diff: 0.0, Sum: 0.0]
      [Object Copy (ms): Min: 13.5, Avg: 13.9, Max: 14.3, Diff: 0.8, Sum: 55.6]
      [Termination (ms): Min: 0.0, Avg: 0.0, Max: 0.0, Diff: 0.0, Sum: 0.0]
         [Termination Attempts: Min: 1, Avg: 1.3, Max: 2, Diff: 1, Sum: 5]
      [GC Worker Other (ms): Min: 0.0, Avg: 0.0, Max: 0.0, Diff: 0.0, Sum: 0.1]
      [GC Worker Total (ms): Min: 15.4, Avg: 15.5, Max: 15.5, Diff: 0.1, Sum: 61.8]
      [GC Worker End (ms): Min: 201055.4, Avg: 201055.4, Max: 201055.4, Diff: 0.0]
   [Code Root Fixup: 0.0 ms]
   [Code Root Purge: 0.0 ms]
   [Clear CT: 0.0 ms]
   [Other: 4.9 ms]
      [Evacuation Failure: 4.5 ms]
      [Choose CSet: 0.0 ms]
      [Ref Proc: 0.0 ms]
      [Ref Enq: 0.0 ms]
      [Redirty Cards: 0.2 ms]
      [Humongous Register: 0.0 ms]
      [Humongous Reclaim: 0.0 ms]
      [Free CSet: 0.0 ms]
   [Eden: 22.0M(22.0M)->0.0B(23.0M) Survivors: 3072.0K->2048.0K Heap: 507.9M(512.0M)->491.2M(512.0M)]
 [Times: user=0.03 sys=0.00, real=0.02 secs] 
2017-05-09T22:00:52.684+0300: 201.060: [GC concurrent-mark-reset-for-overflow]
2017-05-09T22:00:53.044+0300: 201.424: [GC pause (G1 Evacuation Pause) (young) (to-space exhausted), 0.1472257 secs]
   [Parallel Time: 134.6 ms, GC Workers: 4]
      [GC Worker Start (ms): Min: 201423.8, Avg: 201423.8, Max: 201423.8, Diff: 0.0]
      [Ext Root Scanning (ms): Min: 0.1, Avg: 0.2, Max: 0.2, Diff: 0.0, Sum: 0.6]
      [Update RS (ms): Min: 0.9, Avg: 1.4, Max: 2.2, Diff: 1.2, Sum: 5.5]
         [Processed Buffers: Min: 3, Avg: 5.3, Max: 9, Diff: 6, Sum: 21]
      [Scan RS (ms): Min: 0.0, Avg: 0.0, Max: 0.0, Diff: 0.0, Sum: 0.0]
      [Code Root Scanning (ms): Min: 0.0, Avg: 0.0, Max: 0.0, Diff: 0.0, Sum: 0.0]
      [Object Copy (ms): Min: 132.2, Avg: 133.0, Max: 133.4, Diff: 1.2, Sum: 531.9]
      [Termination (ms): Min: 0.0, Avg: 0.0, Max: 0.0, Diff: 0.0, Sum: 0.1]
         [Termination Attempts: Min: 1, Avg: 1.5, Max: 2, Diff: 1, Sum: 6]
      [GC Worker Other (ms): Min: 0.0, Avg: 0.0, Max: 0.0, Diff: 0.0, Sum: 0.0]
      [GC Worker Total (ms): Min: 134.5, Avg: 134.5, Max: 134.5, Diff: 0.0, Sum: 538.2]
      [GC Worker End (ms): Min: 201558.4, Avg: 201558.4, Max: 201558.4, Diff: 0.0]
   [Code Root Fixup: 0.0 ms]
   [Code Root Purge: 0.0 ms]
   [Clear CT: 0.1 ms]
   [Other: 12.6 ms]
      [Evacuation Failure: 12.4 ms]
      [Choose CSet: 0.0 ms]
      [Ref Proc: 0.1 ms]
      [Ref Enq: 0.0 ms]
      [Redirty Cards: 0.0 ms]
      [Humongous Register: 0.0 ms]
      [Humongous Reclaim: 0.0 ms]
      [Free CSet: 0.0 ms]
   [Eden: 20.0M(23.0M)->0.0B(25.0M) Survivors: 2048.0K->0.0B Heap: 511.2M(512.0M)->511.2M(512.0M)]
 [Times: user=0.17 sys=0.05, real=0.16 secs] 
2017-05-09T22:00:53.200+0300: 201.571: [GC pause (G1 Evacuation Pause) (young), 0.0011532 secs]
   [Parallel Time: 1.0 ms, GC Workers: 4]
      [GC Worker Start (ms): Min: 201571.3, Avg: 201571.3, Max: 201571.3, Diff: 0.0]
      [Ext Root Scanning (ms): Min: 0.2, Avg: 0.2, Max: 0.2, Diff: 0.0, Sum: 0.7]
      [Update RS (ms): Min: 0.6, Avg: 0.7, Max: 0.8, Diff: 0.2, Sum: 2.9]
         [Processed Buffers: Min: 2, Avg: 4.5, Max: 6, Diff: 4, Sum: 18]
      [Scan RS (ms): Min: 0.0, Avg: 0.0, Max: 0.0, Diff: 0.0, Sum: 0.0]
      [Code Root Scanning (ms): Min: 0.0, Avg: 0.0, Max: 0.0, Diff: 0.0, Sum: 0.0]
      [Object Copy (ms): Min: 0.0, Avg: 0.0, Max: 0.0, Diff: 0.0, Sum: 0.0]
      [Termination (ms): Min: 0.0, Avg: 0.1, Max: 0.2, Diff: 0.2, Sum: 0.4]
         [Termination Attempts: Min: 1, Avg: 1.0, Max: 1, Diff: 0, Sum: 4]
      [GC Worker Other (ms): Min: 0.0, Avg: 0.0, Max: 0.0, Diff: 0.0, Sum: 0.0]
      [GC Worker Total (ms): Min: 1.0, Avg: 1.0, Max: 1.0, Diff: 0.0, Sum: 4.0]
      [GC Worker End (ms): Min: 201572.3, Avg: 201572.3, Max: 201572.3, Diff: 0.0]
   [Code Root Fixup: 0.0 ms]
   [Code Root Purge: 0.0 ms]
   [Clear CT: 0.0 ms]
   [Other: 0.1 ms]
      [Choose CSet: 0.0 ms]
      [Ref Proc: 0.0 ms]
      [Ref Enq: 0.0 ms]
      [Redirty Cards: 0.0 ms]
      [Humongous Register: 0.0 ms]
      [Humongous Reclaim: 0.0 ms]
      [Free CSet: 0.0 ms]
   [Eden: 0.0B(25.0M)->0.0B(25.0M) Survivors: 0.0B->0.0B Heap: 511.2M(512.0M)->511.2M(512.0M)]
 [Times: user=0.00 sys=0.00, real=0.00 secs] 
2017-05-09T22:00:53.200+0300: 201.573: [Full GC (Allocation Failure)  511M->484M(512M), 1.1473658 secs]
   [Eden: 0.0B(25.0M)->0.0B(25.0M) Survivors: 0.0B->0.0B Heap: 511.2M(512.0M)->484.5M(512.0M)], [Metaspace: 7484K->7484K(1056768K)]
 [Times: user=1.56 sys=0.00, real=1.14 secs] 
2017-05-09T22:00:54.343+0300: 202.720: [GC concurrent-mark-abort]
2017-05-09T22:00:54.812+0300: 203.186: [GC pause (G1 Evacuation Pause) (young), 0.0031367 secs]
   [Parallel Time: 2.9 ms, GC Workers: 4]
      [GC Worker Start (ms): Min: 203186.3, Avg: 203186.3, Max: 203186.3, Diff: 0.0]
      [Ext Root Scanning (ms): Min: 0.1, Avg: 0.2, Max: 0.2, Diff: 0.0, Sum: 0.6]
      [Update RS (ms): Min: 0.0, Avg: 0.7, Max: 1.3, Diff: 1.3, Sum: 2.6]
         [Processed Buffers: Min: 0, Avg: 0.5, Max: 1, Diff: 1, Sum: 2]
      [Scan RS (ms): Min: 0.0, Avg: 0.0, Max: 0.0, Diff: 0.0, Sum: 0.0]
      [Code Root Scanning (ms): Min: 0.0, Avg: 0.0, Max: 0.0, Diff: 0.0, Sum: 0.0]
      [Object Copy (ms): Min: 1.4, Avg: 2.1, Max: 2.7, Diff: 1.3, Sum: 8.3]
      [Termination (ms): Min: 0.0, Avg: 0.0, Max: 0.0, Diff: 0.0, Sum: 0.0]
         [Termination Attempts: Min: 1, Avg: 1.0, Max: 1, Diff: 0, Sum: 4]
      [GC Worker Other (ms): Min: 0.0, Avg: 0.0, Max: 0.0, Diff: 0.0, Sum: 0.0]
      [GC Worker Total (ms): Min: 2.9, Avg: 2.9, Max: 2.9, Diff: 0.0, Sum: 11.6]
      [GC Worker End (ms): Min: 203189.2, Avg: 203189.2, Max: 203189.2, Diff: 0.0]
   [Code Root Fixup: 0.0 ms]
   [Code Root Purge: 0.0 ms]
   [Clear CT: 0.0 ms]
   [Other: 0.2 ms]
      [Choose CSet: 0.0 ms]
      [Ref Proc: 0.0 ms]
      [Ref Enq: 0.0 ms]
      [Redirty Cards: 0.0 ms]
      [Humongous Register: 0.0 ms]
      [Humongous Reclaim: 0.0 ms]
      [Free CSet: 0.0 ms]
   [Eden: 25.0M(25.0M)->0.0B(23.0M) Survivors: 0.0B->2048.0K Heap: 509.5M(512.0M)->485.6M(512.0M)]
 [Times: user=0.00 sys=0.00, real=0.00 secs] 
2017-05-09T22:00:55.250+0300: 203.621: [GC pause (G1 Evacuation Pause) (young) (initial-mark) (to-space exhausted), 0.0077510 secs]
   [Parallel Time: 4.5 ms, GC Workers: 4]
      [GC Worker Start (ms): Min: 203620.7, Avg: 203620.7, Max: 203620.7, Diff: 0.0]
      [Ext Root Scanning (ms): Min: 0.2, Avg: 0.2, Max: 0.2, Diff: 0.0, Sum: 0.9]
      [Update RS (ms): Min: 0.3, Avg: 0.8, Max: 1.4, Diff: 1.2, Sum: 3.2]
         [Processed Buffers: Min: 1, Avg: 1.8, Max: 2, Diff: 1, Sum: 7]
      [Scan RS (ms): Min: 0.0, Avg: 0.0, Max: 0.0, Diff: 0.0, Sum: 0.0]
      [Code Root Scanning (ms): Min: 0.0, Avg: 0.0, Max: 0.0, Diff: 0.0, Sum: 0.0]
      [Object Copy (ms): Min: 2.8, Avg: 3.4, Max: 3.9, Diff: 1.1, Sum: 13.7]
      [Termination (ms): Min: 0.0, Avg: 0.0, Max: 0.0, Diff: 0.0, Sum: 0.0]
         [Termination Attempts: Min: 1, Avg: 1.0, Max: 1, Diff: 0, Sum: 4]
      [GC Worker Other (ms): Min: 0.0, Avg: 0.0, Max: 0.0, Diff: 0.0, Sum: 0.0]
      [GC Worker Total (ms): Min: 4.4, Avg: 4.5, Max: 4.5, Diff: 0.0, Sum: 17.8]
      [GC Worker End (ms): Min: 203625.1, Avg: 203625.1, Max: 203625.1, Diff: 0.0]
   [Code Root Fixup: 0.0 ms]
   [Code Root Purge: 0.0 ms]
   [Clear CT: 0.0 ms]
   [Other: 3.2 ms]
      [Evacuation Failure: 3.0 ms]
      [Choose CSet: 0.0 ms]
      [Ref Proc: 0.0 ms]
      [Ref Enq: 0.0 ms]
      [Redirty Cards: 0.0 ms]
      [Humongous Register: 0.0 ms]
      [Humongous Reclaim: 0.0 ms]
      [Free CSet: 0.1 ms]
   [Eden: 23.0M(23.0M)->0.0B(23.0M) Survivors: 2048.0K->2048.0K Heap: 508.6M(512.0M)->490.5M(512.0M)]
 [Times: user=0.00 sys=0.00, real=0.00 secs] 
2017-05-09T22:00:55.250+0300: 203.629: [GC concurrent-root-region-scan-start]
2017-05-09T22:00:55.250+0300: 203.630: [GC concurrent-root-region-scan-end, 0.0015032 secs]
2017-05-09T22:00:55.250+0300: 203.630: [GC concurrent-mark-start]
2017-05-09T22:00:55.843+0300: 204.228: [GC pause (G1 Evacuation Pause) (young) (to-space exhausted), 0.1535308 secs]
   [Parallel Time: 143.4 ms, GC Workers: 4]
      [GC Worker Start (ms): Min: 204227.6, Avg: 204227.6, Max: 204227.6, Diff: 0.0]
      [Ext Root Scanning (ms): Min: 0.1, Avg: 0.2, Max: 0.2, Diff: 0.0, Sum: 0.7]
      [Update RS (ms): Min: 0.6, Avg: 1.0, Max: 1.7, Diff: 1.1, Sum: 4.2]
         [Processed Buffers: Min: 2, Avg: 3.8, Max: 5, Diff: 3, Sum: 15]
      [Scan RS (ms): Min: 0.0, Avg: 0.0, Max: 0.0, Diff: 0.0, Sum: 0.0]
      [Code Root Scanning (ms): Min: 0.0, Avg: 0.0, Max: 0.0, Diff: 0.0, Sum: 0.0]
      [Object Copy (ms): Min: 141.4, Avg: 142.1, Max: 142.6, Diff: 1.1, Sum: 568.4]
      [Termination (ms): Min: 0.0, Avg: 0.0, Max: 0.0, Diff: 0.0, Sum: 0.0]
         [Termination Attempts: Min: 1, Avg: 1.0, Max: 1, Diff: 0, Sum: 4]
      [GC Worker Other (ms): Min: 0.0, Avg: 0.0, Max: 0.0, Diff: 0.0, Sum: 0.0]
      [GC Worker Total (ms): Min: 143.3, Avg: 143.3, Max: 143.3, Diff: 0.0, Sum: 573.3]
      [GC Worker End (ms): Min: 204370.9, Avg: 204370.9, Max: 204370.9, Diff: 0.0]
   [Code Root Fixup: 0.0 ms]
   [Code Root Purge: 0.0 ms]
   [Clear CT: 0.0 ms]
   [Other: 10.1 ms]
      [Evacuation Failure: 10.0 ms]
      [Choose CSet: 0.0 ms]
      [Ref Proc: 0.0 ms]
      [Ref Enq: 0.0 ms]
      [Redirty Cards: 0.0 ms]
      [Humongous Register: 0.0 ms]
      [Humongous Reclaim: 0.0 ms]
      [Free CSet: 0.0 ms]
   [Eden: 21.0M(23.0M)->0.0B(25.0M) Survivors: 2048.0K->0.0B Heap: 511.5M(512.0M)->511.5M(512.0M)]
 [Times: user=0.25 sys=0.05, real=0.16 secs] 
2017-05-09T22:00:56.000+0300: 204.381: [GC concurrent-mark-reset-for-overflow]
2017-05-09T22:00:56.000+0300: 204.381: [GC pause (G1 Evacuation Pause) (young), 0.0010183 secs]
   [Parallel Time: 0.9 ms, GC Workers: 4]
      [GC Worker Start (ms): Min: 204381.4, Avg: 204381.4, Max: 204381.4, Diff: 0.0]
      [Ext Root Scanning (ms): Min: 0.2, Avg: 0.2, Max: 0.2, Diff: 0.0, Sum: 0.7]
      [Update RS (ms): Min: 0.7, Avg: 0.7, Max: 0.7, Diff: 0.0, Sum: 2.7]
         [Processed Buffers: Min: 2, Avg: 3.8, Max: 5, Diff: 3, Sum: 15]
      [Scan RS (ms): Min: 0.0, Avg: 0.0, Max: 0.0, Diff: 0.0, Sum: 0.0]
      [Code Root Scanning (ms): Min: 0.0, Avg: 0.0, Max: 0.0, Diff: 0.0, Sum: 0.0]
      [Object Copy (ms): Min: 0.0, Avg: 0.0, Max: 0.0, Diff: 0.0, Sum: 0.0]
      [Termination (ms): Min: 0.0, Avg: 0.0, Max: 0.0, Diff: 0.0, Sum: 0.0]
         [Termination Attempts: Min: 1, Avg: 1.0, Max: 1, Diff: 0, Sum: 4]
      [GC Worker Other (ms): Min: 0.0, Avg: 0.0, Max: 0.0, Diff: 0.0, Sum: 0.0]
      [GC Worker Total (ms): Min: 0.9, Avg: 0.9, Max: 0.9, Diff: 0.0, Sum: 3.5]
      [GC Worker End (ms): Min: 204382.3, Avg: 204382.3, Max: 204382.3, Diff: 0.0]
   [Code Root Fixup: 0.0 ms]
   [Code Root Purge: 0.0 ms]
   [Clear CT: 0.0 ms]
   [Other: 0.1 ms]
      [Choose CSet: 0.0 ms]
      [Ref Proc: 0.0 ms]
      [Ref Enq: 0.0 ms]
      [Redirty Cards: 0.0 ms]
      [Humongous Register: 0.0 ms]
      [Humongous Reclaim: 0.0 ms]
      [Free CSet: 0.0 ms]
   [Eden: 0.0B(25.0M)->0.0B(25.0M) Survivors: 0.0B->0.0B Heap: 511.5M(512.0M)->511.5M(512.0M)]
 [Times: user=0.00 sys=0.00, real=0.00 secs] 
2017-05-09T22:00:56.000+0300: 204.383: [Full GC (Allocation Failure)  511M->487M(512M), 1.1490635 secs]
   [Eden: 0.0B(25.0M)->0.0B(25.0M) Survivors: 0.0B->0.0B Heap: 511.5M(512.0M)->487.2M(512.0M)], [Metaspace: 7484K->7484K(1056768K)]
 [Times: user=1.61 sys=0.00, real=1.16 secs] 
2017-05-09T22:00:57.156+0300: 205.532: [GC concurrent-mark-abort]
2017-05-09T22:00:57.578+0300: 205.957: [GC pause (G1 Evacuation Pause) (young) (to-space exhausted), 0.0551184 secs]
   [Parallel Time: 46.1 ms, GC Workers: 4]
      [GC Worker Start (ms): Min: 205957.1, Avg: 205957.4, Max: 205958.4, Diff: 1.2]
      [Ext Root Scanning (ms): Min: 0.0, Avg: 0.1, Max: 0.2, Diff: 0.2, Sum: 0.6]
      [Update RS (ms): Min: 0.0, Avg: 0.5, Max: 1.2, Diff: 1.2, Sum: 2.2]
         [Processed Buffers: Min: 0, Avg: 0.5, Max: 1, Diff: 1, Sum: 2]
      [Scan RS (ms): Min: 0.0, Avg: 0.0, Max: 0.0, Diff: 0.0, Sum: 0.0]
      [Code Root Scanning (ms): Min: 0.0, Avg: 0.0, Max: 0.0, Diff: 0.0, Sum: 0.0]
      [Object Copy (ms): Min: 44.7, Avg: 45.1, Max: 45.9, Diff: 1.2, Sum: 180.4]
      [Termination (ms): Min: 0.0, Avg: 0.0, Max: 0.0, Diff: 0.0, Sum: 0.0]
         [Termination Attempts: Min: 1, Avg: 1.0, Max: 1, Diff: 0, Sum: 4]
      [GC Worker Other (ms): Min: 0.0, Avg: 0.0, Max: 0.0, Diff: 0.0, Sum: 0.0]
      [GC Worker Total (ms): Min: 44.9, Avg: 45.8, Max: 46.1, Diff: 1.2, Sum: 183.2]
      [GC Worker End (ms): Min: 206003.2, Avg: 206003.2, Max: 206003.2, Diff: 0.0]
   [Code Root Fixup: 0.0 ms]
   [Code Root Purge: 0.0 ms]
   [Clear CT: 0.0 ms]
   [Other: 8.9 ms]
      [Evacuation Failure: 8.7 ms]
      [Choose CSet: 0.0 ms]
      [Ref Proc: 0.0 ms]
      [Ref Enq: 0.0 ms]
      [Redirty Cards: 0.1 ms]
      [Humongous Register: 0.0 ms]
      [Humongous Reclaim: 0.0 ms]
      [Free CSet: 0.0 ms]
   [Eden: 24.0M(25.0M)->0.0B(25.0M) Survivors: 0.0B->0.0B Heap: 511.2M(512.0M)->511.2M(512.0M)]
 [Times: user=0.16 sys=0.00, real=0.06 secs] 
2017-05-09T22:00:57.640+0300: 206.012: [GC pause (G1 Evacuation Pause) (young) (initial-mark), 0.0007406 secs]
   [Parallel Time: 0.6 ms, GC Workers: 4]
      [GC Worker Start (ms): Min: 206012.4, Avg: 206012.5, Max: 206012.5, Diff: 0.0]
      [Ext Root Scanning (ms): Min: 0.3, Avg: 0.3, Max: 0.3, Diff: 0.0, Sum: 1.1]
      [Update RS (ms): Min: 0.2, Avg: 0.3, Max: 0.3, Diff: 0.0, Sum: 1.0]
         [Processed Buffers: Min: 1, Avg: 1.8, Max: 3, Diff: 2, Sum: 7]
      [Scan RS (ms): Min: 0.0, Avg: 0.0, Max: 0.0, Diff: 0.0, Sum: 0.0]
      [Code Root Scanning (ms): Min: 0.0, Avg: 0.0, Max: 0.0, Diff: 0.0, Sum: 0.0]
      [Object Copy (ms): Min: 0.0, Avg: 0.0, Max: 0.0, Diff: 0.0, Sum: 0.0]
      [Termination (ms): Min: 0.0, Avg: 0.0, Max: 0.0, Diff: 0.0, Sum: 0.1]
         [Termination Attempts: Min: 1, Avg: 1.0, Max: 1, Diff: 0, Sum: 4]
      [GC Worker Other (ms): Min: 0.0, Avg: 0.0, Max: 0.0, Diff: 0.0, Sum: 0.0]
      [GC Worker Total (ms): Min: 0.6, Avg: 0.6, Max: 0.6, Diff: 0.0, Sum: 2.3]
      [GC Worker End (ms): Min: 206013.0, Avg: 206013.0, Max: 206013.0, Diff: 0.0]
   [Code Root Fixup: 0.0 ms]
   [Code Root Purge: 0.0 ms]
   [Clear CT: 0.0 ms]
   [Other: 0.1 ms]
      [Choose CSet: 0.0 ms]
      [Ref Proc: 0.0 ms]
      [Ref Enq: 0.0 ms]
      [Redirty Cards: 0.0 ms]
      [Humongous Register: 0.0 ms]
      [Humongous Reclaim: 0.0 ms]
      [Free CSet: 0.0 ms]
   [Eden: 0.0B(25.0M)->0.0B(25.0M) Survivors: 0.0B->0.0B Heap: 511.2M(512.0M)->511.2M(512.0M)]
 [Times: user=0.00 sys=0.00, real=0.00 secs] 
2017-05-09T22:00:57.640+0300: 206.013: [GC concurrent-root-region-scan-start]
2017-05-09T22:00:57.640+0300: 206.013: [GC concurrent-root-region-scan-end, 0.0000084 secs]
2017-05-09T22:00:57.640+0300: 206.013: [GC concurrent-mark-start]
2017-05-09T22:00:57.640+0300: 206.013: [Full GC (Allocation Failure)  511M->488M(512M), 1.1529595 secs]
   [Eden: 0.0B(25.0M)->0.0B(25.0M) Survivors: 0.0B->0.0B Heap: 511.2M(512.0M)->488.2M(512.0M)], [Metaspace: 7484K->7484K(1056768K)]
 [Times: user=1.63 sys=0.00, real=1.15 secs] 
2017-05-09T22:00:58.789+0300: 207.166: [GC concurrent-mark-abort]
2017-05-09T22:00:59.182+0300: 207.564: [GC pause (G1 Evacuation Pause) (young) (to-space exhausted), 0.0416370 secs]
   [Parallel Time: 32.4 ms, GC Workers: 4]
      [GC Worker Start (ms): Min: 207564.5, Avg: 207564.5, Max: 207564.5, Diff: 0.0]
      [Ext Root Scanning (ms): Min: 0.2, Avg: 0.2, Max: 0.2, Diff: 0.0, Sum: 0.7]
      [Update RS (ms): Min: 0.0, Avg: 0.5, Max: 1.1, Diff: 1.1, Sum: 2.1]
         [Processed Buffers: Min: 0, Avg: 0.5, Max: 1, Diff: 1, Sum: 2]
      [Scan RS (ms): Min: 0.0, Avg: 0.0, Max: 0.0, Diff: 0.0, Sum: 0.0]
      [Code Root Scanning (ms): Min: 0.0, Avg: 0.0, Max: 0.0, Diff: 0.0, Sum: 0.0]
      [Object Copy (ms): Min: 31.0, Avg: 31.6, Max: 32.1, Diff: 1.2, Sum: 126.3]
      [Termination (ms): Min: 0.0, Avg: 0.0, Max: 0.1, Diff: 0.1, Sum: 0.1]
         [Termination Attempts: Min: 1, Avg: 1.8, Max: 4, Diff: 3, Sum: 7]
      [GC Worker Other (ms): Min: 0.0, Avg: 0.0, Max: 0.0, Diff: 0.0, Sum: 0.0]
      [GC Worker Total (ms): Min: 32.3, Avg: 32.3, Max: 32.3, Diff: 0.0, Sum: 129.3]
      [GC Worker End (ms): Min: 207596.8, Avg: 207596.8, Max: 207596.8, Diff: 0.0]
   [Code Root Fixup: 0.0 ms]
   [Code Root Purge: 0.0 ms]
   [Clear CT: 0.0 ms]
   [Other: 9.2 ms]
      [Evacuation Failure: 9.0 ms]
      [Choose CSet: 0.0 ms]
      [Ref Proc: 0.1 ms]
      [Ref Enq: 0.0 ms]
      [Redirty Cards: 0.0 ms]
      [Humongous Register: 0.0 ms]
      [Humongous Reclaim: 0.0 ms]
      [Free CSet: 0.0 ms]
   [Eden: 23.0M(25.0M)->0.0B(25.0M) Survivors: 0.0B->0.0B Heap: 511.2M(512.0M)->511.2M(512.0M)]
 [Times: user=0.06 sys=0.02, real=0.05 secs] 
2017-05-09T22:00:59.228+0300: 207.606: [GC pause (G1 Evacuation Pause) (young) (initial-mark), 0.0008186 secs]
   [Parallel Time: 0.7 ms, GC Workers: 4]
      [GC Worker Start (ms): Min: 207606.3, Avg: 207606.3, Max: 207606.3, Diff: 0.0]
      [Ext Root Scanning (ms): Min: 0.3, Avg: 0.3, Max: 0.3, Diff: 0.0, Sum: 1.3]
      [Update RS (ms): Min: 0.2, Avg: 0.2, Max: 0.3, Diff: 0.2, Sum: 1.0]
         [Processed Buffers: Min: 1, Avg: 2.0, Max: 3, Diff: 2, Sum: 8]
      [Scan RS (ms): Min: 0.0, Avg: 0.0, Max: 0.0, Diff: 0.0, Sum: 0.0]
      [Code Root Scanning (ms): Min: 0.0, Avg: 0.0, Max: 0.0, Diff: 0.0, Sum: 0.0]
      [Object Copy (ms): Min: 0.0, Avg: 0.0, Max: 0.0, Diff: 0.0, Sum: 0.0]
      [Termination (ms): Min: 0.0, Avg: 0.1, Max: 0.2, Diff: 0.2, Sum: 0.3]
         [Termination Attempts: Min: 1, Avg: 1.0, Max: 1, Diff: 0, Sum: 4]
      [GC Worker Other (ms): Min: 0.0, Avg: 0.0, Max: 0.0, Diff: 0.0, Sum: 0.0]
      [GC Worker Total (ms): Min: 0.6, Avg: 0.7, Max: 0.7, Diff: 0.0, Sum: 2.6]
      [GC Worker End (ms): Min: 207607.0, Avg: 207607.0, Max: 207607.0, Diff: 0.0]
   [Code Root Fixup: 0.0 ms]
   [Code Root Purge: 0.0 ms]
   [Clear CT: 0.0 ms]
   [Other: 0.1 ms]
      [Choose CSet: 0.0 ms]
      [Ref Proc: 0.0 ms]
      [Ref Enq: 0.0 ms]
      [Redirty Cards: 0.0 ms]
      [Humongous Register: 0.0 ms]
      [Humongous Reclaim: 0.0 ms]
      [Free CSet: 0.0 ms]
   [Eden: 0.0B(25.0M)->0.0B(25.0M) Survivors: 0.0B->0.0B Heap: 511.2M(512.0M)->511.2M(512.0M)]
 [Times: user=0.00 sys=0.00, real=0.00 secs] 
2017-05-09T22:00:59.228+0300: 207.607: [GC concurrent-root-region-scan-start]
2017-05-09T22:00:59.228+0300: 207.607: [GC concurrent-root-region-scan-end, 0.0000069 secs]
2017-05-09T22:00:59.228+0300: 207.607: [GC concurrent-mark-start]
2017-05-09T22:00:59.228+0300: 207.607: [Full GC (Allocation Failure)  511M->489M(512M), 1.1610140 secs]
   [Eden: 0.0B(25.0M)->0.0B(25.0M) Survivors: 0.0B->0.0B Heap: 511.2M(512.0M)->489.0M(512.0M)], [Metaspace: 7484K->7484K(1056768K)]
 [Times: user=1.58 sys=0.00, real=1.16 secs] 
2017-05-09T22:01:00.385+0300: 208.768: [GC concurrent-mark-abort]
2017-05-09T22:01:00.744+0300: 209.125: [GC pause (G1 Evacuation Pause) (young) (to-space exhausted), 0.0548365 secs]
   [Parallel Time: 45.4 ms, GC Workers: 4]
      [GC Worker Start (ms): Min: 209124.6, Avg: 209124.6, Max: 209124.6, Diff: 0.0]
      [Ext Root Scanning (ms): Min: 0.2, Avg: 0.2, Max: 0.2, Diff: 0.0, Sum: 0.6]
      [Update RS (ms): Min: 0.0, Avg: 0.5, Max: 1.2, Diff: 1.2, Sum: 2.0]
         [Processed Buffers: Min: 0, Avg: 0.5, Max: 1, Diff: 1, Sum: 2]
      [Scan RS (ms): Min: 0.0, Avg: 0.0, Max: 0.0, Diff: 0.0, Sum: 0.0]
      [Code Root Scanning (ms): Min: 0.0, Avg: 0.0, Max: 0.0, Diff: 0.0, Sum: 0.0]
      [Object Copy (ms): Min: 44.0, Avg: 44.7, Max: 45.2, Diff: 1.2, Sum: 178.8]
      [Termination (ms): Min: 0.0, Avg: 0.0, Max: 0.0, Diff: 0.0, Sum: 0.0]
         [Termination Attempts: Min: 1, Avg: 1.0, Max: 1, Diff: 0, Sum: 4]
      [GC Worker Other (ms): Min: 0.0, Avg: 0.0, Max: 0.0, Diff: 0.0, Sum: 0.0]
      [GC Worker Total (ms): Min: 45.4, Avg: 45.4, Max: 45.4, Diff: 0.0, Sum: 181.5]
      [GC Worker End (ms): Min: 209170.0, Avg: 209170.0, Max: 209170.0, Diff: 0.0]
   [Code Root Fixup: 0.0 ms]
   [Code Root Purge: 0.0 ms]
   [Clear CT: 0.0 ms]
   [Other: 9.4 ms]
      [Evacuation Failure: 9.1 ms]
      [Choose CSet: 0.0 ms]
      [Ref Proc: 0.0 ms]
      [Ref Enq: 0.0 ms]
      [Redirty Cards: 0.1 ms]
      [Humongous Register: 0.0 ms]
      [Humongous Reclaim: 0.0 ms]
      [Free CSet: 0.1 ms]
   [Eden: 22.0M(25.0M)->0.0B(25.0M) Survivors: 0.0B->0.0B Heap: 511.0M(512.0M)->511.0M(512.0M)]
 [Times: user=0.09 sys=0.00, real=0.06 secs] 
2017-05-09T22:01:00.804+0300: 209.180: [GC pause (G1 Evacuation Pause) (young) (initial-mark), 0.0009716 secs]
   [Parallel Time: 0.7 ms, GC Workers: 4]
      [GC Worker Start (ms): Min: 209179.8, Avg: 209179.8, Max: 209179.9, Diff: 0.0]
      [Ext Root Scanning (ms): Min: 0.3, Avg: 0.4, Max: 0.6, Diff: 0.3, Sum: 1.5]
      [Update RS (ms): Min: 0.0, Avg: 0.2, Max: 0.4, Diff: 0.4, Sum: 1.0]
         [Processed Buffers: Min: 0, Avg: 2.0, Max: 4, Diff: 4, Sum: 8]
      [Scan RS (ms): Min: 0.0, Avg: 0.0, Max: 0.0, Diff: 0.0, Sum: 0.0]
      [Code Root Scanning (ms): Min: 0.0, Avg: 0.0, Max: 0.0, Diff: 0.0, Sum: 0.0]
      [Object Copy (ms): Min: 0.0, Avg: 0.0, Max: 0.0, Diff: 0.0, Sum: 0.0]
      [Termination (ms): Min: 0.0, Avg: 0.0, Max: 0.1, Diff: 0.1, Sum: 0.2]
         [Termination Attempts: Min: 1, Avg: 1.0, Max: 1, Diff: 0, Sum: 4]
      [GC Worker Other (ms): Min: 0.0, Avg: 0.0, Max: 0.0, Diff: 0.0, Sum: 0.1]
      [GC Worker Total (ms): Min: 0.7, Avg: 0.7, Max: 0.7, Diff: 0.0, Sum: 2.8]
      [GC Worker End (ms): Min: 209180.5, Avg: 209180.5, Max: 209180.5, Diff: 0.0]
   [Code Root Fixup: 0.0 ms]
   [Code Root Purge: 0.0 ms]
   [Clear CT: 0.0 ms]
   [Other: 0.2 ms]
      [Choose CSet: 0.0 ms]
      [Ref Proc: 0.1 ms]
      [Ref Enq: 0.0 ms]
      [Redirty Cards: 0.0 ms]
      [Humongous Register: 0.0 ms]
      [Humongous Reclaim: 0.0 ms]
      [Free CSet: 0.0 ms]
   [Eden: 0.0B(25.0M)->0.0B(25.0M) Survivors: 0.0B->0.0B Heap: 511.0M(512.0M)->511.0M(512.0M)]
 [Times: user=0.00 sys=0.00, real=0.00 secs] 
2017-05-09T22:01:00.804+0300: 209.181: [GC concurrent-root-region-scan-start]
2017-05-09T22:01:00.804+0300: 209.181: [GC concurrent-root-region-scan-end, 0.0000105 secs]
2017-05-09T22:01:00.804+0300: 209.181: [GC concurrent-mark-start]
2017-05-09T22:01:00.804+0300: 209.181: [Full GC (Allocation Failure)  511M->489M(512M), 1.1626895 secs]
   [Eden: 0.0B(25.0M)->0.0B(25.0M) Survivors: 0.0B->0.0B Heap: 511.0M(512.0M)->489.9M(512.0M)], [Metaspace: 7484K->7484K(1056768K)]
 [Times: user=1.63 sys=0.00, real=1.16 secs] 
2017-05-09T22:01:01.961+0300: 210.344: [GC concurrent-mark-abort]
2017-05-09T22:01:02.305+0300: 210.676: [GC pause (G1 Evacuation Pause) (young) (to-space exhausted), 0.0505053 secs]
   [Parallel Time: 41.1 ms, GC Workers: 4]
      [GC Worker Start (ms): Min: 210675.9, Avg: 210675.9, Max: 210675.9, Diff: 0.0]
      [Ext Root Scanning (ms): Min: 0.2, Avg: 0.2, Max: 0.2, Diff: 0.0, Sum: 0.7]
      [Update RS (ms): Min: 0.0, Avg: 0.5, Max: 1.1, Diff: 1.1, Sum: 1.9]
         [Processed Buffers: Min: 0, Avg: 0.5, Max: 1, Diff: 1, Sum: 2]
      [Scan RS (ms): Min: 0.0, Avg: 0.0, Max: 0.0, Diff: 0.0, Sum: 0.0]
      [Code Root Scanning (ms): Min: 0.0, Avg: 0.0, Max: 0.0, Diff: 0.0, Sum: 0.0]
      [Object Copy (ms): Min: 39.7, Avg: 40.4, Max: 40.9, Diff: 1.1, Sum: 161.6]
      [Termination (ms): Min: 0.0, Avg: 0.0, Max: 0.0, Diff: 0.0, Sum: 0.0]
         [Termination Attempts: Min: 1, Avg: 1.3, Max: 2, Diff: 1, Sum: 5]
      [GC Worker Other (ms): Min: 0.0, Avg: 0.0, Max: 0.0, Diff: 0.0, Sum: 0.0]
      [GC Worker Total (ms): Min: 41.0, Avg: 41.1, Max: 41.1, Diff: 0.0, Sum: 164.2]
      [GC Worker End (ms): Min: 210717.0, Avg: 210717.0, Max: 210717.0, Diff: 0.0]
   [Code Root Fixup: 0.0 ms]
   [Code Root Purge: 0.0 ms]
   [Clear CT: 0.0 ms]
   [Other: 9.4 ms]
      [Evacuation Failure: 9.2 ms]
      [Choose CSet: 0.0 ms]
      [Ref Proc: 0.0 ms]
      [Ref Enq: 0.0 ms]
      [Redirty Cards: 0.1 ms]
      [Humongous Register: 0.0 ms]
      [Humongous Reclaim: 0.0 ms]
      [Free CSet: 0.1 ms]
   [Eden: 21.0M(25.0M)->0.0B(25.0M) Survivors: 0.0B->0.0B Heap: 510.9M(512.0M)->510.9M(512.0M)]
 [Times: user=0.13 sys=0.00, real=0.05 secs] 
2017-05-09T22:01:02.352+0300: 210.727: [GC pause (G1 Evacuation Pause) (young) (initial-mark), 0.0008713 secs]
   [Parallel Time: 0.7 ms, GC Workers: 4]
      [GC Worker Start (ms): Min: 210726.6, Avg: 210726.6, Max: 210726.6, Diff: 0.0]
      [Ext Root Scanning (ms): Min: 0.3, Avg: 0.3, Max: 0.4, Diff: 0.0, Sum: 1.3]
      [Update RS (ms): Min: 0.2, Avg: 0.3, Max: 0.3, Diff: 0.1, Sum: 1.2]
         [Processed Buffers: Min: 1, Avg: 1.8, Max: 3, Diff: 2, Sum: 7]
      [Scan RS (ms): Min: 0.0, Avg: 0.0, Max: 0.0, Diff: 0.0, Sum: 0.0]
      [Code Root Scanning (ms): Min: 0.0, Avg: 0.0, Max: 0.0, Diff: 0.0, Sum: 0.0]
      [Object Copy (ms): Min: 0.0, Avg: 0.0, Max: 0.0, Diff: 0.0, Sum: 0.0]
      [Termination (ms): Min: 0.0, Avg: 0.0, Max: 0.1, Diff: 0.1, Sum: 0.1]
         [Termination Attempts: Min: 1, Avg: 1.0, Max: 1, Diff: 0, Sum: 4]
      [GC Worker Other (ms): Min: 0.0, Avg: 0.0, Max: 0.0, Diff: 0.0, Sum: 0.0]
      [GC Worker Total (ms): Min: 0.7, Avg: 0.7, Max: 0.7, Diff: 0.0, Sum: 2.7]
      [GC Worker End (ms): Min: 210727.3, Avg: 210727.3, Max: 210727.3, Diff: 0.0]
   [Code Root Fixup: 0.0 ms]
   [Code Root Purge: 0.0 ms]
   [Clear CT: 0.0 ms]
   [Other: 0.2 ms]
      [Choose CSet: 0.0 ms]
      [Ref Proc: 0.1 ms]
      [Ref Enq: 0.0 ms]
      [Redirty Cards: 0.0 ms]
      [Humongous Register: 0.0 ms]
      [Humongous Reclaim: 0.0 ms]
      [Free CSet: 0.0 ms]
   [Eden: 0.0B(25.0M)->0.0B(25.0M) Survivors: 0.0B->0.0B Heap: 510.9M(512.0M)->510.9M(512.0M)]
 [Times: user=0.00 sys=0.00, real=0.00 secs] 
2017-05-09T22:01:02.352+0300: 210.728: [GC concurrent-root-region-scan-start]
2017-05-09T22:01:02.352+0300: 210.728: [GC concurrent-root-region-scan-end, 0.0000087 secs]
2017-05-09T22:01:02.352+0300: 210.728: [GC concurrent-mark-start]
2017-05-09T22:01:02.352+0300: 210.728: [Full GC (Allocation Failure)  510M->490M(512M), 1.1579243 secs]
   [Eden: 0.0B(25.0M)->0.0B(25.0M) Survivors: 0.0B->0.0B Heap: 510.9M(512.0M)->490.7M(512.0M)], [Metaspace: 7484K->7484K(1056768K)]
 [Times: user=1.59 sys=0.00, real=1.16 secs] 
2017-05-09T22:01:03.508+0300: 211.886: [GC concurrent-mark-abort]
2017-05-09T22:01:03.817+0300: 212.194: [GC pause (G1 Evacuation Pause) (young) (to-space exhausted), 0.0513344 secs]
   [Parallel Time: 41.3 ms, GC Workers: 4]
      [GC Worker Start (ms): Min: 212194.5, Avg: 212194.5, Max: 212194.5, Diff: 0.0]
      [Ext Root Scanning (ms): Min: 0.2, Avg: 0.2, Max: 0.2, Diff: 0.0, Sum: 0.8]
      [Update RS (ms): Min: 0.0, Avg: 0.5, Max: 1.1, Diff: 1.1, Sum: 1.8]
         [Processed Buffers: Min: 0, Avg: 0.5, Max: 1, Diff: 1, Sum: 2]
      [Scan RS (ms): Min: 0.0, Avg: 0.0, Max: 0.0, Diff: 0.0, Sum: 0.0]
      [Code Root Scanning (ms): Min: 0.0, Avg: 0.0, Max: 0.0, Diff: 0.0, Sum: 0.0]
      [Object Copy (ms): Min: 40.0, Avg: 40.6, Max: 41.1, Diff: 1.1, Sum: 162.5]
      [Termination (ms): Min: 0.0, Avg: 0.0, Max: 0.0, Diff: 0.0, Sum: 0.1]
         [Termination Attempts: Min: 1, Avg: 1.0, Max: 1, Diff: 0, Sum: 4]
      [GC Worker Other (ms): Min: 0.0, Avg: 0.0, Max: 0.0, Diff: 0.0, Sum: 0.0]
      [GC Worker Total (ms): Min: 41.3, Avg: 41.3, Max: 41.3, Diff: 0.0, Sum: 165.2]
      [GC Worker End (ms): Min: 212235.8, Avg: 212235.8, Max: 212235.8, Diff: 0.0]
   [Code Root Fixup: 0.0 ms]
   [Code Root Purge: 0.0 ms]
   [Clear CT: 0.0 ms]
   [Other: 10.0 ms]
      [Evacuation Failure: 9.8 ms]
      [Choose CSet: 0.0 ms]
      [Ref Proc: 0.1 ms]
      [Ref Enq: 0.0 ms]
      [Redirty Cards: 0.0 ms]
      [Humongous Register: 0.0 ms]
      [Humongous Reclaim: 0.0 ms]
      [Free CSet: 0.0 ms]
   [Eden: 20.0M(25.0M)->0.0B(25.0M) Survivors: 0.0B->0.0B Heap: 510.7M(512.0M)->510.7M(512.0M)]
 [Times: user=0.05 sys=0.00, real=0.05 secs] 
2017-05-09T22:01:03.864+0300: 212.246: [GC pause (G1 Evacuation Pause) (young) (initial-mark), 0.0006469 secs]
   [Parallel Time: 0.5 ms, GC Workers: 4]
      [GC Worker Start (ms): Min: 212246.0, Avg: 212246.0, Max: 212246.0, Diff: 0.0]
      [Ext Root Scanning (ms): Min: 0.3, Avg: 0.3, Max: 0.3, Diff: 0.0, Sum: 1.1]
      [Update RS (ms): Min: 0.2, Avg: 0.2, Max: 0.2, Diff: 0.0, Sum: 0.8]
         [Processed Buffers: Min: 1, Avg: 1.8, Max: 3, Diff: 2, Sum: 7]
      [Scan RS (ms): Min: 0.0, Avg: 0.0, Max: 0.0, Diff: 0.0, Sum: 0.0]
      [Code Root Scanning (ms): Min: 0.0, Avg: 0.0, Max: 0.0, Diff: 0.0, Sum: 0.0]
      [Object Copy (ms): Min: 0.0, Avg: 0.0, Max: 0.0, Diff: 0.0, Sum: 0.0]
      [Termination (ms): Min: 0.0, Avg: 0.0, Max: 0.0, Diff: 0.0, Sum: 0.0]
         [Termination Attempts: Min: 1, Avg: 1.0, Max: 1, Diff: 0, Sum: 4]
      [GC Worker Other (ms): Min: 0.0, Avg: 0.0, Max: 0.0, Diff: 0.0, Sum: 0.0]
      [GC Worker Total (ms): Min: 0.5, Avg: 0.5, Max: 0.5, Diff: 0.0, Sum: 2.0]
      [GC Worker End (ms): Min: 212246.5, Avg: 212246.5, Max: 212246.5, Diff: 0.0]
   [Code Root Fixup: 0.0 ms]
   [Code Root Purge: 0.0 ms]
   [Clear CT: 0.0 ms]
   [Other: 0.1 ms]
      [Choose CSet: 0.0 ms]
      [Ref Proc: 0.0 ms]
      [Ref Enq: 0.0 ms]
      [Redirty Cards: 0.0 ms]
      [Humongous Register: 0.0 ms]
      [Humongous Reclaim: 0.0 ms]
      [Free CSet: 0.0 ms]
   [Eden: 0.0B(25.0M)->0.0B(25.0M) Survivors: 0.0B->0.0B Heap: 510.7M(512.0M)->510.7M(512.0M)]
 [Times: user=0.00 sys=0.00, real=0.00 secs] 
2017-05-09T22:01:03.864+0300: 212.247: [GC concurrent-root-region-scan-start]
2017-05-09T22:01:03.864+0300: 212.247: [GC concurrent-root-region-scan-end, 0.0000069 secs]
2017-05-09T22:01:03.864+0300: 212.247: [GC concurrent-mark-start]
2017-05-09T22:01:03.864+0300: 212.247: [Full GC (Allocation Failure)  510M->491M(512M), 1.1725767 secs]
   [Eden: 0.0B(25.0M)->0.0B(25.0M) Survivors: 0.0B->0.0B Heap: 510.7M(512.0M)->491.5M(512.0M)], [Metaspace: 7484K->7484K(1056768K)]
 [Times: user=1.64 sys=0.00, real=1.17 secs] 
2017-05-09T22:01:05.039+0300: 213.419: [GC concurrent-mark-abort]
2017-05-09T22:01:05.367+0300: 213.751: [GC pause (G1 Evacuation Pause) (young) (to-space exhausted), 0.0492581 secs]
   [Parallel Time: 41.8 ms, GC Workers: 4]
      [GC Worker Start (ms): Min: 213751.0, Avg: 213751.0, Max: 213751.0, Diff: 0.0]
      [Ext Root Scanning (ms): Min: 0.2, Avg: 0.2, Max: 0.2, Diff: 0.0, Sum: 0.6]
      [Update RS (ms): Min: 0.0, Avg: 0.4, Max: 1.1, Diff: 1.1, Sum: 1.8]
         [Processed Buffers: Min: 0, Avg: 0.5, Max: 1, Diff: 1, Sum: 2]
      [Scan RS (ms): Min: 0.0, Avg: 0.0, Max: 0.0, Diff: 0.0, Sum: 0.0]
      [Code Root Scanning (ms): Min: 0.0, Avg: 0.0, Max: 0.0, Diff: 0.0, Sum: 0.0]
      [Object Copy (ms): Min: 40.5, Avg: 41.2, Max: 41.6, Diff: 1.1, Sum: 164.6]
      [Termination (ms): Min: 0.0, Avg: 0.0, Max: 0.0, Diff: 0.0, Sum: 0.0]
         [Termination Attempts: Min: 1, Avg: 1.5, Max: 3, Diff: 2, Sum: 6]
      [GC Worker Other (ms): Min: 0.0, Avg: 0.0, Max: 0.0, Diff: 0.0, Sum: 0.0]
      [GC Worker Total (ms): Min: 41.8, Avg: 41.8, Max: 41.8, Diff: 0.0, Sum: 167.1]
      [GC Worker End (ms): Min: 213792.8, Avg: 213792.8, Max: 213792.8, Diff: 0.0]
   [Code Root Fixup: 0.0 ms]
   [Code Root Purge: 0.0 ms]
   [Clear CT: 0.0 ms]
   [Other: 7.4 ms]
      [Evacuation Failure: 7.3 ms]
      [Choose CSet: 0.0 ms]
      [Ref Proc: 0.0 ms]
      [Ref Enq: 0.0 ms]
      [Redirty Cards: 0.0 ms]
      [Humongous Register: 0.0 ms]
      [Humongous Reclaim: 0.0 ms]
      [Free CSet: 0.0 ms]
   [Eden: 20.0M(25.0M)->0.0B(25.0M) Survivors: 0.0B->0.0B Heap: 511.5M(512.0M)->511.5M(512.0M)]
 [Times: user=0.16 sys=0.03, real=0.06 secs] 
2017-05-09T22:01:05.430+0300: 213.800: [GC pause (G1 Evacuation Pause) (young) (initial-mark), 0.0006526 secs]
   [Parallel Time: 0.5 ms, GC Workers: 4]
      [GC Worker Start (ms): Min: 213800.4, Avg: 213800.4, Max: 213800.4, Diff: 0.0]
      [Ext Root Scanning (ms): Min: 0.3, Avg: 0.3, Max: 0.3, Diff: 0.0, Sum: 1.2]
      [Update RS (ms): Min: 0.2, Avg: 0.2, Max: 0.2, Diff: 0.0, Sum: 0.8]
         [Processed Buffers: Min: 1, Avg: 1.8, Max: 2, Diff: 1, Sum: 7]
      [Scan RS (ms): Min: 0.0, Avg: 0.0, Max: 0.0, Diff: 0.0, Sum: 0.0]
      [Code Root Scanning (ms): Min: 0.0, Avg: 0.0, Max: 0.0, Diff: 0.0, Sum: 0.0]
      [Object Copy (ms): Min: 0.0, Avg: 0.0, Max: 0.0, Diff: 0.0, Sum: 0.0]
      [Termination (ms): Min: 0.0, Avg: 0.0, Max: 0.0, Diff: 0.0, Sum: 0.0]
         [Termination Attempts: Min: 1, Avg: 1.0, Max: 1, Diff: 0, Sum: 4]
      [GC Worker Other (ms): Min: 0.0, Avg: 0.0, Max: 0.0, Diff: 0.0, Sum: 0.0]
      [GC Worker Total (ms): Min: 0.5, Avg: 0.5, Max: 0.5, Diff: 0.0, Sum: 2.1]
      [GC Worker End (ms): Min: 213800.9, Avg: 213801.0, Max: 213801.0, Diff: 0.0]
   [Code Root Fixup: 0.0 ms]
   [Code Root Purge: 0.0 ms]
   [Clear CT: 0.0 ms]
   [Other: 0.1 ms]
      [Choose CSet: 0.0 ms]
      [Ref Proc: 0.0 ms]
      [Ref Enq: 0.0 ms]
      [Redirty Cards: 0.0 ms]
      [Humongous Register: 0.0 ms]
      [Humongous Reclaim: 0.0 ms]
      [Free CSet: 0.0 ms]
   [Eden: 0.0B(25.0M)->0.0B(25.0M) Survivors: 0.0B->0.0B Heap: 511.5M(512.0M)->511.5M(512.0M)]
 [Times: user=0.00 sys=0.00, real=0.00 secs] 
2017-05-09T22:01:05.430+0300: 213.801: [GC concurrent-root-region-scan-start]
2017-05-09T22:01:05.430+0300: 213.801: [GC concurrent-root-region-scan-end, 0.0000069 secs]
2017-05-09T22:01:05.430+0300: 213.801: [GC concurrent-mark-start]
2017-05-09T22:01:05.430+0300: 213.801: [Full GC (Allocation Failure)  511M->492M(512M), 1.1639414 secs]
   [Eden: 0.0B(25.0M)->0.0B(25.0M) Survivors: 0.0B->0.0B Heap: 511.5M(512.0M)->492.3M(512.0M)], [Metaspace: 7484K->7484K(1056768K)]
 [Times: user=1.58 sys=0.00, real=1.16 secs] 
2017-05-09T22:01:06.586+0300: 214.965: [GC concurrent-mark-abort]
2017-05-09T22:01:06.905+0300: 215.288: [GC pause (G1 Evacuation Pause) (young) (to-space exhausted), 0.0489317 secs]
   [Parallel Time: 41.2 ms, GC Workers: 4]
      [GC Worker Start (ms): Min: 215287.9, Avg: 215287.9, Max: 215287.9, Diff: 0.0]
      [Ext Root Scanning (ms): Min: 0.2, Avg: 0.2, Max: 0.2, Diff: 0.0, Sum: 0.6]
      [Update RS (ms): Min: 0.0, Avg: 0.4, Max: 1.1, Diff: 1.1, Sum: 1.6]
         [Processed Buffers: Min: 0, Avg: 0.5, Max: 1, Diff: 1, Sum: 2]
      [Scan RS (ms): Min: 0.0, Avg: 0.0, Max: 0.0, Diff: 0.0, Sum: 0.0]
      [Code Root Scanning (ms): Min: 0.0, Avg: 0.0, Max: 0.0, Diff: 0.0, Sum: 0.0]
      [Object Copy (ms): Min: 39.9, Avg: 40.6, Max: 41.0, Diff: 1.1, Sum: 162.3]
      [Termination (ms): Min: 0.0, Avg: 0.0, Max: 0.0, Diff: 0.0, Sum: 0.1]
         [Termination Attempts: Min: 1, Avg: 1.8, Max: 3, Diff: 2, Sum: 7]
      [GC Worker Other (ms): Min: 0.0, Avg: 0.0, Max: 0.0, Diff: 0.0, Sum: 0.0]
      [GC Worker Total (ms): Min: 41.2, Avg: 41.2, Max: 41.2, Diff: 0.0, Sum: 164.7]
      [GC Worker End (ms): Min: 215329.1, Avg: 215329.1, Max: 215329.1, Diff: 0.0]
   [Code Root Fixup: 0.0 ms]
   [Code Root Purge: 0.0 ms]
   [Clear CT: 0.0 ms]
   [Other: 7.7 ms]
      [Evacuation Failure: 7.5 ms]
      [Choose CSet: 0.0 ms]
      [Ref Proc: 0.1 ms]
      [Ref Enq: 0.0 ms]
      [Redirty Cards: 0.0 ms]
      [Humongous Register: 0.0 ms]
      [Humongous Reclaim: 0.0 ms]
      [Free CSet: 0.0 ms]
   [Eden: 19.0M(25.0M)->0.0B(25.0M) Survivors: 0.0B->0.0B Heap: 511.3M(512.0M)->511.3M(512.0M)]
 [Times: user=0.03 sys=0.02, real=0.05 secs] 
2017-05-09T22:01:06.968+0300: 215.337: [GC pause (G1 Evacuation Pause) (young) (initial-mark), 0.0009713 secs]
   [Parallel Time: 0.8 ms, GC Workers: 4]
      [GC Worker Start (ms): Min: 215337.3, Avg: 215337.3, Max: 215337.3, Diff: 0.0]
      [Ext Root Scanning (ms): Min: 0.4, Avg: 0.5, Max: 0.5, Diff: 0.0, Sum: 1.8]
      [Update RS (ms): Min: 0.2, Avg: 0.3, Max: 0.3, Diff: 0.1, Sum: 1.0]
         [Processed Buffers: Min: 1, Avg: 1.8, Max: 2, Diff: 1, Sum: 7]
      [Scan RS (ms): Min: 0.0, Avg: 0.0, Max: 0.0, Diff: 0.0, Sum: 0.0]
      [Code Root Scanning (ms): Min: 0.0, Avg: 0.0, Max: 0.0, Diff: 0.0, Sum: 0.0]
      [Object Copy (ms): Min: 0.0, Avg: 0.0, Max: 0.0, Diff: 0.0, Sum: 0.0]
      [Termination (ms): Min: 0.0, Avg: 0.0, Max: 0.1, Diff: 0.1, Sum: 0.1]
         [Termination Attempts: Min: 1, Avg: 1.0, Max: 1, Diff: 0, Sum: 4]
      [GC Worker Other (ms): Min: 0.0, Avg: 0.0, Max: 0.0, Diff: 0.0, Sum: 0.0]
      [GC Worker Total (ms): Min: 0.8, Avg: 0.8, Max: 0.8, Diff: 0.0, Sum: 3.1]
      [GC Worker End (ms): Min: 215338.0, Avg: 215338.0, Max: 215338.0, Diff: 0.0]
   [Code Root Fixup: 0.0 ms]
   [Code Root Purge: 0.0 ms]
   [Clear CT: 0.0 ms]
   [Other: 0.2 ms]
      [Choose CSet: 0.0 ms]
      [Ref Proc: 0.1 ms]
      [Ref Enq: 0.0 ms]
      [Redirty Cards: 0.0 ms]
      [Humongous Register: 0.0 ms]
      [Humongous Reclaim: 0.0 ms]
      [Free CSet: 0.0 ms]
   [Eden: 0.0B(25.0M)->0.0B(25.0M) Survivors: 0.0B->0.0B Heap: 511.3M(512.0M)->511.3M(512.0M)]
 [Times: user=0.00 sys=0.00, real=0.00 secs] 
2017-05-09T22:01:06.968+0300: 215.338: [GC concurrent-root-region-scan-start]
2017-05-09T22:01:06.968+0300: 215.338: [GC concurrent-root-region-scan-end, 0.0000063 secs]
2017-05-09T22:01:06.968+0300: 215.338: [GC concurrent-mark-start]
2017-05-09T22:01:06.968+0300: 215.338: [Full GC (Allocation Failure)  511M->493M(512M), 1.1757143 secs]
   [Eden: 0.0B(25.0M)->0.0B(25.0M) Survivors: 0.0B->0.0B Heap: 511.3M(512.0M)->493.0M(512.0M)], [Metaspace: 7484K->7484K(1056768K)]
 [Times: user=1.58 sys=0.02, real=1.17 secs] 
2017-05-09T22:01:08.140+0300: 216.514: [GC concurrent-mark-abort]
2017-05-09T22:01:08.455+0300: 216.824: [GC pause (G1 Evacuation Pause) (young) (to-space exhausted), 0.0450435 secs]
   [Parallel Time: 37.7 ms, GC Workers: 4]
      [GC Worker Start (ms): Min: 216824.2, Avg: 216824.3, Max: 216824.3, Diff: 0.0]
      [Ext Root Scanning (ms): Min: 0.2, Avg: 0.2, Max: 0.2, Diff: 0.0, Sum: 0.7]
      [Update RS (ms): Min: 0.0, Avg: 0.4, Max: 1.1, Diff: 1.1, Sum: 1.6]
         [Processed Buffers: Min: 0, Avg: 0.5, Max: 1, Diff: 1, Sum: 2]
      [Scan RS (ms): Min: 0.0, Avg: 0.0, Max: 0.0, Diff: 0.0, Sum: 0.0]
      [Code Root Scanning (ms): Min: 0.0, Avg: 0.0, Max: 0.0, Diff: 0.0, Sum: 0.0]
      [Object Copy (ms): Min: 36.4, Avg: 37.1, Max: 37.5, Diff: 1.1, Sum: 148.4]
      [Termination (ms): Min: 0.0, Avg: 0.0, Max: 0.0, Diff: 0.0, Sum: 0.0]
         [Termination Attempts: Min: 1, Avg: 1.0, Max: 1, Diff: 0, Sum: 4]
      [GC Worker Other (ms): Min: 0.0, Avg: 0.0, Max: 0.0, Diff: 0.0, Sum: 0.0]
      [GC Worker Total (ms): Min: 37.7, Avg: 37.7, Max: 37.7, Diff: 0.0, Sum: 150.8]
      [GC Worker End (ms): Min: 216861.9, Avg: 216861.9, Max: 216861.9, Diff: 0.0]
   [Code Root Fixup: 0.0 ms]
   [Code Root Purge: 0.0 ms]
   [Clear CT: 0.0 ms]
   [Other: 7.3 ms]
      [Evacuation Failure: 7.1 ms]
      [Choose CSet: 0.0 ms]
      [Ref Proc: 0.0 ms]
      [Ref Enq: 0.0 ms]
      [Redirty Cards: 0.0 ms]
      [Humongous Register: 0.0 ms]
      [Humongous Reclaim: 0.0 ms]
      [Free CSet: 0.0 ms]
   [Eden: 18.0M(25.0M)->0.0B(25.0M) Survivors: 0.0B->0.0B Heap: 511.0M(512.0M)->511.0M(512.0M)]
 [Times: user=0.13 sys=0.02, real=0.04 secs] 
2017-05-09T22:01:08.496+0300: 216.870: [GC pause (G1 Evacuation Pause) (young) (initial-mark), 0.0010216 secs]
   [Parallel Time: 0.7 ms, GC Workers: 4]
      [GC Worker Start (ms): Min: 216869.6, Avg: 216869.6, Max: 216869.6, Diff: 0.0]
      [Ext Root Scanning (ms): Min: 0.3, Avg: 0.3, Max: 0.3, Diff: 0.0, Sum: 1.2]
      [Update RS (ms): Min: 0.2, Avg: 0.3, Max: 0.3, Diff: 0.0, Sum: 1.1]
         [Processed Buffers: Min: 1, Avg: 1.8, Max: 2, Diff: 1, Sum: 7]
      [Scan RS (ms): Min: 0.0, Avg: 0.0, Max: 0.0, Diff: 0.0, Sum: 0.0]
      [Code Root Scanning (ms): Min: 0.0, Avg: 0.0, Max: 0.0, Diff: 0.0, Sum: 0.0]
      [Object Copy (ms): Min: 0.0, Avg: 0.0, Max: 0.0, Diff: 0.0, Sum: 0.0]
      [Termination (ms): Min: 0.0, Avg: 0.0, Max: 0.1, Diff: 0.1, Sum: 0.1]
         [Termination Attempts: Min: 1, Avg: 1.0, Max: 1, Diff: 0, Sum: 4]
      [GC Worker Other (ms): Min: 0.0, Avg: 0.0, Max: 0.0, Diff: 0.0, Sum: 0.0]
      [GC Worker Total (ms): Min: 0.6, Avg: 0.6, Max: 0.6, Diff: 0.0, Sum: 2.5]
      [GC Worker End (ms): Min: 216870.2, Avg: 216870.2, Max: 216870.2, Diff: 0.0]
   [Code Root Fixup: 0.0 ms]
   [Code Root Purge: 0.0 ms]
   [Clear CT: 0.0 ms]
   [Other: 0.3 ms]
      [Choose CSet: 0.0 ms]
      [Ref Proc: 0.1 ms]
      [Ref Enq: 0.0 ms]
      [Redirty Cards: 0.0 ms]
      [Humongous Register: 0.0 ms]
      [Humongous Reclaim: 0.0 ms]
      [Free CSet: 0.0 ms]
   [Eden: 0.0B(25.0M)->0.0B(25.0M) Survivors: 0.0B->0.0B Heap: 511.0M(512.0M)->511.0M(512.0M)]
 [Times: user=0.00 sys=0.00, real=0.00 secs] 
2017-05-09T22:01:08.496+0300: 216.871: [GC concurrent-root-region-scan-start]
2017-05-09T22:01:08.496+0300: 216.871: [GC concurrent-root-region-scan-end, 0.0000114 secs]
2017-05-09T22:01:08.496+0300: 216.871: [GC concurrent-mark-start]
2017-05-09T22:01:08.496+0300: 216.871: [Full GC (Allocation Failure)  511M->493M(512M), 1.1713178 secs]
   [Eden: 0.0B(25.0M)->0.0B(25.0M) Survivors: 0.0B->0.0B Heap: 511.0M(512.0M)->493.7M(512.0M)], [Metaspace: 7484K->7484K(1056768K)]
 [Times: user=1.64 sys=0.00, real=1.17 secs] 
2017-05-09T22:01:09.670+0300: 218.042: [GC concurrent-mark-abort]
2017-05-09T22:01:09.965+0300: 218.341: [GC pause (G1 Evacuation Pause) (young) (to-space exhausted), 0.0412707 secs]
   [Parallel Time: 33.9 ms, GC Workers: 4]
      [GC Worker Start (ms): Min: 218341.5, Avg: 218341.5, Max: 218341.5, Diff: 0.0]
      [Ext Root Scanning (ms): Min: 0.1, Avg: 0.1, Max: 0.2, Diff: 0.0, Sum: 0.6]
      [Update RS (ms): Min: 0.0, Avg: 0.4, Max: 1.1, Diff: 1.1, Sum: 1.4]
         [Processed Buffers: Min: 0, Avg: 0.5, Max: 1, Diff: 1, Sum: 2]
      [Scan RS (ms): Min: 0.0, Avg: 0.0, Max: 0.0, Diff: 0.0, Sum: 0.0]
      [Code Root Scanning (ms): Min: 0.0, Avg: 0.0, Max: 0.0, Diff: 0.0, Sum: 0.0]
      [Object Copy (ms): Min: 32.7, Avg: 33.4, Max: 33.7, Diff: 1.1, Sum: 133.5]
      [Termination (ms): Min: 0.0, Avg: 0.0, Max: 0.0, Diff: 0.0, Sum: 0.0]
         [Termination Attempts: Min: 1, Avg: 1.5, Max: 3, Diff: 2, Sum: 6]
      [GC Worker Other (ms): Min: 0.0, Avg: 0.0, Max: 0.0, Diff: 0.0, Sum: 0.0]
      [GC Worker Total (ms): Min: 33.9, Avg: 33.9, Max: 33.9, Diff: 0.0, Sum: 135.6]
      [GC Worker End (ms): Min: 218375.4, Avg: 218375.4, Max: 218375.4, Diff: 0.0]
   [Code Root Fixup: 0.0 ms]
   [Code Root Purge: 0.0 ms]
   [Clear CT: 0.0 ms]
   [Other: 7.3 ms]
      [Evacuation Failure: 7.1 ms]
      [Choose CSet: 0.0 ms]
      [Ref Proc: 0.0 ms]
      [Ref Enq: 0.0 ms]
      [Redirty Cards: 0.1 ms]
      [Humongous Register: 0.0 ms]
      [Humongous Reclaim: 0.0 ms]
      [Free CSet: 0.0 ms]
   [Eden: 17.0M(25.0M)->0.0B(25.0M) Survivors: 0.0B->0.0B Heap: 510.7M(512.0M)->510.7M(512.0M)]
 [Times: user=0.03 sys=0.03, real=0.05 secs] 
2017-05-09T22:01:10.012+0300: 218.383: [GC pause (G1 Evacuation Pause) (young) (initial-mark), 0.0007918 secs]
   [Parallel Time: 0.5 ms, GC Workers: 4]
      [GC Worker Start (ms): Min: 218383.0, Avg: 218383.0, Max: 218383.0, Diff: 0.0]
      [Ext Root Scanning (ms): Min: 0.3, Avg: 0.3, Max: 0.3, Diff: 0.0, Sum: 1.1]
      [Update RS (ms): Min: 0.2, Avg: 0.2, Max: 0.2, Diff: 0.0, Sum: 0.7]
         [Processed Buffers: Min: 1, Avg: 1.8, Max: 3, Diff: 2, Sum: 7]
      [Scan RS (ms): Min: 0.0, Avg: 0.0, Max: 0.0, Diff: 0.0, Sum: 0.0]
      [Code Root Scanning (ms): Min: 0.0, Avg: 0.0, Max: 0.0, Diff: 0.0, Sum: 0.0]
      [Object Copy (ms): Min: 0.0, Avg: 0.0, Max: 0.0, Diff: 0.0, Sum: 0.0]
      [Termination (ms): Min: 0.0, Avg: 0.0, Max: 0.0, Diff: 0.0, Sum: 0.0]
         [Termination Attempts: Min: 1, Avg: 1.0, Max: 1, Diff: 0, Sum: 4]
      [GC Worker Other (ms): Min: 0.0, Avg: 0.0, Max: 0.0, Diff: 0.0, Sum: 0.0]
      [GC Worker Total (ms): Min: 0.5, Avg: 0.5, Max: 0.5, Diff: 0.0, Sum: 1.9]
      [GC Worker End (ms): Min: 218383.5, Avg: 218383.5, Max: 218383.5, Diff: 0.0]
   [Code Root Fixup: 0.0 ms]
   [Code Root Purge: 0.0 ms]
   [Clear CT: 0.1 ms]
   [Other: 0.2 ms]
      [Choose CSet: 0.0 ms]
      [Ref Proc: 0.1 ms]
      [Ref Enq: 0.0 ms]
      [Redirty Cards: 0.1 ms]
      [Humongous Register: 0.0 ms]
      [Humongous Reclaim: 0.0 ms]
      [Free CSet: 0.0 ms]
   [Eden: 0.0B(25.0M)->0.0B(25.0M) Survivors: 0.0B->0.0B Heap: 510.7M(512.0M)->510.7M(512.0M)]
 [Times: user=0.00 sys=0.00, real=0.00 secs] 
2017-05-09T22:01:10.012+0300: 218.384: [GC concurrent-root-region-scan-start]
2017-05-09T22:01:10.012+0300: 218.384: [GC concurrent-root-region-scan-end, 0.0000072 secs]
2017-05-09T22:01:10.012+0300: 218.384: [GC concurrent-mark-start]
2017-05-09T22:01:10.012+0300: 218.384: [Full GC (Allocation Failure)  510M->494M(512M), 1.1856790 secs]
   [Eden: 0.0B(25.0M)->0.0B(25.0M) Survivors: 0.0B->0.0B Heap: 510.7M(512.0M)->494.4M(512.0M)], [Metaspace: 7484K->7484K(1056768K)]
 [Times: user=1.63 sys=0.00, real=1.18 secs] 
2017-05-09T22:01:11.188+0300: 219.570: [GC concurrent-mark-abort]
2017-05-09T22:01:11.563+0300: 219.934: [GC pause (G1 Evacuation Pause) (young) (to-space exhausted), 0.0406069 secs]
   [Parallel Time: 33.3 ms, GC Workers: 4]
      [GC Worker Start (ms): Min: 219934.4, Avg: 219934.4, Max: 219934.4, Diff: 0.0]
      [Ext Root Scanning (ms): Min: 0.2, Avg: 0.3, Max: 0.6, Diff: 0.4, Sum: 1.3]
      [Update RS (ms): Min: 0.0, Avg: 0.5, Max: 1.5, Diff: 1.5, Sum: 1.9]
         [Processed Buffers: Min: 0, Avg: 0.5, Max: 1, Diff: 1, Sum: 2]
      [Scan RS (ms): Min: 0.0, Avg: 0.0, Max: 0.0, Diff: 0.0, Sum: 0.0]
      [Code Root Scanning (ms): Min: 0.0, Avg: 0.0, Max: 0.0, Diff: 0.0, Sum: 0.0]
      [Object Copy (ms): Min: 31.5, Avg: 32.4, Max: 33.0, Diff: 1.5, Sum: 129.5]
      [Termination (ms): Min: 0.0, Avg: 0.0, Max: 0.0, Diff: 0.0, Sum: 0.0]
         [Termination Attempts: Min: 1, Avg: 1.8, Max: 3, Diff: 2, Sum: 7]
      [GC Worker Other (ms): Min: 0.0, Avg: 0.0, Max: 0.0, Diff: 0.0, Sum: 0.1]
      [GC Worker Total (ms): Min: 33.2, Avg: 33.2, Max: 33.2, Diff: 0.0, Sum: 132.9]
      [GC Worker End (ms): Min: 219967.6, Avg: 219967.6, Max: 219967.6, Diff: 0.0]
   [Code Root Fixup: 0.0 ms]
   [Code Root Purge: 0.0 ms]
   [Clear CT: 0.0 ms]
   [Other: 7.3 ms]
      [Evacuation Failure: 7.1 ms]
      [Choose CSet: 0.0 ms]
      [Ref Proc: 0.0 ms]
      [Ref Enq: 0.0 ms]
      [Redirty Cards: 0.0 ms]
      [Humongous Register: 0.0 ms]
      [Humongous Reclaim: 0.0 ms]
      [Free CSet: 0.0 ms]
   [Eden: 17.0M(25.0M)->0.0B(25.0M) Survivors: 0.0B->0.0B Heap: 511.4M(512.0M)->511.4M(512.0M)]
 [Times: user=0.05 sys=0.03, real=0.03 secs] 
2017-05-09T22:01:11.594+0300: 219.975: [GC pause (G1 Evacuation Pause) (young) (initial-mark), 0.0008770 secs]
   [Parallel Time: 0.6 ms, GC Workers: 4]
      [GC Worker Start (ms): Min: 219975.2, Avg: 219975.2, Max: 219975.2, Diff: 0.0]
      [Ext Root Scanning (ms): Min: 0.3, Avg: 0.4, Max: 0.4, Diff: 0.0, Sum: 1.4]
      [Update RS (ms): Min: 0.2, Avg: 0.2, Max: 0.2, Diff: 0.0, Sum: 0.8]
         [Processed Buffers: Min: 1, Avg: 1.8, Max: 2, Diff: 1, Sum: 7]
      [Scan RS (ms): Min: 0.0, Avg: 0.0, Max: 0.0, Diff: 0.0, Sum: 0.0]
      [Code Root Scanning (ms): Min: 0.0, Avg: 0.0, Max: 0.0, Diff: 0.0, Sum: 0.0]
      [Object Copy (ms): Min: 0.0, Avg: 0.0, Max: 0.0, Diff: 0.0, Sum: 0.0]
      [Termination (ms): Min: 0.0, Avg: 0.0, Max: 0.0, Diff: 0.0, Sum: 0.0]
         [Termination Attempts: Min: 1, Avg: 1.0, Max: 1, Diff: 0, Sum: 4]
      [GC Worker Other (ms): Min: 0.0, Avg: 0.0, Max: 0.0, Diff: 0.0, Sum: 0.0]
      [GC Worker Total (ms): Min: 0.6, Avg: 0.6, Max: 0.6, Diff: 0.0, Sum: 2.3]
      [GC Worker End (ms): Min: 219975.8, Avg: 219975.8, Max: 219975.8, Diff: 0.0]
   [Code Root Fixup: 0.0 ms]
   [Code Root Purge: 0.0 ms]
   [Clear CT: 0.0 ms]
   [Other: 0.2 ms]
      [Choose CSet: 0.0 ms]
      [Ref Proc: 0.1 ms]
      [Ref Enq: 0.0 ms]
      [Redirty Cards: 0.0 ms]
      [Humongous Register: 0.0 ms]
      [Humongous Reclaim: 0.0 ms]
      [Free CSet: 0.0 ms]
   [Eden: 0.0B(25.0M)->0.0B(25.0M) Survivors: 0.0B->0.0B Heap: 511.4M(512.0M)->511.4M(512.0M)]
 [Times: user=0.00 sys=0.00, real=0.00 secs] 
2017-05-09T22:01:11.594+0300: 219.976: [GC concurrent-root-region-scan-start]
2017-05-09T22:01:11.594+0300: 219.976: [GC concurrent-root-region-scan-end, 0.0000090 secs]
2017-05-09T22:01:11.594+0300: 219.976: [GC concurrent-mark-start]
2017-05-09T22:01:11.594+0300: 219.976: [Full GC (Allocation Failure)  511M->495M(512M), 1.1804864 secs]
   [Eden: 0.0B(25.0M)->0.0B(25.0M) Survivors: 0.0B->0.0B Heap: 511.4M(512.0M)->495.0M(512.0M)], [Metaspace: 7484K->7484K(1056768K)]
 [Times: user=1.66 sys=0.00, real=1.19 secs] 
2017-05-09T22:01:12.787+0300: 221.157: [GC concurrent-mark-abort]
2017-05-09T22:01:13.052+0300: 221.427: [GC pause (G1 Evacuation Pause) (young) (to-space exhausted), 0.0313094 secs]
   [Parallel Time: 24.0 ms, GC Workers: 4]
      [GC Worker Start (ms): Min: 221427.2, Avg: 221427.3, Max: 221427.7, Diff: 0.5]
      [Ext Root Scanning (ms): Min: 0.0, Avg: 0.1, Max: 0.2, Diff: 0.2, Sum: 0.5]
      [Update RS (ms): Min: 0.0, Avg: 0.3, Max: 1.1, Diff: 1.1, Sum: 1.4]
         [Processed Buffers: Min: 0, Avg: 0.5, Max: 1, Diff: 1, Sum: 2]
      [Scan RS (ms): Min: 0.0, Avg: 0.0, Max: 0.0, Diff: 0.0, Sum: 0.0]
      [Code Root Scanning (ms): Min: 0.0, Avg: 0.0, Max: 0.0, Diff: 0.0, Sum: 0.0]
      [Object Copy (ms): Min: 22.6, Avg: 23.3, Max: 23.7, Diff: 1.1, Sum: 93.3]
      [Termination (ms): Min: 0.0, Avg: 0.0, Max: 0.0, Diff: 0.0, Sum: 0.1]
         [Termination Attempts: Min: 1, Avg: 1.0, Max: 1, Diff: 0, Sum: 4]
      [GC Worker Other (ms): Min: 0.0, Avg: 0.0, Max: 0.0, Diff: 0.0, Sum: 0.0]
      [GC Worker Total (ms): Min: 23.5, Avg: 23.8, Max: 24.0, Diff: 0.5, Sum: 95.3]
      [GC Worker End (ms): Min: 221451.2, Avg: 221451.2, Max: 221451.2, Diff: 0.0]
   [Code Root Fixup: 0.0 ms]
   [Code Root Purge: 0.0 ms]
   [Clear CT: 0.0 ms]
   [Other: 7.3 ms]
      [Evacuation Failure: 7.0 ms]
      [Choose CSet: 0.0 ms]
      [Ref Proc: 0.1 ms]
      [Ref Enq: 0.0 ms]
      [Redirty Cards: 0.0 ms]
      [Humongous Register: 0.0 ms]
      [Humongous Reclaim: 0.0 ms]
      [Free CSet: 0.0 ms]
   [Eden: 16.0M(25.0M)->0.0B(25.0M) Survivors: 0.0B->0.0B Heap: 511.0M(512.0M)->511.0M(512.0M)]
 [Times: user=0.09 sys=0.00, real=0.03 secs] 
2017-05-09T22:01:13.084+0300: 221.459: [GC pause (G1 Evacuation Pause) (young) (initial-mark), 0.0007960 secs]
   [Parallel Time: 0.6 ms, GC Workers: 4]
      [GC Worker Start (ms): Min: 221458.7, Avg: 221458.7, Max: 221458.7, Diff: 0.0]
      [Ext Root Scanning (ms): Min: 0.3, Avg: 0.3, Max: 0.3, Diff: 0.0, Sum: 1.2]
      [Update RS (ms): Min: 0.1, Avg: 0.2, Max: 0.2, Diff: 0.1, Sum: 0.7]
         [Processed Buffers: Min: 1, Avg: 1.8, Max: 3, Diff: 2, Sum: 7]
      [Scan RS (ms): Min: 0.0, Avg: 0.0, Max: 0.0, Diff: 0.0, Sum: 0.0]
      [Code Root Scanning (ms): Min: 0.0, Avg: 0.0, Max: 0.0, Diff: 0.0, Sum: 0.0]
      [Object Copy (ms): Min: 0.0, Avg: 0.0, Max: 0.0, Diff: 0.0, Sum: 0.0]
      [Termination (ms): Min: 0.0, Avg: 0.1, Max: 0.1, Diff: 0.1, Sum: 0.3]
         [Termination Attempts: Min: 1, Avg: 1.0, Max: 1, Diff: 0, Sum: 4]
      [GC Worker Other (ms): Min: 0.0, Avg: 0.0, Max: 0.0, Diff: 0.0, Sum: 0.0]
      [GC Worker Total (ms): Min: 0.5, Avg: 0.6, Max: 0.6, Diff: 0.0, Sum: 2.2]
      [GC Worker End (ms): Min: 221459.2, Avg: 221459.2, Max: 221459.3, Diff: 0.0]
   [Code Root Fixup: 0.0 ms]
   [Code Root Purge: 0.0 ms]
   [Clear CT: 0.1 ms]
   [Other: 0.1 ms]
      [Choose CSet: 0.0 ms]
      [Ref Proc: 0.1 ms]
      [Ref Enq: 0.0 ms]
      [Redirty Cards: 0.0 ms]
      [Humongous Register: 0.0 ms]
      [Humongous Reclaim: 0.0 ms]
      [Free CSet: 0.0 ms]
   [Eden: 0.0B(25.0M)->0.0B(25.0M) Survivors: 0.0B->0.0B Heap: 511.0M(512.0M)->511.0M(512.0M)]
 [Times: user=0.00 sys=0.00, real=0.00 secs] 
2017-05-09T22:01:13.084+0300: 221.460: [GC concurrent-root-region-scan-start]
2017-05-09T22:01:13.084+0300: 221.460: [GC concurrent-root-region-scan-end, 0.0000087 secs]
2017-05-09T22:01:13.084+0300: 221.460: [GC concurrent-mark-start]
2017-05-09T22:01:13.084+0300: 221.460: [Full GC (Allocation Failure)  511M->495M(512M), 1.1773699 secs]
   [Eden: 0.0B(25.0M)->0.0B(25.0M) Survivors: 0.0B->0.0B Heap: 511.0M(512.0M)->495.7M(512.0M)], [Metaspace: 7484K->7484K(1056768K)]
 [Times: user=1.66 sys=0.00, real=1.18 secs] 
2017-05-09T22:01:14.267+0300: 222.637: [GC concurrent-mark-abort]
2017-05-09T22:01:14.533+0300: 222.911: [GC pause (G1 Evacuation Pause) (young) (to-space exhausted), 0.0354575 secs]
   [Parallel Time: 29.0 ms, GC Workers: 4]
      [GC Worker Start (ms): Min: 222911.2, Avg: 222911.4, Max: 222911.7, Diff: 0.4]
      [Ext Root Scanning (ms): Min: 0.0, Avg: 0.1, Max: 0.2, Diff: 0.2, Sum: 0.6]
      [Update RS (ms): Min: 0.0, Avg: 0.3, Max: 1.1, Diff: 1.1, Sum: 1.3]
         [Processed Buffers: Min: 0, Avg: 0.5, Max: 1, Diff: 1, Sum: 2]
      [Scan RS (ms): Min: 0.0, Avg: 0.0, Max: 0.0, Diff: 0.0, Sum: 0.0]
      [Code Root Scanning (ms): Min: 0.0, Avg: 0.0, Max: 0.0, Diff: 0.0, Sum: 0.0]
      [Object Copy (ms): Min: 27.7, Avg: 28.4, Max: 28.8, Diff: 1.1, Sum: 113.6]
      [Termination (ms): Min: 0.0, Avg: 0.0, Max: 0.0, Diff: 0.0, Sum: 0.0]
         [Termination Attempts: Min: 1, Avg: 2.3, Max: 3, Diff: 2, Sum: 9]
      [GC Worker Other (ms): Min: 0.0, Avg: 0.0, Max: 0.0, Diff: 0.0, Sum: 0.0]
      [GC Worker Total (ms): Min: 28.6, Avg: 28.9, Max: 29.0, Diff: 0.4, Sum: 115.6]
      [GC Worker End (ms): Min: 222940.3, Avg: 222940.3, Max: 222940.3, Diff: 0.0]
   [Code Root Fixup: 0.0 ms]
   [Code Root Purge: 0.0 ms]
   [Clear CT: 0.0 ms]
   [Other: 6.4 ms]
      [Evacuation Failure: 6.2 ms]
      [Choose CSet: 0.0 ms]
      [Ref Proc: 0.0 ms]
      [Ref Enq: 0.0 ms]
      [Redirty Cards: 0.0 ms]
      [Humongous Register: 0.0 ms]
      [Humongous Reclaim: 0.0 ms]
      [Free CSet: 0.1 ms]
   [Eden: 15.0M(25.0M)->0.0B(25.0M) Survivors: 0.0B->0.0B Heap: 510.7M(512.0M)->510.7M(512.0M)]
 [Times: user=0.06 sys=0.03, real=0.03 secs] 
2017-05-09T22:01:14.564+0300: 222.947: [GC pause (G1 Evacuation Pause) (young) (initial-mark), 0.0006927 secs]
   [Parallel Time: 0.5 ms, GC Workers: 4]
      [GC Worker Start (ms): Min: 222947.0, Avg: 222947.0, Max: 222947.0, Diff: 0.0]
      [Ext Root Scanning (ms): Min: 0.3, Avg: 0.3, Max: 0.3, Diff: 0.0, Sum: 1.3]
      [Update RS (ms): Min: 0.1, Avg: 0.2, Max: 0.2, Diff: 0.0, Sum: 0.6]
         [Processed Buffers: Min: 1, Avg: 1.8, Max: 3, Diff: 2, Sum: 7]
      [Scan RS (ms): Min: 0.0, Avg: 0.0, Max: 0.0, Diff: 0.0, Sum: 0.0]
      [Code Root Scanning (ms): Min: 0.0, Avg: 0.0, Max: 0.0, Diff: 0.0, Sum: 0.0]
      [Object Copy (ms): Min: 0.0, Avg: 0.0, Max: 0.0, Diff: 0.0, Sum: 0.0]
      [Termination (ms): Min: 0.0, Avg: 0.0, Max: 0.0, Diff: 0.0, Sum: 0.1]
         [Termination Attempts: Min: 1, Avg: 1.0, Max: 1, Diff: 0, Sum: 4]
      [GC Worker Other (ms): Min: 0.0, Avg: 0.0, Max: 0.0, Diff: 0.0, Sum: 0.0]
      [GC Worker Total (ms): Min: 0.5, Avg: 0.5, Max: 0.5, Diff: 0.0, Sum: 2.0]
      [GC Worker End (ms): Min: 222947.5, Avg: 222947.5, Max: 222947.5, Diff: 0.0]
   [Code Root Fixup: 0.0 ms]
   [Code Root Purge: 0.0 ms]
   [Clear CT: 0.0 ms]
   [Other: 0.1 ms]
      [Choose CSet: 0.0 ms]
      [Ref Proc: 0.1 ms]
      [Ref Enq: 0.0 ms]
      [Redirty Cards: 0.0 ms]
      [Humongous Register: 0.0 ms]
      [Humongous Reclaim: 0.0 ms]
      [Free CSet: 0.0 ms]
   [Eden: 0.0B(25.0M)->0.0B(25.0M) Survivors: 0.0B->0.0B Heap: 510.7M(512.0M)->510.7M(512.0M)]
 [Times: user=0.00 sys=0.00, real=0.00 secs] 
2017-05-09T22:01:14.564+0300: 222.948: [GC concurrent-root-region-scan-start]
2017-05-09T22:01:14.564+0300: 222.948: [GC concurrent-root-region-scan-end, 0.0000078 secs]
2017-05-09T22:01:14.564+0300: 222.948: [GC concurrent-mark-start]
2017-05-09T22:01:14.564+0300: 222.948: [Full GC (Allocation Failure)  510M->496M(512M), 1.1841252 secs]
   [Eden: 0.0B(25.0M)->0.0B(25.0M) Survivors: 0.0B->0.0B Heap: 510.7M(512.0M)->496.2M(512.0M)], [Metaspace: 7484K->7484K(1056768K)]
 [Times: user=1.67 sys=0.00, real=1.20 secs] 
2017-05-09T22:01:15.763+0300: 224.132: [GC concurrent-mark-abort]
2017-05-09T22:01:16.018+0300: 224.394: [GC pause (G1 Evacuation Pause) (young) (to-space exhausted), 0.0356993 secs]
   [Parallel Time: 29.8 ms, GC Workers: 4]
      [GC Worker Start (ms): Min: 224394.3, Avg: 224394.3, Max: 224394.3, Diff: 0.0]
      [Ext Root Scanning (ms): Min: 0.1, Avg: 0.2, Max: 0.2, Diff: 0.0, Sum: 0.6]
      [Update RS (ms): Min: 0.0, Avg: 0.3, Max: 1.1, Diff: 1.1, Sum: 1.3]
         [Processed Buffers: Min: 0, Avg: 0.5, Max: 1, Diff: 1, Sum: 2]
      [Scan RS (ms): Min: 0.0, Avg: 0.0, Max: 0.0, Diff: 0.0, Sum: 0.0]
      [Code Root Scanning (ms): Min: 0.0, Avg: 0.0, Max: 0.0, Diff: 0.0, Sum: 0.0]
      [Object Copy (ms): Min: 28.5, Avg: 29.3, Max: 29.6, Diff: 1.1, Sum: 117.0]
      [Termination (ms): Min: 0.0, Avg: 0.0, Max: 0.0, Diff: 0.0, Sum: 0.0]
         [Termination Attempts: Min: 1, Avg: 1.8, Max: 3, Diff: 2, Sum: 7]
      [GC Worker Other (ms): Min: 0.0, Avg: 0.0, Max: 0.0, Diff: 0.0, Sum: 0.0]
      [GC Worker Total (ms): Min: 29.7, Avg: 29.7, Max: 29.8, Diff: 0.0, Sum: 119.0]
      [GC Worker End (ms): Min: 224424.0, Avg: 224424.0, Max: 224424.0, Diff: 0.0]
   [Code Root Fixup: 0.0 ms]
   [Code Root Purge: 0.0 ms]
   [Clear CT: 0.0 ms]
   [Other: 5.9 ms]
      [Evacuation Failure: 5.7 ms]
      [Choose CSet: 0.0 ms]
      [Ref Proc: 0.0 ms]
      [Ref Enq: 0.0 ms]
      [Redirty Cards: 0.1 ms]
      [Humongous Register: 0.0 ms]
      [Humongous Reclaim: 0.0 ms]
      [Free CSet: 0.0 ms]
   [Eden: 15.0M(25.0M)->0.0B(25.0M) Survivors: 0.0B->0.0B Heap: 511.2M(512.0M)->511.2M(512.0M)]
 [Times: user=0.03 sys=0.02, real=0.03 secs] 
2017-05-09T22:01:16.049+0300: 224.430: [GC pause (G1 Evacuation Pause) (young) (initial-mark), 0.0009366 secs]
   [Parallel Time: 0.5 ms, GC Workers: 4]
      [GC Worker Start (ms): Min: 224430.2, Avg: 224430.2, Max: 224430.2, Diff: 0.0]
      [Ext Root Scanning (ms): Min: 0.3, Avg: 0.3, Max: 0.3, Diff: 0.0, Sum: 1.3]
      [Update RS (ms): Min: 0.2, Avg: 0.2, Max: 0.2, Diff: 0.0, Sum: 0.6]
         [Processed Buffers: Min: 1, Avg: 1.8, Max: 3, Diff: 2, Sum: 7]
      [Scan RS (ms): Min: 0.0, Avg: 0.0, Max: 0.0, Diff: 0.0, Sum: 0.0]
      [Code Root Scanning (ms): Min: 0.0, Avg: 0.0, Max: 0.0, Diff: 0.0, Sum: 0.0]
      [Object Copy (ms): Min: 0.0, Avg: 0.0, Max: 0.0, Diff: 0.0, Sum: 0.0]
      [Termination (ms): Min: 0.0, Avg: 0.0, Max: 0.0, Diff: 0.0, Sum: 0.0]
         [Termination Attempts: Min: 1, Avg: 1.0, Max: 1, Diff: 0, Sum: 4]
      [GC Worker Other (ms): Min: 0.0, Avg: 0.0, Max: 0.0, Diff: 0.0, Sum: 0.0]
      [GC Worker Total (ms): Min: 0.5, Avg: 0.5, Max: 0.5, Diff: 0.0, Sum: 2.0]
      [GC Worker End (ms): Min: 224430.7, Avg: 224430.7, Max: 224430.7, Diff: 0.0]
   [Code Root Fixup: 0.0 ms]
   [Code Root Purge: 0.0 ms]
   [Clear CT: 0.1 ms]
   [Other: 0.3 ms]
      [Choose CSet: 0.0 ms]
      [Ref Proc: 0.1 ms]
      [Ref Enq: 0.0 ms]
      [Redirty Cards: 0.1 ms]
      [Humongous Register: 0.0 ms]
      [Humongous Reclaim: 0.0 ms]
      [Free CSet: 0.0 ms]
   [Eden: 0.0B(25.0M)->0.0B(25.0M) Survivors: 0.0B->0.0B Heap: 511.2M(512.0M)->511.2M(512.0M)]
 [Times: user=0.00 sys=0.00, real=0.00 secs] 
2017-05-09T22:01:16.049+0300: 224.431: [GC concurrent-root-region-scan-start]
2017-05-09T22:01:16.049+0300: 224.431: [GC concurrent-root-region-scan-end, 0.0000075 secs]
2017-05-09T22:01:16.049+0300: 224.431: [GC concurrent-mark-start]
2017-05-09T22:01:16.049+0300: 224.431: [Full GC (Allocation Failure)  511M->496M(512M), 1.1748283 secs]
   [Eden: 0.0B(25.0M)->0.0B(25.0M) Survivors: 0.0B->0.0B Heap: 511.2M(512.0M)->496.8M(512.0M)], [Metaspace: 7484K->7484K(1056768K)]
 [Times: user=1.59 sys=0.00, real=1.18 secs] 
2017-05-09T22:01:17.226+0300: 225.606: [GC concurrent-mark-abort]
2017-05-09T22:01:17.460+0300: 225.832: [GC pause (G1 Evacuation Pause) (young) (to-space exhausted), 0.0437307 secs]
   [Parallel Time: 36.6 ms, GC Workers: 4]
      [GC Worker Start (ms): Min: 225832.3, Avg: 225832.3, Max: 225832.3, Diff: 0.0]
      [Ext Root Scanning (ms): Min: 0.2, Avg: 0.2, Max: 0.2, Diff: 0.0, Sum: 0.7]
      [Update RS (ms): Min: 0.0, Avg: 0.3, Max: 1.1, Diff: 1.1, Sum: 1.2]
         [Processed Buffers: Min: 0, Avg: 0.5, Max: 1, Diff: 1, Sum: 2]
      [Scan RS (ms): Min: 0.0, Avg: 0.0, Max: 0.0, Diff: 0.0, Sum: 0.0]
      [Code Root Scanning (ms): Min: 0.0, Avg: 0.0, Max: 0.0, Diff: 0.0, Sum: 0.0]
      [Object Copy (ms): Min: 35.3, Avg: 36.1, Max: 36.4, Diff: 1.1, Sum: 144.3]
      [Termination (ms): Min: 0.0, Avg: 0.0, Max: 0.0, Diff: 0.0, Sum: 0.1]
         [Termination Attempts: Min: 1, Avg: 1.8, Max: 3, Diff: 2, Sum: 7]
      [GC Worker Other (ms): Min: 0.0, Avg: 0.0, Max: 0.0, Diff: 0.0, Sum: 0.0]
      [GC Worker Total (ms): Min: 36.6, Avg: 36.6, Max: 36.6, Diff: 0.0, Sum: 146.3]
      [GC Worker End (ms): Min: 225868.8, Avg: 225868.8, Max: 225868.8, Diff: 0.0]
   [Code Root Fixup: 0.0 ms]
   [Code Root Purge: 0.0 ms]
   [Clear CT: 0.0 ms]
   [Other: 7.1 ms]
      [Evacuation Failure: 6.9 ms]
      [Choose CSet: 0.0 ms]
      [Ref Proc: 0.1 ms]
      [Ref Enq: 0.0 ms]
      [Redirty Cards: 0.0 ms]
      [Humongous Register: 0.0 ms]
      [Humongous Reclaim: 0.0 ms]
      [Free CSet: 0.0 ms]
   [Eden: 14.0M(25.0M)->0.0B(25.0M) Survivors: 0.0B->0.0B Heap: 510.8M(512.0M)->510.8M(512.0M)]
 [Times: user=0.03 sys=0.02, real=0.05 secs] 
2017-05-09T22:01:17.507+0300: 225.876: [GC pause (G1 Evacuation Pause) (young) (initial-mark), 0.0007439 secs]
   [Parallel Time: 0.6 ms, GC Workers: 4]
      [GC Worker Start (ms): Min: 225876.3, Avg: 225876.4, Max: 225876.5, Diff: 0.2]
      [Ext Root Scanning (ms): Min: 0.2, Avg: 0.3, Max: 0.3, Diff: 0.1, Sum: 1.2]
      [Update RS (ms): Min: 0.1, Avg: 0.2, Max: 0.2, Diff: 0.1, Sum: 0.7]
         [Processed Buffers: Min: 1, Avg: 1.8, Max: 3, Diff: 2, Sum: 7]
      [Scan RS (ms): Min: 0.0, Avg: 0.0, Max: 0.0, Diff: 0.0, Sum: 0.0]
      [Code Root Scanning (ms): Min: 0.0, Avg: 0.0, Max: 0.0, Diff: 0.0, Sum: 0.0]
      [Object Copy (ms): Min: 0.0, Avg: 0.0, Max: 0.0, Diff: 0.0, Sum: 0.0]
      [Termination (ms): Min: 0.0, Avg: 0.0, Max: 0.0, Diff: 0.0, Sum: 0.0]
         [Termination Attempts: Min: 1, Avg: 1.0, Max: 1, Diff: 0, Sum: 4]
      [GC Worker Other (ms): Min: 0.0, Avg: 0.0, Max: 0.0, Diff: 0.0, Sum: 0.0]
      [GC Worker Total (ms): Min: 0.3, Avg: 0.5, Max: 0.6, Diff: 0.2, Sum: 2.0]
      [GC Worker End (ms): Min: 225876.9, Avg: 225876.9, Max: 225876.9, Diff: 0.0]
   [Code Root Fixup: 0.0 ms]
   [Code Root Purge: 0.0 ms]
   [Clear CT: 0.0 ms]
   [Other: 0.1 ms]
      [Choose CSet: 0.0 ms]
      [Ref Proc: 0.1 ms]
      [Ref Enq: 0.0 ms]
      [Redirty Cards: 0.0 ms]
      [Humongous Register: 0.0 ms]
      [Humongous Reclaim: 0.0 ms]
      [Free CSet: 0.0 ms]
   [Eden: 0.0B(25.0M)->0.0B(25.0M) Survivors: 0.0B->0.0B Heap: 510.8M(512.0M)->510.8M(512.0M)]
 [Times: user=0.00 sys=0.00, real=0.00 secs] 
2017-05-09T22:01:17.507+0300: 225.877: [GC concurrent-root-region-scan-start]
2017-05-09T22:01:17.507+0300: 225.877: [GC concurrent-root-region-scan-end, 0.0000090 secs]
2017-05-09T22:01:17.507+0300: 225.877: [GC concurrent-mark-start]
2017-05-09T22:01:17.507+0300: 225.877: [Full GC (Allocation Failure)  510M->497M(512M), 1.1787390 secs]
   [Eden: 0.0B(25.0M)->0.0B(25.0M) Survivors: 0.0B->0.0B Heap: 510.8M(512.0M)->497.4M(512.0M)], [Metaspace: 7484K->7484K(1056768K)]
 [Times: user=1.64 sys=0.00, real=1.17 secs] 
2017-05-09T22:01:18.679+0300: 227.056: [GC concurrent-mark-abort]
2017-05-09T22:01:18.900+0300: 227.275: [GC pause (G1 Evacuation Pause) (young) (to-space exhausted), 0.0365565 secs]
   [Parallel Time: 29.3 ms, GC Workers: 4]
      [GC Worker Start (ms): Min: 227274.9, Avg: 227275.0, Max: 227275.3, Diff: 0.3]
      [Ext Root Scanning (ms): Min: 0.0, Avg: 0.1, Max: 0.2, Diff: 0.2, Sum: 0.6]
      [Update RS (ms): Min: 0.0, Avg: 0.3, Max: 1.1, Diff: 1.1, Sum: 1.2]
         [Processed Buffers: Min: 0, Avg: 0.5, Max: 1, Diff: 1, Sum: 2]
      [Scan RS (ms): Min: 0.0, Avg: 0.0, Max: 0.0, Diff: 0.0, Sum: 0.0]
      [Code Root Scanning (ms): Min: 0.0, Avg: 0.0, Max: 0.0, Diff: 0.0, Sum: 0.0]
      [Object Copy (ms): Min: 27.9, Avg: 28.7, Max: 29.0, Diff: 1.1, Sum: 114.7]
      [Termination (ms): Min: 0.0, Avg: 0.0, Max: 0.0, Diff: 0.0, Sum: 0.1]
         [Termination Attempts: Min: 1, Avg: 1.8, Max: 3, Diff: 2, Sum: 7]
      [GC Worker Other (ms): Min: 0.0, Avg: 0.0, Max: 0.0, Diff: 0.0, Sum: 0.0]
      [GC Worker Total (ms): Min: 28.9, Avg: 29.2, Max: 29.3, Diff: 0.3, Sum: 116.6]
      [GC Worker End (ms): Min: 227304.2, Avg: 227304.2, Max: 227304.2, Diff: 0.0]
   [Code Root Fixup: 0.0 ms]
   [Code Root Purge: 0.0 ms]
   [Clear CT: 0.0 ms]
   [Other: 7.2 ms]
      [Evacuation Failure: 6.9 ms]
      [Choose CSet: 0.0 ms]
      [Ref Proc: 0.1 ms]
      [Ref Enq: 0.0 ms]
      [Redirty Cards: 0.2 ms]
      [Humongous Register: 0.0 ms]
      [Humongous Reclaim: 0.0 ms]
      [Free CSet: 0.0 ms]
   [Eden: 14.0M(25.0M)->0.0B(25.0M) Survivors: 0.0B->0.0B Heap: 511.4M(512.0M)->511.4M(512.0M)]
 [Times: user=0.03 sys=0.02, real=0.03 secs] 
2017-05-09T22:01:18.931+0300: 227.312: [GC pause (G1 Evacuation Pause) (young) (initial-mark), 0.0009764 secs]
   [Parallel Time: 0.6 ms, GC Workers: 4]
      [GC Worker Start (ms): Min: 227311.7, Avg: 227311.7, Max: 227311.8, Diff: 0.0]
      [Ext Root Scanning (ms): Min: 0.3, Avg: 0.4, Max: 0.5, Diff: 0.2, Sum: 1.5]
      [Update RS (ms): Min: 0.0, Avg: 0.2, Max: 0.2, Diff: 0.2, Sum: 0.6]
         [Processed Buffers: Min: 0, Avg: 1.8, Max: 3, Diff: 3, Sum: 7]
      [Scan RS (ms): Min: 0.0, Avg: 0.0, Max: 0.0, Diff: 0.0, Sum: 0.0]
      [Code Root Scanning (ms): Min: 0.0, Avg: 0.0, Max: 0.0, Diff: 0.0, Sum: 0.0]
      [Object Copy (ms): Min: 0.0, Avg: 0.0, Max: 0.0, Diff: 0.0, Sum: 0.0]
      [Termination (ms): Min: 0.0, Avg: 0.0, Max: 0.0, Diff: 0.0, Sum: 0.0]
         [Termination Attempts: Min: 1, Avg: 1.0, Max: 1, Diff: 0, Sum: 4]
      [GC Worker Other (ms): Min: 0.0, Avg: 0.0, Max: 0.0, Diff: 0.0, Sum: 0.0]
      [GC Worker Total (ms): Min: 0.5, Avg: 0.5, Max: 0.6, Diff: 0.0, Sum: 2.2]
      [GC Worker End (ms): Min: 227312.3, Avg: 227312.3, Max: 227312.3, Diff: 0.0]
   [Code Root Fixup: 0.0 ms]
   [Code Root Purge: 0.0 ms]
   [Clear CT: 0.1 ms]
   [Other: 0.3 ms]
      [Choose CSet: 0.0 ms]
      [Ref Proc: 0.1 ms]
      [Ref Enq: 0.0 ms]
      [Redirty Cards: 0.1 ms]
      [Humongous Register: 0.0 ms]
      [Humongous Reclaim: 0.0 ms]
      [Free CSet: 0.0 ms]
   [Eden: 0.0B(25.0M)->0.0B(25.0M) Survivors: 0.0B->0.0B Heap: 511.4M(512.0M)->511.4M(512.0M)]
 [Times: user=0.00 sys=0.00, real=0.00 secs] 
2017-05-09T22:01:18.931+0300: 227.313: [GC concurrent-root-region-scan-start]
2017-05-09T22:01:18.931+0300: 227.313: [GC concurrent-root-region-scan-end, 0.0000078 secs]
2017-05-09T22:01:18.931+0300: 227.313: [GC concurrent-mark-start]
2017-05-09T22:01:18.931+0300: 227.313: [Full GC (Allocation Failure)  511M->497M(512M), 1.1714328 secs]
   [Eden: 0.0B(25.0M)->0.0B(25.0M) Survivors: 0.0B->0.0B Heap: 511.4M(512.0M)->497.9M(512.0M)], [Metaspace: 7484K->7484K(1056768K)]
 [Times: user=1.59 sys=0.00, real=1.17 secs] 
2017-05-09T22:01:20.105+0300: 228.484: [GC concurrent-mark-abort]
2017-05-09T22:01:20.339+0300: 228.713: [GC pause (G1 Evacuation Pause) (young) (to-space exhausted), 0.0326572 secs]
   [Parallel Time: 25.5 ms, GC Workers: 4]
      [GC Worker Start (ms): Min: 228713.0, Avg: 228713.1, Max: 228713.2, Diff: 0.2]
      [Ext Root Scanning (ms): Min: 0.0, Avg: 0.1, Max: 0.2, Diff: 0.2, Sum: 0.6]
      [Update RS (ms): Min: 0.0, Avg: 0.3, Max: 1.1, Diff: 1.1, Sum: 1.1]
         [Processed Buffers: Min: 0, Avg: 0.5, Max: 1, Diff: 1, Sum: 2]
      [Scan RS (ms): Min: 0.0, Avg: 0.0, Max: 0.0, Diff: 0.0, Sum: 0.0]
      [Code Root Scanning (ms): Min: 0.0, Avg: 0.0, Max: 0.0, Diff: 0.0, Sum: 0.0]
      [Object Copy (ms): Min: 24.2, Avg: 25.0, Max: 25.3, Diff: 1.1, Sum: 100.0]
      [Termination (ms): Min: 0.0, Avg: 0.0, Max: 0.0, Diff: 0.0, Sum: 0.1]
         [Termination Attempts: Min: 1, Avg: 2.3, Max: 4, Diff: 3, Sum: 9]
      [GC Worker Other (ms): Min: 0.0, Avg: 0.0, Max: 0.0, Diff: 0.0, Sum: 0.0]
      [GC Worker Total (ms): Min: 25.3, Avg: 25.5, Max: 25.5, Diff: 0.2, Sum: 101.8]
      [GC Worker End (ms): Min: 228738.5, Avg: 228738.5, Max: 228738.5, Diff: 0.0]
   [Code Root Fixup: 0.0 ms]
   [Code Root Purge: 0.0 ms]
   [Clear CT: 0.0 ms]
   [Other: 7.1 ms]
      [Evacuation Failure: 6.9 ms]
      [Choose CSet: 0.0 ms]
      [Ref Proc: 0.1 ms]
      [Ref Enq: 0.0 ms]
      [Redirty Cards: 0.0 ms]
      [Humongous Register: 0.0 ms]
      [Humongous Reclaim: 0.0 ms]
      [Free CSet: 0.0 ms]
   [Eden: 13.0M(25.0M)->0.0B(25.0M) Survivors: 0.0B->0.0B Heap: 510.9M(512.0M)->510.9M(512.0M)]
 [Times: user=0.08 sys=0.00, real=0.03 secs] 
2017-05-09T22:01:20.370+0300: 228.746: [GC pause (G1 Evacuation Pause) (young) (initial-mark), 0.0007912 secs]
   [Parallel Time: 0.6 ms, GC Workers: 4]
      [GC Worker Start (ms): Min: 228745.9, Avg: 228745.9, Max: 228746.1, Diff: 0.2]
      [Ext Root Scanning (ms): Min: 0.3, Avg: 0.3, Max: 0.3, Diff: 0.1, Sum: 1.2]
      [Update RS (ms): Min: 0.0, Avg: 0.1, Max: 0.2, Diff: 0.2, Sum: 0.6]
         [Processed Buffers: Min: 0, Avg: 2.0, Max: 3, Diff: 3, Sum: 8]
      [Scan RS (ms): Min: 0.0, Avg: 0.0, Max: 0.0, Diff: 0.0, Sum: 0.0]
      [Code Root Scanning (ms): Min: 0.0, Avg: 0.0, Max: 0.0, Diff: 0.0, Sum: 0.0]
      [Object Copy (ms): Min: 0.0, Avg: 0.0, Max: 0.0, Diff: 0.0, Sum: 0.0]
      [Termination (ms): Min: 0.0, Avg: 0.0, Max: 0.1, Diff: 0.1, Sum: 0.1]
         [Termination Attempts: Min: 1, Avg: 1.0, Max: 1, Diff: 0, Sum: 4]
      [GC Worker Other (ms): Min: 0.0, Avg: 0.0, Max: 0.0, Diff: 0.0, Sum: 0.0]
      [GC Worker Total (ms): Min: 0.3, Avg: 0.5, Max: 0.5, Diff: 0.2, Sum: 1.9]
      [GC Worker End (ms): Min: 228746.4, Avg: 228746.4, Max: 228746.4, Diff: 0.0]
   [Code Root Fixup: 0.0 ms]
   [Code Root Purge: 0.0 ms]
   [Clear CT: 0.0 ms]
   [Other: 0.2 ms]
      [Choose CSet: 0.0 ms]
      [Ref Proc: 0.1 ms]
      [Ref Enq: 0.0 ms]
      [Redirty Cards: 0.0 ms]
      [Humongous Register: 0.0 ms]
      [Humongous Reclaim: 0.0 ms]
      [Free CSet: 0.0 ms]
   [Eden: 0.0B(25.0M)->0.0B(25.0M) Survivors: 0.0B->0.0B Heap: 510.9M(512.0M)->510.9M(512.0M)]
 [Times: user=0.00 sys=0.00, real=0.00 secs] 
2017-05-09T22:01:20.370+0300: 228.747: [GC concurrent-root-region-scan-start]
2017-05-09T22:01:20.370+0300: 228.747: [GC concurrent-root-region-scan-end, 0.0000087 secs]
2017-05-09T22:01:20.370+0300: 228.747: [GC concurrent-mark-start]
2017-05-09T22:01:20.370+0300: 228.747: [Full GC (Allocation Failure)  510M->498M(512M), 1.1859533 secs]
   [Eden: 0.0B(25.0M)->0.0B(25.0M) Survivors: 0.0B->0.0B Heap: 510.9M(512.0M)->498.4M(512.0M)], [Metaspace: 7484K->7484K(1056768K)]
 [Times: user=1.66 sys=0.00, real=1.19 secs] 
2017-05-09T22:01:21.558+0300: 229.933: [GC concurrent-mark-abort]
2017-05-09T22:01:21.824+0300: 230.195: [GC pause (G1 Evacuation Pause) (young) (to-space exhausted), 0.0316079 secs]
   [Parallel Time: 25.4 ms, GC Workers: 4]
      [GC Worker Start (ms): Min: 230194.8, Avg: 230194.9, Max: 230195.1, Diff: 0.2]
      [Ext Root Scanning (ms): Min: 0.0, Avg: 0.1, Max: 0.2, Diff: 0.2, Sum: 0.5]
      [Update RS (ms): Min: 0.0, Avg: 0.3, Max: 1.1, Diff: 1.1, Sum: 1.1]
         [Processed Buffers: Min: 0, Avg: 0.5, Max: 1, Diff: 1, Sum: 2]
      [Scan RS (ms): Min: 0.0, Avg: 0.0, Max: 0.0, Diff: 0.0, Sum: 0.0]
      [Code Root Scanning (ms): Min: 0.0, Avg: 0.0, Max: 0.0, Diff: 0.0, Sum: 0.0]
      [Object Copy (ms): Min: 24.0, Avg: 24.9, Max: 25.2, Diff: 1.1, Sum: 99.5]
      [Termination (ms): Min: 0.0, Avg: 0.0, Max: 0.0, Diff: 0.0, Sum: 0.1]
         [Termination Attempts: Min: 1, Avg: 1.8, Max: 3, Diff: 2, Sum: 7]
      [GC Worker Other (ms): Min: 0.0, Avg: 0.0, Max: 0.0, Diff: 0.0, Sum: 0.0]
      [GC Worker Total (ms): Min: 25.2, Avg: 25.3, Max: 25.4, Diff: 0.2, Sum: 101.2]
      [GC Worker End (ms): Min: 230220.2, Avg: 230220.2, Max: 230220.2, Diff: 0.0]
   [Code Root Fixup: 0.0 ms]
   [Code Root Purge: 0.0 ms]
   [Clear CT: 0.0 ms]
   [Other: 6.2 ms]
      [Evacuation Failure: 5.9 ms]
      [Choose CSet: 0.0 ms]
      [Ref Proc: 0.1 ms]
      [Ref Enq: 0.0 ms]
      [Redirty Cards: 0.0 ms]
      [Humongous Register: 0.0 ms]
      [Humongous Reclaim: 0.0 ms]
      [Free CSet: 0.1 ms]
   [Eden: 13.0M(25.0M)->0.0B(25.0M) Survivors: 0.0B->0.0B Heap: 511.4M(512.0M)->511.4M(512.0M)]
 [Times: user=0.06 sys=0.00, real=0.03 secs] 
2017-05-09T22:01:21.855+0300: 230.227: [GC pause (G1 Evacuation Pause) (young) (initial-mark), 0.0008602 secs]
   [Parallel Time: 0.5 ms, GC Workers: 4]
      [GC Worker Start (ms): Min: 230226.8, Avg: 230226.8, Max: 230226.8, Diff: 0.0]
      [Ext Root Scanning (ms): Min: 0.3, Avg: 0.3, Max: 0.4, Diff: 0.0, Sum: 1.3]
      [Update RS (ms): Min: 0.1, Avg: 0.1, Max: 0.2, Diff: 0.1, Sum: 0.6]
         [Processed Buffers: Min: 1, Avg: 1.8, Max: 3, Diff: 2, Sum: 7]
      [Scan RS (ms): Min: 0.0, Avg: 0.0, Max: 0.0, Diff: 0.0, Sum: 0.0]
      [Code Root Scanning (ms): Min: 0.0, Avg: 0.0, Max: 0.0, Diff: 0.0, Sum: 0.0]
      [Object Copy (ms): Min: 0.0, Avg: 0.0, Max: 0.0, Diff: 0.0, Sum: 0.0]
      [Termination (ms): Min: 0.0, Avg: 0.0, Max: 0.0, Diff: 0.0, Sum: 0.0]
         [Termination Attempts: Min: 1, Avg: 1.0, Max: 1, Diff: 0, Sum: 4]
      [GC Worker Other (ms): Min: 0.0, Avg: 0.0, Max: 0.0, Diff: 0.0, Sum: 0.0]
      [GC Worker Total (ms): Min: 0.5, Avg: 0.5, Max: 0.5, Diff: 0.0, Sum: 2.0]
      [GC Worker End (ms): Min: 230227.3, Avg: 230227.3, Max: 230227.3, Diff: 0.0]
   [Code Root Fixup: 0.0 ms]
   [Code Root Purge: 0.0 ms]
   [Clear CT: 0.1 ms]
   [Other: 0.2 ms]
      [Choose CSet: 0.0 ms]
      [Ref Proc: 0.1 ms]
      [Ref Enq: 0.0 ms]
      [Redirty Cards: 0.1 ms]
      [Humongous Register: 0.0 ms]
      [Humongous Reclaim: 0.0 ms]
      [Free CSet: 0.0 ms]
   [Eden: 0.0B(25.0M)->0.0B(25.0M) Survivors: 0.0B->0.0B Heap: 511.4M(512.0M)->511.4M(512.0M)]
 [Times: user=0.00 sys=0.00, real=0.00 secs] 
2017-05-09T22:01:21.855+0300: 230.228: [GC concurrent-root-region-scan-start]
2017-05-09T22:01:21.855+0300: 230.228: [GC concurrent-root-region-scan-end, 0.0000078 secs]
2017-05-09T22:01:21.855+0300: 230.228: [GC concurrent-mark-start]
2017-05-09T22:01:21.855+0300: 230.228: [Full GC (Allocation Failure)  511M->498M(512M), 1.1796952 secs]
   [Eden: 0.0B(25.0M)->0.0B(25.0M) Survivors: 0.0B->0.0B Heap: 511.4M(512.0M)->498.9M(512.0M)], [Metaspace: 7484K->7484K(1056768K)]
 [Times: user=1.59 sys=0.00, real=1.17 secs] 
2017-05-09T22:01:23.027+0300: 231.408: [GC concurrent-mark-abort]
2017-05-09T22:01:23.230+0300: 231.604: [GC pause (G1 Evacuation Pause) (young) (to-space exhausted), 0.0291223 secs]
   [Parallel Time: 23.0 ms, GC Workers: 4]
      [GC Worker Start (ms): Min: 231604.5, Avg: 231604.6, Max: 231604.6, Diff: 0.1]
      [Ext Root Scanning (ms): Min: 0.2, Avg: 0.2, Max: 0.2, Diff: 0.0, Sum: 0.7]
      [Update RS (ms): Min: 0.0, Avg: 0.3, Max: 1.1, Diff: 1.1, Sum: 1.1]
         [Processed Buffers: Min: 0, Avg: 0.3, Max: 1, Diff: 1, Sum: 1]
      [Scan RS (ms): Min: 0.0, Avg: 0.0, Max: 0.0, Diff: 0.0, Sum: 0.0]
      [Code Root Scanning (ms): Min: 0.0, Avg: 0.0, Max: 0.0, Diff: 0.0, Sum: 0.0]
      [Object Copy (ms): Min: 21.6, Avg: 22.4, Max: 22.7, Diff: 1.1, Sum: 89.6]
      [Termination (ms): Min: 0.0, Avg: 0.0, Max: 0.0, Diff: 0.0, Sum: 0.1]
         [Termination Attempts: Min: 1, Avg: 2.0, Max: 3, Diff: 2, Sum: 8]
      [GC Worker Other (ms): Min: 0.0, Avg: 0.0, Max: 0.0, Diff: 0.0, Sum: 0.0]
      [GC Worker Total (ms): Min: 22.9, Avg: 22.9, Max: 22.9, Diff: 0.1, Sum: 91.6]
      [GC Worker End (ms): Min: 231627.5, Avg: 231627.5, Max: 231627.5, Diff: 0.0]
   [Code Root Fixup: 0.0 ms]
   [Code Root Purge: 0.0 ms]
   [Clear CT: 0.0 ms]
   [Other: 6.1 ms]
      [Evacuation Failure: 5.8 ms]
      [Choose CSet: 0.0 ms]
      [Ref Proc: 0.1 ms]
      [Ref Enq: 0.0 ms]
      [Redirty Cards: 0.1 ms]
      [Humongous Register: 0.0 ms]
      [Humongous Reclaim: 0.0 ms]
      [Free CSet: 0.0 ms]
   [Eden: 12.0M(25.0M)->0.0B(25.0M) Survivors: 0.0B->0.0B Heap: 510.9M(512.0M)->510.9M(512.0M)]
 [Times: user=0.08 sys=0.00, real=0.03 secs] 
2017-05-09T22:01:23.261+0300: 231.634: [GC pause (G1 Evacuation Pause) (young) (initial-mark), 0.0011155 secs]
   [Parallel Time: 0.6 ms, GC Workers: 4]
      [GC Worker Start (ms): Min: 231633.9, Avg: 231633.9, Max: 231633.9, Diff: 0.0]
      [Ext Root Scanning (ms): Min: 0.3, Avg: 0.3, Max: 0.5, Diff: 0.2, Sum: 1.4]
      [Update RS (ms): Min: 0.0, Avg: 0.1, Max: 0.2, Diff: 0.2, Sum: 0.5]
         [Processed Buffers: Min: 0, Avg: 1.5, Max: 2, Diff: 2, Sum: 6]
      [Scan RS (ms): Min: 0.0, Avg: 0.0, Max: 0.0, Diff: 0.0, Sum: 0.0]
      [Code Root Scanning (ms): Min: 0.0, Avg: 0.0, Max: 0.0, Diff: 0.0, Sum: 0.0]
      [Object Copy (ms): Min: 0.0, Avg: 0.0, Max: 0.0, Diff: 0.0, Sum: 0.0]
      [Termination (ms): Min: 0.0, Avg: 0.0, Max: 0.1, Diff: 0.1, Sum: 0.1]
         [Termination Attempts: Min: 1, Avg: 1.0, Max: 1, Diff: 0, Sum: 4]
      [GC Worker Other (ms): Min: 0.0, Avg: 0.0, Max: 0.0, Diff: 0.0, Sum: 0.0]
      [GC Worker Total (ms): Min: 0.5, Avg: 0.5, Max: 0.6, Diff: 0.0, Sum: 2.1]
      [GC Worker End (ms): Min: 231634.4, Avg: 231634.4, Max: 231634.4, Diff: 0.0]
   [Code Root Fixup: 0.0 ms]
   [Code Root Purge: 0.0 ms]
   [Clear CT: 0.2 ms]
   [Other: 0.3 ms]
      [Choose CSet: 0.0 ms]
      [Ref Proc: 0.1 ms]
      [Ref Enq: 0.0 ms]
      [Redirty Cards: 0.2 ms]
      [Humongous Register: 0.0 ms]
      [Humongous Reclaim: 0.0 ms]
      [Free CSet: 0.0 ms]
   [Eden: 0.0B(25.0M)->0.0B(25.0M) Survivors: 0.0B->0.0B Heap: 510.9M(512.0M)->510.9M(512.0M)]
 [Times: user=0.00 sys=0.00, real=0.00 secs] 
2017-05-09T22:01:23.261+0300: 231.635: [GC concurrent-root-region-scan-start]
2017-05-09T22:01:23.261+0300: 231.635: [GC concurrent-root-region-scan-end, 0.0000072 secs]
2017-05-09T22:01:23.261+0300: 231.635: [GC concurrent-mark-start]
2017-05-09T22:01:23.261+0300: 231.635: [Full GC (Allocation Failure)  510M->499M(512M), 1.1873161 secs]
   [Eden: 0.0B(25.0M)->0.0B(25.0M) Survivors: 0.0B->0.0B Heap: 510.9M(512.0M)->499.4M(512.0M)], [Metaspace: 7484K->7484K(1056768K)]
 [Times: user=1.66 sys=0.00, real=1.19 secs] 
2017-05-09T22:01:24.451+0300: 232.823: [GC concurrent-mark-abort]
2017-05-09T22:01:24.780+0300: 233.150: [GC pause (G1 Evacuation Pause) (young) (to-space exhausted), 0.0263316 secs]
   [Parallel Time: 21.8 ms, GC Workers: 4]
      [GC Worker Start (ms): Min: 233150.1, Avg: 233150.1, Max: 233150.1, Diff: 0.0]
      [Ext Root Scanning (ms): Min: 0.3, Avg: 0.3, Max: 0.3, Diff: 0.0, Sum: 1.1]
      [Update RS (ms): Min: 0.0, Avg: 0.4, Max: 1.7, Diff: 1.7, Sum: 1.7]
         [Processed Buffers: Min: 0, Avg: 0.3, Max: 1, Diff: 1, Sum: 1]
      [Scan RS (ms): Min: 0.0, Avg: 0.0, Max: 0.0, Diff: 0.0, Sum: 0.0]
      [Code Root Scanning (ms): Min: 0.0, Avg: 0.0, Max: 0.0, Diff: 0.0, Sum: 0.0]
      [Object Copy (ms): Min: 19.8, Avg: 21.0, Max: 21.4, Diff: 1.7, Sum: 84.1]
      [Termination (ms): Min: 0.0, Avg: 0.0, Max: 0.0, Diff: 0.0, Sum: 0.0]
         [Termination Attempts: Min: 1, Avg: 1.5, Max: 2, Diff: 1, Sum: 6]
      [GC Worker Other (ms): Min: 0.0, Avg: 0.0, Max: 0.0, Diff: 0.0, Sum: 0.0]
      [GC Worker Total (ms): Min: 21.7, Avg: 21.7, Max: 21.7, Diff: 0.0, Sum: 86.9]
      [GC Worker End (ms): Min: 233171.8, Avg: 233171.8, Max: 233171.8, Diff: 0.0]
   [Code Root Fixup: 0.0 ms]
   [Code Root Purge: 0.0 ms]
   [Clear CT: 0.0 ms]
   [Other: 4.5 ms]
      [Evacuation Failure: 4.3 ms]
      [Choose CSet: 0.0 ms]
      [Ref Proc: 0.0 ms]
      [Ref Enq: 0.0 ms]
      [Redirty Cards: 0.0 ms]
      [Humongous Register: 0.0 ms]
      [Humongous Reclaim: 0.0 ms]
      [Free CSet: 0.0 ms]
   [Eden: 12.0M(25.0M)->0.0B(25.0M) Survivors: 0.0B->0.0B Heap: 511.4M(512.0M)->511.4M(512.0M)]
 [Times: user=0.02 sys=0.00, real=0.02 secs] 
2017-05-09T22:01:24.795+0300: 233.176: [GC pause (G1 Evacuation Pause) (young) (initial-mark), 0.0006689 secs]
   [Parallel Time: 0.5 ms, GC Workers: 4]
      [GC Worker Start (ms): Min: 233176.5, Avg: 233176.5, Max: 233176.5, Diff: 0.0]
      [Ext Root Scanning (ms): Min: 0.3, Avg: 0.3, Max: 0.3, Diff: 0.0, Sum: 1.2]
      [Update RS (ms): Min: 0.1, Avg: 0.1, Max: 0.1, Diff: 0.0, Sum: 0.5]
         [Processed Buffers: Min: 1, Avg: 1.5, Max: 2, Diff: 1, Sum: 6]
      [Scan RS (ms): Min: 0.0, Avg: 0.0, Max: 0.0, Diff: 0.0, Sum: 0.0]
      [Code Root Scanning (ms): Min: 0.0, Avg: 0.0, Max: 0.0, Diff: 0.0, Sum: 0.0]
      [Object Copy (ms): Min: 0.0, Avg: 0.0, Max: 0.0, Diff: 0.0, Sum: 0.0]
      [Termination (ms): Min: 0.0, Avg: 0.0, Max: 0.0, Diff: 0.0, Sum: 0.0]
         [Termination Attempts: Min: 1, Avg: 1.0, Max: 1, Diff: 0, Sum: 4]
      [GC Worker Other (ms): Min: 0.0, Avg: 0.0, Max: 0.0, Diff: 0.0, Sum: 0.0]
      [GC Worker Total (ms): Min: 0.4, Avg: 0.4, Max: 0.5, Diff: 0.0, Sum: 1.8]
      [GC Worker End (ms): Min: 233177.0, Avg: 233177.0, Max: 233177.0, Diff: 0.0]
   [Code Root Fixup: 0.0 ms]
   [Code Root Purge: 0.0 ms]
   [Clear CT: 0.0 ms]
   [Other: 0.2 ms]
      [Choose CSet: 0.0 ms]
      [Ref Proc: 0.1 ms]
      [Ref Enq: 0.0 ms]
      [Redirty Cards: 0.0 ms]
      [Humongous Register: 0.0 ms]
      [Humongous Reclaim: 0.0 ms]
      [Free CSet: 0.0 ms]
   [Eden: 0.0B(25.0M)->0.0B(25.0M) Survivors: 0.0B->0.0B Heap: 511.4M(512.0M)->511.4M(512.0M)]
 [Times: user=0.00 sys=0.00, real=0.00 secs] 
2017-05-09T22:01:24.795+0300: 233.177: [GC concurrent-root-region-scan-start]
2017-05-09T22:01:24.795+0300: 233.177: [GC concurrent-root-region-scan-end, 0.0000075 secs]
2017-05-09T22:01:24.795+0300: 233.177: [GC concurrent-mark-start]
2017-05-09T22:01:24.795+0300: 233.177: [Full GC (Allocation Failure)  511M->499M(512M), 1.1900366 secs]
   [Eden: 0.0B(25.0M)->0.0B(25.0M) Survivors: 0.0B->0.0B Heap: 511.4M(512.0M)->499.9M(512.0M)], [Metaspace: 7484K->7484K(1056768K)]
 [Times: user=1.67 sys=0.00, real=1.20 secs] 
2017-05-09T22:01:25.993+0300: 234.367: [GC concurrent-mark-abort]
2017-05-09T22:01:26.181+0300: 234.551: [GC pause (G1 Evacuation Pause) (young) (to-space exhausted), 0.0270574 secs]
   [Parallel Time: 22.5 ms, GC Workers: 4]
      [GC Worker Start (ms): Min: 234550.8, Avg: 234550.8, Max: 234550.8, Diff: 0.0]
      [Ext Root Scanning (ms): Min: 0.2, Avg: 0.2, Max: 0.2, Diff: 0.0, Sum: 0.6]
      [Update RS (ms): Min: 0.0, Avg: 0.3, Max: 1.1, Diff: 1.1, Sum: 1.1]
         [Processed Buffers: Min: 0, Avg: 0.3, Max: 1, Diff: 1, Sum: 1]
      [Scan RS (ms): Min: 0.0, Avg: 0.0, Max: 0.0, Diff: 0.0, Sum: 0.0]
      [Code Root Scanning (ms): Min: 0.0, Avg: 0.0, Max: 0.0, Diff: 0.0, Sum: 0.0]
      [Object Copy (ms): Min: 21.2, Avg: 22.1, Max: 22.3, Diff: 1.1, Sum: 88.3]
      [Termination (ms): Min: 0.0, Avg: 0.0, Max: 0.0, Diff: 0.0, Sum: 0.0]
         [Termination Attempts: Min: 1, Avg: 2.0, Max: 3, Diff: 2, Sum: 8]
      [GC Worker Other (ms): Min: 0.0, Avg: 0.0, Max: 0.0, Diff: 0.0, Sum: 0.0]
      [GC Worker Total (ms): Min: 22.5, Avg: 22.5, Max: 22.5, Diff: 0.0, Sum: 90.1]
      [GC Worker End (ms): Min: 234573.3, Avg: 234573.3, Max: 234573.3, Diff: 0.0]
   [Code Root Fixup: 0.0 ms]
   [Code Root Purge: 0.0 ms]
   [Clear CT: 0.0 ms]
   [Other: 4.5 ms]
      [Evacuation Failure: 4.2 ms]
      [Choose CSet: 0.0 ms]
      [Ref Proc: 0.1 ms]
      [Ref Enq: 0.0 ms]
      [Redirty Cards: 0.1 ms]
      [Humongous Register: 0.0 ms]
      [Humongous Reclaim: 0.0 ms]
      [Free CSet: 0.0 ms]
   [Eden: 11.0M(25.0M)->0.0B(25.0M) Survivors: 0.0B->0.0B Heap: 510.9M(512.0M)->510.9M(512.0M)]
 [Times: user=0.02 sys=0.02, real=0.02 secs] 
2017-05-09T22:01:26.196+0300: 234.578: [GC pause (G1 Evacuation Pause) (young) (initial-mark), 0.0008617 secs]
   [Parallel Time: 0.5 ms, GC Workers: 4]
      [GC Worker Start (ms): Min: 234578.1, Avg: 234578.2, Max: 234578.2, Diff: 0.0]
      [Ext Root Scanning (ms): Min: 0.3, Avg: 0.3, Max: 0.3, Diff: 0.0, Sum: 1.2]
      [Update RS (ms): Min: 0.1, Avg: 0.1, Max: 0.2, Diff: 0.1, Sum: 0.5]
         [Processed Buffers: Min: 1, Avg: 1.5, Max: 2, Diff: 1, Sum: 6]
      [Scan RS (ms): Min: 0.0, Avg: 0.0, Max: 0.0, Diff: 0.0, Sum: 0.0]
      [Code Root Scanning (ms): Min: 0.0, Avg: 0.0, Max: 0.0, Diff: 0.0, Sum: 0.0]
      [Object Copy (ms): Min: 0.0, Avg: 0.0, Max: 0.0, Diff: 0.0, Sum: 0.0]
      [Termination (ms): Min: 0.0, Avg: 0.0, Max: 0.0, Diff: 0.0, Sum: 0.0]
         [Termination Attempts: Min: 1, Avg: 1.0, Max: 1, Diff: 0, Sum: 4]
      [GC Worker Other (ms): Min: 0.0, Avg: 0.0, Max: 0.0, Diff: 0.0, Sum: 0.0]
      [GC Worker Total (ms): Min: 0.4, Avg: 0.5, Max: 0.5, Diff: 0.0, Sum: 1.8]
      [GC Worker End (ms): Min: 234578.6, Avg: 234578.6, Max: 234578.6, Diff: 0.0]
   [Code Root Fixup: 0.0 ms]
   [Code Root Purge: 0.0 ms]
   [Clear CT: 0.1 ms]
   [Other: 0.3 ms]
      [Choose CSet: 0.0 ms]
      [Ref Proc: 0.1 ms]
      [Ref Enq: 0.0 ms]
      [Redirty Cards: 0.1 ms]
      [Humongous Register: 0.0 ms]
      [Humongous Reclaim: 0.0 ms]
      [Free CSet: 0.0 ms]
   [Eden: 0.0B(25.0M)->0.0B(25.0M) Survivors: 0.0B->0.0B Heap: 510.9M(512.0M)->510.9M(512.0M)]
 [Times: user=0.00 sys=0.00, real=0.00 secs] 
2017-05-09T22:01:26.196+0300: 234.579: [GC concurrent-root-region-scan-start]
2017-05-09T22:01:26.196+0300: 234.579: [GC concurrent-root-region-scan-end, 0.0000078 secs]
2017-05-09T22:01:26.196+0300: 234.579: [GC concurrent-mark-start]
2017-05-09T22:01:26.196+0300: 234.579: [Full GC (Allocation Failure)  510M->500M(512M), 1.2044740 secs]
   [Eden: 0.0B(25.0M)->0.0B(25.0M) Survivors: 0.0B->0.0B Heap: 510.9M(512.0M)->500.3M(512.0M)], [Metaspace: 7484K->7484K(1056768K)]
 [Times: user=1.67 sys=0.00, real=1.20 secs] 
2017-05-09T22:01:27.399+0300: 235.784: [GC concurrent-mark-abort]
2017-05-09T22:01:27.587+0300: 235.965: [GC pause (G1 Evacuation Pause) (young) (to-space exhausted), 0.0277474 secs]
   [Parallel Time: 22.5 ms, GC Workers: 4]
      [GC Worker Start (ms): Min: 235964.7, Avg: 235964.7, Max: 235964.7, Diff: 0.0]
      [Ext Root Scanning (ms): Min: 0.2, Avg: 0.2, Max: 0.2, Diff: 0.0, Sum: 0.6]
      [Update RS (ms): Min: 0.0, Avg: 0.2, Max: 1.0, Diff: 1.0, Sum: 1.0]
         [Processed Buffers: Min: 0, Avg: 0.3, Max: 1, Diff: 1, Sum: 1]
      [Scan RS (ms): Min: 0.0, Avg: 0.0, Max: 0.0, Diff: 0.0, Sum: 0.0]
      [Code Root Scanning (ms): Min: 0.0, Avg: 0.0, Max: 0.0, Diff: 0.0, Sum: 0.0]
      [Object Copy (ms): Min: 21.3, Avg: 22.0, Max: 22.3, Diff: 1.0, Sum: 88.1]
      [Termination (ms): Min: 0.0, Avg: 0.0, Max: 0.0, Diff: 0.0, Sum: 0.0]
         [Termination Attempts: Min: 1, Avg: 1.8, Max: 3, Diff: 2, Sum: 7]
      [GC Worker Other (ms): Min: 0.0, Avg: 0.0, Max: 0.0, Diff: 0.0, Sum: 0.0]
      [GC Worker Total (ms): Min: 22.4, Avg: 22.4, Max: 22.5, Diff: 0.0, Sum: 89.8]
      [GC Worker End (ms): Min: 235987.2, Avg: 235987.2, Max: 235987.2, Diff: 0.0]
   [Code Root Fixup: 0.0 ms]
   [Code Root Purge: 0.0 ms]
   [Clear CT: 0.0 ms]
   [Other: 5.2 ms]
      [Evacuation Failure: 4.8 ms]
      [Choose CSet: 0.0 ms]
      [Ref Proc: 0.0 ms]
      [Ref Enq: 0.0 ms]
      [Redirty Cards: 0.3 ms]
      [Humongous Register: 0.0 ms]
      [Humongous Reclaim: 0.0 ms]
      [Free CSet: 0.1 ms]
   [Eden: 11.0M(25.0M)->0.0B(25.0M) Survivors: 0.0B->0.0B Heap: 511.3M(512.0M)->511.3M(512.0M)]
 [Times: user=0.08 sys=0.02, real=0.03 secs] 
2017-05-09T22:01:27.618+0300: 235.993: [GC pause (G1 Evacuation Pause) (young) (initial-mark), 0.0013035 secs]
   [Parallel Time: 0.7 ms, GC Workers: 4]
      [GC Worker Start (ms): Min: 235993.0, Avg: 235993.1, Max: 235993.3, Diff: 0.3]
      [Ext Root Scanning (ms): Min: 0.2, Avg: 0.3, Max: 0.4, Diff: 0.2, Sum: 1.2]
      [Update RS (ms): Min: 0.1, Avg: 0.2, Max: 0.2, Diff: 0.1, Sum: 0.7]
         [Processed Buffers: Min: 1, Avg: 1.5, Max: 2, Diff: 1, Sum: 6]
      [Scan RS (ms): Min: 0.0, Avg: 0.0, Max: 0.0, Diff: 0.0, Sum: 0.0]
      [Code Root Scanning (ms): Min: 0.0, Avg: 0.0, Max: 0.0, Diff: 0.0, Sum: 0.0]
      [Object Copy (ms): Min: 0.0, Avg: 0.0, Max: 0.0, Diff: 0.0, Sum: 0.1]
      [Termination (ms): Min: 0.0, Avg: 0.0, Max: 0.1, Diff: 0.1, Sum: 0.1]
         [Termination Attempts: Min: 1, Avg: 1.0, Max: 1, Diff: 0, Sum: 4]
      [GC Worker Other (ms): Min: 0.0, Avg: 0.0, Max: 0.0, Diff: 0.0, Sum: 0.1]
      [GC Worker Total (ms): Min: 0.3, Avg: 0.5, Max: 0.6, Diff: 0.3, Sum: 2.1]
      [GC Worker End (ms): Min: 235993.6, Avg: 235993.6, Max: 235993.6, Diff: 0.0]
   [Code Root Fixup: 0.0 ms]
   [Code Root Purge: 0.0 ms]
   [Clear CT: 0.2 ms]
   [Other: 0.5 ms]
      [Choose CSet: 0.0 ms]
      [Ref Proc: 0.2 ms]
      [Ref Enq: 0.0 ms]
      [Redirty Cards: 0.1 ms]
      [Humongous Register: 0.0 ms]
      [Humongous Reclaim: 0.0 ms]
      [Free CSet: 0.0 ms]
   [Eden: 0.0B(25.0M)->0.0B(25.0M) Survivors: 0.0B->0.0B Heap: 511.3M(512.0M)->511.3M(512.0M)]
 [Times: user=0.00 sys=0.00, real=0.00 secs] 
2017-05-09T22:01:27.618+0300: 235.994: [GC concurrent-root-region-scan-start]
2017-05-09T22:01:27.618+0300: 235.994: [GC concurrent-root-region-scan-end, 0.0000090 secs]
2017-05-09T22:01:27.618+0300: 235.994: [GC concurrent-mark-start]
2017-05-09T22:01:27.618+0300: 235.994: [Full GC (Allocation Failure)  511M->500M(512M), 1.1956243 secs]
   [Eden: 0.0B(25.0M)->0.0B(25.0M) Survivors: 0.0B->0.0B Heap: 511.3M(512.0M)->500.7M(512.0M)], [Metaspace: 7484K->7484K(1056768K)]
 [Times: user=1.66 sys=0.00, real=1.19 secs] 
2017-05-09T22:01:28.808+0300: 237.190: [GC concurrent-mark-abort]
2017-05-09T22:01:28.966+0300: 237.346: [GC pause (G1 Evacuation Pause) (young) (to-space exhausted), 0.0254922 secs]
   [Parallel Time: 21.0 ms, GC Workers: 4]
      [GC Worker Start (ms): Min: 237345.6, Avg: 237345.6, Max: 237345.6, Diff: 0.0]
      [Ext Root Scanning (ms): Min: 0.2, Avg: 0.2, Max: 0.2, Diff: 0.0, Sum: 0.7]
      [Update RS (ms): Min: 0.0, Avg: 0.2, Max: 0.9, Diff: 0.9, Sum: 0.9]
         [Processed Buffers: Min: 0, Avg: 0.3, Max: 1, Diff: 1, Sum: 1]
      [Scan RS (ms): Min: 0.0, Avg: 0.0, Max: 0.0, Diff: 0.0, Sum: 0.0]
      [Code Root Scanning (ms): Min: 0.0, Avg: 0.0, Max: 0.0, Diff: 0.0, Sum: 0.0]
      [Object Copy (ms): Min: 20.0, Avg: 20.6, Max: 20.8, Diff: 0.9, Sum: 82.5]
      [Termination (ms): Min: 0.0, Avg: 0.0, Max: 0.0, Diff: 0.0, Sum: 0.0]
         [Termination Attempts: Min: 1, Avg: 1.5, Max: 3, Diff: 2, Sum: 6]
      [GC Worker Other (ms): Min: 0.0, Avg: 0.0, Max: 0.0, Diff: 0.0, Sum: 0.0]
      [GC Worker Total (ms): Min: 21.0, Avg: 21.0, Max: 21.0, Diff: 0.0, Sum: 84.1]
      [GC Worker End (ms): Min: 237366.6, Avg: 237366.6, Max: 237366.6, Diff: 0.0]
   [Code Root Fixup: 0.0 ms]
   [Code Root Purge: 0.0 ms]
   [Clear CT: 0.0 ms]
   [Other: 4.4 ms]
      [Evacuation Failure: 4.2 ms]
      [Choose CSet: 0.0 ms]
      [Ref Proc: 0.0 ms]
      [Ref Enq: 0.0 ms]
      [Redirty Cards: 0.0 ms]
      [Humongous Register: 0.0 ms]
      [Humongous Reclaim: 0.0 ms]
      [Free CSet: 0.0 ms]
   [Eden: 10.0M(25.0M)->0.0B(25.0M) Survivors: 0.0B->0.0B Heap: 510.7M(512.0M)->510.7M(512.0M)]
 [Times: user=0.08 sys=0.00, real=0.03 secs] 
2017-05-09T22:01:28.997+0300: 237.371: [GC pause (G1 Evacuation Pause) (young) (initial-mark), 0.0005804 secs]
   [Parallel Time: 0.4 ms, GC Workers: 4]
      [GC Worker Start (ms): Min: 237371.3, Avg: 237371.3, Max: 237371.3, Diff: 0.0]
      [Ext Root Scanning (ms): Min: 0.3, Avg: 0.3, Max: 0.3, Diff: 0.0, Sum: 1.2]
      [Update RS (ms): Min: 0.1, Avg: 0.1, Max: 0.1, Diff: 0.0, Sum: 0.4]
         [Processed Buffers: Min: 1, Avg: 1.5, Max: 2, Diff: 1, Sum: 6]
      [Scan RS (ms): Min: 0.0, Avg: 0.0, Max: 0.0, Diff: 0.0, Sum: 0.0]
      [Code Root Scanning (ms): Min: 0.0, Avg: 0.0, Max: 0.0, Diff: 0.0, Sum: 0.0]
      [Object Copy (ms): Min: 0.0, Avg: 0.0, Max: 0.0, Diff: 0.0, Sum: 0.0]
      [Termination (ms): Min: 0.0, Avg: 0.0, Max: 0.0, Diff: 0.0, Sum: 0.0]
         [Termination Attempts: Min: 1, Avg: 1.0, Max: 1, Diff: 0, Sum: 4]
      [GC Worker Other (ms): Min: 0.0, Avg: 0.0, Max: 0.0, Diff: 0.0, Sum: 0.0]
      [GC Worker Total (ms): Min: 0.4, Avg: 0.4, Max: 0.4, Diff: 0.0, Sum: 1.7]
      [GC Worker End (ms): Min: 237371.8, Avg: 237371.8, Max: 237371.8, Diff: 0.0]
   [Code Root Fixup: 0.0 ms]
   [Code Root Purge: 0.0 ms]
   [Clear CT: 0.0 ms]
   [Other: 0.1 ms]
      [Choose CSet: 0.0 ms]
      [Ref Proc: 0.1 ms]
      [Ref Enq: 0.0 ms]
      [Redirty Cards: 0.0 ms]
      [Humongous Register: 0.0 ms]
      [Humongous Reclaim: 0.0 ms]
      [Free CSet: 0.0 ms]
   [Eden: 0.0B(25.0M)->0.0B(25.0M) Survivors: 0.0B->0.0B Heap: 510.7M(512.0M)->510.7M(512.0M)]
 [Times: user=0.00 sys=0.00, real=0.00 secs] 
2017-05-09T22:01:28.997+0300: 237.372: [GC concurrent-root-region-scan-start]
2017-05-09T22:01:28.997+0300: 237.372: [GC concurrent-root-region-scan-end, 0.0000069 secs]
2017-05-09T22:01:28.997+0300: 237.372: [GC concurrent-mark-start]
2017-05-09T22:01:28.997+0300: 237.372: [Full GC (Allocation Failure)  510M->501M(512M), 1.1858907 secs]
   [Eden: 0.0B(25.0M)->0.0B(25.0M) Survivors: 0.0B->0.0B Heap: 510.7M(512.0M)->501.1M(512.0M)], [Metaspace: 7484K->7484K(1056768K)]
 [Times: user=1.66 sys=0.00, real=1.19 secs] 
2017-05-09T22:01:30.187+0300: 238.558: [GC concurrent-mark-abort]
2017-05-09T22:01:30.453+0300: 238.834: [GC pause (G1 Evacuation Pause) (young) (to-space exhausted), 0.0327279 secs]
   [Parallel Time: 28.3 ms, GC Workers: 4]
      [GC Worker Start (ms): Min: 238834.0, Avg: 238834.0, Max: 238834.0, Diff: 0.0]
      [Ext Root Scanning (ms): Min: 0.2, Avg: 0.2, Max: 0.2, Diff: 0.0, Sum: 0.7]
      [Update RS (ms): Min: 0.0, Avg: 0.2, Max: 0.9, Diff: 0.9, Sum: 0.9]
         [Processed Buffers: Min: 0, Avg: 0.3, Max: 1, Diff: 1, Sum: 1]
      [Scan RS (ms): Min: 0.0, Avg: 0.0, Max: 0.0, Diff: 0.0, Sum: 0.0]
      [Code Root Scanning (ms): Min: 0.0, Avg: 0.0, Max: 0.0, Diff: 0.0, Sum: 0.0]
      [Object Copy (ms): Min: 27.1, Avg: 27.8, Max: 28.0, Diff: 0.9, Sum: 111.2]
      [Termination (ms): Min: 0.0, Avg: 0.0, Max: 0.0, Diff: 0.0, Sum: 0.0]
         [Termination Attempts: Min: 1, Avg: 1.3, Max: 2, Diff: 1, Sum: 5]
      [GC Worker Other (ms): Min: 0.0, Avg: 0.0, Max: 0.0, Diff: 0.0, Sum: 0.1]
      [GC Worker Total (ms): Min: 28.2, Avg: 28.2, Max: 28.2, Diff: 0.0, Sum: 112.9]
      [GC Worker End (ms): Min: 238862.2, Avg: 238862.3, Max: 238862.3, Diff: 0.0]
   [Code Root Fixup: 0.0 ms]
   [Code Root Purge: 0.0 ms]
   [Clear CT: 0.0 ms]
   [Other: 4.4 ms]
      [Evacuation Failure: 4.2 ms]
      [Choose CSet: 0.0 ms]
      [Ref Proc: 0.0 ms]
      [Ref Enq: 0.0 ms]
      [Redirty Cards: 0.0 ms]
      [Humongous Register: 0.0 ms]
      [Humongous Reclaim: 0.0 ms]
      [Free CSet: 0.0 ms]
   [Eden: 10.0M(25.0M)->0.0B(25.0M) Survivors: 0.0B->0.0B Heap: 511.1M(512.0M)->511.1M(512.0M)]
 [Times: user=0.03 sys=0.00, real=0.03 secs] 
2017-05-09T22:01:30.484+0300: 238.867: [GC pause (G1 Evacuation Pause) (young) (initial-mark), 0.0009095 secs]
   [Parallel Time: 0.7 ms, GC Workers: 4]
      [GC Worker Start (ms): Min: 238866.9, Avg: 238866.9, Max: 238866.9, Diff: 0.0]
      [Ext Root Scanning (ms): Min: 0.4, Avg: 0.4, Max: 0.4, Diff: 0.0, Sum: 1.6]
      [Update RS (ms): Min: 0.2, Avg: 0.2, Max: 0.2, Diff: 0.1, Sum: 0.8]
         [Processed Buffers: Min: 1, Avg: 1.5, Max: 2, Diff: 1, Sum: 6]
      [Scan RS (ms): Min: 0.0, Avg: 0.0, Max: 0.0, Diff: 0.0, Sum: 0.0]
      [Code Root Scanning (ms): Min: 0.0, Avg: 0.0, Max: 0.0, Diff: 0.0, Sum: 0.0]
      [Object Copy (ms): Min: 0.0, Avg: 0.0, Max: 0.0, Diff: 0.0, Sum: 0.1]
      [Termination (ms): Min: 0.0, Avg: 0.0, Max: 0.0, Diff: 0.0, Sum: 0.1]
         [Termination Attempts: Min: 1, Avg: 1.0, Max: 1, Diff: 0, Sum: 4]
      [GC Worker Other (ms): Min: 0.0, Avg: 0.0, Max: 0.0, Diff: 0.0, Sum: 0.0]
      [GC Worker Total (ms): Min: 0.6, Avg: 0.6, Max: 0.7, Diff: 0.0, Sum: 2.6]
      [GC Worker End (ms): Min: 238867.6, Avg: 238867.6, Max: 238867.6, Diff: 0.0]
   [Code Root Fixup: 0.0 ms]
   [Code Root Purge: 0.0 ms]
   [Clear CT: 0.0 ms]
   [Other: 0.2 ms]
      [Choose CSet: 0.0 ms]
      [Ref Proc: 0.1 ms]
      [Ref Enq: 0.0 ms]
      [Redirty Cards: 0.0 ms]
      [Humongous Register: 0.0 ms]
      [Humongous Reclaim: 0.0 ms]
      [Free CSet: 0.0 ms]
   [Eden: 0.0B(25.0M)->0.0B(25.0M) Survivors: 0.0B->0.0B Heap: 511.1M(512.0M)->511.1M(512.0M)]
 [Times: user=0.00 sys=0.00, real=0.00 secs] 
2017-05-09T22:01:30.484+0300: 238.868: [GC concurrent-root-region-scan-start]
2017-05-09T22:01:30.484+0300: 238.868: [GC concurrent-root-region-scan-end, 0.0000087 secs]
2017-05-09T22:01:30.484+0300: 238.868: [GC concurrent-mark-start]
2017-05-09T22:01:30.484+0300: 238.868: [Full GC (Allocation Failure)  511M->501M(512M), 1.1893186 secs]
   [Eden: 0.0B(25.0M)->0.0B(25.0M) Survivors: 0.0B->0.0B Heap: 511.1M(512.0M)->501.5M(512.0M)], [Metaspace: 7484K->7484K(1056768K)]
 [Times: user=1.67 sys=0.00, real=1.20 secs] 
2017-05-09T22:01:31.687+0300: 240.057: [GC concurrent-mark-abort]
2017-05-09T22:01:31.875+0300: 240.254: [GC pause (G1 Evacuation Pause) (young) (to-space exhausted), 0.0253534 secs]
   [Parallel Time: 20.3 ms, GC Workers: 4]
      [GC Worker Start (ms): Min: 240254.3, Avg: 240254.3, Max: 240254.3, Diff: 0.0]
      [Ext Root Scanning (ms): Min: 0.1, Avg: 0.2, Max: 0.2, Diff: 0.0, Sum: 0.6]
      [Update RS (ms): Min: 0.0, Avg: 0.2, Max: 0.9, Diff: 0.9, Sum: 0.9]
         [Processed Buffers: Min: 0, Avg: 0.3, Max: 1, Diff: 1, Sum: 1]
      [Scan RS (ms): Min: 0.0, Avg: 0.0, Max: 0.0, Diff: 0.0, Sum: 0.0]
      [Code Root Scanning (ms): Min: 0.0, Avg: 0.0, Max: 0.0, Diff: 0.0, Sum: 0.0]
      [Object Copy (ms): Min: 19.2, Avg: 19.9, Max: 20.2, Diff: 0.9, Sum: 79.7]
      [Termination (ms): Min: 0.0, Avg: 0.0, Max: 0.0, Diff: 0.0, Sum: 0.0]
         [Termination Attempts: Min: 1, Avg: 1.5, Max: 3, Diff: 2, Sum: 6]
      [GC Worker Other (ms): Min: 0.0, Avg: 0.0, Max: 0.0, Diff: 0.0, Sum: 0.0]
      [GC Worker Total (ms): Min: 20.3, Avg: 20.3, Max: 20.3, Diff: 0.0, Sum: 81.3]
      [GC Worker End (ms): Min: 240274.6, Avg: 240274.6, Max: 240274.6, Diff: 0.0]
   [Code Root Fixup: 0.0 ms]
   [Code Root Purge: 0.0 ms]
   [Clear CT: 0.0 ms]
   [Other: 5.0 ms]
      [Evacuation Failure: 4.7 ms]
      [Choose CSet: 0.0 ms]
      [Ref Proc: 0.1 ms]
      [Ref Enq: 0.0 ms]
      [Redirty Cards: 0.0 ms]
      [Humongous Register: 0.0 ms]
      [Humongous Reclaim: 0.0 ms]
      [Free CSet: 0.1 ms]
   [Eden: 10.0M(25.0M)->0.0B(25.0M) Survivors: 0.0B->0.0B Heap: 511.5M(512.0M)->511.5M(512.0M)]
 [Times: user=0.06 sys=0.02, real=0.03 secs] 
2017-05-09T22:01:31.906+0300: 240.280: [GC pause (G1 Evacuation Pause) (young) (initial-mark), 0.0009704 secs]
   [Parallel Time: 0.6 ms, GC Workers: 4]
      [GC Worker Start (ms): Min: 240280.1, Avg: 240280.1, Max: 240280.1, Diff: 0.0]
      [Ext Root Scanning (ms): Min: 0.3, Avg: 0.4, Max: 0.5, Diff: 0.2, Sum: 1.5]
      [Update RS (ms): Min: 0.0, Avg: 0.1, Max: 0.2, Diff: 0.2, Sum: 0.5]
         [Processed Buffers: Min: 0, Avg: 1.5, Max: 2, Diff: 2, Sum: 6]
      [Scan RS (ms): Min: 0.0, Avg: 0.0, Max: 0.0, Diff: 0.0, Sum: 0.0]
      [Code Root Scanning (ms): Min: 0.0, Avg: 0.0, Max: 0.0, Diff: 0.0, Sum: 0.0]
      [Object Copy (ms): Min: 0.0, Avg: 0.0, Max: 0.0, Diff: 0.0, Sum: 0.1]
      [Termination (ms): Min: 0.0, Avg: 0.0, Max: 0.1, Diff: 0.1, Sum: 0.1]
         [Termination Attempts: Min: 1, Avg: 1.0, Max: 1, Diff: 0, Sum: 4]
      [GC Worker Other (ms): Min: 0.0, Avg: 0.0, Max: 0.0, Diff: 0.0, Sum: 0.0]
      [GC Worker Total (ms): Min: 0.6, Avg: 0.6, Max: 0.6, Diff: 0.0, Sum: 2.3]
      [GC Worker End (ms): Min: 240280.7, Avg: 240280.7, Max: 240280.7, Diff: 0.0]
   [Code Root Fixup: 0.0 ms]
   [Code Root Purge: 0.0 ms]
   [Clear CT: 0.1 ms]
   [Other: 0.3 ms]
      [Choose CSet: 0.0 ms]
      [Ref Proc: 0.1 ms]
      [Ref Enq: 0.0 ms]
      [Redirty Cards: 0.0 ms]
      [Humongous Register: 0.0 ms]
      [Humongous Reclaim: 0.0 ms]
      [Free CSet: 0.0 ms]
   [Eden: 0.0B(25.0M)->0.0B(25.0M) Survivors: 0.0B->0.0B Heap: 511.5M(512.0M)->511.5M(512.0M)]
 [Times: user=0.00 sys=0.00, real=0.00 secs] 
2017-05-09T22:01:31.906+0300: 240.281: [GC concurrent-root-region-scan-start]
2017-05-09T22:01:31.906+0300: 240.281: [GC concurrent-root-region-scan-end, 0.0000102 secs]
2017-05-09T22:01:31.906+0300: 240.281: [GC concurrent-mark-start]
2017-05-09T22:01:31.906+0300: 240.281: [Full GC (Allocation Failure)  511M->501M(512M), 1.2170718 secs]
   [Eden: 0.0B(25.0M)->0.0B(25.0M) Survivors: 0.0B->0.0B Heap: 511.5M(512.0M)->501.9M(512.0M)], [Metaspace: 7484K->7484K(1056768K)]
 [Times: user=1.69 sys=0.00, real=1.22 secs] 
2017-05-09T22:01:33.125+0300: 241.498: [GC concurrent-mark-abort]
2017-05-09T22:01:33.281+0300: 241.659: [GC pause (G1 Evacuation Pause) (young) (to-space exhausted), 0.0230374 secs]
   [Parallel Time: 18.3 ms, GC Workers: 4]
      [GC Worker Start (ms): Min: 241659.5, Avg: 241659.5, Max: 241659.5, Diff: 0.0]
      [Ext Root Scanning (ms): Min: 0.1, Avg: 0.2, Max: 0.2, Diff: 0.0, Sum: 0.6]
      [Update RS (ms): Min: 0.0, Avg: 0.2, Max: 1.0, Diff: 1.0, Sum: 1.0]
         [Processed Buffers: Min: 0, Avg: 0.3, Max: 1, Diff: 1, Sum: 1]
      [Scan RS (ms): Min: 0.0, Avg: 0.0, Max: 0.0, Diff: 0.0, Sum: 0.0]
      [Code Root Scanning (ms): Min: 0.0, Avg: 0.0, Max: 0.0, Diff: 0.0, Sum: 0.0]
      [Object Copy (ms): Min: 17.1, Avg: 17.8, Max: 18.1, Diff: 1.0, Sum: 71.4]
      [Termination (ms): Min: 0.0, Avg: 0.0, Max: 0.0, Diff: 0.0, Sum: 0.0]
         [Termination Attempts: Min: 1, Avg: 1.3, Max: 2, Diff: 1, Sum: 5]
      [GC Worker Other (ms): Min: 0.0, Avg: 0.0, Max: 0.0, Diff: 0.0, Sum: 0.0]
      [GC Worker Total (ms): Min: 18.2, Avg: 18.3, Max: 18.3, Diff: 0.0, Sum: 73.0]
      [GC Worker End (ms): Min: 241677.8, Avg: 241677.8, Max: 241677.8, Diff: 0.0]
   [Code Root Fixup: 0.0 ms]
   [Code Root Purge: 0.0 ms]
   [Clear CT: 0.0 ms]
   [Other: 4.7 ms]
      [Evacuation Failure: 4.3 ms]
      [Choose CSet: 0.0 ms]
      [Ref Proc: 0.0 ms]
      [Ref Enq: 0.0 ms]
      [Redirty Cards: 0.2 ms]
      [Humongous Register: 0.0 ms]
      [Humongous Reclaim: 0.0 ms]
      [Free CSet: 0.0 ms]
   [Eden: 9216.0K(25.0M)->0.0B(25.0M) Survivors: 0.0B->0.0B Heap: 510.9M(512.0M)->510.9M(512.0M)]
 [Times: user=0.01 sys=0.00, real=0.03 secs] 
2017-05-09T22:01:33.313+0300: 241.683: [GC pause (G1 Evacuation Pause) (young) (initial-mark), 0.0009689 secs]
   [Parallel Time: 0.5 ms, GC Workers: 4]
      [GC Worker Start (ms): Min: 241682.9, Avg: 241682.9, Max: 241683.0, Diff: 0.0]
      [Ext Root Scanning (ms): Min: 0.3, Avg: 0.3, Max: 0.3, Diff: 0.0, Sum: 1.2]
      [Update RS (ms): Min: 0.1, Avg: 0.1, Max: 0.1, Diff: 0.0, Sum: 0.4]
         [Processed Buffers: Min: 1, Avg: 1.8, Max: 3, Diff: 2, Sum: 7]
      [Scan RS (ms): Min: 0.0, Avg: 0.0, Max: 0.0, Diff: 0.0, Sum: 0.0]
      [Code Root Scanning (ms): Min: 0.0, Avg: 0.0, Max: 0.0, Diff: 0.0, Sum: 0.0]
      [Object Copy (ms): Min: 0.0, Avg: 0.0, Max: 0.0, Diff: 0.0, Sum: 0.0]
      [Termination (ms): Min: 0.0, Avg: 0.0, Max: 0.0, Diff: 0.0, Sum: 0.0]
         [Termination Attempts: Min: 1, Avg: 1.0, Max: 1, Diff: 0, Sum: 4]
      [GC Worker Other (ms): Min: 0.0, Avg: 0.0, Max: 0.0, Diff: 0.0, Sum: 0.0]
      [GC Worker Total (ms): Min: 0.4, Avg: 0.4, Max: 0.5, Diff: 0.0, Sum: 1.7]
      [GC Worker End (ms): Min: 241683.4, Avg: 241683.4, Max: 241683.4, Diff: 0.0]
   [Code Root Fixup: 0.0 ms]
   [Code Root Purge: 0.0 ms]
   [Clear CT: 0.2 ms]
   [Other: 0.2 ms]
      [Choose CSet: 0.0 ms]
      [Ref Proc: 0.1 ms]
      [Ref Enq: 0.0 ms]
      [Redirty Cards: 0.1 ms]
      [Humongous Register: 0.0 ms]
      [Humongous Reclaim: 0.0 ms]
      [Free CSet: 0.0 ms]
   [Eden: 0.0B(25.0M)->0.0B(25.0M) Survivors: 0.0B->0.0B Heap: 510.9M(512.0M)->510.9M(512.0M)]
 [Times: user=0.00 sys=0.00, real=0.00 secs] 
2017-05-09T22:01:33.313+0300: 241.684: [GC concurrent-root-region-scan-start]
2017-05-09T22:01:33.313+0300: 241.684: [GC concurrent-root-region-scan-end, 0.0000078 secs]
2017-05-09T22:01:33.313+0300: 241.684: [GC concurrent-mark-start]
2017-05-09T22:01:33.313+0300: 241.684: [Full GC (Allocation Failure)  510M->502M(512M), 1.1962788 secs]
   [Eden: 0.0B(25.0M)->0.0B(25.0M) Survivors: 0.0B->0.0B Heap: 510.9M(512.0M)->502.2M(512.0M)], [Metaspace: 7484K->7484K(1056768K)]
 [Times: user=1.66 sys=0.00, real=1.19 secs] 
2017-05-09T22:01:34.503+0300: 242.880: [GC concurrent-mark-abort]
2017-05-09T22:01:34.637+0300: 243.019: [GC pause (G1 Evacuation Pause) (young) (to-space exhausted), 0.0231328 secs]
   [Parallel Time: 18.7 ms, GC Workers: 4]
      [GC Worker Start (ms): Min: 243019.0, Avg: 243019.1, Max: 243019.1, Diff: 0.1]
      [Ext Root Scanning (ms): Min: 0.2, Avg: 0.2, Max: 0.2, Diff: 0.1, Sum: 0.8]
      [Update RS (ms): Min: 0.0, Avg: 0.3, Max: 1.1, Diff: 1.1, Sum: 1.1]
         [Processed Buffers: Min: 0, Avg: 0.3, Max: 1, Diff: 1, Sum: 1]
      [Scan RS (ms): Min: 0.0, Avg: 0.0, Max: 0.0, Diff: 0.0, Sum: 0.0]
      [Code Root Scanning (ms): Min: 0.0, Avg: 0.0, Max: 0.0, Diff: 0.0, Sum: 0.0]
      [Object Copy (ms): Min: 17.3, Avg: 18.1, Max: 18.4, Diff: 1.1, Sum: 72.4]
      [Termination (ms): Min: 0.0, Avg: 0.0, Max: 0.0, Diff: 0.0, Sum: 0.1]
         [Termination Attempts: Min: 1, Avg: 1.5, Max: 3, Diff: 2, Sum: 6]
      [GC Worker Other (ms): Min: 0.0, Avg: 0.0, Max: 0.0, Diff: 0.0, Sum: 0.0]
      [GC Worker Total (ms): Min: 18.6, Avg: 18.6, Max: 18.6, Diff: 0.1, Sum: 74.4]
      [GC Worker End (ms): Min: 243037.7, Avg: 243037.7, Max: 243037.7, Diff: 0.0]
   [Code Root Fixup: 0.0 ms]
   [Code Root Purge: 0.0 ms]
   [Clear CT: 0.0 ms]
   [Other: 4.4 ms]
      [Evacuation Failure: 4.2 ms]
      [Choose CSet: 0.0 ms]
      [Ref Proc: 0.0 ms]
      [Ref Enq: 0.0 ms]
      [Redirty Cards: 0.1 ms]
      [Humongous Register: 0.0 ms]
      [Humongous Reclaim: 0.0 ms]
      [Free CSet: 0.0 ms]
   [Eden: 9216.0K(25.0M)->0.0B(25.0M) Survivors: 0.0B->0.0B Heap: 511.2M(512.0M)->511.2M(512.0M)]
 [Times: user=0.05 sys=0.00, real=0.03 secs] 
2017-05-09T22:01:34.668+0300: 243.042: [GC pause (G1 Evacuation Pause) (young) (initial-mark), 0.0008385 secs]
   [Parallel Time: 0.5 ms, GC Workers: 4]
      [GC Worker Start (ms): Min: 243042.4, Avg: 243042.4, Max: 243042.4, Diff: 0.0]
      [Ext Root Scanning (ms): Min: 0.3, Avg: 0.3, Max: 0.4, Diff: 0.1, Sum: 1.3]
      [Update RS (ms): Min: 0.1, Avg: 0.1, Max: 0.1, Diff: 0.1, Sum: 0.4]
         [Processed Buffers: Min: 1, Avg: 1.5, Max: 2, Diff: 1, Sum: 6]
      [Scan RS (ms): Min: 0.0, Avg: 0.0, Max: 0.0, Diff: 0.0, Sum: 0.0]
      [Code Root Scanning (ms): Min: 0.0, Avg: 0.0, Max: 0.0, Diff: 0.0, Sum: 0.0]
      [Object Copy (ms): Min: 0.0, Avg: 0.0, Max: 0.0, Diff: 0.0, Sum: 0.0]
      [Termination (ms): Min: 0.0, Avg: 0.0, Max: 0.0, Diff: 0.0, Sum: 0.0]
         [Termination Attempts: Min: 1, Avg: 1.0, Max: 1, Diff: 0, Sum: 4]
      [GC Worker Other (ms): Min: 0.0, Avg: 0.0, Max: 0.0, Diff: 0.0, Sum: 0.0]
      [GC Worker Total (ms): Min: 0.4, Avg: 0.5, Max: 0.5, Diff: 0.0, Sum: 1.8]
      [GC Worker End (ms): Min: 243042.9, Avg: 243042.9, Max: 243042.9, Diff: 0.0]
   [Code Root Fixup: 0.0 ms]
   [Code Root Purge: 0.0 ms]
   [Clear CT: 0.1 ms]
   [Other: 0.2 ms]
      [Choose CSet: 0.0 ms]
      [Ref Proc: 0.1 ms]
      [Ref Enq: 0.0 ms]
      [Redirty Cards: 0.1 ms]
      [Humongous Register: 0.0 ms]
      [Humongous Reclaim: 0.0 ms]
      [Free CSet: 0.0 ms]
   [Eden: 0.0B(25.0M)->0.0B(25.0M) Survivors: 0.0B->0.0B Heap: 511.2M(512.0M)->511.2M(512.0M)]
 [Times: user=0.00 sys=0.00, real=0.00 secs] 
2017-05-09T22:01:34.668+0300: 243.043: [GC concurrent-root-region-scan-start]
2017-05-09T22:01:34.668+0300: 243.043: [GC concurrent-root-region-scan-end, 0.0000069 secs]
2017-05-09T22:01:34.668+0300: 243.043: [GC concurrent-mark-start]
2017-05-09T22:01:34.668+0300: 243.043: [Full GC (Allocation Failure)  511M->502M(512M), 1.1844026 secs]
   [Eden: 0.0B(25.0M)->0.0B(25.0M) Survivors: 0.0B->0.0B Heap: 511.2M(512.0M)->502.6M(512.0M)], [Metaspace: 7484K->7484K(1056768K)]
 [Times: user=1.59 sys=0.00, real=1.18 secs] 
2017-05-09T22:01:35.851+0300: 244.228: [GC concurrent-mark-abort]
2017-05-09T22:01:36.006+0300: 244.384: [GC pause (G1 Evacuation Pause) (young) (to-space exhausted), 0.0220586 secs]
   [Parallel Time: 17.6 ms, GC Workers: 4]
      [GC Worker Start (ms): Min: 244384.0, Avg: 244384.0, Max: 244384.1, Diff: 0.1]
      [Ext Root Scanning (ms): Min: 0.1, Avg: 0.2, Max: 0.2, Diff: 0.1, Sum: 0.7]
      [Update RS (ms): Min: 0.0, Avg: 0.3, Max: 1.1, Diff: 1.1, Sum: 1.1]
         [Processed Buffers: Min: 0, Avg: 0.3, Max: 1, Diff: 1, Sum: 1]
      [Scan RS (ms): Min: 0.0, Avg: 0.0, Max: 0.0, Diff: 0.0, Sum: 0.0]
      [Code Root Scanning (ms): Min: 0.0, Avg: 0.0, Max: 0.0, Diff: 0.0, Sum: 0.0]
      [Object Copy (ms): Min: 16.2, Avg: 17.0, Max: 17.3, Diff: 1.1, Sum: 68.2]
      [Termination (ms): Min: 0.0, Avg: 0.0, Max: 0.0, Diff: 0.0, Sum: 0.0]
         [Termination Attempts: Min: 1, Avg: 2.3, Max: 3, Diff: 2, Sum: 9]
      [GC Worker Other (ms): Min: 0.0, Avg: 0.0, Max: 0.0, Diff: 0.0, Sum: 0.0]
      [GC Worker Total (ms): Min: 17.5, Avg: 17.5, Max: 17.5, Diff: 0.1, Sum: 70.0]
      [GC Worker End (ms): Min: 244401.5, Avg: 244401.5, Max: 244401.5, Diff: 0.0]
   [Code Root Fixup: 0.0 ms]
   [Code Root Purge: 0.0 ms]
   [Clear CT: 0.0 ms]
   [Other: 4.4 ms]
      [Evacuation Failure: 4.1 ms]
      [Choose CSet: 0.0 ms]
      [Ref Proc: 0.0 ms]
      [Ref Enq: 0.0 ms]
      [Redirty Cards: 0.2 ms]
      [Humongous Register: 0.0 ms]
      [Humongous Reclaim: 0.0 ms]
      [Free CSet: 0.0 ms]
   [Eden: 9216.0K(25.0M)->0.0B(25.0M) Survivors: 0.0B->0.0B Heap: 511.6M(512.0M)->511.6M(512.0M)]
 [Times: user=0.03 sys=0.00, real=0.02 secs] 
2017-05-09T22:01:36.022+0300: 244.406: [GC pause (G1 Evacuation Pause) (young) (initial-mark), 0.0009442 secs]
   [Parallel Time: 0.8 ms, GC Workers: 4]
      [GC Worker Start (ms): Min: 244406.3, Avg: 244406.3, Max: 244406.4, Diff: 0.1]
      [Ext Root Scanning (ms): Min: 0.3, Avg: 0.4, Max: 0.5, Diff: 0.2, Sum: 1.6]
      [Update RS (ms): Min: 0.0, Avg: 0.2, Max: 0.2, Diff: 0.2, Sum: 0.7]
         [Processed Buffers: Min: 1, Avg: 1.5, Max: 2, Diff: 1, Sum: 6]
      [Scan RS (ms): Min: 0.0, Avg: 0.0, Max: 0.0, Diff: 0.0, Sum: 0.0]
      [Code Root Scanning (ms): Min: 0.0, Avg: 0.0, Max: 0.0, Diff: 0.0, Sum: 0.0]
      [Object Copy (ms): Min: 0.0, Avg: 0.0, Max: 0.0, Diff: 0.0, Sum: 0.0]
      [Termination (ms): Min: 0.0, Avg: 0.0, Max: 0.1, Diff: 0.1, Sum: 0.2]
         [Termination Attempts: Min: 1, Avg: 1.0, Max: 1, Diff: 0, Sum: 4]
      [GC Worker Other (ms): Min: 0.0, Avg: 0.0, Max: 0.0, Diff: 0.0, Sum: 0.0]
      [GC Worker Total (ms): Min: 0.6, Avg: 0.6, Max: 0.7, Diff: 0.2, Sum: 2.5]
      [GC Worker End (ms): Min: 244406.9, Avg: 244407.0, Max: 244407.0, Diff: 0.1]
   [Code Root Fixup: 0.0 ms]
   [Code Root Purge: 0.0 ms]
   [Clear CT: 0.0 ms]
   [Other: 0.1 ms]
      [Choose CSet: 0.0 ms]
      [Ref Proc: 0.0 ms]
      [Ref Enq: 0.0 ms]
      [Redirty Cards: 0.0 ms]
      [Humongous Register: 0.0 ms]
      [Humongous Reclaim: 0.0 ms]
      [Free CSet: 0.0 ms]
   [Eden: 0.0B(25.0M)->0.0B(25.0M) Survivors: 0.0B->0.0B Heap: 511.6M(512.0M)->511.6M(512.0M)]
 [Times: user=0.03 sys=0.00, real=0.02 secs] 
2017-05-09T22:01:36.038+0300: 244.407: [GC concurrent-root-region-scan-start]
2017-05-09T22:01:36.038+0300: 244.407: [GC concurrent-root-region-scan-end, 0.0000093 secs]
2017-05-09T22:01:36.038+0300: 244.407: [GC concurrent-mark-start]
2017-05-09T22:01:36.038+0300: 244.407: [Full GC (Allocation Failure)  511M->502M(512M), 1.2014297 secs]
   [Eden: 0.0B(25.0M)->0.0B(25.0M) Survivors: 0.0B->0.0B Heap: 511.6M(512.0M)->502.9M(512.0M)], [Metaspace: 7484K->7484K(1056768K)]
 [Times: user=1.67 sys=0.00, real=1.19 secs] 
2017-05-09T22:01:37.230+0300: 245.609: [GC concurrent-mark-abort]
2017-05-09T22:01:37.370+0300: 245.747: [GC pause (G1 Evacuation Pause) (young) (to-space exhausted), 0.0194227 secs]
   [Parallel Time: 16.3 ms, GC Workers: 4]
      [GC Worker Start (ms): Min: 245747.0, Avg: 245747.0, Max: 245747.1, Diff: 0.0]
      [Ext Root Scanning (ms): Min: 0.2, Avg: 0.2, Max: 0.2, Diff: 0.0, Sum: 0.6]
      [Update RS (ms): Min: 0.0, Avg: 0.2, Max: 0.9, Diff: 0.9, Sum: 0.9]
         [Processed Buffers: Min: 0, Avg: 0.3, Max: 1, Diff: 1, Sum: 1]
      [Scan RS (ms): Min: 0.0, Avg: 0.0, Max: 0.0, Diff: 0.0, Sum: 0.0]
      [Code Root Scanning (ms): Min: 0.0, Avg: 0.0, Max: 0.0, Diff: 0.0, Sum: 0.0]
      [Object Copy (ms): Min: 15.2, Avg: 15.8, Max: 16.0, Diff: 0.9, Sum: 63.3]
      [Termination (ms): Min: 0.0, Avg: 0.0, Max: 0.0, Diff: 0.0, Sum: 0.0]
         [Termination Attempts: Min: 1, Avg: 1.0, Max: 1, Diff: 0, Sum: 4]
      [GC Worker Other (ms): Min: 0.0, Avg: 0.0, Max: 0.0, Diff: 0.0, Sum: 0.0]
      [GC Worker Total (ms): Min: 16.2, Avg: 16.2, Max: 16.2, Diff: 0.0, Sum: 64.8]
      [GC Worker End (ms): Min: 245763.3, Avg: 245763.3, Max: 245763.3, Diff: 0.0]
   [Code Root Fixup: 0.0 ms]
   [Code Root Purge: 0.0 ms]
   [Clear CT: 0.0 ms]
   [Other: 3.1 ms]
      [Evacuation Failure: 2.8 ms]
      [Choose CSet: 0.0 ms]
      [Ref Proc: 0.1 ms]
      [Ref Enq: 0.0 ms]
      [Redirty Cards: 0.1 ms]
      [Humongous Register: 0.0 ms]
      [Humongous Reclaim: 0.0 ms]
      [Free CSet: 0.0 ms]
   [Eden: 8192.0K(25.0M)->0.0B(25.0M) Survivors: 0.0B->0.0B Heap: 510.9M(512.0M)->510.9M(512.0M)]
 [Times: user=0.01 sys=0.00, real=0.02 secs] 
2017-05-09T22:01:37.386+0300: 245.767: [GC pause (G1 Evacuation Pause) (young) (initial-mark), 0.0009382 secs]
   [Parallel Time: 0.5 ms, GC Workers: 4]
      [GC Worker Start (ms): Min: 245766.7, Avg: 245766.7, Max: 245766.7, Diff: 0.1]
      [Ext Root Scanning (ms): Min: 0.3, Avg: 0.3, Max: 0.3, Diff: 0.0, Sum: 1.3]
      [Update RS (ms): Min: 0.1, Avg: 0.1, Max: 0.1, Diff: 0.1, Sum: 0.4]
         [Processed Buffers: Min: 1, Avg: 1.5, Max: 2, Diff: 1, Sum: 6]
      [Scan RS (ms): Min: 0.0, Avg: 0.0, Max: 0.0, Diff: 0.0, Sum: 0.0]
      [Code Root Scanning (ms): Min: 0.0, Avg: 0.0, Max: 0.0, Diff: 0.0, Sum: 0.0]
      [Object Copy (ms): Min: 0.0, Avg: 0.0, Max: 0.0, Diff: 0.0, Sum: 0.0]
      [Termination (ms): Min: 0.0, Avg: 0.0, Max: 0.0, Diff: 0.0, Sum: 0.0]
         [Termination Attempts: Min: 1, Avg: 1.0, Max: 1, Diff: 0, Sum: 4]
      [GC Worker Other (ms): Min: 0.0, Avg: 0.0, Max: 0.0, Diff: 0.0, Sum: 0.1]
      [GC Worker Total (ms): Min: 0.4, Avg: 0.5, Max: 0.5, Diff: 0.1, Sum: 1.8]
      [GC Worker End (ms): Min: 245767.2, Avg: 245767.2, Max: 245767.2, Diff: 0.0]
   [Code Root Fixup: 0.0 ms]
   [Code Root Purge: 0.0 ms]
   [Clear CT: 0.2 ms]
   [Other: 0.2 ms]
      [Choose CSet: 0.0 ms]
      [Ref Proc: 0.1 ms]
      [Ref Enq: 0.0 ms]
      [Redirty Cards: 0.1 ms]
      [Humongous Register: 0.0 ms]
      [Humongous Reclaim: 0.0 ms]
      [Free CSet: 0.0 ms]
   [Eden: 0.0B(25.0M)->0.0B(25.0M) Survivors: 0.0B->0.0B Heap: 510.9M(512.0M)->510.9M(512.0M)]
 [Times: user=0.00 sys=0.00, real=0.00 secs] 
2017-05-09T22:01:37.386+0300: 245.768: [GC concurrent-root-region-scan-start]
2017-05-09T22:01:37.386+0300: 245.768: [GC concurrent-root-region-scan-end, 0.0000075 secs]
2017-05-09T22:01:37.386+0300: 245.768: [GC concurrent-mark-start]
2017-05-09T22:01:37.386+0300: 245.768: [Full GC (Allocation Failure)  510M->503M(512M), 1.1912970 secs]
   [Eden: 0.0B(25.0M)->0.0B(25.0M) Survivors: 0.0B->0.0B Heap: 510.9M(512.0M)->503.2M(512.0M)], [Metaspace: 7484K->7484K(1056768K)]
 [Times: user=1.59 sys=0.03, real=1.19 secs] 
2017-05-09T22:01:38.576+0300: 246.959: [GC concurrent-mark-abort]
2017-05-09T22:01:38.717+0300: 247.090: [GC pause (G1 Evacuation Pause) (young) (to-space exhausted), 0.0184981 secs]
   [Parallel Time: 15.3 ms, GC Workers: 4]
      [GC Worker Start (ms): Min: 247090.4, Avg: 247090.4, Max: 247090.5, Diff: 0.1]
      [Ext Root Scanning (ms): Min: 0.1, Avg: 0.2, Max: 0.2, Diff: 0.1, Sum: 0.8]
      [Update RS (ms): Min: 0.0, Avg: 0.2, Max: 0.8, Diff: 0.8, Sum: 0.8]
         [Processed Buffers: Min: 0, Avg: 0.3, Max: 1, Diff: 1, Sum: 1]
      [Scan RS (ms): Min: 0.0, Avg: 0.0, Max: 0.0, Diff: 0.0, Sum: 0.0]
      [Code Root Scanning (ms): Min: 0.0, Avg: 0.0, Max: 0.0, Diff: 0.0, Sum: 0.0]
      [Object Copy (ms): Min: 14.2, Avg: 14.8, Max: 15.0, Diff: 0.8, Sum: 59.3]
      [Termination (ms): Min: 0.0, Avg: 0.0, Max: 0.0, Diff: 0.0, Sum: 0.0]
         [Termination Attempts: Min: 1, Avg: 3.0, Max: 4, Diff: 3, Sum: 12]
      [GC Worker Other (ms): Min: 0.0, Avg: 0.0, Max: 0.0, Diff: 0.0, Sum: 0.0]
      [GC Worker Total (ms): Min: 15.2, Avg: 15.3, Max: 15.3, Diff: 0.1, Sum: 61.0]
      [GC Worker End (ms): Min: 247105.7, Avg: 247105.7, Max: 247105.7, Diff: 0.0]
   [Code Root Fixup: 0.0 ms]
   [Code Root Purge: 0.0 ms]
   [Clear CT: 0.0 ms]
   [Other: 3.2 ms]
      [Evacuation Failure: 2.8 ms]
      [Choose CSet: 0.0 ms]
      [Ref Proc: 0.0 ms]
      [Ref Enq: 0.0 ms]
      [Redirty Cards: 0.2 ms]
      [Humongous Register: 0.0 ms]
      [Humongous Reclaim: 0.0 ms]
      [Free CSet: 0.0 ms]
   [Eden: 8192.0K(25.0M)->0.0B(25.0M) Survivors: 0.0B->0.0B Heap: 511.2M(512.0M)->511.2M(512.0M)]
 [Times: user=0.00 sys=0.02, real=0.02 secs] 
2017-05-09T22:01:38.732+0300: 247.109: [GC pause (G1 Evacuation Pause) (young) (initial-mark), 0.0009580 secs]
   [Parallel Time: 0.5 ms, GC Workers: 4]
      [GC Worker Start (ms): Min: 247109.2, Avg: 247109.2, Max: 247109.2, Diff: 0.1]
      [Ext Root Scanning (ms): Min: 0.3, Avg: 0.4, Max: 0.4, Diff: 0.1, Sum: 1.5]
      [Update RS (ms): Min: 0.1, Avg: 0.1, Max: 0.2, Diff: 0.1, Sum: 0.4]
         [Processed Buffers: Min: 1, Avg: 1.8, Max: 3, Diff: 2, Sum: 7]
      [Scan RS (ms): Min: 0.0, Avg: 0.0, Max: 0.0, Diff: 0.0, Sum: 0.0]
      [Code Root Scanning (ms): Min: 0.0, Avg: 0.0, Max: 0.0, Diff: 0.0, Sum: 0.0]
      [Object Copy (ms): Min: 0.0, Avg: 0.0, Max: 0.0, Diff: 0.0, Sum: 0.0]
      [Termination (ms): Min: 0.0, Avg: 0.0, Max: 0.0, Diff: 0.0, Sum: 0.1]
         [Termination Attempts: Min: 1, Avg: 1.0, Max: 1, Diff: 0, Sum: 4]
      [GC Worker Other (ms): Min: 0.0, Avg: 0.0, Max: 0.0, Diff: 0.0, Sum: 0.0]
      [GC Worker Total (ms): Min: 0.5, Avg: 0.5, Max: 0.5, Diff: 0.0, Sum: 2.0]
      [GC Worker End (ms): Min: 247109.7, Avg: 247109.7, Max: 247109.7, Diff: 0.0]
   [Code Root Fixup: 0.0 ms]
   [Code Root Purge: 0.0 ms]
   [Clear CT: 0.1 ms]
   [Other: 0.3 ms]
      [Choose CSet: 0.0 ms]
      [Ref Proc: 0.1 ms]
      [Ref Enq: 0.0 ms]
      [Redirty Cards: 0.1 ms]
      [Humongous Register: 0.0 ms]
      [Humongous Reclaim: 0.0 ms]
      [Free CSet: 0.0 ms]
   [Eden: 0.0B(25.0M)->0.0B(25.0M) Survivors: 0.0B->0.0B Heap: 511.2M(512.0M)->511.2M(512.0M)]
 [Times: user=0.00 sys=0.00, real=0.00 secs] 
2017-05-09T22:01:38.732+0300: 247.110: [GC concurrent-root-region-scan-start]
2017-05-09T22:01:38.732+0300: 247.110: [GC concurrent-root-region-scan-end, 0.0000078 secs]
2017-05-09T22:01:38.732+0300: 247.110: [GC concurrent-mark-start]
2017-05-09T22:01:38.732+0300: 247.110: [Full GC (Allocation Failure)  511M->503M(512M), 1.1856796 secs]
   [Eden: 0.0B(25.0M)->0.0B(25.0M) Survivors: 0.0B->0.0B Heap: 511.2M(512.0M)->503.5M(512.0M)], [Metaspace: 7484K->7484K(1056768K)]
 [Times: user=1.66 sys=0.00, real=1.19 secs] 
2017-05-09T22:01:39.920+0300: 248.296: [GC concurrent-mark-abort]
2017-05-09T22:01:40.061+0300: 248.440: [GC pause (G1 Evacuation Pause) (young) (to-space exhausted), 0.0194287 secs]
   [Parallel Time: 16.3 ms, GC Workers: 4]
      [GC Worker Start (ms): Min: 248439.7, Avg: 248439.7, Max: 248439.7, Diff: 0.0]
      [Ext Root Scanning (ms): Min: 0.1, Avg: 0.2, Max: 0.2, Diff: 0.0, Sum: 0.6]
      [Update RS (ms): Min: 0.0, Avg: 0.2, Max: 0.8, Diff: 0.8, Sum: 0.8]
         [Processed Buffers: Min: 0, Avg: 0.3, Max: 1, Diff: 1, Sum: 1]
      [Scan RS (ms): Min: 0.0, Avg: 0.0, Max: 0.0, Diff: 0.0, Sum: 0.0]
      [Code Root Scanning (ms): Min: 0.0, Avg: 0.0, Max: 0.0, Diff: 0.0, Sum: 0.0]
      [Object Copy (ms): Min: 15.3, Avg: 15.9, Max: 16.1, Diff: 0.8, Sum: 63.6]
      [Termination (ms): Min: 0.0, Avg: 0.0, Max: 0.0, Diff: 0.0, Sum: 0.0]
         [Termination Attempts: Min: 1, Avg: 1.3, Max: 2, Diff: 1, Sum: 5]
      [GC Worker Other (ms): Min: 0.0, Avg: 0.0, Max: 0.0, Diff: 0.0, Sum: 0.0]
      [GC Worker Total (ms): Min: 16.3, Avg: 16.3, Max: 16.3, Diff: 0.0, Sum: 65.1]
      [GC Worker End (ms): Min: 248456.0, Avg: 248456.0, Max: 248456.0, Diff: 0.0]
   [Code Root Fixup: 0.0 ms]
   [Code Root Purge: 0.0 ms]
   [Clear CT: 0.0 ms]
   [Other: 3.1 ms]
      [Evacuation Failure: 2.8 ms]
      [Choose CSet: 0.0 ms]
      [Ref Proc: 0.0 ms]
      [Ref Enq: 0.0 ms]
      [Redirty Cards: 0.1 ms]
      [Humongous Register: 0.0 ms]
      [Humongous Reclaim: 0.0 ms]
      [Free CSet: 0.0 ms]
   [Eden: 8192.0K(25.0M)->0.0B(25.0M) Survivors: 0.0B->0.0B Heap: 511.5M(512.0M)->511.5M(512.0M)]
 [Times: user=0.02 sys=0.00, real=0.01 secs] 
2017-05-09T22:01:40.076+0300: 248.459: [GC pause (G1 Evacuation Pause) (young) (initial-mark), 0.0008583 secs]
   [Parallel Time: 0.5 ms, GC Workers: 4]
      [GC Worker Start (ms): Min: 248459.3, Avg: 248459.4, Max: 248459.4, Diff: 0.1]
      [Ext Root Scanning (ms): Min: 0.3, Avg: 0.3, Max: 0.4, Diff: 0.0, Sum: 1.3]
      [Update RS (ms): Min: 0.1, Avg: 0.1, Max: 0.1, Diff: 0.1, Sum: 0.4]
         [Processed Buffers: Min: 1, Avg: 1.8, Max: 2, Diff: 1, Sum: 7]
      [Scan RS (ms): Min: 0.0, Avg: 0.0, Max: 0.0, Diff: 0.0, Sum: 0.0]
      [Code Root Scanning (ms): Min: 0.0, Avg: 0.0, Max: 0.0, Diff: 0.0, Sum: 0.0]
      [Object Copy (ms): Min: 0.0, Avg: 0.0, Max: 0.0, Diff: 0.0, Sum: 0.0]
      [Termination (ms): Min: 0.0, Avg: 0.0, Max: 0.0, Diff: 0.0, Sum: 0.0]
         [Termination Attempts: Min: 1, Avg: 1.0, Max: 1, Diff: 0, Sum: 4]
      [GC Worker Other (ms): Min: 0.0, Avg: 0.0, Max: 0.0, Diff: 0.0, Sum: 0.0]
      [GC Worker Total (ms): Min: 0.4, Avg: 0.4, Max: 0.5, Diff: 0.1, Sum: 1.8]
      [GC Worker End (ms): Min: 248459.8, Avg: 248459.8, Max: 248459.8, Diff: 0.0]
   [Code Root Fixup: 0.0 ms]
   [Code Root Purge: 0.0 ms]
   [Clear CT: 0.1 ms]
   [Other: 0.3 ms]
      [Choose CSet: 0.0 ms]
      [Ref Proc: 0.1 ms]
      [Ref Enq: 0.0 ms]
      [Redirty Cards: 0.1 ms]
      [Humongous Register: 0.0 ms]
      [Humongous Reclaim: 0.0 ms]
      [Free CSet: 0.0 ms]
   [Eden: 0.0B(25.0M)->0.0B(25.0M) Survivors: 0.0B->0.0B Heap: 511.5M(512.0M)->511.5M(512.0M)]
 [Times: user=0.00 sys=0.00, real=0.00 secs] 
2017-05-09T22:01:40.076+03002017-05-09T22:01:40.076+0300: : 248.460: 248.460: [Full GC (Allocation Failure) [GC concurrent-root-region-scan-start]
2017-05-09T22:01:40.076+0300: 248.460: [GC concurrent-root-region-scan-end, 0.0000139 secs]
2017-05-09T22:01:40.076+0300: 248.460: [GC concurrent-mark-start]
 511M->503M(512M), 1.1858880 secs]
   [Eden: 0.0B(25.0M)->0.0B(25.0M) Survivors: 0.0B->0.0B Heap: 511.5M(512.0M)->503.9M(512.0M)], [Metaspace: 7484K->7484K(1056768K)]
 [Times: user=1.64 sys=0.00, real=1.19 secs] 
2017-05-09T22:01:41.271+0300: 249.646: [GC concurrent-mark-abort]
2017-05-09T22:01:41.380+0300: 249.762: [GC pause (G1 Evacuation Pause) (young) (to-space exhausted), 0.0171036 secs]
   [Parallel Time: 13.8 ms, GC Workers: 4]
      [GC Worker Start (ms): Min: 249762.0, Avg: 249762.0, Max: 249762.0, Diff: 0.0]
      [Ext Root Scanning (ms): Min: 0.2, Avg: 0.2, Max: 0.2, Diff: 0.0, Sum: 0.6]
      [Update RS (ms): Min: 0.0, Avg: 0.2, Max: 0.7, Diff: 0.7, Sum: 0.7]
         [Processed Buffers: Min: 0, Avg: 0.3, Max: 1, Diff: 1, Sum: 1]
      [Scan RS (ms): Min: 0.0, Avg: 0.0, Max: 0.0, Diff: 0.0, Sum: 0.0]
      [Code Root Scanning (ms): Min: 0.0, Avg: 0.0, Max: 0.0, Diff: 0.0, Sum: 0.0]
      [Object Copy (ms): Min: 12.9, Avg: 13.4, Max: 13.6, Diff: 0.7, Sum: 53.6]
      [Termination (ms): Min: 0.0, Avg: 0.0, Max: 0.0, Diff: 0.0, Sum: 0.0]
         [Termination Attempts: Min: 1, Avg: 1.0, Max: 1, Diff: 0, Sum: 4]
      [GC Worker Other (ms): Min: 0.0, Avg: 0.0, Max: 0.0, Diff: 0.0, Sum: 0.0]
      [GC Worker Total (ms): Min: 13.8, Avg: 13.8, Max: 13.8, Diff: 0.0, Sum: 55.0]
      [GC Worker End (ms): Min: 249775.8, Avg: 249775.8, Max: 249775.8, Diff: 0.0]
   [Code Root Fixup: 0.0 ms]
   [Code Root Purge: 0.0 ms]
   [Clear CT: 0.0 ms]
   [Other: 3.3 ms]
      [Evacuation Failure: 2.9 ms]
      [Choose CSet: 0.0 ms]
      [Ref Proc: 0.0 ms]
      [Ref Enq: 0.0 ms]
      [Redirty Cards: 0.2 ms]
      [Humongous Register: 0.0 ms]
      [Humongous Reclaim: 0.0 ms]
      [Free CSet: 0.0 ms]
   [Eden: 7168.0K(25.0M)->0.0B(25.0M) Survivors: 0.0B->0.0B Heap: 510.9M(512.0M)->510.9M(512.0M)]
 [Times: user=0.03 sys=0.00, real=0.02 secs] 
2017-05-09T22:01:41.396+0300: 249.779: [GC pause (G1 Evacuation Pause) (young) (initial-mark), 0.0008433 secs]
   [Parallel Time: 0.5 ms, GC Workers: 4]
      [GC Worker Start (ms): Min: 249779.4, Avg: 249779.4, Max: 249779.4, Diff: 0.0]
      [Ext Root Scanning (ms): Min: 0.3, Avg: 0.3, Max: 0.3, Diff: 0.0, Sum: 1.3]
      [Update RS (ms): Min: 0.1, Avg: 0.1, Max: 0.1, Diff: 0.0, Sum: 0.3]
         [Processed Buffers: Min: 1, Avg: 1.5, Max: 2, Diff: 1, Sum: 6]
      [Scan RS (ms): Min: 0.0, Avg: 0.0, Max: 0.0, Diff: 0.0, Sum: 0.0]
      [Code Root Scanning (ms): Min: 0.0, Avg: 0.0, Max: 0.0, Diff: 0.0, Sum: 0.0]
      [Object Copy (ms): Min: 0.0, Avg: 0.0, Max: 0.0, Diff: 0.0, Sum: 0.0]
      [Termination (ms): Min: 0.0, Avg: 0.0, Max: 0.0, Diff: 0.0, Sum: 0.0]
         [Termination Attempts: Min: 1, Avg: 1.0, Max: 1, Diff: 0, Sum: 4]
      [GC Worker Other (ms): Min: 0.0, Avg: 0.0, Max: 0.0, Diff: 0.0, Sum: 0.0]
      [GC Worker Total (ms): Min: 0.4, Avg: 0.4, Max: 0.4, Diff: 0.0, Sum: 1.7]
      [GC Worker End (ms): Min: 249779.8, Avg: 249779.8, Max: 249779.8, Diff: 0.0]
   [Code Root Fixup: 0.0 ms]
   [Code Root Purge: 0.0 ms]
   [Clear CT: 0.1 ms]
   [Other: 0.2 ms]
      [Choose CSet: 0.0 ms]
      [Ref Proc: 0.1 ms]
      [Ref Enq: 0.0 ms]
      [Redirty Cards: 0.0 ms]
      [Humongous Register: 0.0 ms]
      [Humongous Reclaim: 0.0 ms]
      [Free CSet: 0.0 ms]
   [Eden: 0.0B(25.0M)->0.0B(25.0M) Survivors: 0.0B->0.0B Heap: 510.9M(512.0M)->510.9M(512.0M)]
 [Times: user=0.00 sys=0.00, real=0.00 secs] 
2017-05-09T22:01:41.396+0300: 249.780: [GC concurrent-root-region-scan-start]
2017-05-09T22:01:41.396+0300: 249.780: [GC concurrent-root-region-scan-end, 0.0000090 secs]
2017-05-09T22:01:41.396+0300: 249.780: [GC concurrent-mark-start]
2017-05-09T22:01:41.396+0300: 249.780: [Full GC (Allocation Failure)  510M->504M(512M), 1.1958083 secs]
   [Eden: 0.0B(25.0M)->0.0B(25.0M) Survivors: 0.0B->0.0B Heap: 510.9M(512.0M)->504.1M(512.0M)], [Metaspace: 7484K->7484K(1056768K)]
 [Times: user=1.67 sys=0.00, real=1.20 secs] 
2017-05-09T22:01:42.599+0300: 250.976: [GC concurrent-mark-abort]
2017-05-09T22:01:42.716+0300: 251.088: [GC pause (G1 Evacuation Pause) (young) (to-space exhausted), 0.0165444 secs]
   [Parallel Time: 13.3 ms, GC Workers: 4]
      [GC Worker Start (ms): Min: 251087.6, Avg: 251087.6, Max: 251087.6, Diff: 0.0]
      [Ext Root Scanning (ms): Min: 0.2, Avg: 0.2, Max: 0.2, Diff: 0.0, Sum: 0.7]
      [Update RS (ms): Min: 0.0, Avg: 0.2, Max: 0.6, Diff: 0.6, Sum: 0.6]
         [Processed Buffers: Min: 0, Avg: 0.3, Max: 1, Diff: 1, Sum: 1]
      [Scan RS (ms): Min: 0.0, Avg: 0.0, Max: 0.0, Diff: 0.0, Sum: 0.0]
      [Code Root Scanning (ms): Min: 0.0, Avg: 0.0, Max: 0.0, Diff: 0.0, Sum: 0.0]
      [Object Copy (ms): Min: 12.5, Avg: 12.9, Max: 13.1, Diff: 0.6, Sum: 51.6]
      [Termination (ms): Min: 0.0, Avg: 0.0, Max: 0.0, Diff: 0.0, Sum: 0.0]
         [Termination Attempts: Min: 1, Avg: 1.8, Max: 2, Diff: 1, Sum: 7]
      [GC Worker Other (ms): Min: 0.0, Avg: 0.0, Max: 0.0, Diff: 0.0, Sum: 0.0]
      [GC Worker Total (ms): Min: 13.2, Avg: 13.2, Max: 13.3, Diff: 0.0, Sum: 53.0]
      [GC Worker End (ms): Min: 251100.8, Avg: 251100.8, Max: 251100.8, Diff: 0.0]
   [Code Root Fixup: 0.0 ms]
   [Code Root Purge: 0.0 ms]
   [Clear CT: 0.0 ms]
   [Other: 3.2 ms]
      [Evacuation Failure: 2.8 ms]
      [Choose CSet: 0.0 ms]
      [Ref Proc: 0.1 ms]
      [Ref Enq: 0.0 ms]
      [Redirty Cards: 0.2 ms]
      [Humongous Register: 0.0 ms]
      [Humongous Reclaim: 0.0 ms]
      [Free CSet: 0.0 ms]
   [Eden: 7168.0K(25.0M)->0.0B(25.0M) Survivors: 0.0B->0.0B Heap: 511.1M(512.0M)->511.1M(512.0M)]
 [Times: user=0.03 sys=0.00, real=0.01 secs] 
2017-05-09T22:01:42.731+0300: 251.104: [GC pause (G1 Evacuation Pause) (young) (initial-mark), 0.0010228 secs]
   [Parallel Time: 0.5 ms, GC Workers: 4]
      [GC Worker Start (ms): Min: 251104.4, Avg: 251104.4, Max: 251104.4, Diff: 0.0]
      [Ext Root Scanning (ms): Min: 0.3, Avg: 0.4, Max: 0.4, Diff: 0.1, Sum: 1.4]
      [Update RS (ms): Min: 0.1, Avg: 0.1, Max: 0.1, Diff: 0.1, Sum: 0.3]
         [Processed Buffers: Min: 1, Avg: 1.5, Max: 2, Diff: 1, Sum: 6]
      [Scan RS (ms): Min: 0.0, Avg: 0.0, Max: 0.0, Diff: 0.0, Sum: 0.0]
      [Code Root Scanning (ms): Min: 0.0, Avg: 0.0, Max: 0.0, Diff: 0.0, Sum: 0.0]
      [Object Copy (ms): Min: 0.0, Avg: 0.0, Max: 0.0, Diff: 0.0, Sum: 0.0]
      [Termination (ms): Min: 0.0, Avg: 0.0, Max: 0.0, Diff: 0.0, Sum: 0.0]
         [Termination Attempts: Min: 1, Avg: 1.0, Max: 1, Diff: 0, Sum: 4]
      [GC Worker Other (ms): Min: 0.0, Avg: 0.0, Max: 0.0, Diff: 0.0, Sum: 0.0]
      [GC Worker Total (ms): Min: 0.4, Avg: 0.5, Max: 0.5, Diff: 0.0, Sum: 1.9]
      [GC Worker End (ms): Min: 251104.9, Avg: 251104.9, Max: 251104.9, Diff: 0.0]
   [Code Root Fixup: 0.0 ms]
   [Code Root Purge: 0.0 ms]
   [Clear CT: 0.1 ms]
   [Other: 0.3 ms]
      [Choose CSet: 0.0 ms]
      [Ref Proc: 0.2 ms]
      [Ref Enq: 0.0 ms]
      [Redirty Cards: 0.1 ms]
      [Humongous Register: 0.0 ms]
      [Humongous Reclaim: 0.0 ms]
      [Free CSet: 0.0 ms]
   [Eden: 0.0B(25.0M)->0.0B(25.0M) Survivors: 0.0B->0.0B Heap: 511.1M(512.0M)->511.1M(512.0M)]
 [Times: user=0.00 sys=0.00, real=0.00 secs] 
2017-05-09T22:01:42.731+0300: 251.106: [GC concurrent-root-region-scan-start]
2017-05-09T22:01:42.731+0300: 251.106: [GC concurrent-root-region-scan-end, 0.0000075 secs]
2017-05-09T22:01:42.731+0300: 251.106: [GC concurrent-mark-start]
2017-05-09T22:01:42.731+0300: 251.106: [Full GC (Allocation Failure)  511M->504M(512M), 1.1829729 secs]
   [Eden: 0.0B(25.0M)->0.0B(25.0M) Survivors: 0.0B->0.0B Heap: 511.1M(512.0M)->504.4M(512.0M)], [Metaspace: 7484K->7484K(1056768K)]
 [Times: user=1.63 sys=0.00, real=1.18 secs] 
2017-05-09T22:01:43.910+0300: 252.289: [GC concurrent-mark-abort]
2017-05-09T22:01:44.037+0300: 252.414: [GC pause (G1 Evacuation Pause) (young) (to-space exhausted), 0.0167043 secs]
   [Parallel Time: 13.7 ms, GC Workers: 4]
      [GC Worker Start (ms): Min: 252414.3, Avg: 252414.3, Max: 252414.3, Diff: 0.1]
      [Ext Root Scanning (ms): Min: 0.1, Avg: 0.2, Max: 0.2, Diff: 0.1, Sum: 0.6]
      [Update RS (ms): Min: 0.0, Avg: 0.2, Max: 0.7, Diff: 0.7, Sum: 0.7]
         [Processed Buffers: Min: 0, Avg: 0.3, Max: 1, Diff: 1, Sum: 1]
      [Scan RS (ms): Min: 0.0, Avg: 0.0, Max: 0.0, Diff: 0.0, Sum: 0.0]
      [Code Root Scanning (ms): Min: 0.0, Avg: 0.0, Max: 0.0, Diff: 0.0, Sum: 0.0]
      [Object Copy (ms): Min: 12.7, Avg: 13.3, Max: 13.4, Diff: 0.7, Sum: 53.1]
      [Termination (ms): Min: 0.0, Avg: 0.0, Max: 0.0, Diff: 0.0, Sum: 0.0]
         [Termination Attempts: Min: 1, Avg: 1.8, Max: 2, Diff: 1, Sum: 7]
      [GC Worker Other (ms): Min: 0.0, Avg: 0.0, Max: 0.0, Diff: 0.0, Sum: 0.0]
      [GC Worker Total (ms): Min: 13.6, Avg: 13.6, Max: 13.7, Diff: 0.1, Sum: 54.5]
      [GC Worker End (ms): Min: 252427.9, Avg: 252427.9, Max: 252427.9, Diff: 0.0]
   [Code Root Fixup: 0.0 ms]
   [Code Root Purge: 0.0 ms]
   [Clear CT: 0.0 ms]
   [Other: 3.0 ms]
      [Evacuation Failure: 2.8 ms]
      [Choose CSet: 0.0 ms]
      [Ref Proc: 0.0 ms]
      [Ref Enq: 0.0 ms]
      [Redirty Cards: 0.1 ms]
      [Humongous Register: 0.0 ms]
      [Humongous Reclaim: 0.0 ms]
      [Free CSet: 0.0 ms]
   [Eden: 7168.0K(25.0M)->0.0B(25.0M) Survivors: 0.0B->0.0B Heap: 511.4M(512.0M)->511.4M(512.0M)]
 [Times: user=0.02 sys=0.00, real=0.02 secs] 
2017-05-09T22:01:44.052+0300: 252.431: [GC pause (G1 Evacuation Pause) (young) (initial-mark), 0.0008858 secs]
   [Parallel Time: 0.5 ms, GC Workers: 4]
      [GC Worker Start (ms): Min: 252431.2, Avg: 252431.2, Max: 252431.2, Diff: 0.0]
      [Ext Root Scanning (ms): Min: 0.3, Avg: 0.3, Max: 0.3, Diff: 0.0, Sum: 1.3]
      [Update RS (ms): Min: 0.1, Avg: 0.1, Max: 0.1, Diff: 0.0, Sum: 0.3]
         [Processed Buffers: Min: 1, Avg: 1.5, Max: 2, Diff: 1, Sum: 6]
      [Scan RS (ms): Min: 0.0, Avg: 0.0, Max: 0.0, Diff: 0.0, Sum: 0.0]
      [Code Root Scanning (ms): Min: 0.0, Avg: 0.0, Max: 0.0, Diff: 0.0, Sum: 0.0]
      [Object Copy (ms): Min: 0.0, Avg: 0.0, Max: 0.0, Diff: 0.0, Sum: 0.0]
      [Termination (ms): Min: 0.0, Avg: 0.0, Max: 0.0, Diff: 0.0, Sum: 0.0]
         [Termination Attempts: Min: 1, Avg: 1.0, Max: 1, Diff: 0, Sum: 4]
      [GC Worker Other (ms): Min: 0.0, Avg: 0.0, Max: 0.0, Diff: 0.0, Sum: 0.0]
      [GC Worker Total (ms): Min: 0.4, Avg: 0.4, Max: 0.4, Diff: 0.0, Sum: 1.7]
      [GC Worker End (ms): Min: 252431.6, Avg: 252431.6, Max: 252431.6, Diff: 0.0]
   [Code Root Fixup: 0.0 ms]
   [Code Root Purge: 0.0 ms]
   [Clear CT: 0.1 ms]
   [Other: 0.3 ms]
      [Choose CSet: 0.0 ms]
      [Ref Proc: 0.1 ms]
      [Ref Enq: 0.0 ms]
      [Redirty Cards: 0.1 ms]
      [Humongous Register: 0.0 ms]
      [Humongous Reclaim: 0.0 ms]
      [Free CSet: 0.0 ms]
   [Eden: 0.0B(25.0M)->0.0B(25.0M) Survivors: 0.0B->0.0B Heap: 511.4M(512.0M)->511.4M(512.0M)]
 [Times: user=0.00 sys=0.00, real=0.00 secs] 
2017-05-09T22:01:44.052+0300: 252.432: [GC concurrent-root-region-scan-start]
2017-05-09T22:01:44.052+0300: 252.432: [GC concurrent-root-region-scan-end, 0.0000084 secs]
2017-05-09T22:01:44.052+0300: 252.432: [GC concurrent-mark-start]
2017-05-09T22:01:44.052+0300: 252.432: [Full GC (Allocation Failure)  511M->504M(512M), 1.1968977 secs]
   [Eden: 0.0B(25.0M)->0.0B(25.0M) Survivors: 0.0B->0.0B Heap: 511.4M(512.0M)->504.7M(512.0M)], [Metaspace: 7484K->7484K(1056768K)]
 [Times: user=1.63 sys=0.00, real=1.21 secs] 
2017-05-09T22:01:45.258+0300: 253.629: [GC concurrent-mark-abort]
2017-05-09T22:01:45.398+0300: 253.773: [GC pause (G1 Evacuation Pause) (young) (to-space exhausted), 0.0154424 secs]
   [Parallel Time: 12.3 ms, GC Workers: 4]
      [GC Worker Start (ms): Min: 253773.3, Avg: 253773.3, Max: 253773.3, Diff: 0.0]
      [Ext Root Scanning (ms): Min: 0.1, Avg: 0.2, Max: 0.2, Diff: 0.0, Sum: 0.7]
      [Update RS (ms): Min: 0.0, Avg: 0.2, Max: 0.6, Diff: 0.6, Sum: 0.6]
         [Processed Buffers: Min: 0, Avg: 0.3, Max: 1, Diff: 1, Sum: 1]
      [Scan RS (ms): Min: 0.0, Avg: 0.0, Max: 0.0, Diff: 0.0, Sum: 0.0]
      [Code Root Scanning (ms): Min: 0.0, Avg: 0.0, Max: 0.0, Diff: 0.0, Sum: 0.0]
      [Object Copy (ms): Min: 11.5, Avg: 12.0, Max: 12.1, Diff: 0.6, Sum: 47.9]
      [Termination (ms): Min: 0.0, Avg: 0.0, Max: 0.0, Diff: 0.0, Sum: 0.0]
         [Termination Attempts: Min: 1, Avg: 1.5, Max: 2, Diff: 1, Sum: 6]
      [GC Worker Other (ms): Min: 0.0, Avg: 0.0, Max: 0.0, Diff: 0.0, Sum: 0.0]
      [GC Worker Total (ms): Min: 12.3, Avg: 12.3, Max: 12.3, Diff: 0.0, Sum: 49.2]
      [GC Worker End (ms): Min: 253785.6, Avg: 253785.6, Max: 253785.6, Diff: 0.0]
   [Code Root Fixup: 0.0 ms]
   [Code Root Purge: 0.0 ms]
   [Clear CT: 0.0 ms]
   [Other: 3.1 ms]
      [Evacuation Failure: 2.8 ms]
      [Choose CSet: 0.0 ms]
      [Ref Proc: 0.0 ms]
      [Ref Enq: 0.0 ms]
      [Redirty Cards: 0.2 ms]
      [Humongous Register: 0.0 ms]
      [Humongous Reclaim: 0.0 ms]
      [Free CSet: 0.0 ms]
   [Eden: 6144.0K(25.0M)->0.0B(25.0M) Survivors: 0.0B->0.0B Heap: 510.7M(512.0M)->510.7M(512.0M)]
 [Times: user=0.03 sys=0.00, real=0.02 secs] 
2017-05-09T22:01:45.414+0300: 253.789: [GC pause (G1 Evacuation Pause) (young) (initial-mark), 0.0010189 secs]
   [Parallel Time: 0.6 ms, GC Workers: 4]
      [GC Worker Start (ms): Min: 253789.1, Avg: 253789.1, Max: 253789.2, Diff: 0.1]
      [Ext Root Scanning (ms): Min: 0.3, Avg: 0.3, Max: 0.4, Diff: 0.1, Sum: 1.3]
      [Update RS (ms): Min: 0.0, Avg: 0.1, Max: 0.1, Diff: 0.1, Sum: 0.3]
         [Processed Buffers: Min: 1, Avg: 1.5, Max: 2, Diff: 1, Sum: 6]
      [Scan RS (ms): Min: 0.0, Avg: 0.0, Max: 0.0, Diff: 0.0, Sum: 0.0]
      [Code Root Scanning (ms): Min: 0.0, Avg: 0.0, Max: 0.0, Diff: 0.0, Sum: 0.0]
      [Object Copy (ms): Min: 0.0, Avg: 0.0, Max: 0.0, Diff: 0.0, Sum: 0.0]
      [Termination (ms): Min: 0.0, Avg: 0.0, Max: 0.0, Diff: 0.0, Sum: 0.0]
         [Termination Attempts: Min: 1, Avg: 1.0, Max: 1, Diff: 0, Sum: 4]
      [GC Worker Other (ms): Min: 0.0, Avg: 0.0, Max: 0.0, Diff: 0.0, Sum: 0.0]
      [GC Worker Total (ms): Min: 0.4, Avg: 0.4, Max: 0.5, Diff: 0.1, Sum: 1.7]
      [GC Worker End (ms): Min: 253789.5, Avg: 253789.5, Max: 253789.6, Diff: 0.0]
   [Code Root Fixup: 0.0 ms]
   [Code Root Purge: 0.0 ms]
   [Clear CT: 0.2 ms]
   [Other: 0.3 ms]
      [Choose CSet: 0.0 ms]
      [Ref Proc: 0.1 ms]
      [Ref Enq: 0.0 ms]
      [Redirty Cards: 0.1 ms]
      [Humongous Register: 0.0 ms]
      [Humongous Reclaim: 0.0 ms]
      [Free CSet: 0.0 ms]
   [Eden: 0.0B(25.0M)->0.0B(25.0M) Survivors: 0.0B->0.0B Heap: 510.7M(512.0M)->510.7M(512.0M)]
 [Times: user=0.00 sys=0.00, real=0.00 secs] 
2017-05-09T22:01:45.414+0300: 253.790: [GC concurrent-root-region-scan-start]
2017-05-09T22:01:45.414+0300: 253.790: [GC concurrent-root-region-scan-end, 0.0000087 secs]
2017-05-09T22:01:45.414+0300: 253.790: [GC concurrent-mark-start]
2017-05-09T22:01:45.414+0300: 253.790: [Full GC (Allocation Failure)  510M->504M(512M), 1.1955343 secs]
   [Eden: 0.0B(25.0M)->0.0B(25.0M) Survivors: 0.0B->0.0B Heap: 510.7M(512.0M)->504.9M(512.0M)], [Metaspace: 7484K->7484K(1056768K)]
 [Times: user=1.70 sys=0.00, real=1.19 secs] 
2017-05-09T22:01:46.601+0300: 254.986: [GC concurrent-mark-abort]
2017-05-09T22:01:46.710+0300: 255.080: [GC pause (G1 Evacuation Pause) (young) (to-space exhausted), 0.0156189 secs]
   [Parallel Time: 12.6 ms, GC Workers: 4]
      [GC Worker Start (ms): Min: 255079.9, Avg: 255079.9, Max: 255079.9, Diff: 0.0]
      [Ext Root Scanning (ms): Min: 0.2, Avg: 0.2, Max: 0.2, Diff: 0.0, Sum: 0.7]
      [Update RS (ms): Min: 0.0, Avg: 0.2, Max: 0.7, Diff: 0.7, Sum: 0.7]
         [Processed Buffers: Min: 0, Avg: 0.3, Max: 1, Diff: 1, Sum: 1]
      [Scan RS (ms): Min: 0.0, Avg: 0.0, Max: 0.0, Diff: 0.0, Sum: 0.0]
      [Code Root Scanning (ms): Min: 0.0, Avg: 0.0, Max: 0.0, Diff: 0.0, Sum: 0.0]
      [Object Copy (ms): Min: 11.7, Avg: 12.2, Max: 12.4, Diff: 0.7, Sum: 48.9]
      [Termination (ms): Min: 0.0, Avg: 0.0, Max: 0.0, Diff: 0.0, Sum: 0.0]
         [Termination Attempts: Min: 1, Avg: 1.0, Max: 1, Diff: 0, Sum: 4]
      [GC Worker Other (ms): Min: 0.0, Avg: 0.0, Max: 0.0, Diff: 0.0, Sum: 0.0]
      [GC Worker Total (ms): Min: 12.6, Avg: 12.6, Max: 12.6, Diff: 0.0, Sum: 50.4]
      [GC Worker End (ms): Min: 255092.5, Avg: 255092.5, Max: 255092.5, Diff: 0.0]
   [Code Root Fixup: 0.0 ms]
   [Code Root Purge: 0.0 ms]
   [Clear CT: 0.0 ms]
   [Other: 3.0 ms]
      [Evacuation Failure: 2.8 ms]
      [Choose CSet: 0.0 ms]
      [Ref Proc: 0.0 ms]
      [Ref Enq: 0.0 ms]
      [Redirty Cards: 0.0 ms]
      [Humongous Register: 0.0 ms]
      [Humongous Reclaim: 0.0 ms]
      [Free CSet: 0.0 ms]
   [Eden: 6144.0K(25.0M)->0.0B(25.0M) Survivors: 0.0B->0.0B Heap: 510.9M(512.0M)->510.9M(512.0M)]
 [Times: user=0.02 sys=0.00, real=0.02 secs] 
2017-05-09T22:01:46.726+0300: 255.096: [GC pause (G1 Evacuation Pause) (young) (initial-mark), 0.0007538 secs]
   [Parallel Time: 0.4 ms, GC Workers: 4]
      [GC Worker Start (ms): Min: 255095.7, Avg: 255095.8, Max: 255095.8, Diff: 0.0]
      [Ext Root Scanning (ms): Min: 0.3, Avg: 0.3, Max: 0.4, Diff: 0.0, Sum: 1.3]
      [Update RS (ms): Min: 0.1, Avg: 0.1, Max: 0.1, Diff: 0.1, Sum: 0.3]
         [Processed Buffers: Min: 1, Avg: 1.5, Max: 2, Diff: 1, Sum: 6]
      [Scan RS (ms): Min: 0.0, Avg: 0.0, Max: 0.0, Diff: 0.0, Sum: 0.0]
      [Code Root Scanning (ms): Min: 0.0, Avg: 0.0, Max: 0.0, Diff: 0.0, Sum: 0.0]
      [Object Copy (ms): Min: 0.0, Avg: 0.0, Max: 0.0, Diff: 0.0, Sum: 0.0]
      [Termination (ms): Min: 0.0, Avg: 0.0, Max: 0.0, Diff: 0.0, Sum: 0.0]
         [Termination Attempts: Min: 1, Avg: 1.0, Max: 1, Diff: 0, Sum: 4]
      [GC Worker Other (ms): Min: 0.0, Avg: 0.0, Max: 0.0, Diff: 0.0, Sum: 0.0]
      [GC Worker Total (ms): Min: 0.4, Avg: 0.4, Max: 0.4, Diff: 0.0, Sum: 1.7]
      [GC Worker End (ms): Min: 255096.2, Avg: 255096.2, Max: 255096.2, Diff: 0.0]
   [Code Root Fixup: 0.0 ms]
   [Code Root Purge: 0.0 ms]
   [Clear CT: 0.1 ms]
   [Other: 0.2 ms]
      [Choose CSet: 0.0 ms]
      [Ref Proc: 0.1 ms]
      [Ref Enq: 0.0 ms]
      [Redirty Cards: 0.1 ms]
      [Humongous Register: 0.0 ms]
      [Humongous Reclaim: 0.0 ms]
      [Free CSet: 0.0 ms]
   [Eden: 0.0B(25.0M)->0.0B(25.0M) Survivors: 0.0B->0.0B Heap: 510.9M(512.0M)->510.9M(512.0M)]
 [Times: user=0.00 sys=0.00, real=0.00 secs] 
2017-05-09T22:01:46.726+0300: 255.097: [GC concurrent-root-region-scan-start]
2017-05-09T22:01:46.726+0300: 255.097: [GC concurrent-root-region-scan-end, 0.0000072 secs]
2017-05-09T22:01:46.726+0300: 255.097: [GC concurrent-mark-start]
2017-05-09T22:01:46.726+0300: 255.097: [Full GC (Allocation Failure)  510M->505M(512M), 1.1952858 secs]
   [Eden: 0.0B(25.0M)->0.0B(25.0M) Survivors: 0.0B->0.0B Heap: 510.9M(512.0M)->505.1M(512.0M)], [Metaspace: 7484K->7484K(1056768K)]
 [Times: user=1.64 sys=0.00, real=1.18 secs] 
2017-05-09T22:01:47.910+0300: 256.292: [GC concurrent-mark-abort]
2017-05-09T22:01:48.014+0300: 256.385: [GC pause (G1 Evacuation Pause) (young) (to-space exhausted), 0.0148039 secs]
   [Parallel Time: 11.8 ms, GC Workers: 4]
      [GC Worker Start (ms): Min: 256384.7, Avg: 256384.7, Max: 256384.7, Diff: 0.0]
      [Ext Root Scanning (ms): Min: 0.2, Avg: 0.2, Max: 0.2, Diff: 0.0, Sum: 0.7]
      [Update RS (ms): Min: 0.0, Avg: 0.1, Max: 0.5, Diff: 0.5, Sum: 0.5]
         [Processed Buffers: Min: 0, Avg: 0.3, Max: 1, Diff: 1, Sum: 1]
      [Scan RS (ms): Min: 0.0, Avg: 0.0, Max: 0.0, Diff: 0.0, Sum: 0.0]
      [Code Root Scanning (ms): Min: 0.0, Avg: 0.0, Max: 0.0, Diff: 0.0, Sum: 0.0]
      [Object Copy (ms): Min: 11.0, Avg: 11.4, Max: 11.5, Diff: 0.5, Sum: 45.6]
      [Termination (ms): Min: 0.0, Avg: 0.0, Max: 0.0, Diff: 0.0, Sum: 0.0]
         [Termination Attempts: Min: 1, Avg: 1.0, Max: 1, Diff: 0, Sum: 4]
      [GC Worker Other (ms): Min: 0.0, Avg: 0.0, Max: 0.0, Diff: 0.0, Sum: 0.0]
      [GC Worker Total (ms): Min: 11.7, Avg: 11.7, Max: 11.8, Diff: 0.0, Sum: 46.9]
      [GC Worker End (ms): Min: 256396.5, Avg: 256396.5, Max: 256396.5, Diff: 0.0]
   [Code Root Fixup: 0.0 ms]
   [Code Root Purge: 0.0 ms]
   [Clear CT: 0.0 ms]
   [Other: 3.0 ms]
      [Evacuation Failure: 2.8 ms]
      [Choose CSet: 0.0 ms]
      [Ref Proc: 0.0 ms]
      [Ref Enq: 0.0 ms]
      [Redirty Cards: 0.0 ms]
      [Humongous Register: 0.0 ms]
      [Humongous Reclaim: 0.0 ms]
      [Free CSet: 0.0 ms]
   [Eden: 6144.0K(25.0M)->0.0B(25.0M) Survivors: 0.0B->0.0B Heap: 511.1M(512.0M)->511.1M(512.0M)]
 [Times: user=0.02 sys=0.00, real=0.02 secs] 
2017-05-09T22:01:48.030+0300: 256.400: [GC pause (G1 Evacuation Pause) (young) (initial-mark), 0.0009927 secs]
   [Parallel Time: 0.5 ms, GC Workers: 4]
      [GC Worker Start (ms): Min: 256399.9, Avg: 256400.0, Max: 256400.0, Diff: 0.0]
      [Ext Root Scanning (ms): Min: 0.3, Avg: 0.4, Max: 0.4, Diff: 0.1, Sum: 1.4]
      [Update RS (ms): Min: 0.0, Avg: 0.1, Max: 0.1, Diff: 0.1, Sum: 0.3]
         [Processed Buffers: Min: 1, Avg: 1.5, Max: 2, Diff: 1, Sum: 6]
      [Scan RS (ms): Min: 0.0, Avg: 0.0, Max: 0.0, Diff: 0.0, Sum: 0.0]
      [Code Root Scanning (ms): Min: 0.0, Avg: 0.0, Max: 0.0, Diff: 0.0, Sum: 0.0]
      [Object Copy (ms): Min: 0.0, Avg: 0.0, Max: 0.0, Diff: 0.0, Sum: 0.0]
      [Termination (ms): Min: 0.0, Avg: 0.0, Max: 0.0, Diff: 0.0, Sum: 0.0]
         [Termination Attempts: Min: 1, Avg: 1.0, Max: 1, Diff: 0, Sum: 4]
      [GC Worker Other (ms): Min: 0.0, Avg: 0.0, Max: 0.0, Diff: 0.0, Sum: 0.0]
      [GC Worker Total (ms): Min: 0.4, Avg: 0.5, Max: 0.5, Diff: 0.0, Sum: 1.9]
      [GC Worker End (ms): Min: 256400.4, Avg: 256400.4, Max: 256400.4, Diff: 0.0]
   [Code Root Fixup: 0.0 ms]
   [Code Root Purge: 0.0 ms]
   [Clear CT: 0.2 ms]
   [Other: 0.3 ms]
      [Choose CSet: 0.0 ms]
      [Ref Proc: 0.1 ms]
      [Ref Enq: 0.0 ms]
      [Redirty Cards: 0.1 ms]
      [Humongous Register: 0.0 ms]
      [Humongous Reclaim: 0.0 ms]
      [Free CSet: 0.0 ms]
   [Eden: 0.0B(25.0M)->0.0B(25.0M) Survivors: 0.0B->0.0B Heap: 511.1M(512.0M)->511.1M(512.0M)]
 [Times: user=0.00 sys=0.00, real=0.00 secs] 
2017-05-09T22:01:48.030+0300: 256.401: [GC concurrent-root-region-scan-start]
2017-05-09T22:01:48.030+0300: 256.401: [GC concurrent-root-region-scan-end, 0.0000090 secs]
2017-05-09T22:01:48.030+0300: 256.401: [GC concurrent-mark-start]
2017-05-09T22:01:48.030+0300: 256.401: [Full GC (Allocation Failure)  511M->505M(512M), 1.1915696 secs]
   [Eden: 0.0B(25.0M)->0.0B(25.0M) Survivors: 0.0B->0.0B Heap: 511.1M(512.0M)->505.4M(512.0M)], [Metaspace: 7484K->7484K(1056768K)]
 [Times: user=1.64 sys=0.00, real=1.18 secs] 
2017-05-09T22:01:49.211+0300: 257.593: [GC concurrent-mark-abort]
2017-05-09T22:01:49.305+0300: 257.686: [GC pause (G1 Evacuation Pause) (young) (to-space exhausted), 0.0149626 secs]
   [Parallel Time: 11.9 ms, GC Workers: 4]
      [GC Worker Start (ms): Min: 257685.6, Avg: 257685.6, Max: 257685.6, Diff: 0.0]
      [Ext Root Scanning (ms): Min: 0.2, Avg: 0.2, Max: 0.2, Diff: 0.0, Sum: 0.7]
      [Update RS (ms): Min: 0.0, Avg: 0.1, Max: 0.6, Diff: 0.6, Sum: 0.6]
         [Processed Buffers: Min: 0, Avg: 0.3, Max: 1, Diff: 1, Sum: 1]
      [Scan RS (ms): Min: 0.0, Avg: 0.0, Max: 0.0, Diff: 0.0, Sum: 0.0]
      [Code Root Scanning (ms): Min: 0.0, Avg: 0.0, Max: 0.0, Diff: 0.0, Sum: 0.0]
      [Object Copy (ms): Min: 11.1, Avg: 11.5, Max: 11.7, Diff: 0.6, Sum: 46.1]
      [Termination (ms): Min: 0.0, Avg: 0.0, Max: 0.0, Diff: 0.0, Sum: 0.0]
         [Termination Attempts: Min: 1, Avg: 2.3, Max: 4, Diff: 3, Sum: 9]
      [GC Worker Other (ms): Min: 0.0, Avg: 0.0, Max: 0.0, Diff: 0.0, Sum: 0.0]
      [GC Worker Total (ms): Min: 11.8, Avg: 11.8, Max: 11.9, Diff: 0.0, Sum: 47.4]
      [GC Worker End (ms): Min: 257697.5, Avg: 257697.5, Max: 257697.5, Diff: 0.0]
   [Code Root Fixup: 0.0 ms]
   [Code Root Purge: 0.0 ms]
   [Clear CT: 0.0 ms]
   [Other: 3.1 ms]
      [Evacuation Failure: 2.8 ms]
      [Choose CSet: 0.0 ms]
      [Ref Proc: 0.0 ms]
      [Ref Enq: 0.0 ms]
      [Redirty Cards: 0.1 ms]
      [Humongous Register: 0.0 ms]
      [Humongous Reclaim: 0.0 ms]
      [Free CSet: 0.0 ms]
   [Eden: 6144.0K(25.0M)->0.0B(25.0M) Survivors: 0.0B->0.0B Heap: 511.4M(512.0M)->511.4M(512.0M)]
 [Times: user=0.00 sys=0.02, real=0.01 secs] 
2017-05-09T22:01:49.320+0300: 257.701: [GC pause (G1 Evacuation Pause) (young) (initial-mark), 0.0010387 secs]
   [Parallel Time: 0.5 ms, GC Workers: 4]
      [GC Worker Start (ms): Min: 257700.8, Avg: 257700.9, Max: 257700.9, Diff: 0.0]
      [Ext Root Scanning (ms): Min: 0.3, Avg: 0.3, Max: 0.3, Diff: 0.0, Sum: 1.3]
      [Update RS (ms): Min: 0.0, Avg: 0.1, Max: 0.1, Diff: 0.1, Sum: 0.3]
         [Processed Buffers: Min: 1, Avg: 1.8, Max: 3, Diff: 2, Sum: 7]
      [Scan RS (ms): Min: 0.0, Avg: 0.0, Max: 0.0, Diff: 0.0, Sum: 0.0]
      [Code Root Scanning (ms): Min: 0.0, Avg: 0.0, Max: 0.0, Diff: 0.0, Sum: 0.0]
      [Object Copy (ms): Min: 0.0, Avg: 0.0, Max: 0.0, Diff: 0.0, Sum: 0.0]
      [Termination (ms): Min: 0.0, Avg: 0.0, Max: 0.0, Diff: 0.0, Sum: 0.0]
         [Termination Attempts: Min: 1, Avg: 1.0, Max: 1, Diff: 0, Sum: 4]
      [GC Worker Other (ms): Min: 0.0, Avg: 0.0, Max: 0.0, Diff: 0.0, Sum: 0.0]
      [GC Worker Total (ms): Min: 0.4, Avg: 0.4, Max: 0.5, Diff: 0.0, Sum: 1.7]
      [GC Worker End (ms): Min: 257701.3, Avg: 257701.3, Max: 257701.3, Diff: 0.0]
   [Code Root Fixup: 0.0 ms]
   [Code Root Purge: 0.0 ms]
   [Clear CT: 0.2 ms]
   [Other: 0.3 ms]
      [Choose CSet: 0.0 ms]
      [Ref Proc: 0.2 ms]
      [Ref Enq: 0.0 ms]
      [Redirty Cards: 0.1 ms]
      [Humongous Register: 0.0 ms]
      [Humongous Reclaim: 0.0 ms]
      [Free CSet: 0.0 ms]
   [Eden: 0.0B(25.0M)->0.0B(25.0M) Survivors: 0.0B->0.0B Heap: 511.4M(512.0M)->511.4M(512.0M)]
 [Times: user=0.00 sys=0.00, real=0.00 secs] 
2017-05-09T22:01:49.320+0300: 257.702: [GC concurrent-root-region-scan-start]
2017-05-09T22:01:49.320+0300: 257.702: [GC concurrent-root-region-scan-end, 0.0000084 secs]
2017-05-09T22:01:49.320+0300: 257.702: [GC concurrent-mark-start]
2017-05-09T22:01:49.320+0300: 257.702: [Full GC (Allocation Failure)  511M->505M(512M), 1.1982102 secs]
   [Eden: 0.0B(25.0M)->0.0B(25.0M) Survivors: 0.0B->0.0B Heap: 511.4M(512.0M)->505.6M(512.0M)], [Metaspace: 7484K->7484K(1056768K)]
 [Times: user=1.66 sys=0.02, real=1.20 secs] 
2017-05-09T22:01:50.523+0300: 258.900: [GC concurrent-mark-abort]
2017-05-09T22:01:50.633+0300: 259.013: [GC pause (G1 Evacuation Pause) (young) (to-space exhausted), 0.0153897 secs]
   [Parallel Time: 12.3 ms, GC Workers: 4]
      [GC Worker Start (ms): Min: 259012.9, Avg: 259012.9, Max: 259013.0, Diff: 0.0]
      [Ext Root Scanning (ms): Min: 0.1, Avg: 0.2, Max: 0.2, Diff: 0.0, Sum: 0.7]
      [Update RS (ms): Min: 0.0, Avg: 0.2, Max: 0.6, Diff: 0.6, Sum: 0.6]
         [Processed Buffers: Min: 0, Avg: 0.3, Max: 1, Diff: 1, Sum: 1]
      [Scan RS (ms): Min: 0.0, Avg: 0.0, Max: 0.0, Diff: 0.0, Sum: 0.0]
      [Code Root Scanning (ms): Min: 0.0, Avg: 0.0, Max: 0.0, Diff: 0.0, Sum: 0.0]
      [Object Copy (ms): Min: 11.4, Avg: 11.9, Max: 12.1, Diff: 0.6, Sum: 47.6]
      [Termination (ms): Min: 0.0, Avg: 0.0, Max: 0.0, Diff: 0.0, Sum: 0.0]
         [Termination Attempts: Min: 1, Avg: 1.0, Max: 1, Diff: 0, Sum: 4]
      [GC Worker Other (ms): Min: 0.0, Avg: 0.0, Max: 0.0, Diff: 0.0, Sum: 0.0]
      [GC Worker Total (ms): Min: 12.2, Avg: 12.2, Max: 12.3, Diff: 0.0, Sum: 49.0]
      [GC Worker End (ms): Min: 259025.2, Avg: 259025.2, Max: 259025.2, Diff: 0.0]
   [Code Root Fixup: 0.0 ms]
   [Code Root Purge: 0.0 ms]
   [Clear CT: 0.0 ms]
   [Other: 3.1 ms]
      [Evacuation Failure: 2.8 ms]
      [Choose CSet: 0.0 ms]
      [Ref Proc: 0.1 ms]
      [Ref Enq: 0.0 ms]
      [Redirty Cards: 0.1 ms]
      [Humongous Register: 0.0 ms]
      [Humongous Reclaim: 0.0 ms]
      [Free CSet: 0.0 ms]
   [Eden: 6144.0K(25.0M)->0.0B(25.0M) Survivors: 0.0B->0.0B Heap: 511.6M(512.0M)->511.6M(512.0M)]
 [Times: user=0.03 sys=0.00, real=0.02 secs] 
2017-05-09T22:01:50.649+0300: 259.029: [GC pause (G1 Evacuation Pause) (young) (initial-mark), 0.0008592 secs]
   [Parallel Time: 0.5 ms, GC Workers: 4]
      [GC Worker Start (ms): Min: 259028.6, Avg: 259028.6, Max: 259028.6, Diff: 0.0]
      [Ext Root Scanning (ms): Min: 0.3, Avg: 0.3, Max: 0.3, Diff: 0.0, Sum: 1.2]
      [Update RS (ms): Min: 0.1, Avg: 0.1, Max: 0.1, Diff: 0.0, Sum: 0.3]
         [Processed Buffers: Min: 1, Avg: 1.5, Max: 2, Diff: 1, Sum: 6]
      [Scan RS (ms): Min: 0.0, Avg: 0.0, Max: 0.0, Diff: 0.0, Sum: 0.0]
      [Code Root Scanning (ms): Min: 0.0, Avg: 0.0, Max: 0.0, Diff: 0.0, Sum: 0.0]
      [Object Copy (ms): Min: 0.0, Avg: 0.0, Max: 0.0, Diff: 0.0, Sum: 0.0]
      [Termination (ms): Min: 0.0, Avg: 0.0, Max: 0.0, Diff: 0.0, Sum: 0.0]
         [Termination Attempts: Min: 1, Avg: 1.0, Max: 1, Diff: 0, Sum: 4]
      [GC Worker Other (ms): Min: 0.0, Avg: 0.0, Max: 0.0, Diff: 0.0, Sum: 0.0]
      [GC Worker Total (ms): Min: 0.4, Avg: 0.4, Max: 0.4, Diff: 0.0, Sum: 1.6]
      [GC Worker End (ms): Min: 259029.0, Avg: 259029.0, Max: 259029.0, Diff: 0.0]
   [Code Root Fixup: 0.0 ms]
   [Code Root Purge: 0.0 ms]
   [Clear CT: 0.1 ms]
   [Other: 0.3 ms]
      [Choose CSet: 0.0 ms]
      [Ref Proc: 0.1 ms]
      [Ref Enq: 0.0 ms]
      [Redirty Cards: 0.1 ms]
      [Humongous Register: 0.0 ms]
      [Humongous Reclaim: 0.0 ms]
      [Free CSet: 0.0 ms]
   [Eden: 0.0B(25.0M)->0.0B(25.0M) Survivors: 0.0B->0.0B Heap: 511.6M(512.0M)->511.6M(512.0M)]
 [Times: user=0.00 sys=0.00, real=0.00 secs] 
2017-05-09T22:01:50.649+0300: 259.029: [GC concurrent-root-region-scan-start]
2017-05-09T22:01:50.649+0300: 259.029: [GC concurrent-root-region-scan-end, 0.0000157 secs]
2017-05-09T22:01:50.649+0300: 259.029: [GC concurrent-mark-start]
2017-05-09T22:01:50.649+0300: 259.030: [Full GC (Allocation Failure)  511M->505M(512M), 1.1933318 secs]
   [Eden: 0.0B(25.0M)->0.0B(25.0M) Survivors: 0.0B->0.0B Heap: 511.6M(512.0M)->505.8M(512.0M)], [Metaspace: 7484K->7484K(1056768K)]
 [Times: user=1.64 sys=0.00, real=1.20 secs] 
2017-05-09T22:01:51.850+0300: 260.223: [GC concurrent-mark-abort]
2017-05-09T22:01:51.943+0300: 260.324: [GC pause (G1 Evacuation Pause) (young) (to-space exhausted), 0.0132333 secs]
   [Parallel Time: 10.1 ms, GC Workers: 4]
      [GC Worker Start (ms): Min: 260323.8, Avg: 260323.8, Max: 260323.8, Diff: 0.0]
      [Ext Root Scanning (ms): Min: 0.2, Avg: 0.2, Max: 0.2, Diff: 0.0, Sum: 0.7]
      [Update RS (ms): Min: 0.0, Avg: 0.1, Max: 0.5, Diff: 0.5, Sum: 0.5]
         [Processed Buffers: Min: 0, Avg: 0.3, Max: 1, Diff: 1, Sum: 1]
      [Scan RS (ms): Min: 0.0, Avg: 0.0, Max: 0.0, Diff: 0.0, Sum: 0.0]
      [Code Root Scanning (ms): Min: 0.0, Avg: 0.0, Max: 0.0, Diff: 0.0, Sum: 0.0]
      [Object Copy (ms): Min: 9.4, Avg: 9.7, Max: 9.9, Diff: 0.5, Sum: 39.0]
      [Termination (ms): Min: 0.0, Avg: 0.0, Max: 0.0, Diff: 0.0, Sum: 0.0]
         [Termination Attempts: Min: 1, Avg: 1.0, Max: 1, Diff: 0, Sum: 4]
      [GC Worker Other (ms): Min: 0.0, Avg: 0.0, Max: 0.0, Diff: 0.0, Sum: 0.0]
      [GC Worker Total (ms): Min: 10.0, Avg: 10.1, Max: 10.1, Diff: 0.0, Sum: 40.3]
      [GC Worker End (ms): Min: 260333.9, Avg: 260333.9, Max: 260333.9, Diff: 0.0]
   [Code Root Fixup: 0.0 ms]
   [Code Root Purge: 0.0 ms]
   [Clear CT: 0.0 ms]
   [Other: 3.1 ms]
      [Evacuation Failure: 2.8 ms]
      [Choose CSet: 0.0 ms]
      [Ref Proc: 0.0 ms]
      [Ref Enq: 0.0 ms]
      [Redirty Cards: 0.2 ms]
      [Humongous Register: 0.0 ms]
      [Humongous Reclaim: 0.0 ms]
      [Free CSet: 0.0 ms]
   [Eden: 5120.0K(25.0M)->0.0B(25.0M) Survivors: 0.0B->0.0B Heap: 510.8M(512.0M)->510.8M(512.0M)]
 [Times: user=0.02 sys=0.00, real=0.02 secs] 
2017-05-09T22:01:51.959+0300: 260.337: [GC pause (G1 Evacuation Pause) (young) (initial-mark), 0.0009210 secs]
   [Parallel Time: 0.5 ms, GC Workers: 4]
      [GC Worker Start (ms): Min: 260337.3, Avg: 260337.3, Max: 260337.3, Diff: 0.0]
      [Ext Root Scanning (ms): Min: 0.3, Avg: 0.3, Max: 0.4, Diff: 0.1, Sum: 1.3]
      [Update RS (ms): Min: 0.0, Avg: 0.1, Max: 0.1, Diff: 0.1, Sum: 0.2]
         [Processed Buffers: Min: 1, Avg: 1.5, Max: 2, Diff: 1, Sum: 6]
      [Scan RS (ms): Min: 0.0, Avg: 0.0, Max: 0.0, Diff: 0.0, Sum: 0.0]
      [Code Root Scanning (ms): Min: 0.0, Avg: 0.0, Max: 0.0, Diff: 0.0, Sum: 0.0]
      [Object Copy (ms): Min: 0.0, Avg: 0.0, Max: 0.0, Diff: 0.0, Sum: 0.0]
      [Termination (ms): Min: 0.0, Avg: 0.0, Max: 0.0, Diff: 0.0, Sum: 0.0]
         [Termination Attempts: Min: 1, Avg: 1.0, Max: 1, Diff: 0, Sum: 4]
      [GC Worker Other (ms): Min: 0.0, Avg: 0.0, Max: 0.0, Diff: 0.0, Sum: 0.0]
      [GC Worker Total (ms): Min: 0.4, Avg: 0.4, Max: 0.4, Diff: 0.0, Sum: 1.6]
      [GC Worker End (ms): Min: 260337.7, Avg: 260337.7, Max: 260337.7, Diff: 0.0]
   [Code Root Fixup: 0.0 ms]
   [Code Root Purge: 0.0 ms]
   [Clear CT: 0.1 ms]
   [Other: 0.3 ms]
      [Choose CSet: 0.0 ms]
      [Ref Proc: 0.1 ms]
      [Ref Enq: 0.0 ms]
      [Redirty Cards: 0.1 ms]
      [Humongous Register: 0.0 ms]
      [Humongous Reclaim: 0.0 ms]
      [Free CSet: 0.0 ms]
   [Eden: 0.0B(25.0M)->0.0B(25.0M) Survivors: 0.0B->0.0B Heap: 510.8M(512.0M)->510.8M(512.0M)]
 [Times: user=0.00 sys=0.00, real=0.00 secs] 
2017-05-09T22:01:51.959+0300: 260.338: [GC concurrent-root-region-scan-start]
2017-05-09T22:01:51.959+0300: 260.338: [GC concurrent-root-region-scan-end, 0.0000075 secs]
2017-05-09T22:01:51.959+0300: 260.338: [GC concurrent-mark-start]
2017-05-09T22:01:51.959+0300: 260.338: [Full GC (Allocation Failure)  510M->506M(512M), 1.1974335 secs]
   [Eden: 0.0B(25.0M)->0.0B(25.0M) Survivors: 0.0B->0.0B Heap: 510.8M(512.0M)->506.0M(512.0M)], [Metaspace: 7484K->7484K(1056768K)]
 [Times: user=1.66 sys=0.02, real=1.20 secs] 
2017-05-09T22:01:53.157+0300: 261.536: [GC concurrent-mark-abort]
2017-05-09T22:01:53.251+0300: 261.631: [GC pause (G1 Evacuation Pause) (young) (to-space exhausted), 0.0134089 secs]
   [Parallel Time: 10.3 ms, GC Workers: 4]
      [GC Worker Start (ms): Min: 261631.3, Avg: 261631.3, Max: 261631.3, Diff: 0.0]
      [Ext Root Scanning (ms): Min: 0.1, Avg: 0.2, Max: 0.2, Diff: 0.0, Sum: 0.7]
      [Update RS (ms): Min: 0.0, Avg: 0.2, Max: 0.8, Diff: 0.8, Sum: 0.8]
         [Processed Buffers: Min: 0, Avg: 0.3, Max: 1, Diff: 1, Sum: 1]
      [Scan RS (ms): Min: 0.0, Avg: 0.0, Max: 0.0, Diff: 0.0, Sum: 0.0]
      [Code Root Scanning (ms): Min: 0.0, Avg: 0.0, Max: 0.0, Diff: 0.0, Sum: 0.0]
      [Object Copy (ms): Min: 9.4, Avg: 9.9, Max: 10.1, Diff: 0.8, Sum: 39.7]
      [Termination (ms): Min: 0.0, Avg: 0.0, Max: 0.0, Diff: 0.0, Sum: 0.0]
         [Termination Attempts: Min: 1, Avg: 1.5, Max: 2, Diff: 1, Sum: 6]
      [GC Worker Other (ms): Min: 0.0, Avg: 0.0, Max: 0.0, Diff: 0.0, Sum: 0.0]
      [GC Worker Total (ms): Min: 10.3, Avg: 10.3, Max: 10.3, Diff: 0.0, Sum: 41.2]
      [GC Worker End (ms): Min: 261641.6, Avg: 261641.6, Max: 261641.6, Diff: 0.0]
   [Code Root Fixup: 0.0 ms]
   [Code Root Purge: 0.0 ms]
   [Clear CT: 0.0 ms]
   [Other: 3.0 ms]
      [Evacuation Failure: 2.8 ms]
      [Choose CSet: 0.0 ms]
      [Ref Proc: 0.0 ms]
      [Ref Enq: 0.0 ms]
      [Redirty Cards: 0.2 ms]
      [Humongous Register: 0.0 ms]
      [Humongous Reclaim: 0.0 ms]
      [Free CSet: 0.0 ms]
   [Eden: 5120.0K(25.0M)->0.0B(25.0M) Survivors: 0.0B->0.0B Heap: 511.0M(512.0M)->511.0M(512.0M)]
 [Times: user=0.01 sys=0.00, real=0.02 secs] 
2017-05-09T22:01:53.266+0300: 261.645: [GC pause (G1 Evacuation Pause) (young) (initial-mark), 0.0008885 secs]
   [Parallel Time: 0.5 ms, GC Workers: 4]
      [GC Worker Start (ms): Min: 261645.0, Avg: 261645.0, Max: 261645.0, Diff: 0.1]
      [Ext Root Scanning (ms): Min: 0.3, Avg: 0.3, Max: 0.3, Diff: 0.0, Sum: 1.1]
      [Update RS (ms): Min: 0.0, Avg: 0.1, Max: 0.1, Diff: 0.0, Sum: 0.3]
         [Processed Buffers: Min: 1, Avg: 1.5, Max: 2, Diff: 1, Sum: 6]
      [Scan RS (ms): Min: 0.0, Avg: 0.0, Max: 0.0, Diff: 0.0, Sum: 0.0]
      [Code Root Scanning (ms): Min: 0.0, Avg: 0.0, Max: 0.0, Diff: 0.0, Sum: 0.0]
      [Object Copy (ms): Min: 0.0, Avg: 0.0, Max: 0.0, Diff: 0.0, Sum: 0.0]
      [Termination (ms): Min: 0.0, Avg: 0.0, Max: 0.0, Diff: 0.0, Sum: 0.0]
         [Termination Attempts: Min: 1, Avg: 1.0, Max: 1, Diff: 0, Sum: 4]
      [GC Worker Other (ms): Min: 0.0, Avg: 0.0, Max: 0.0, Diff: 0.0, Sum: 0.0]
      [GC Worker Total (ms): Min: 0.3, Avg: 0.4, Max: 0.4, Diff: 0.1, Sum: 1.5]
      [GC Worker End (ms): Min: 261645.4, Avg: 261645.4, Max: 261645.4, Diff: 0.0]
   [Code Root Fixup: 0.0 ms]
   [Code Root Purge: 0.0 ms]
   [Clear CT: 0.1 ms]
   [Other: 0.3 ms]
      [Choose CSet: 0.0 ms]
      [Ref Proc: 0.2 ms]
      [Ref Enq: 0.0 ms]
      [Redirty Cards: 0.0 ms]
      [Humongous Register: 0.0 ms]
      [Humongous Reclaim: 0.0 ms]
      [Free CSet: 0.0 ms]
   [Eden: 0.0B(25.0M)->0.0B(25.0M) Survivors: 0.0B->0.0B Heap: 511.0M(512.0M)->511.0M(512.0M)]
 [Times: user=0.00 sys=0.00, real=0.00 secs] 
2017-05-09T22:01:53.266+0300: 261.646: [GC concurrent-root-region-scan-start]
2017-05-09T22:01:53.266+0300: 261.646: [GC concurrent-root-region-scan-end, 0.0000072 secs]
2017-05-09T22:01:53.266+0300: 261.646: [GC concurrent-mark-start]
2017-05-09T22:01:53.266+0300: 261.646: [Full GC (Allocation Failure)  511M->506M(512M), 1.1927053 secs]
   [Eden: 0.0B(25.0M)->0.0B(25.0M) Survivors: 0.0B->0.0B Heap: 511.0M(512.0M)->506.2M(512.0M)], [Metaspace: 7484K->7484K(1056768K)]
 [Times: user=1.66 sys=0.00, real=1.19 secs] 
2017-05-09T22:01:54.455+0300: 262.839: [GC concurrent-mark-abort]
2017-05-09T22:01:54.534+0300: 262.915: [GC pause (G1 Evacuation Pause) (young) (to-space exhausted), 0.0133757 secs]
   [Parallel Time: 10.4 ms, GC Workers: 4]
      [GC Worker Start (ms): Min: 262914.9, Avg: 262915.0, Max: 262915.0, Diff: 0.0]
      [Ext Root Scanning (ms): Min: 0.2, Avg: 0.2, Max: 0.2, Diff: 0.0, Sum: 0.7]
      [Update RS (ms): Min: 0.0, Avg: 0.1, Max: 0.4, Diff: 0.4, Sum: 0.4]
         [Processed Buffers: Min: 0, Avg: 0.3, Max: 1, Diff: 1, Sum: 1]
      [Scan RS (ms): Min: 0.0, Avg: 0.0, Max: 0.0, Diff: 0.0, Sum: 0.0]
      [Code Root Scanning (ms): Min: 0.0, Avg: 0.0, Max: 0.0, Diff: 0.0, Sum: 0.0]
      [Object Copy (ms): Min: 9.7, Avg: 10.0, Max: 10.1, Diff: 0.4, Sum: 40.0]
      [Termination (ms): Min: 0.0, Avg: 0.0, Max: 0.0, Diff: 0.0, Sum: 0.0]
         [Termination Attempts: Min: 1, Avg: 1.5, Max: 2, Diff: 1, Sum: 6]
      [GC Worker Other (ms): Min: 0.0, Avg: 0.0, Max: 0.0, Diff: 0.0, Sum: 0.0]
      [GC Worker Total (ms): Min: 10.3, Avg: 10.3, Max: 10.3, Diff: 0.0, Sum: 41.2]
      [GC Worker End (ms): Min: 262925.3, Avg: 262925.3, Max: 262925.3, Diff: 0.0]
   [Code Root Fixup: 0.0 ms]
   [Code Root Purge: 0.0 ms]
   [Clear CT: 0.0 ms]
   [Other: 3.0 ms]
      [Evacuation Failure: 2.7 ms]
      [Choose CSet: 0.0 ms]
      [Ref Proc: 0.1 ms]
      [Ref Enq: 0.0 ms]
      [Redirty Cards: 0.1 ms]
      [Humongous Register: 0.0 ms]
      [Humongous Reclaim: 0.0 ms]
      [Free CSet: 0.0 ms]
   [Eden: 5120.0K(25.0M)->0.0B(25.0M) Survivors: 0.0B->0.0B Heap: 511.2M(512.0M)->511.2M(512.0M)]
 [Times: user=0.03 sys=0.00, real=0.02 secs] 
2017-05-09T22:01:54.549+0300: 262.928: [GC pause (G1 Evacuation Pause) (young) (initial-mark), 0.0007605 secs]
   [Parallel Time: 0.5 ms, GC Workers: 4]
      [GC Worker Start (ms): Min: 262928.5, Avg: 262928.6, Max: 262928.6, Diff: 0.1]
      [Ext Root Scanning (ms): Min: 0.3, Avg: 0.3, Max: 0.3, Diff: 0.1, Sum: 1.2]
      [Update RS (ms): Min: 0.0, Avg: 0.1, Max: 0.1, Diff: 0.1, Sum: 0.3]
         [Processed Buffers: Min: 1, Avg: 1.8, Max: 3, Diff: 2, Sum: 7]
      [Scan RS (ms): Min: 0.0, Avg: 0.0, Max: 0.0, Diff: 0.0, Sum: 0.0]
      [Code Root Scanning (ms): Min: 0.0, Avg: 0.0, Max: 0.0, Diff: 0.0, Sum: 0.0]
      [Object Copy (ms): Min: 0.0, Avg: 0.0, Max: 0.0, Diff: 0.0, Sum: 0.0]
      [Termination (ms): Min: 0.0, Avg: 0.0, Max: 0.0, Diff: 0.0, Sum: 0.0]
         [Termination Attempts: Min: 1, Avg: 1.0, Max: 1, Diff: 0, Sum: 4]
      [GC Worker Other (ms): Min: 0.0, Avg: 0.0, Max: 0.0, Diff: 0.0, Sum: 0.0]
      [GC Worker Total (ms): Min: 0.4, Avg: 0.4, Max: 0.4, Diff: 0.1, Sum: 1.5]
      [GC Worker End (ms): Min: 262928.9, Avg: 262928.9, Max: 262928.9, Diff: 0.0]
   [Code Root Fixup: 0.0 ms]
   [Code Root Purge: 0.0 ms]
   [Clear CT: 0.1 ms]
   [Other: 0.2 ms]
      [Choose CSet: 0.0 ms]
      [Ref Proc: 0.1 ms]
      [Ref Enq: 0.0 ms]
      [Redirty Cards: 0.0 ms]
      [Humongous Register: 0.0 ms]
      [Humongous Reclaim: 0.0 ms]
      [Free CSet: 0.0 ms]
   [Eden: 0.0B(25.0M)->0.0B(25.0M) Survivors: 0.0B->0.0B Heap: 511.2M(512.0M)->511.2M(512.0M)]
 [Times: user=0.00 sys=0.00, real=0.00 secs] 
2017-05-09T22:01:54.549+0300: 262.929: [GC concurrent-root-region-scan-start]
2017-05-09T22:01:54.549+0300: 262.929: [GC concurrent-root-region-scan-end, 0.0000072 secs]
2017-05-09T22:01:54.549+0300: 262.929: [GC concurrent-mark-start]
2017-05-09T22:01:54.549+0300: 262.929: [Full GC (Allocation Failure)  511M->506M(512M), 1.1911245 secs]
   [Eden: 0.0B(25.0M)->0.0B(25.0M) Survivors: 0.0B->0.0B Heap: 511.2M(512.0M)->506.4M(512.0M)], [Metaspace: 7484K->7484K(1056768K)]
 [Times: user=1.66 sys=0.00, real=1.20 secs] 
2017-05-09T22:01:55.750+0300: 264.121: [GC concurrent-mark-abort]
2017-05-09T22:01:55.922+0300: 264.300: [GC pause (G1 Evacuation Pause) (young) (to-space exhausted), 0.0132417 secs]
   [Parallel Time: 10.2 ms, GC Workers: 4]
      [GC Worker Start (ms): Min: 264299.8, Avg: 264299.9, Max: 264299.9, Diff: 0.1]
      [Ext Root Scanning (ms): Min: 0.1, Avg: 0.2, Max: 0.2, Diff: 0.1, Sum: 0.7]
      [Update RS (ms): Min: 0.0, Avg: 0.2, Max: 0.8, Diff: 0.8, Sum: 0.8]
         [Processed Buffers: Min: 0, Avg: 0.3, Max: 1, Diff: 1, Sum: 1]
      [Scan RS (ms): Min: 0.0, Avg: 0.0, Max: 0.0, Diff: 0.0, Sum: 0.0]
      [Code Root Scanning (ms): Min: 0.0, Avg: 0.0, Max: 0.0, Diff: 0.0, Sum: 0.0]
      [Object Copy (ms): Min: 9.2, Avg: 9.7, Max: 9.9, Diff: 0.8, Sum: 39.0]
      [Termination (ms): Min: 0.0, Avg: 0.0, Max: 0.0, Diff: 0.0, Sum: 0.0]
         [Termination Attempts: Min: 1, Avg: 1.0, Max: 1, Diff: 0, Sum: 4]
      [GC Worker Other (ms): Min: 0.0, Avg: 0.0, Max: 0.0, Diff: 0.0, Sum: 0.0]
      [GC Worker Total (ms): Min: 10.1, Avg: 10.1, Max: 10.2, Diff: 0.1, Sum: 40.5]
      [GC Worker End (ms): Min: 264310.0, Avg: 264310.0, Max: 264310.0, Diff: 0.0]
   [Code Root Fixup: 0.0 ms]
   [Code Root Purge: 0.0 ms]
   [Clear CT: 0.0 ms]
   [Other: 3.0 ms]
      [Evacuation Failure: 2.8 ms]
      [Choose CSet: 0.0 ms]
      [Ref Proc: 0.1 ms]
      [Ref Enq: 0.0 ms]
      [Redirty Cards: 0.1 ms]
      [Humongous Register: 0.0 ms]
      [Humongous Reclaim: 0.0 ms]
      [Free CSet: 0.0 ms]
   [Eden: 5120.0K(25.0M)->0.0B(25.0M) Survivors: 0.0B->0.0B Heap: 511.4M(512.0M)->511.4M(512.0M)]
 [Times: user=0.02 sys=0.01, real=0.02 secs] 
2017-05-09T22:01:55.938+0300: 264.313: [GC pause (G1 Evacuation Pause) (young) (initial-mark), 0.0009285 secs]
   [Parallel Time: 0.5 ms, GC Workers: 4]
      [GC Worker Start (ms): Min: 264313.3, Avg: 264313.4, Max: 264313.4, Diff: 0.0]
      [Ext Root Scanning (ms): Min: 0.3, Avg: 0.3, Max: 0.3, Diff: 0.0, Sum: 1.2]
      [Update RS (ms): Min: 0.0, Avg: 0.1, Max: 0.1, Diff: 0.1, Sum: 0.3]
         [Processed Buffers: Min: 1, Avg: 1.5, Max: 2, Diff: 1, Sum: 6]
      [Scan RS (ms): Min: 0.0, Avg: 0.0, Max: 0.0, Diff: 0.0, Sum: 0.0]
      [Code Root Scanning (ms): Min: 0.0, Avg: 0.0, Max: 0.0, Diff: 0.0, Sum: 0.0]
      [Object Copy (ms): Min: 0.0, Avg: 0.0, Max: 0.0, Diff: 0.0, Sum: 0.0]
      [Termination (ms): Min: 0.0, Avg: 0.0, Max: 0.0, Diff: 0.0, Sum: 0.0]
         [Termination Attempts: Min: 1, Avg: 1.0, Max: 1, Diff: 0, Sum: 4]
      [GC Worker Other (ms): Min: 0.0, Avg: 0.0, Max: 0.0, Diff: 0.0, Sum: 0.0]
      [GC Worker Total (ms): Min: 0.4, Avg: 0.4, Max: 0.4, Diff: 0.0, Sum: 1.6]
      [GC Worker End (ms): Min: 264313.8, Avg: 264313.8, Max: 264313.8, Diff: 0.0]
   [Code Root Fixup: 0.0 ms]
   [Code Root Purge: 0.0 ms]
   [Clear CT: 0.2 ms]
   [Other: 0.3 ms]
      [Choose CSet: 0.0 ms]
      [Ref Proc: 0.1 ms]
      [Ref Enq: 0.0 ms]
      [Redirty Cards: 0.1 ms]
      [Humongous Register: 0.0 ms]
      [Humongous Reclaim: 0.0 ms]
      [Free CSet: 0.0 ms]
   [Eden: 0.0B(25.0M)->0.0B(25.0M) Survivors: 0.0B->0.0B Heap: 511.4M(512.0M)->511.4M(512.0M)]
 [Times: user=0.00 sys=0.00, real=0.00 secs] 
2017-05-09T22:01:55.938+0300: 264.314: [GC concurrent-root-region-scan-start]
2017-05-09T22:01:55.938+0300: 264.314: [GC concurrent-root-region-scan-end, 0.0000157 secs]
2017-05-09T22:01:55.938+0300: 264.314: [GC concurrent-mark-start]
2017-05-09T22:01:55.938+0300: 264.314: [Full GC (Allocation Failure)  511M->506M(512M), 1.1911681 secs]
   [Eden: 0.0B(25.0M)->0.0B(25.0M) Survivors: 0.0B->0.0B Heap: 511.4M(512.0M)->506.6M(512.0M)], [Metaspace: 7484K->7484K(1056768K)]
 [Times: user=1.63 sys=0.00, real=1.19 secs] 
2017-05-09T22:01:57.127+0300: 265.506: [GC concurrent-mark-abort]
2017-05-09T22:01:57.221+0300: 265.599: [GC pause (G1 Evacuation Pause) (young) (to-space exhausted), 0.0132531 secs]
   [Parallel Time: 10.2 ms, GC Workers: 4]
      [GC Worker Start (ms): Min: 265599.3, Avg: 265599.3, Max: 265599.3, Diff: 0.0]
      [Ext Root Scanning (ms): Min: 0.1, Avg: 0.2, Max: 0.2, Diff: 0.0, Sum: 0.6]
      [Update RS (ms): Min: 0.0, Avg: 0.1, Max: 0.5, Diff: 0.5, Sum: 0.5]
         [Processed Buffers: Min: 0, Avg: 0.3, Max: 1, Diff: 1, Sum: 1]
      [Scan RS (ms): Min: 0.0, Avg: 0.0, Max: 0.0, Diff: 0.0, Sum: 0.0]
      [Code Root Scanning (ms): Min: 0.0, Avg: 0.0, Max: 0.0, Diff: 0.0, Sum: 0.0]
      [Object Copy (ms): Min: 9.5, Avg: 9.8, Max: 9.9, Diff: 0.5, Sum: 39.2]
      [Termination (ms): Min: 0.0, Avg: 0.0, Max: 0.0, Diff: 0.0, Sum: 0.0]
         [Termination Attempts: Min: 1, Avg: 1.8, Max: 2, Diff: 1, Sum: 7]
      [GC Worker Other (ms): Min: 0.0, Avg: 0.0, Max: 0.0, Diff: 0.0, Sum: 0.0]
      [GC Worker Total (ms): Min: 10.1, Avg: 10.1, Max: 10.1, Diff: 0.0, Sum: 40.4]
      [GC Worker End (ms): Min: 265609.4, Avg: 265609.4, Max: 265609.4, Diff: 0.0]
   [Code Root Fixup: 0.0 ms]
   [Code Root Purge: 0.0 ms]
   [Clear CT: 0.0 ms]
   [Other: 3.1 ms]
      [Evacuation Failure: 2.8 ms]
      [Choose CSet: 0.0 ms]
      [Ref Proc: 0.0 ms]
      [Ref Enq: 0.0 ms]
      [Redirty Cards: 0.2 ms]
      [Humongous Register: 0.0 ms]
      [Humongous Reclaim: 0.0 ms]
      [Free CSet: 0.0 ms]
   [Eden: 5120.0K(25.0M)->0.0B(25.0M) Survivors: 0.0B->0.0B Heap: 511.6M(512.0M)->511.6M(512.0M)]
 [Times: user=0.02 sys=0.00, real=0.02 secs] 
2017-05-09T22:01:57.236+0300: 265.613: [GC pause (G1 Evacuation Pause) (young) (initial-mark), 0.0007647 secs]
   [Parallel Time: 0.5 ms, GC Workers: 4]
      [GC Worker Start (ms): Min: 265612.7, Avg: 265612.7, Max: 265612.8, Diff: 0.0]
      [Ext Root Scanning (ms): Min: 0.3, Avg: 0.3, Max: 0.3, Diff: 0.0, Sum: 1.2]
      [Update RS (ms): Min: 0.0, Avg: 0.1, Max: 0.1, Diff: 0.0, Sum: 0.2]
         [Processed Buffers: Min: 1, Avg: 1.5, Max: 2, Diff: 1, Sum: 6]
      [Scan RS (ms): Min: 0.0, Avg: 0.0, Max: 0.0, Diff: 0.0, Sum: 0.0]
      [Code Root Scanning (ms): Min: 0.0, Avg: 0.0, Max: 0.0, Diff: 0.0, Sum: 0.0]
      [Object Copy (ms): Min: 0.0, Avg: 0.0, Max: 0.0, Diff: 0.0, Sum: 0.0]
      [Termination (ms): Min: 0.0, Avg: 0.0, Max: 0.0, Diff: 0.0, Sum: 0.1]
         [Termination Attempts: Min: 1, Avg: 1.0, Max: 1, Diff: 0, Sum: 4]
      [GC Worker Other (ms): Min: 0.0, Avg: 0.0, Max: 0.0, Diff: 0.0, Sum: 0.0]
      [GC Worker Total (ms): Min: 0.4, Avg: 0.4, Max: 0.4, Diff: 0.0, Sum: 1.5]
      [GC Worker End (ms): Min: 265613.1, Avg: 265613.1, Max: 265613.1, Diff: 0.0]
   [Code Root Fixup: 0.0 ms]
   [Code Root Purge: 0.0 ms]
   [Clear CT: 0.1 ms]
   [Other: 0.3 ms]
      [Choose CSet: 0.0 ms]
      [Ref Proc: 0.1 ms]
      [Ref Enq: 0.0 ms]
      [Redirty Cards: 0.1 ms]
      [Humongous Register: 0.0 ms]
      [Humongous Reclaim: 0.0 ms]
      [Free CSet: 0.0 ms]
   [Eden: 0.0B(25.0M)->0.0B(25.0M) Survivors: 0.0B->0.0B Heap: 511.6M(512.0M)->511.6M(512.0M)]
 [Times: user=0.00 sys=0.00, real=0.00 secs] 
2017-05-09T22:01:57.236+0300: 265.614: [GC concurrent-root-region-scan-start]
2017-05-09T22:01:57.236+0300: 265.614: [GC concurrent-root-region-scan-end, 0.0000072 secs]
2017-05-09T22:01:57.236+0300: 265.614: [GC concurrent-mark-start]
2017-05-09T22:01:57.236+0300: 265.614: [Full GC (Allocation Failure)  511M->506M(512M), 1.2048417 secs]
   [Eden: 0.0B(25.0M)->0.0B(25.0M) Survivors: 0.0B->0.0B Heap: 511.6M(512.0M)->506.8M(512.0M)], [Metaspace: 7484K->7484K(1056768K)]
 [Times: user=1.69 sys=0.00, real=1.21 secs] 
2017-05-09T22:01:58.448+0300: 266.818: [GC concurrent-mark-abort]
2017-05-09T22:01:58.526+0300: 266.903: [GC pause (G1 Evacuation Pause) (young) (to-space exhausted), 0.0096942 secs]
   [Parallel Time: 8.1 ms, GC Workers: 4]
      [GC Worker Start (ms): Min: 266903.5, Avg: 266903.5, Max: 266903.5, Diff: 0.1]
      [Ext Root Scanning (ms): Min: 0.2, Avg: 0.2, Max: 0.2, Diff: 0.0, Sum: 0.7]
      [Update RS (ms): Min: 0.0, Avg: 0.1, Max: 0.4, Diff: 0.4, Sum: 0.4]
         [Processed Buffers: Min: 0, Avg: 0.3, Max: 1, Diff: 1, Sum: 1]
      [Scan RS (ms): Min: 0.0, Avg: 0.0, Max: 0.0, Diff: 0.0, Sum: 0.0]
      [Code Root Scanning (ms): Min: 0.0, Avg: 0.0, Max: 0.0, Diff: 0.0, Sum: 0.0]
      [Object Copy (ms): Min: 7.4, Avg: 7.7, Max: 7.8, Diff: 0.4, Sum: 30.8]
      [Termination (ms): Min: 0.0, Avg: 0.0, Max: 0.0, Diff: 0.0, Sum: 0.0]
         [Termination Attempts: Min: 1, Avg: 1.0, Max: 1, Diff: 0, Sum: 4]
      [GC Worker Other (ms): Min: 0.0, Avg: 0.0, Max: 0.0, Diff: 0.0, Sum: 0.0]
      [GC Worker Total (ms): Min: 8.0, Avg: 8.0, Max: 8.0, Diff: 0.1, Sum: 31.9]
      [GC Worker End (ms): Min: 266911.5, Avg: 266911.5, Max: 266911.5, Diff: 0.0]
   [Code Root Fixup: 0.0 ms]
   [Code Root Purge: 0.0 ms]
   [Clear CT: 0.0 ms]
   [Other: 1.6 ms]
      [Evacuation Failure: 1.4 ms]
      [Choose CSet: 0.0 ms]
      [Ref Proc: 0.0 ms]
      [Ref Enq: 0.0 ms]
      [Redirty Cards: 0.0 ms]
      [Humongous Register: 0.0 ms]
      [Humongous Reclaim: 0.0 ms]
      [Free CSet: 0.0 ms]
   [Eden: 4096.0K(25.0M)->0.0B(25.0M) Survivors: 0.0B->0.0B Heap: 510.8M(512.0M)->510.8M(512.0M)]
 [Times: user=0.01 sys=0.00, real=0.02 secs] 
2017-05-09T22:01:58.542+0300: 266.913: [GC pause (G1 Evacuation Pause) (young) (initial-mark), 0.0004638 secs]
   [Parallel Time: 0.3 ms, GC Workers: 4]
      [GC Worker Start (ms): Min: 266913.3, Avg: 266913.3, Max: 266913.3, Diff: 0.0]
      [Ext Root Scanning (ms): Min: 0.3, Avg: 0.3, Max: 0.3, Diff: 0.0, Sum: 1.0]
      [Update RS (ms): Min: 0.0, Avg: 0.0, Max: 0.1, Diff: 0.0, Sum: 0.2]
         [Processed Buffers: Min: 1, Avg: 1.5, Max: 2, Diff: 1, Sum: 6]
      [Scan RS (ms): Min: 0.0, Avg: 0.0, Max: 0.0, Diff: 0.0, Sum: 0.0]
      [Code Root Scanning (ms): Min: 0.0, Avg: 0.0, Max: 0.0, Diff: 0.0, Sum: 0.0]
      [Object Copy (ms): Min: 0.0, Avg: 0.0, Max: 0.0, Diff: 0.0, Sum: 0.0]
      [Termination (ms): Min: 0.0, Avg: 0.0, Max: 0.0, Diff: 0.0, Sum: 0.0]
         [Termination Attempts: Min: 1, Avg: 1.0, Max: 1, Diff: 0, Sum: 4]
      [GC Worker Other (ms): Min: 0.0, Avg: 0.0, Max: 0.0, Diff: 0.0, Sum: 0.0]
      [GC Worker Total (ms): Min: 0.3, Avg: 0.3, Max: 0.3, Diff: 0.0, Sum: 1.3]
      [GC Worker End (ms): Min: 266913.6, Avg: 266913.6, Max: 266913.6, Diff: 0.0]
   [Code Root Fixup: 0.0 ms]
   [Code Root Purge: 0.0 ms]
   [Clear CT: 0.0 ms]
   [Other: 0.1 ms]
      [Choose CSet: 0.0 ms]
      [Ref Proc: 0.0 ms]
      [Ref Enq: 0.0 ms]
      [Redirty Cards: 0.0 ms]
      [Humongous Register: 0.0 ms]
      [Humongous Reclaim: 0.0 ms]
      [Free CSet: 0.0 ms]
   [Eden: 0.0B(25.0M)->0.0B(25.0M) Survivors: 0.0B->0.0B Heap: 510.8M(512.0M)->510.8M(512.0M)]
 [Times: user=0.00 sys=0.00, real=0.00 secs] 
2017-05-09T22:01:58.542+0300: 266.914: [GC concurrent-root-region-scan-start]
2017-05-09T22:01:58.542+0300: 266.914: [GC concurrent-root-region-scan-end, 0.0000072 secs]
2017-05-09T22:01:58.542+0300: 266.914: [GC concurrent-mark-start]
2017-05-09T22:01:58.542+0300: 266.914: [Full GC (Allocation Failure)  510M->506M(512M), 1.2087723 secs]
   [Eden: 0.0B(25.0M)->0.0B(25.0M) Survivors: 0.0B->0.0B Heap: 510.8M(512.0M)->507.0M(512.0M)], [Metaspace: 7484K->7484K(1056768K)]
 [Times: user=1.64 sys=0.02, real=1.21 secs] 
2017-05-09T22:01:59.753+0300: 268.123: [GC concurrent-mark-abort]
2017-05-09T22:01:59.812+0300: 268.186: [GC pause (G1 Evacuation Pause) (young) (to-space exhausted), 0.0101899 secs]
   [Parallel Time: 8.4 ms, GC Workers: 4]
      [GC Worker Start (ms): Min: 268186.1, Avg: 268186.2, Max: 268186.2, Diff: 0.0]
      [Ext Root Scanning (ms): Min: 0.2, Avg: 0.2, Max: 0.2, Diff: 0.0, Sum: 0.7]
      [Update RS (ms): Min: 0.0, Avg: 0.1, Max: 0.4, Diff: 0.3, Sum: 0.4]
         [Processed Buffers: Min: 0, Avg: 0.3, Max: 1, Diff: 1, Sum: 1]
      [Scan RS (ms): Min: 0.0, Avg: 0.0, Max: 0.0, Diff: 0.0, Sum: 0.0]
      [Code Root Scanning (ms): Min: 0.0, Avg: 0.0, Max: 0.0, Diff: 0.0, Sum: 0.0]
      [Object Copy (ms): Min: 7.9, Avg: 8.1, Max: 8.2, Diff: 0.4, Sum: 32.6]
      [Termination (ms): Min: 0.0, Avg: 0.0, Max: 0.0, Diff: 0.0, Sum: 0.0]
         [Termination Attempts: Min: 1, Avg: 1.0, Max: 1, Diff: 0, Sum: 4]
      [GC Worker Other (ms): Min: 0.0, Avg: 0.0, Max: 0.0, Diff: 0.0, Sum: 0.0]
      [GC Worker Total (ms): Min: 8.4, Avg: 8.4, Max: 8.4, Diff: 0.0, Sum: 33.7]
      [GC Worker End (ms): Min: 268194.6, Avg: 268194.6, Max: 268194.6, Diff: 0.0]
   [Code Root Fixup: 0.0 ms]
   [Code Root Purge: 0.0 ms]
   [Clear CT: 0.0 ms]
   [Other: 1.7 ms]
      [Evacuation Failure: 1.6 ms]
      [Choose CSet: 0.0 ms]
      [Ref Proc: 0.0 ms]
      [Ref Enq: 0.0 ms]
      [Redirty Cards: 0.0 ms]
      [Humongous Register: 0.0 ms]
      [Humongous Reclaim: 0.0 ms]
      [Free CSet: 0.0 ms]
   [Eden: 4096.0K(25.0M)->0.0B(25.0M) Survivors: 0.0B->0.0B Heap: 511.0M(512.0M)->511.0M(512.0M)]
 [Times: user=0.00 sys=0.00, real=0.00 secs] 
2017-05-09T22:01:59.812+0300: 268.196: [GC pause (G1 Evacuation Pause) (young) (initial-mark), 0.0005216 secs]
   [Parallel Time: 0.4 ms, GC Workers: 4]
      [GC Worker Start (ms): Min: 268196.5, Avg: 268196.5, Max: 268196.5, Diff: 0.0]
      [Ext Root Scanning (ms): Min: 0.3, Avg: 0.3, Max: 0.3, Diff: 0.0, Sum: 1.0]
      [Update RS (ms): Min: 0.0, Avg: 0.0, Max: 0.1, Diff: 0.0, Sum: 0.2]
         [Processed Buffers: Min: 1, Avg: 1.5, Max: 2, Diff: 1, Sum: 6]
      [Scan RS (ms): Min: 0.0, Avg: 0.0, Max: 0.0, Diff: 0.0, Sum: 0.0]
      [Code Root Scanning (ms): Min: 0.0, Avg: 0.0, Max: 0.0, Diff: 0.0, Sum: 0.0]
      [Object Copy (ms): Min: 0.0, Avg: 0.0, Max: 0.0, Diff: 0.0, Sum: 0.0]
      [Termination (ms): Min: 0.0, Avg: 0.0, Max: 0.0, Diff: 0.0, Sum: 0.0]
         [Termination Attempts: Min: 1, Avg: 1.0, Max: 1, Diff: 0, Sum: 4]
      [GC Worker Other (ms): Min: 0.0, Avg: 0.0, Max: 0.0, Diff: 0.0, Sum: 0.0]
      [GC Worker Total (ms): Min: 0.3, Avg: 0.3, Max: 0.3, Diff: 0.0, Sum: 1.3]
      [GC Worker End (ms): Min: 268196.8, Avg: 268196.8, Max: 268196.8, Diff: 0.0]
   [Code Root Fixup: 0.0 ms]
   [Code Root Purge: 0.0 ms]
   [Clear CT: 0.0 ms]
   [Other: 0.1 ms]
      [Choose CSet: 0.0 ms]
      [Ref Proc: 0.0 ms]
      [Ref Enq: 0.0 ms]
      [Redirty Cards: 0.0 ms]
      [Humongous Register: 0.0 ms]
      [Humongous Reclaim: 0.0 ms]
      [Free CSet: 0.0 ms]
   [Eden: 0.0B(25.0M)->0.0B(25.0M) Survivors: 0.0B->0.0B Heap: 511.0M(512.0M)->511.0M(512.0M)]
 [Times: user=0.00 sys=0.00, real=0.00 secs] 
2017-05-09T22:01:59.812+0300: 268.197: [GC concurrent-root-region-scan-start]
2017-05-09T22:01:59.812+0300: 268.197: [GC concurrent-root-region-scan-end, 0.0000075 secs]
2017-05-09T22:01:59.812+0300: 268.197: [GC concurrent-mark-start]
2017-05-09T22:01:59.812+0300: 268.197: [Full GC (Allocation Failure)  510M->507M(512M), 1.2100665 secs]
   [Eden: 0.0B(25.0M)->0.0B(25.0M) Survivors: 0.0B->0.0B Heap: 511.0M(512.0M)->507.1M(512.0M)], [Metaspace: 7484K->7484K(1056768K)]
 [Times: user=1.67 sys=0.00, real=1.21 secs] 
2017-05-09T22:02:01.023+0300: 269.407: [GC concurrent-mark-abort]
2017-05-09T22:02:01.148+0300: 269.523: [GC pause (G1 Evacuation Pause) (young) (to-space exhausted), 0.0097279 secs]
   [Parallel Time: 8.1 ms, GC Workers: 4]
      [GC Worker Start (ms): Min: 269523.1, Avg: 269523.2, Max: 269523.2, Diff: 0.1]
      [Ext Root Scanning (ms): Min: 0.1, Avg: 0.2, Max: 0.2, Diff: 0.1, Sum: 0.7]
      [Update RS (ms): Min: 0.0, Avg: 0.2, Max: 0.6, Diff: 0.6, Sum: 0.6]
         [Processed Buffers: Min: 0, Avg: 0.3, Max: 1, Diff: 1, Sum: 1]
      [Scan RS (ms): Min: 0.0, Avg: 0.0, Max: 0.0, Diff: 0.0, Sum: 0.0]
      [Code Root Scanning (ms): Min: 0.0, Avg: 0.0, Max: 0.0, Diff: 0.0, Sum: 0.0]
      [Object Copy (ms): Min: 7.2, Avg: 7.7, Max: 7.8, Diff: 0.6, Sum: 30.7]
      [Termination (ms): Min: 0.0, Avg: 0.0, Max: 0.0, Diff: 0.0, Sum: 0.0]
         [Termination Attempts: Min: 1, Avg: 1.5, Max: 2, Diff: 1, Sum: 6]
      [GC Worker Other (ms): Min: 0.0, Avg: 0.0, Max: 0.0, Diff: 0.0, Sum: 0.0]
      [GC Worker Total (ms): Min: 8.0, Avg: 8.0, Max: 8.1, Diff: 0.1, Sum: 32.1]
      [GC Worker End (ms): Min: 269531.2, Avg: 269531.2, Max: 269531.2, Diff: 0.0]
   [Code Root Fixup: 0.0 ms]
   [Code Root Purge: 0.0 ms]
   [Clear CT: 0.0 ms]
   [Other: 1.6 ms]
      [Evacuation Failure: 1.4 ms]
      [Choose CSet: 0.0 ms]
      [Ref Proc: 0.0 ms]
      [Ref Enq: 0.0 ms]
      [Redirty Cards: 0.0 ms]
      [Humongous Register: 0.0 ms]
      [Humongous Reclaim: 0.0 ms]
      [Free CSet: 0.0 ms]
   [Eden: 4096.0K(25.0M)->0.0B(25.0M) Survivors: 0.0B->0.0B Heap: 511.1M(512.0M)->511.1M(512.0M)]
 [Times: user=0.00 sys=0.00, real=0.00 secs] 
2017-05-09T22:02:01.148+0300: 269.533: [GC pause (G1 Evacuation Pause) (young) (initial-mark), 0.0005701 secs]
   [Parallel Time: 0.4 ms, GC Workers: 4]
      [GC Worker Start (ms): Min: 269533.0, Avg: 269533.0, Max: 269533.0, Diff: 0.0]
      [Ext Root Scanning (ms): Min: 0.3, Avg: 0.3, Max: 0.3, Diff: 0.0, Sum: 1.4]
      [Update RS (ms): Min: 0.0, Avg: 0.1, Max: 0.1, Diff: 0.0, Sum: 0.2]
         [Processed Buffers: Min: 1, Avg: 1.5, Max: 2, Diff: 1, Sum: 6]
      [Scan RS (ms): Min: 0.0, Avg: 0.0, Max: 0.0, Diff: 0.0, Sum: 0.0]
      [Code Root Scanning (ms): Min: 0.0, Avg: 0.0, Max: 0.0, Diff: 0.0, Sum: 0.0]
      [Object Copy (ms): Min: 0.0, Avg: 0.0, Max: 0.0, Diff: 0.0, Sum: 0.0]
      [Termination (ms): Min: 0.0, Avg: 0.0, Max: 0.0, Diff: 0.0, Sum: 0.0]
         [Termination Attempts: Min: 1, Avg: 1.0, Max: 1, Diff: 0, Sum: 4]
      [GC Worker Other (ms): Min: 0.0, Avg: 0.0, Max: 0.0, Diff: 0.0, Sum: 0.0]
      [GC Worker Total (ms): Min: 0.4, Avg: 0.4, Max: 0.4, Diff: 0.0, Sum: 1.6]
      [GC Worker End (ms): Min: 269533.4, Avg: 269533.4, Max: 269533.4, Diff: 0.0]
   [Code Root Fixup: 0.0 ms]
   [Code Root Purge: 0.0 ms]
   [Clear CT: 0.0 ms]
   [Other: 0.1 ms]
      [Choose CSet: 0.0 ms]
      [Ref Proc: 0.1 ms]
      [Ref Enq: 0.0 ms]
      [Redirty Cards: 0.0 ms]
      [Humongous Register: 0.0 ms]
      [Humongous Reclaim: 0.0 ms]
      [Free CSet: 0.0 ms]
   [Eden: 0.0B(25.0M)->0.0B(25.0M) Survivors: 0.0B->0.0B Heap: 511.1M(512.0M)->511.1M(512.0M)]
 [Times: user=0.06 sys=0.00, real=0.02 secs] 
2017-05-09T22:02:01.164+0300: 269.534: [GC concurrent-root-region-scan-start]
2017-05-09T22:02:01.164+0300: 269.534: [GC concurrent-root-region-scan-end, 0.0000075 secs]
2017-05-09T22:02:01.164+0300: 269.534: [GC concurrent-mark-start]
2017-05-09T22:02:01.164+0300: 269.534: [Full GC (Allocation Failure)  511M->507M(512M), 1.2003142 secs]
   [Eden: 0.0B(25.0M)->0.0B(25.0M) Survivors: 0.0B->0.0B Heap: 511.1M(512.0M)->507.3M(512.0M)], [Metaspace: 7484K->7484K(1056768K)]
 [Times: user=1.67 sys=0.00, real=1.19 secs] 
2017-05-09T22:02:02.356+0300: 270.734: [GC concurrent-mark-abort]
2017-05-09T22:02:02.418+0300: 270.801: [GC pause (G1 Evacuation Pause) (young) (to-space exhausted), 0.0100893 secs]
   [Parallel Time: 8.5 ms, GC Workers: 4]
      [GC Worker Start (ms): Min: 270801.3, Avg: 270801.3, Max: 270801.3, Diff: 0.0]
      [Ext Root Scanning (ms): Min: 0.2, Avg: 0.2, Max: 0.2, Diff: 0.0, Sum: 0.6]
      [Update RS (ms): Min: 0.0, Avg: 0.1, Max: 0.3, Diff: 0.3, Sum: 0.3]
         [Processed Buffers: Min: 0, Avg: 0.3, Max: 1, Diff: 1, Sum: 1]
      [Scan RS (ms): Min: 0.0, Avg: 0.0, Max: 0.0, Diff: 0.0, Sum: 0.0]
      [Code Root Scanning (ms): Min: 0.0, Avg: 0.0, Max: 0.0, Diff: 0.0, Sum: 0.0]
      [Object Copy (ms): Min: 7.9, Avg: 8.2, Max: 8.3, Diff: 0.4, Sum: 32.8]
      [Termination (ms): Min: 0.0, Avg: 0.0, Max: 0.0, Diff: 0.0, Sum: 0.0]
         [Termination Attempts: Min: 1, Avg: 1.3, Max: 2, Diff: 1, Sum: 5]
      [GC Worker Other (ms): Min: 0.0, Avg: 0.0, Max: 0.0, Diff: 0.0, Sum: 0.0]
      [GC Worker Total (ms): Min: 8.5, Avg: 8.5, Max: 8.5, Diff: 0.0, Sum: 33.9]
      [GC Worker End (ms): Min: 270809.8, Avg: 270809.8, Max: 270809.8, Diff: 0.0]
   [Code Root Fixup: 0.0 ms]
   [Code Root Purge: 0.0 ms]
   [Clear CT: 0.0 ms]
   [Other: 1.6 ms]
      [Evacuation Failure: 1.4 ms]
      [Choose CSet: 0.0 ms]
      [Ref Proc: 0.0 ms]
      [Ref Enq: 0.0 ms]
      [Redirty Cards: 0.0 ms]
      [Humongous Register: 0.0 ms]
      [Humongous Reclaim: 0.0 ms]
      [Free CSet: 0.0 ms]
   [Eden: 4096.0K(25.0M)->0.0B(25.0M) Survivors: 0.0B->0.0B Heap: 511.3M(512.0M)->511.3M(512.0M)]
 [Times: user=0.02 sys=0.02, real=0.02 secs] 
2017-05-09T22:02:02.434+0300: 270.812: [GC pause (G1 Evacuation Pause) (young) (initial-mark), 0.0004653 secs]
   [Parallel Time: 0.3 ms, GC Workers: 4]
      [GC Worker Start (ms): Min: 270811.6, Avg: 270811.6, Max: 270811.6, Diff: 0.0]
      [Ext Root Scanning (ms): Min: 0.2, Avg: 0.3, Max: 0.3, Diff: 0.0, Sum: 1.0]
      [Update RS (ms): Min: 0.0, Avg: 0.0, Max: 0.1, Diff: 0.0, Sum: 0.2]
         [Processed Buffers: Min: 1, Avg: 1.8, Max: 2, Diff: 1, Sum: 7]
      [Scan RS (ms): Min: 0.0, Avg: 0.0, Max: 0.0, Diff: 0.0, Sum: 0.0]
      [Code Root Scanning (ms): Min: 0.0, Avg: 0.0, Max: 0.0, Diff: 0.0, Sum: 0.0]
      [Object Copy (ms): Min: 0.0, Avg: 0.0, Max: 0.0, Diff: 0.0, Sum: 0.0]
      [Termination (ms): Min: 0.0, Avg: 0.0, Max: 0.0, Diff: 0.0, Sum: 0.0]
         [Termination Attempts: Min: 1, Avg: 1.0, Max: 1, Diff: 0, Sum: 4]
      [GC Worker Other (ms): Min: 0.0, Avg: 0.0, Max: 0.0, Diff: 0.0, Sum: 0.0]
      [GC Worker Total (ms): Min: 0.3, Avg: 0.3, Max: 0.3, Diff: 0.0, Sum: 1.3]
      [GC Worker End (ms): Min: 270811.9, Avg: 270811.9, Max: 270811.9, Diff: 0.0]
   [Code Root Fixup: 0.0 ms]
   [Code Root Purge: 0.0 ms]
   [Clear CT: 0.0 ms]
   [Other: 0.1 ms]
      [Choose CSet: 0.0 ms]
      [Ref Proc: 0.0 ms]
      [Ref Enq: 0.0 ms]
      [Redirty Cards: 0.0 ms]
      [Humongous Register: 0.0 ms]
      [Humongous Reclaim: 0.0 ms]
      [Free CSet: 0.0 ms]
   [Eden: 0.0B(25.0M)->0.0B(25.0M) Survivors: 0.0B->0.0B Heap: 511.3M(512.0M)->511.3M(512.0M)]
 [Times: user=0.00 sys=0.00, real=0.00 secs] 
2017-05-09T22:02:02.434+0300: 270.812: [GC concurrent-root-region-scan-start]
2017-05-09T22:02:02.434+0300: 270.812: [GC concurrent-root-region-scan-end, 0.0000072 secs]
2017-05-09T22:02:02.434+0300: 270.812: [GC concurrent-mark-start]
2017-05-09T22:02:02.434+0300: 270.812: [Full GC (Allocation Failure)  511M->507M(512M), 1.1944428 secs]
   [Eden: 0.0B(25.0M)->0.0B(25.0M) Survivors: 0.0B->0.0B Heap: 511.3M(512.0M)->507.4M(512.0M)], [Metaspace: 7484K->7484K(1056768K)]
 [Times: user=1.66 sys=0.00, real=1.19 secs] 
2017-05-09T22:02:03.629+0300: 272.007: [GC concurrent-mark-abort]
2017-05-09T22:02:03.712+0300: 272.087: [GC pause (G1 Evacuation Pause) (young) (to-space exhausted), 0.0098875 secs]
   [Parallel Time: 8.3 ms, GC Workers: 4]
      [GC Worker Start (ms): Min: 272087.0, Avg: 272087.0, Max: 272087.0, Diff: 0.1]
      [Ext Root Scanning (ms): Min: 0.1, Avg: 0.2, Max: 0.2, Diff: 0.0, Sum: 0.7]
      [Update RS (ms): Min: 0.0, Avg: 0.1, Max: 0.5, Diff: 0.5, Sum: 0.5]
         [Processed Buffers: Min: 0, Avg: 0.3, Max: 1, Diff: 1, Sum: 1]
      [Scan RS (ms): Min: 0.0, Avg: 0.0, Max: 0.0, Diff: 0.0, Sum: 0.0]
      [Code Root Scanning (ms): Min: 0.0, Avg: 0.0, Max: 0.0, Diff: 0.0, Sum: 0.0]
      [Object Copy (ms): Min: 7.5, Avg: 7.9, Max: 8.0, Diff: 0.5, Sum: 31.6]
      [Termination (ms): Min: 0.0, Avg: 0.0, Max: 0.0, Diff: 0.0, Sum: 0.0]
         [Termination Attempts: Min: 1, Avg: 1.0, Max: 1, Diff: 0, Sum: 4]
      [GC Worker Other (ms): Min: 0.0, Avg: 0.0, Max: 0.0, Diff: 0.0, Sum: 0.0]
      [GC Worker Total (ms): Min: 8.2, Avg: 8.2, Max: 8.2, Diff: 0.1, Sum: 32.8]
      [GC Worker End (ms): Min: 272095.2, Avg: 272095.2, Max: 272095.2, Diff: 0.0]
   [Code Root Fixup: 0.0 ms]
   [Code Root Purge: 0.0 ms]
   [Clear CT: 0.0 ms]
   [Other: 1.6 ms]
      [Evacuation Failure: 1.4 ms]
      [Choose CSet: 0.0 ms]
      [Ref Proc: 0.1 ms]
      [Ref Enq: 0.0 ms]
      [Redirty Cards: 0.0 ms]
      [Humongous Register: 0.0 ms]
      [Humongous Reclaim: 0.0 ms]
      [Free CSet: 0.0 ms]
   [Eden: 4096.0K(25.0M)->0.0B(25.0M) Survivors: 0.0B->0.0B Heap: 511.4M(512.0M)->511.4M(512.0M)]
 [Times: user=0.01 sys=0.00, real=0.02 secs] 
2017-05-09T22:02:03.728+0300: 272.097: [GC pause (G1 Evacuation Pause) (young) (initial-mark), 0.0005063 secs]
   [Parallel Time: 0.4 ms, GC Workers: 4]
      [GC Worker Start (ms): Min: 272097.1, Avg: 272097.1, Max: 272097.1, Diff: 0.0]
      [Ext Root Scanning (ms): Min: 0.3, Avg: 0.3, Max: 0.3, Diff: 0.0, Sum: 1.1]
      [Update RS (ms): Min: 0.0, Avg: 0.1, Max: 0.1, Diff: 0.0, Sum: 0.2]
         [Processed Buffers: Min: 1, Avg: 1.5, Max: 2, Diff: 1, Sum: 6]
      [Scan RS (ms): Min: 0.0, Avg: 0.0, Max: 0.0, Diff: 0.0, Sum: 0.0]
      [Code Root Scanning (ms): Min: 0.0, Avg: 0.0, Max: 0.0, Diff: 0.0, Sum: 0.0]
      [Object Copy (ms): Min: 0.0, Avg: 0.0, Max: 0.0, Diff: 0.0, Sum: 0.0]
      [Termination (ms): Min: 0.0, Avg: 0.0, Max: 0.0, Diff: 0.0, Sum: 0.0]
         [Termination Attempts: Min: 1, Avg: 1.0, Max: 1, Diff: 0, Sum: 4]
      [GC Worker Other (ms): Min: 0.0, Avg: 0.0, Max: 0.0, Diff: 0.0, Sum: 0.0]
      [GC Worker Total (ms): Min: 0.3, Avg: 0.3, Max: 0.3, Diff: 0.0, Sum: 1.4]
      [GC Worker End (ms): Min: 272097.4, Avg: 272097.4, Max: 272097.4, Diff: 0.0]
   [Code Root Fixup: 0.0 ms]
   [Code Root Purge: 0.0 ms]
   [Clear CT: 0.0 ms]
   [Other: 0.1 ms]
      [Choose CSet: 0.0 ms]
      [Ref Proc: 0.0 ms]
      [Ref Enq: 0.0 ms]
      [Redirty Cards: 0.0 ms]
      [Humongous Register: 0.0 ms]
      [Humongous Reclaim: 0.0 ms]
      [Free CSet: 0.0 ms]
   [Eden: 0.0B(25.0M)->0.0B(25.0M) Survivors: 0.0B->0.0B Heap: 511.4M(512.0M)->511.4M(512.0M)]
 [Times: user=0.00 sys=0.00, real=0.00 secs] 
2017-05-09T22:02:03.728+0300: 272.098: [GC concurrent-root-region-scan-start]
2017-05-09T22:02:03.728+0300: 272.098: [GC concurrent-root-region-scan-end, 0.0000069 secs]
2017-05-09T22:02:03.728+0300: 272.098: [GC concurrent-mark-start]
2017-05-09T22:02:03.728+0300: 272.098: [Full GC (Allocation Failure)  511M->507M(512M), 1.1943425 secs]
   [Eden: 0.0B(25.0M)->0.0B(25.0M) Survivors: 0.0B->0.0B Heap: 511.4M(512.0M)->507.6M(512.0M)], [Metaspace: 7484K->7484K(1056768K)]
 [Times: user=1.66 sys=0.00, real=1.19 secs] 
2017-05-09T22:02:04.920+0300: 273.292: [GC concurrent-mark-abort]
2017-05-09T22:02:05.014+0300: 273.389: [GC pause (G1 Evacuation Pause) (young) (to-space exhausted), 0.0097643 secs]
   [Parallel Time: 8.2 ms, GC Workers: 4]
      [GC Worker Start (ms): Min: 273389.0, Avg: 273389.1, Max: 273389.1, Diff: 0.1]
      [Ext Root Scanning (ms): Min: 0.1, Avg: 0.2, Max: 0.2, Diff: 0.1, Sum: 0.7]
      [Update RS (ms): Min: 0.0, Avg: 0.1, Max: 0.6, Diff: 0.6, Sum: 0.6]
         [Processed Buffers: Min: 0, Avg: 0.3, Max: 1, Diff: 1, Sum: 1]
      [Scan RS (ms): Min: 0.0, Avg: 0.0, Max: 0.0, Diff: 0.0, Sum: 0.0]
      [Code Root Scanning (ms): Min: 0.0, Avg: 0.0, Max: 0.0, Diff: 0.0, Sum: 0.0]
      [Object Copy (ms): Min: 7.3, Avg: 7.7, Max: 7.9, Diff: 0.6, Sum: 30.8]
      [Termination (ms): Min: 0.0, Avg: 0.0, Max: 0.0, Diff: 0.0, Sum: 0.0]
         [Termination Attempts: Min: 1, Avg: 2.3, Max: 3, Diff: 2, Sum: 9]
      [GC Worker Other (ms): Min: 0.0, Avg: 0.0, Max: 0.0, Diff: 0.0, Sum: 0.0]
      [GC Worker Total (ms): Min: 8.0, Avg: 8.0, Max: 8.1, Diff: 0.1, Sum: 32.2]
      [GC Worker End (ms): Min: 273397.1, Avg: 273397.1, Max: 273397.1, Diff: 0.0]
   [Code Root Fixup: 0.0 ms]
   [Code Root Purge: 0.0 ms]
   [Clear CT: 0.0 ms]
   [Other: 1.6 ms]
      [Evacuation Failure: 1.4 ms]
      [Choose CSet: 0.0 ms]
      [Ref Proc: 0.0 ms]
      [Ref Enq: 0.0 ms]
      [Redirty Cards: 0.0 ms]
      [Humongous Register: 0.0 ms]
      [Humongous Reclaim: 0.0 ms]
      [Free CSet: 0.0 ms]
   [Eden: 4096.0K(25.0M)->0.0B(25.0M) Survivors: 0.0B->0.0B Heap: 511.6M(512.0M)->511.6M(512.0M)]
 [Times: user=0.02 sys=0.00, real=0.02 secs] 
2017-05-09T22:02:05.030+0300: 273.399: [GC pause (G1 Evacuation Pause) (young) (initial-mark), 0.0004885 secs]
   [Parallel Time: 0.3 ms, GC Workers: 4]
      [GC Worker Start (ms): Min: 273399.0, Avg: 273399.0, Max: 273399.0, Diff: 0.0]
      [Ext Root Scanning (ms): Min: 0.3, Avg: 0.3, Max: 0.3, Diff: 0.0, Sum: 1.0]
      [Update RS (ms): Min: 0.0, Avg: 0.0, Max: 0.1, Diff: 0.0, Sum: 0.2]
         [Processed Buffers: Min: 1, Avg: 1.5, Max: 2, Diff: 1, Sum: 6]
      [Scan RS (ms): Min: 0.0, Avg: 0.0, Max: 0.0, Diff: 0.0, Sum: 0.0]
      [Code Root Scanning (ms): Min: 0.0, Avg: 0.0, Max: 0.0, Diff: 0.0, Sum: 0.0]
      [Object Copy (ms): Min: 0.0, Avg: 0.0, Max: 0.0, Diff: 0.0, Sum: 0.0]
      [Termination (ms): Min: 0.0, Avg: 0.0, Max: 0.0, Diff: 0.0, Sum: 0.0]
         [Termination Attempts: Min: 1, Avg: 1.0, Max: 1, Diff: 0, Sum: 4]
      [GC Worker Other (ms): Min: 0.0, Avg: 0.0, Max: 0.0, Diff: 0.0, Sum: 0.0]
      [GC Worker Total (ms): Min: 0.3, Avg: 0.3, Max: 0.3, Diff: 0.0, Sum: 1.3]
      [GC Worker End (ms): Min: 273399.3, Avg: 273399.3, Max: 273399.3, Diff: 0.0]
   [Code Root Fixup: 0.0 ms]
   [Code Root Purge: 0.0 ms]
   [Clear CT: 0.0 ms]
   [Other: 0.1 ms]
      [Choose CSet: 0.0 ms]
      [Ref Proc: 0.0 ms]
      [Ref Enq: 0.0 ms]
      [Redirty Cards: 0.0 ms]
      [Humongous Register: 0.0 ms]
      [Humongous Reclaim: 0.0 ms]
      [Free CSet: 0.0 ms]
   [Eden: 0.0B(25.0M)->0.0B(25.0M) Survivors: 0.0B->0.0B Heap: 511.6M(512.0M)->511.6M(512.0M)]
 [Times: user=0.00 sys=0.00, real=0.00 secs] 
2017-05-09T22:02:05.030+0300: 273.400: [GC concurrent-root-region-scan-start]
2017-05-09T22:02:05.030+0300: 273.400: [GC concurrent-root-region-scan-end, 0.0000072 secs]
2017-05-09T22:02:05.030+0300: 273.400: [GC concurrent-mark-start]
2017-05-09T22:02:05.030+0300: 273.400: [Full GC (Allocation Failure)  511M->507M(512M), 1.2088868 secs]
   [Eden: 0.0B(25.0M)->0.0B(25.0M) Survivors: 0.0B->0.0B Heap: 511.6M(512.0M)->507.7M(512.0M)], [Metaspace: 7484K->7484K(1056768K)]
 [Times: user=1.66 sys=0.00, real=1.20 secs] 
2017-05-09T22:02:06.226+0300: 274.609: [GC concurrent-mark-abort]
2017-05-09T22:02:06.288+0300: 274.670: [GC pause (G1 Evacuation Pause) (young) (to-space exhausted), 0.0077525 secs]
   [Parallel Time: 6.0 ms, GC Workers: 4]
      [GC Worker Start (ms): Min: 274670.4, Avg: 274670.4, Max: 274670.5, Diff: 0.1]
      [Ext Root Scanning (ms): Min: 0.1, Avg: 0.2, Max: 0.2, Diff: 0.1, Sum: 0.7]
      [Update RS (ms): Min: 0.0, Avg: 0.1, Max: 0.3, Diff: 0.3, Sum: 0.3]
         [Processed Buffers: Min: 0, Avg: 0.3, Max: 1, Diff: 1, Sum: 1]
      [Scan RS (ms): Min: 0.0, Avg: 0.0, Max: 0.0, Diff: 0.0, Sum: 0.0]
      [Code Root Scanning (ms): Min: 0.0, Avg: 0.0, Max: 0.0, Diff: 0.0, Sum: 0.0]
      [Object Copy (ms): Min: 5.4, Avg: 5.6, Max: 5.7, Diff: 0.3, Sum: 22.6]
      [Termination (ms): Min: 0.0, Avg: 0.0, Max: 0.0, Diff: 0.0, Sum: 0.0]
         [Termination Attempts: Min: 1, Avg: 1.5, Max: 2, Diff: 1, Sum: 6]
      [GC Worker Other (ms): Min: 0.0, Avg: 0.0, Max: 0.0, Diff: 0.0, Sum: 0.0]
      [GC Worker Total (ms): Min: 5.9, Avg: 5.9, Max: 6.0, Diff: 0.1, Sum: 23.6]
      [GC Worker End (ms): Min: 274676.4, Avg: 274676.4, Max: 274676.4, Diff: 0.0]
   [Code Root Fixup: 0.0 ms]
   [Code Root Purge: 0.0 ms]
   [Clear CT: 0.1 ms]
   [Other: 1.7 ms]
      [Evacuation Failure: 1.4 ms]
      [Choose CSet: 0.0 ms]
      [Ref Proc: 0.1 ms]
      [Ref Enq: 0.0 ms]
      [Redirty Cards: 0.1 ms]
      [Humongous Register: 0.0 ms]
      [Humongous Reclaim: 0.0 ms]
      [Free CSet: 0.0 ms]
   [Eden: 3072.0K(25.0M)->0.0B(25.0M) Survivors: 0.0B->0.0B Heap: 510.7M(512.0M)->510.7M(512.0M)]
 [Times: user=0.03 sys=0.00, real=0.02 secs] 
2017-05-09T22:02:06.304+0300: 274.678: [GC pause (G1 Evacuation Pause) (young) (initial-mark), 0.0005466 secs]
   [Parallel Time: 0.3 ms, GC Workers: 4]
      [GC Worker Start (ms): Min: 274678.3, Avg: 274678.3, Max: 274678.3, Diff: 0.0]
      [Ext Root Scanning (ms): Min: 0.2, Avg: 0.2, Max: 0.2, Diff: 0.0, Sum: 0.8]
      [Update RS (ms): Min: 0.0, Avg: 0.0, Max: 0.1, Diff: 0.1, Sum: 0.1]
         [Processed Buffers: Min: 1, Avg: 1.8, Max: 2, Diff: 1, Sum: 7]
      [Scan RS (ms): Min: 0.0, Avg: 0.0, Max: 0.0, Diff: 0.0, Sum: 0.0]
      [Code Root Scanning (ms): Min: 0.0, Avg: 0.0, Max: 0.0, Diff: 0.0, Sum: 0.0]
      [Object Copy (ms): Min: 0.0, Avg: 0.0, Max: 0.0, Diff: 0.0, Sum: 0.0]
      [Termination (ms): Min: 0.0, Avg: 0.0, Max: 0.0, Diff: 0.0, Sum: 0.0]
         [Termination Attempts: Min: 1, Avg: 1.0, Max: 1, Diff: 0, Sum: 4]
      [GC Worker Other (ms): Min: 0.0, Avg: 0.0, Max: 0.0, Diff: 0.0, Sum: 0.0]
      [GC Worker Total (ms): Min: 0.2, Avg: 0.3, Max: 0.3, Diff: 0.0, Sum: 1.0]
      [GC Worker End (ms): Min: 274678.6, Avg: 274678.6, Max: 274678.6, Diff: 0.0]
   [Code Root Fixup: 0.0 ms]
   [Code Root Purge: 0.0 ms]
   [Clear CT: 0.1 ms]
   [Other: 0.2 ms]
      [Choose CSet: 0.0 ms]
      [Ref Proc: 0.1 ms]
      [Ref Enq: 0.0 ms]
      [Redirty Cards: 0.0 ms]
      [Humongous Register: 0.0 ms]
      [Humongous Reclaim: 0.0 ms]
      [Free CSet: 0.0 ms]
   [Eden: 0.0B(25.0M)->0.0B(25.0M) Survivors: 0.0B->0.0B Heap: 510.7M(512.0M)->510.7M(512.0M)]
 [Times: user=0.00 sys=0.00, real=0.00 secs] 
2017-05-09T22:02:06.304+0300: 274.679: [GC concurrent-root-region-scan-start]
2017-05-09T22:02:06.304+0300: 274.679: [GC concurrent-root-region-scan-end, 0.0000072 secs]
2017-05-09T22:02:06.304+0300: 274.679: [GC concurrent-mark-start]
2017-05-09T22:02:06.304+0300: 274.679: [Full GC (Allocation Failure)  510M->507M(512M), 1.1978220 secs]
   [Eden: 0.0B(25.0M)->0.0B(25.0M) Survivors: 0.0B->0.0B Heap: 510.7M(512.0M)->507.9M(512.0M)], [Metaspace: 7484K->7484K(1056768K)]
 [Times: user=1.70 sys=0.00, real=1.19 secs] 
2017-05-09T22:02:07.493+0300: 275.877: [GC concurrent-mark-abort]
2017-05-09T22:02:07.540+0300: 275.924: [GC pause (G1 Evacuation Pause) (young) (to-space exhausted), 0.0077239 secs]
   [Parallel Time: 6.1 ms, GC Workers: 4]
      [GC Worker Start (ms): Min: 275924.1, Avg: 275924.1, Max: 275924.1, Diff: 0.0]
      [Ext Root Scanning (ms): Min: 0.2, Avg: 0.2, Max: 0.2, Diff: 0.0, Sum: 0.6]
      [Update RS (ms): Min: 0.0, Avg: 0.1, Max: 0.3, Diff: 0.3, Sum: 0.3]
         [Processed Buffers: Min: 0, Avg: 0.3, Max: 1, Diff: 1, Sum: 1]
      [Scan RS (ms): Min: 0.0, Avg: 0.0, Max: 0.0, Diff: 0.0, Sum: 0.0]
      [Code Root Scanning (ms): Min: 0.0, Avg: 0.0, Max: 0.0, Diff: 0.0, Sum: 0.0]
      [Object Copy (ms): Min: 5.6, Avg: 5.8, Max: 5.9, Diff: 0.3, Sum: 23.2]
      [Termination (ms): Min: 0.0, Avg: 0.0, Max: 0.0, Diff: 0.0, Sum: 0.0]
         [Termination Attempts: Min: 1, Avg: 1.0, Max: 1, Diff: 0, Sum: 4]
      [GC Worker Other (ms): Min: 0.0, Avg: 0.0, Max: 0.0, Diff: 0.0, Sum: 0.0]
      [GC Worker Total (ms): Min: 6.0, Avg: 6.0, Max: 6.0, Diff: 0.0, Sum: 24.1]
      [GC Worker End (ms): Min: 275930.1, Avg: 275930.1, Max: 275930.2, Diff: 0.0]
   [Code Root Fixup: 0.0 ms]
   [Code Root Purge: 0.0 ms]
   [Clear CT: 0.0 ms]
   [Other: 1.6 ms]
      [Evacuation Failure: 1.5 ms]
      [Choose CSet: 0.0 ms]
      [Ref Proc: 0.1 ms]
      [Ref Enq: 0.0 ms]
      [Redirty Cards: 0.0 ms]
      [Humongous Register: 0.0 ms]
      [Humongous Reclaim: 0.0 ms]
      [Free CSet: 0.0 ms]
   [Eden: 3072.0K(25.0M)->0.0B(25.0M) Survivors: 0.0B->0.0B Heap: 510.9M(512.0M)->510.9M(512.0M)]
 [Times: user=0.01 sys=0.00, real=0.02 secs] 
2017-05-09T22:02:07.556+0300: 275.932: [GC pause (G1 Evacuation Pause) (young) (initial-mark), 0.0004539 secs]
   [Parallel Time: 0.3 ms, GC Workers: 4]
      [GC Worker Start (ms): Min: 275932.0, Avg: 275932.0, Max: 275932.0, Diff: 0.0]
      [Ext Root Scanning (ms): Min: 0.2, Avg: 0.3, Max: 0.3, Diff: 0.0, Sum: 1.0]
      [Update RS (ms): Min: 0.0, Avg: 0.0, Max: 0.0, Diff: 0.0, Sum: 0.2]
         [Processed Buffers: Min: 1, Avg: 1.8, Max: 3, Diff: 2, Sum: 7]
      [Scan RS (ms): Min: 0.0, Avg: 0.0, Max: 0.0, Diff: 0.0, Sum: 0.0]
      [Code Root Scanning (ms): Min: 0.0, Avg: 0.0, Max: 0.0, Diff: 0.0, Sum: 0.0]
      [Object Copy (ms): Min: 0.0, Avg: 0.0, Max: 0.0, Diff: 0.0, Sum: 0.0]
      [Termination (ms): Min: 0.0, Avg: 0.0, Max: 0.0, Diff: 0.0, Sum: 0.0]
         [Termination Attempts: Min: 1, Avg: 1.0, Max: 1, Diff: 0, Sum: 4]
      [GC Worker Other (ms): Min: 0.0, Avg: 0.0, Max: 0.0, Diff: 0.0, Sum: 0.0]
      [GC Worker Total (ms): Min: 0.3, Avg: 0.3, Max: 0.3, Diff: 0.0, Sum: 1.2]
      [GC Worker End (ms): Min: 275932.3, Avg: 275932.3, Max: 275932.3, Diff: 0.0]
   [Code Root Fixup: 0.0 ms]
   [Code Root Purge: 0.0 ms]
   [Clear CT: 0.0 ms]
   [Other: 0.1 ms]
      [Choose CSet: 0.0 ms]
      [Ref Proc: 0.0 ms]
      [Ref Enq: 0.0 ms]
      [Redirty Cards: 0.0 ms]
      [Humongous Register: 0.0 ms]
      [Humongous Reclaim: 0.0 ms]
      [Free CSet: 0.0 ms]
   [Eden: 0.0B(25.0M)->0.0B(25.0M) Survivors: 0.0B->0.0B Heap: 510.9M(512.0M)->510.9M(512.0M)]
 [Times: user=0.00 sys=0.00, real=0.00 secs] 
2017-05-09T22:02:07.556+0300: 275.933: [GC concurrent-root-region-scan-start]
2017-05-09T22:02:07.556+0300: 275.933: [GC concurrent-root-region-scan-end, 0.0000069 secs]
2017-05-09T22:02:07.556+0300: 275.933: [GC concurrent-mark-start]
2017-05-09T22:02:07.556+0300: 275.933: [Full GC (Allocation Failure)  510M->507M(512M), 1.2028458 secs]
   [Eden: 0.0B(25.0M)->0.0B(25.0M) Survivors: 0.0B->0.0B Heap: 510.9M(512.0M)->508.0M(512.0M)], [Metaspace: 7484K->7484K(1056768K)]
 [Times: user=1.64 sys=0.02, real=1.19 secs] 
2017-05-09T22:02:08.751+0300: 277.136: [GC concurrent-mark-abort]
2017-05-09T22:02:08.798+0300: 277.181: [GC pause (G1 Evacuation Pause) (young) (to-space exhausted), 0.0080594 secs]
   [Parallel Time: 6.5 ms, GC Workers: 4]
      [GC Worker Start (ms): Min: 277181.0, Avg: 277181.1, Max: 277181.1, Diff: 0.1]
      [Ext Root Scanning (ms): Min: 0.2, Avg: 0.2, Max: 0.2, Diff: 0.1, Sum: 0.7]
      [Update RS (ms): Min: 0.0, Avg: 0.1, Max: 0.3, Diff: 0.3, Sum: 0.3]
         [Processed Buffers: Min: 0, Avg: 0.3, Max: 1, Diff: 1, Sum: 1]
      [Scan RS (ms): Min: 0.0, Avg: 0.0, Max: 0.0, Diff: 0.0, Sum: 0.0]
      [Code Root Scanning (ms): Min: 0.0, Avg: 0.0, Max: 0.0, Diff: 0.0, Sum: 0.0]
      [Object Copy (ms): Min: 5.9, Avg: 6.1, Max: 6.2, Diff: 0.3, Sum: 24.6]
      [Termination (ms): Min: 0.0, Avg: 0.0, Max: 0.0, Diff: 0.0, Sum: 0.0]
         [Termination Attempts: Min: 1, Avg: 1.0, Max: 1, Diff: 0, Sum: 4]
      [GC Worker Other (ms): Min: 0.0, Avg: 0.0, Max: 0.0, Diff: 0.0, Sum: 0.0]
      [GC Worker Total (ms): Min: 6.4, Avg: 6.4, Max: 6.4, Diff: 0.1, Sum: 25.6]
      [GC Worker End (ms): Min: 277187.5, Avg: 277187.5, Max: 277187.5, Diff: 0.0]
   [Code Root Fixup: 0.0 ms]
   [Code Root Purge: 0.0 ms]
   [Clear CT: 0.0 ms]
   [Other: 1.6 ms]
      [Evacuation Failure: 1.4 ms]
      [Choose CSet: 0.0 ms]
      [Ref Proc: 0.0 ms]
      [Ref Enq: 0.0 ms]
      [Redirty Cards: 0.0 ms]
      [Humongous Register: 0.0 ms]
      [Humongous Reclaim: 0.0 ms]
      [Free CSet: 0.0 ms]
   [Eden: 3072.0K(25.0M)->0.0B(25.0M) Survivors: 0.0B->0.0B Heap: 511.0M(512.0M)->511.0M(512.0M)]
 [Times: user=0.02 sys=0.00, real=0.02 secs] 
2017-05-09T22:02:08.814+0300: 277.189: [GC pause (G1 Evacuation Pause) (young) (initial-mark), 0.0004159 secs]
   [Parallel Time: 0.3 ms, GC Workers: 4]
      [GC Worker Start (ms): Min: 277189.3, Avg: 277189.3, Max: 277189.3, Diff: 0.0]
      [Ext Root Scanning (ms): Min: 0.2, Avg: 0.2, Max: 0.2, Diff: 0.0, Sum: 0.9]
      [Update RS (ms): Min: 0.0, Avg: 0.0, Max: 0.1, Diff: 0.0, Sum: 0.2]
         [Processed Buffers: Min: 1, Avg: 1.5, Max: 2, Diff: 1, Sum: 6]
      [Scan RS (ms): Min: 0.0, Avg: 0.0, Max: 0.0, Diff: 0.0, Sum: 0.0]
      [Code Root Scanning (ms): Min: 0.0, Avg: 0.0, Max: 0.0, Diff: 0.0, Sum: 0.0]
      [Object Copy (ms): Min: 0.0, Avg: 0.0, Max: 0.0, Diff: 0.0, Sum: 0.0]
      [Termination (ms): Min: 0.0, Avg: 0.0, Max: 0.0, Diff: 0.0, Sum: 0.0]
         [Termination Attempts: Min: 1, Avg: 1.0, Max: 1, Diff: 0, Sum: 4]
      [GC Worker Other (ms): Min: 0.0, Avg: 0.0, Max: 0.0, Diff: 0.0, Sum: 0.0]
      [GC Worker Total (ms): Min: 0.3, Avg: 0.3, Max: 0.3, Diff: 0.0, Sum: 1.1]
      [GC Worker End (ms): Min: 277189.5, Avg: 277189.5, Max: 277189.5, Diff: 0.0]
   [Code Root Fixup: 0.0 ms]
   [Code Root Purge: 0.0 ms]
   [Clear CT: 0.0 ms]
   [Other: 0.1 ms]
      [Choose CSet: 0.0 ms]
      [Ref Proc: 0.0 ms]
      [Ref Enq: 0.0 ms]
      [Redirty Cards: 0.0 ms]
      [Humongous Register: 0.0 ms]
      [Humongous Reclaim: 0.0 ms]
      [Free CSet: 0.0 ms]
   [Eden: 0.0B(25.0M)->0.0B(25.0M) Survivors: 0.0B->0.0B Heap: 511.0M(512.0M)->511.0M(512.0M)]
 [Times: user=0.00 sys=0.00, real=0.00 secs] 
2017-05-09T22:02:08.814+0300: 277.190: [GC concurrent-root-region-scan-start]
2017-05-09T22:02:08.814+0300: 277.190: [GC concurrent-root-region-scan-end, 0.0000072 secs]
2017-05-09T22:02:08.814+0300: 277.190: [GC concurrent-mark-start]
2017-05-09T22:02:08.814+0300: 277.190: [Full GC (Allocation Failure)  510M->508M(512M), 1.2062316 secs]
   [Eden: 0.0B(25.0M)->0.0B(25.0M) Survivors: 0.0B->0.0B Heap: 511.0M(512.0M)->508.1M(512.0M)], [Metaspace: 7484K->7484K(1056768K)]
 [Times: user=1.67 sys=0.00, real=1.21 secs] 
2017-05-09T22:02:10.020+0300: 278.396: [GC concurrent-mark-abort]
2017-05-09T22:02:10.082+0300: 278.464: [GC pause (G1 Evacuation Pause) (young) (to-space exhausted), 0.0073775 secs]
   [Parallel Time: 5.8 ms, GC Workers: 4]
      [GC Worker Start (ms): Min: 278464.2, Avg: 278464.2, Max: 278464.2, Diff: 0.1]
      [Ext Root Scanning (ms): Min: 0.1, Avg: 0.2, Max: 0.2, Diff: 0.1, Sum: 0.7]
      [Update RS (ms): Min: 0.0, Avg: 0.1, Max: 0.5, Diff: 0.5, Sum: 0.5]
         [Processed Buffers: Min: 0, Avg: 0.3, Max: 1, Diff: 1, Sum: 1]
      [Scan RS (ms): Min: 0.0, Avg: 0.0, Max: 0.0, Diff: 0.0, Sum: 0.0]
      [Code Root Scanning (ms): Min: 0.0, Avg: 0.0, Max: 0.0, Diff: 0.0, Sum: 0.0]
      [Object Copy (ms): Min: 5.1, Avg: 5.4, Max: 5.5, Diff: 0.5, Sum: 21.7]
      [Termination (ms): Min: 0.0, Avg: 0.0, Max: 0.0, Diff: 0.0, Sum: 0.0]
         [Termination Attempts: Min: 1, Avg: 1.0, Max: 1, Diff: 0, Sum: 4]
      [GC Worker Other (ms): Min: 0.0, Avg: 0.0, Max: 0.0, Diff: 0.0, Sum: 0.0]
      [GC Worker Total (ms): Min: 5.7, Avg: 5.7, Max: 5.8, Diff: 0.1, Sum: 22.9]
      [GC Worker End (ms): Min: 278469.9, Avg: 278469.9, Max: 278470.0, Diff: 0.0]
   [Code Root Fixup: 0.0 ms]
   [Code Root Purge: 0.0 ms]
   [Clear CT: 0.0 ms]
   [Other: 1.5 ms]
      [Evacuation Failure: 1.4 ms]
      [Choose CSet: 0.0 ms]
      [Ref Proc: 0.0 ms]
      [Ref Enq: 0.0 ms]
      [Redirty Cards: 0.0 ms]
      [Humongous Register: 0.0 ms]
      [Humongous Reclaim: 0.0 ms]
      [Free CSet: 0.0 ms]
   [Eden: 3072.0K(25.0M)->0.0B(25.0M) Survivors: 0.0B->0.0B Heap: 511.1M(512.0M)->511.1M(512.0M)]
 [Times: user=0.02 sys=0.00, real=0.02 secs] 
2017-05-09T22:02:10.098+0300: 278.472: [GC pause (G1 Evacuation Pause) (young) (initial-mark), 0.0004241 secs]
   [Parallel Time: 0.3 ms, GC Workers: 4]
      [GC Worker Start (ms): Min: 278471.7, Avg: 278471.7, Max: 278471.7, Diff: 0.0]
      [Ext Root Scanning (ms): Min: 0.2, Avg: 0.2, Max: 0.2, Diff: 0.0, Sum: 0.9]
      [Update RS (ms): Min: 0.0, Avg: 0.0, Max: 0.1, Diff: 0.0, Sum: 0.1]
         [Processed Buffers: Min: 1, Avg: 1.5, Max: 2, Diff: 1, Sum: 6]
      [Scan RS (ms): Min: 0.0, Avg: 0.0, Max: 0.0, Diff: 0.0, Sum: 0.0]
      [Code Root Scanning (ms): Min: 0.0, Avg: 0.0, Max: 0.0, Diff: 0.0, Sum: 0.0]
      [Object Copy (ms): Min: 0.0, Avg: 0.0, Max: 0.0, Diff: 0.0, Sum: 0.0]
      [Termination (ms): Min: 0.0, Avg: 0.0, Max: 0.0, Diff: 0.0, Sum: 0.0]
         [Termination Attempts: Min: 1, Avg: 1.0, Max: 1, Diff: 0, Sum: 4]
      [GC Worker Other (ms): Min: 0.0, Avg: 0.0, Max: 0.0, Diff: 0.0, Sum: 0.0]
      [GC Worker Total (ms): Min: 0.3, Avg: 0.3, Max: 0.3, Diff: 0.0, Sum: 1.1]
      [GC Worker End (ms): Min: 278472.0, Avg: 278472.0, Max: 278472.0, Diff: 0.0]
   [Code Root Fixup: 0.0 ms]
   [Code Root Purge: 0.0 ms]
   [Clear CT: 0.0 ms]
   [Other: 0.1 ms]
      [Choose CSet: 0.0 ms]
      [Ref Proc: 0.0 ms]
      [Ref Enq: 0.0 ms]
      [Redirty Cards: 0.0 ms]
      [Humongous Register: 0.0 ms]
      [Humongous Reclaim: 0.0 ms]
      [Free CSet: 0.0 ms]
   [Eden: 0.0B(25.0M)->0.0B(25.0M) Survivors: 0.0B->0.0B Heap: 511.1M(512.0M)->511.1M(512.0M)]
 [Times: user=0.00 sys=0.00, real=0.00 secs] 
2017-05-09T22:02:10.098+0300: 278.472: [GC concurrent-root-region-scan-start]
2017-05-09T22:02:10.098+0300: 278.472: [GC concurrent-root-region-scan-end, 0.0000069 secs]
2017-05-09T22:02:10.098+0300: 278.472: [GC concurrent-mark-start]
2017-05-09T22:02:10.098+0300: 278.472: [Full GC (Allocation Failure)  511M->508M(512M), 1.2019402 secs]
   [Eden: 0.0B(25.0M)->0.0B(25.0M) Survivors: 0.0B->0.0B Heap: 511.1M(512.0M)->508.2M(512.0M)], [Metaspace: 7484K->7484K(1056768K)]
 [Times: user=1.66 sys=0.00, real=1.20 secs] 
2017-05-09T22:02:11.298+0300: 279.674: [GC concurrent-mark-abort]
2017-05-09T22:02:11.361+0300: 279.730: [GC pause (G1 Evacuation Pause) (young) (to-space exhausted), 0.0076281 secs]
   [Parallel Time: 6.1 ms, GC Workers: 4]
      [GC Worker Start (ms): Min: 279730.2, Avg: 279730.3, Max: 279730.4, Diff: 0.2]
      [Ext Root Scanning (ms): Min: 0.0, Avg: 0.1, Max: 0.2, Diff: 0.2, Sum: 0.5]
      [Update RS (ms): Min: 0.0, Avg: 0.1, Max: 0.3, Diff: 0.3, Sum: 0.3]
         [Processed Buffers: Min: 0, Avg: 0.3, Max: 1, Diff: 1, Sum: 1]
      [Scan RS (ms): Min: 0.0, Avg: 0.0, Max: 0.0, Diff: 0.0, Sum: 0.0]
      [Code Root Scanning (ms): Min: 0.0, Avg: 0.0, Max: 0.0, Diff: 0.0, Sum: 0.0]
      [Object Copy (ms): Min: 5.6, Avg: 5.8, Max: 5.9, Diff: 0.3, Sum: 23.2]
      [Termination (ms): Min: 0.0, Avg: 0.0, Max: 0.0, Diff: 0.0, Sum: 0.0]
         [Termination Attempts: Min: 1, Avg: 1.0, Max: 1, Diff: 0, Sum: 4]
      [GC Worker Other (ms): Min: 0.0, Avg: 0.0, Max: 0.0, Diff: 0.0, Sum: 0.0]
      [GC Worker Total (ms): Min: 5.8, Avg: 6.0, Max: 6.1, Diff: 0.2, Sum: 24.0]
      [GC Worker End (ms): Min: 279736.3, Avg: 279736.3, Max: 279736.3, Diff: 0.0]
   [Code Root Fixup: 0.0 ms]
   [Code Root Purge: 0.0 ms]
   [Clear CT: 0.0 ms]
   [Other: 1.5 ms]
      [Evacuation Failure: 1.4 ms]
      [Choose CSet: 0.0 ms]
      [Ref Proc: 0.0 ms]
      [Ref Enq: 0.0 ms]
      [Redirty Cards: 0.0 ms]
      [Humongous Register: 0.0 ms]
      [Humongous Reclaim: 0.0 ms]
      [Free CSet: 0.0 ms]
   [Eden: 3072.0K(25.0M)->0.0B(25.0M) Survivors: 0.0B->0.0B Heap: 511.2M(512.0M)->511.2M(512.0M)]
 [Times: user=0.00 sys=0.00, real=0.00 secs] 
2017-05-09T22:02:11.361+0300: 279.738: [GC pause (G1 Evacuation Pause) (young) (initial-mark), 0.0004337 secs]
   [Parallel Time: 0.3 ms, GC Workers: 4]
      [GC Worker Start (ms): Min: 279738.0, Avg: 279738.0, Max: 279738.0, Diff: 0.0]
      [Ext Root Scanning (ms): Min: 0.2, Avg: 0.2, Max: 0.2, Diff: 0.0, Sum: 1.0]
      [Update RS (ms): Min: 0.0, Avg: 0.0, Max: 0.0, Diff: 0.0, Sum: 0.1]
         [Processed Buffers: Min: 1, Avg: 1.5, Max: 2, Diff: 1, Sum: 6]
      [Scan RS (ms): Min: 0.0, Avg: 0.0, Max: 0.0, Diff: 0.0, Sum: 0.0]
      [Code Root Scanning (ms): Min: 0.0, Avg: 0.0, Max: 0.0, Diff: 0.0, Sum: 0.0]
      [Object Copy (ms): Min: 0.0, Avg: 0.0, Max: 0.0, Diff: 0.0, Sum: 0.0]
      [Termination (ms): Min: 0.0, Avg: 0.0, Max: 0.0, Diff: 0.0, Sum: 0.0]
         [Termination Attempts: Min: 1, Avg: 1.0, Max: 1, Diff: 0, Sum: 4]
      [GC Worker Other (ms): Min: 0.0, Avg: 0.0, Max: 0.0, Diff: 0.0, Sum: 0.0]
      [GC Worker Total (ms): Min: 0.3, Avg: 0.3, Max: 0.3, Diff: 0.0, Sum: 1.2]
      [GC Worker End (ms): Min: 279738.3, Avg: 279738.3, Max: 279738.3, Diff: 0.0]
   [Code Root Fixup: 0.0 ms]
   [Code Root Purge: 0.0 ms]
   [Clear CT: 0.0 ms]
   [Other: 0.1 ms]
      [Choose CSet: 0.0 ms]
      [Ref Proc: 0.0 ms]
      [Ref Enq: 0.0 ms]
      [Redirty Cards: 0.0 ms]
      [Humongous Register: 0.0 ms]
      [Humongous Reclaim: 0.0 ms]
      [Free CSet: 0.0 ms]
   [Eden: 0.0B(25.0M)->0.0B(25.0M) Survivors: 0.0B->0.0B Heap: 511.2M(512.0M)->511.2M(512.0M)]
 [Times: user=0.00 sys=0.00, real=0.00 secs] 
2017-05-09T22:02:11.361+0300: 279.739: [GC concurrent-root-region-scan-start]
2017-05-09T22:02:11.361+0300: 279.739: [GC concurrent-root-region-scan-end, 0.0000069 secs]
2017-05-09T22:02:11.361+0300: 279.739: [GC concurrent-mark-start]
2017-05-09T22:02:11.361+0300: 279.739: [Full GC (Allocation Failure)  511M->508M(512M), 1.2085651 secs]
   [Eden: 0.0B(25.0M)->0.0B(25.0M) Survivors: 0.0B->0.0B Heap: 511.2M(512.0M)->508.3M(512.0M)], [Metaspace: 7484K->7484K(1056768K)]
 [Times: user=1.69 sys=0.00, real=1.22 secs] 
2017-05-09T22:02:12.578+0300: 280.947: [GC concurrent-mark-abort]
2017-05-09T22:02:12.619+0300: 280.997: [GC pause (G1 Evacuation Pause) (young) (to-space exhausted), 0.0079624 secs]
   [Parallel Time: 6.2 ms, GC Workers: 4]
      [GC Worker Start (ms): Min: 280997.1, Avg: 280997.1, Max: 280997.1, Diff: 0.1]
      [Ext Root Scanning (ms): Min: 0.1, Avg: 0.2, Max: 0.2, Diff: 0.1, Sum: 0.7]
      [Update RS (ms): Min: 0.0, Avg: 0.1, Max: 0.3, Diff: 0.3, Sum: 0.3]
         [Processed Buffers: Min: 0, Avg: 0.3, Max: 1, Diff: 1, Sum: 1]
      [Scan RS (ms): Min: 0.0, Avg: 0.0, Max: 0.0, Diff: 0.0, Sum: 0.0]
      [Code Root Scanning (ms): Min: 0.0, Avg: 0.0, Max: 0.0, Diff: 0.0, Sum: 0.0]
      [Object Copy (ms): Min: 5.6, Avg: 5.9, Max: 6.0, Diff: 0.4, Sum: 23.4]
      [Termination (ms): Min: 0.0, Avg: 0.0, Max: 0.0, Diff: 0.0, Sum: 0.0]
         [Termination Attempts: Min: 1, Avg: 1.0, Max: 1, Diff: 0, Sum: 4]
      [GC Worker Other (ms): Min: 0.0, Avg: 0.0, Max: 0.0, Diff: 0.0, Sum: 0.0]
      [GC Worker Total (ms): Min: 6.1, Avg: 6.1, Max: 6.2, Diff: 0.1, Sum: 24.5]
      [GC Worker End (ms): Min: 281003.2, Avg: 281003.2, Max: 281003.2, Diff: 0.0]
   [Code Root Fixup: 0.0 ms]
   [Code Root Purge: 0.0 ms]
   [Clear CT: 0.0 ms]
   [Other: 1.7 ms]
      [Evacuation Failure: 1.6 ms]
      [Choose CSet: 0.0 ms]
      [Ref Proc: 0.0 ms]
      [Ref Enq: 0.0 ms]
      [Redirty Cards: 0.0 ms]
      [Humongous Register: 0.0 ms]
      [Humongous Reclaim: 0.0 ms]
      [Free CSet: 0.0 ms]
   [Eden: 3072.0K(25.0M)->0.0B(25.0M) Survivors: 0.0B->0.0B Heap: 511.3M(512.0M)->511.3M(512.0M)]
 [Times: user=0.05 sys=0.00, real=0.02 secs] 
2017-05-09T22:02:12.634+0300: 281.005: [GC pause (G1 Evacuation Pause) (young) (initial-mark), 0.0004981 secs]
   [Parallel Time: 0.3 ms, GC Workers: 4]
      [GC Worker Start (ms): Min: 281005.2, Avg: 281005.3, Max: 281005.3, Diff: 0.0]
      [Ext Root Scanning (ms): Min: 0.2, Avg: 0.3, Max: 0.3, Diff: 0.0, Sum: 1.0]
      [Update RS (ms): Min: 0.0, Avg: 0.0, Max: 0.1, Diff: 0.0, Sum: 0.2]
         [Processed Buffers: Min: 1, Avg: 1.5, Max: 2, Diff: 1, Sum: 6]
      [Scan RS (ms): Min: 0.0, Avg: 0.0, Max: 0.0, Diff: 0.0, Sum: 0.0]
      [Code Root Scanning (ms): Min: 0.0, Avg: 0.0, Max: 0.0, Diff: 0.0, Sum: 0.0]
      [Object Copy (ms): Min: 0.0, Avg: 0.0, Max: 0.0, Diff: 0.0, Sum: 0.0]
      [Termination (ms): Min: 0.0, Avg: 0.0, Max: 0.0, Diff: 0.0, Sum: 0.0]
         [Termination Attempts: Min: 1, Avg: 1.0, Max: 1, Diff: 0, Sum: 4]
      [GC Worker Other (ms): Min: 0.0, Avg: 0.0, Max: 0.0, Diff: 0.0, Sum: 0.0]
      [GC Worker Total (ms): Min: 0.3, Avg: 0.3, Max: 0.3, Diff: 0.0, Sum: 1.3]
      [GC Worker End (ms): Min: 281005.6, Avg: 281005.6, Max: 281005.6, Diff: 0.0]
   [Code Root Fixup: 0.0 ms]
   [Code Root Purge: 0.0 ms]
   [Clear CT: 0.0 ms]
   [Other: 0.1 ms]
      [Choose CSet: 0.0 ms]
      [Ref Proc: 0.0 ms]
      [Ref Enq: 0.0 ms]
      [Redirty Cards: 0.0 ms]
      [Humongous Register: 0.0 ms]
      [Humongous Reclaim: 0.0 ms]
      [Free CSet: 0.0 ms]
   [Eden: 0.0B(25.0M)->0.0B(25.0M) Survivors: 0.0B->0.0B Heap: 511.3M(512.0M)->511.3M(512.0M)]
 [Times: user=0.00 sys=0.00, real=0.00 secs] 
2017-05-09T22:02:12.634+0300: 281.006: [GC concurrent-root-region-scan-start]
2017-05-09T22:02:12.634+0300: 281.006: [GC concurrent-root-region-scan-end, 0.0000099 secs]
2017-05-09T22:02:12.634+0300: 281.006: [GC concurrent-mark-start]
2017-05-09T22:02:12.634+0300: 281.006: [Full GC (Allocation Failure)  511M->508M(512M), 1.2041508 secs]
   [Eden: 0.0B(25.0M)->0.0B(25.0M) Survivors: 0.0B->0.0B Heap: 511.3M(512.0M)->508.4M(512.0M)], [Metaspace: 7484K->7484K(1056768K)]
 [Times: user=1.67 sys=0.00, real=1.20 secs] 
2017-05-09T22:02:13.837+0300: 282.210: [GC concurrent-mark-abort]
2017-05-09T22:02:13.899+0300: 282.281: [GC pause (G1 Evacuation Pause) (young) (to-space exhausted), 0.0086018 secs]
   [Parallel Time: 6.9 ms, GC Workers: 4]
      [GC Worker Start (ms): Min: 282281.3, Avg: 282281.3, Max: 282281.3, Diff: 0.1]
      [Ext Root Scanning (ms): Min: 0.1, Avg: 0.2, Max: 0.2, Diff: 0.1, Sum: 0.7]
      [Update RS (ms): Min: 0.0, Avg: 0.1, Max: 0.3, Diff: 0.3, Sum: 0.3]
         [Processed Buffers: Min: 0, Avg: 0.3, Max: 1, Diff: 1, Sum: 1]
      [Scan RS (ms): Min: 0.0, Avg: 0.0, Max: 0.0, Diff: 0.0, Sum: 0.0]
      [Code Root Scanning (ms): Min: 0.0, Avg: 0.0, Max: 0.0, Diff: 0.0, Sum: 0.0]
      [Object Copy (ms): Min: 6.4, Avg: 6.6, Max: 6.7, Diff: 0.3, Sum: 26.4]
      [Termination (ms): Min: 0.0, Avg: 0.0, Max: 0.0, Diff: 0.0, Sum: 0.0]
         [Termination Attempts: Min: 1, Avg: 1.8, Max: 3, Diff: 2, Sum: 7]
      [GC Worker Other (ms): Min: 0.0, Avg: 0.0, Max: 0.0, Diff: 0.0, Sum: 0.0]
      [GC Worker Total (ms): Min: 6.8, Avg: 6.9, Max: 6.9, Diff: 0.1, Sum: 27.4]
      [GC Worker End (ms): Min: 282288.2, Avg: 282288.2, Max: 282288.2, Diff: 0.0]
   [Code Root Fixup: 0.0 ms]
   [Code Root Purge: 0.0 ms]
   [Clear CT: 0.0 ms]
   [Other: 1.7 ms]
      [Evacuation Failure: 1.5 ms]
      [Choose CSet: 0.0 ms]
      [Ref Proc: 0.0 ms]
      [Ref Enq: 0.0 ms]
      [Redirty Cards: 0.0 ms]
      [Humongous Register: 0.0 ms]
      [Humongous Reclaim: 0.0 ms]
      [Free CSet: 0.0 ms]
   [Eden: 3072.0K(25.0M)->0.0B(25.0M) Survivors: 0.0B->0.0B Heap: 511.4M(512.0M)->511.4M(512.0M)]
 [Times: user=0.02 sys=0.00, real=0.02 secs] 
2017-05-09T22:02:13.915+0300: 282.290: [GC pause (G1 Evacuation Pause) (young) (initial-mark), 0.0005159 secs]
   [Parallel Time: 0.3 ms, GC Workers: 4]
      [GC Worker Start (ms): Min: 282290.1, Avg: 282290.1, Max: 282290.1, Diff: 0.0]
      [Ext Root Scanning (ms): Min: 0.2, Avg: 0.3, Max: 0.3, Diff: 0.0, Sum: 1.0]
      [Update RS (ms): Min: 0.0, Avg: 0.0, Max: 0.0, Diff: 0.0, Sum: 0.2]
         [Processed Buffers: Min: 1, Avg: 1.5, Max: 2, Diff: 1, Sum: 6]
      [Scan RS (ms): Min: 0.0, Avg: 0.0, Max: 0.0, Diff: 0.0, Sum: 0.0]
      [Code Root Scanning (ms): Min: 0.0, Avg: 0.0, Max: 0.0, Diff: 0.0, Sum: 0.0]
      [Object Copy (ms): Min: 0.0, Avg: 0.0, Max: 0.0, Diff: 0.0, Sum: 0.0]
      [Termination (ms): Min: 0.0, Avg: 0.0, Max: 0.0, Diff: 0.0, Sum: 0.0]
         [Termination Attempts: Min: 1, Avg: 1.0, Max: 1, Diff: 0, Sum: 4]
      [GC Worker Other (ms): Min: 0.0, Avg: 0.0, Max: 0.0, Diff: 0.0, Sum: 0.0]
      [GC Worker Total (ms): Min: 0.3, Avg: 0.3, Max: 0.3, Diff: 0.0, Sum: 1.2]
      [GC Worker End (ms): Min: 282290.4, Avg: 282290.4, Max: 282290.4, Diff: 0.0]
   [Code Root Fixup: 0.0 ms]
   [Code Root Purge: 0.0 ms]
   [Clear CT: 0.0 ms]
   [Other: 0.2 ms]
      [Choose CSet: 0.0 ms]
      [Ref Proc: 0.0 ms]
      [Ref Enq: 0.0 ms]
      [Redirty Cards: 0.1 ms]
      [Humongous Register: 0.0 ms]
      [Humongous Reclaim: 0.0 ms]
      [Free CSet: 0.0 ms]
   [Eden: 0.0B(25.0M)->0.0B(25.0M) Survivors: 0.0B->0.0B Heap: 511.4M(512.0M)->511.4M(512.0M)]
 [Times: user=0.00 sys=0.00, real=0.00 secs] 
2017-05-09T22:02:13.915+0300: 282.291: [GC concurrent-root-region-scan-start]
2017-05-09T22:02:13.915+0300: 282.291: [GC concurrent-root-region-scan-end, 0.0000072 secs]
2017-05-09T22:02:13.915+0300: 282.291: [GC concurrent-mark-start]
2017-05-09T22:02:13.915+0300: 282.291: [Full GC (Allocation Failure)  511M->508M(512M), 1.1969721 secs]
   [Eden: 0.0B(25.0M)->0.0B(25.0M) Survivors: 0.0B->0.0B Heap: 511.4M(512.0M)->508.6M(512.0M)], [Metaspace: 7484K->7484K(1056768K)]
 [Times: user=1.66 sys=0.00, real=1.20 secs] 
2017-05-09T22:02:15.111+0300: 283.488: [GC concurrent-mark-abort]
2017-05-09T22:02:15.173+0300: 283.543: [GC pause (G1 Evacuation Pause) (young) (to-space exhausted), 0.0078986 secs]
   [Parallel Time: 6.3 ms, GC Workers: 4]
      [GC Worker Start (ms): Min: 283543.4, Avg: 283543.4, Max: 283543.4, Diff: 0.0]
      [Ext Root Scanning (ms): Min: 0.1, Avg: 0.2, Max: 0.2, Diff: 0.0, Sum: 0.6]
      [Update RS (ms): Min: 0.0, Avg: 0.1, Max: 0.3, Diff: 0.3, Sum: 0.3]
         [Processed Buffers: Min: 0, Avg: 0.3, Max: 1, Diff: 1, Sum: 1]
      [Scan RS (ms): Min: 0.0, Avg: 0.0, Max: 0.0, Diff: 0.0, Sum: 0.0]
      [Code Root Scanning (ms): Min: 0.0, Avg: 0.0, Max: 0.0, Diff: 0.0, Sum: 0.0]
      [Object Copy (ms): Min: 5.8, Avg: 6.1, Max: 6.2, Diff: 0.3, Sum: 24.3]
      [Termination (ms): Min: 0.0, Avg: 0.0, Max: 0.0, Diff: 0.0, Sum: 0.0]
         [Termination Attempts: Min: 1, Avg: 1.0, Max: 1, Diff: 0, Sum: 4]
      [GC Worker Other (ms): Min: 0.0, Avg: 0.0, Max: 0.0, Diff: 0.0, Sum: 0.0]
      [GC Worker Total (ms): Min: 6.3, Avg: 6.3, Max: 6.3, Diff: 0.0, Sum: 25.3]
      [GC Worker End (ms): Min: 283549.7, Avg: 283549.7, Max: 283549.7, Diff: 0.0]
   [Code Root Fixup: 0.0 ms]
   [Code Root Purge: 0.0 ms]
   [Clear CT: 0.0 ms]
   [Other: 1.5 ms]
      [Evacuation Failure: 1.4 ms]
      [Choose CSet: 0.0 ms]
      [Ref Proc: 0.0 ms]
      [Ref Enq: 0.0 ms]
      [Redirty Cards: 0.0 ms]
      [Humongous Register: 0.0 ms]
      [Humongous Reclaim: 0.0 ms]
      [Free CSet: 0.0 ms]
   [Eden: 3072.0K(25.0M)->0.0B(25.0M) Survivors: 0.0B->0.0B Heap: 511.6M(512.0M)->511.6M(512.0M)]
 [Times: user=0.00 sys=0.00, real=0.00 secs] 
2017-05-09T22:02:15.173+0300: 283.551: [GC pause (G1 Evacuation Pause) (young) (initial-mark), 0.0003991 secs]
   [Parallel Time: 0.3 ms, GC Workers: 4]
      [GC Worker Start (ms): Min: 283551.5, Avg: 283551.5, Max: 283551.5, Diff: 0.0]
      [Ext Root Scanning (ms): Min: 0.2, Avg: 0.2, Max: 0.2, Diff: 0.0, Sum: 0.8]
      [Update RS (ms): Min: 0.0, Avg: 0.0, Max: 0.0, Diff: 0.0, Sum: 0.1]
         [Processed Buffers: Min: 1, Avg: 1.8, Max: 2, Diff: 1, Sum: 7]
      [Scan RS (ms): Min: 0.0, Avg: 0.0, Max: 0.0, Diff: 0.0, Sum: 0.0]
      [Code Root Scanning (ms): Min: 0.0, Avg: 0.0, Max: 0.0, Diff: 0.0, Sum: 0.0]
      [Object Copy (ms): Min: 0.0, Avg: 0.0, Max: 0.0, Diff: 0.0, Sum: 0.0]
      [Termination (ms): Min: 0.0, Avg: 0.0, Max: 0.0, Diff: 0.0, Sum: 0.0]
         [Termination Attempts: Min: 1, Avg: 1.0, Max: 1, Diff: 0, Sum: 4]
      [GC Worker Other (ms): Min: 0.0, Avg: 0.0, Max: 0.0, Diff: 0.0, Sum: 0.0]
      [GC Worker Total (ms): Min: 0.3, Avg: 0.3, Max: 0.3, Diff: 0.0, Sum: 1.0]
      [GC Worker End (ms): Min: 283551.7, Avg: 283551.7, Max: 283551.7, Diff: 0.0]
   [Code Root Fixup: 0.0 ms]
   [Code Root Purge: 0.0 ms]
   [Clear CT: 0.0 ms]
   [Other: 0.1 ms]
      [Choose CSet: 0.0 ms]
      [Ref Proc: 0.0 ms]
      [Ref Enq: 0.0 ms]
      [Redirty Cards: 0.0 ms]
      [Humongous Register: 0.0 ms]
      [Humongous Reclaim: 0.0 ms]
      [Free CSet: 0.0 ms]
   [Eden: 0.0B(25.0M)->0.0B(25.0M) Survivors: 0.0B->0.0B Heap: 511.6M(512.0M)->511.6M(512.0M)]
 [Times: user=0.00 sys=0.00, real=0.00 secs] 
2017-05-09T22:02:15.173+0300: 283.552: [GC concurrent-root-region-scan-start]
2017-05-09T22:02:15.173+0300: 283.552: [GC concurrent-root-region-scan-end, 0.0000072 secs]
2017-05-09T22:02:15.173+0300: 283.552: [GC concurrent-mark-start]
2017-05-09T22:02:15.173+0300: 283.552: [Full GC (Allocation Failure)  511M->508M(512M), 1.1971232 secs]
   [Eden: 0.0B(25.0M)->0.0B(25.0M) Survivors: 0.0B->0.0B Heap: 511.6M(512.0M)->508.7M(512.0M)], [Metaspace: 7484K->7484K(1056768K)]
 [Times: user=1.67 sys=0.00, real=1.20 secs] 
2017-05-09T22:02:16.371+0300: 284.749: [GC concurrent-mark-abort]
2017-05-09T22:02:16.434+0300: 284.806: [GC pause (G1 Evacuation Pause) (young) (to-space exhausted), 0.0054332 secs]
   [Parallel Time: 3.9 ms, GC Workers: 4]
      [GC Worker Start (ms): Min: 284805.8, Avg: 284805.8, Max: 284805.9, Diff: 0.1]
      [Ext Root Scanning (ms): Min: 0.1, Avg: 0.2, Max: 0.2, Diff: 0.1, Sum: 0.6]
      [Update RS (ms): Min: 0.0, Avg: 0.1, Max: 0.3, Diff: 0.3, Sum: 0.3]
         [Processed Buffers: Min: 0, Avg: 0.3, Max: 1, Diff: 1, Sum: 1]
      [Scan RS (ms): Min: 0.0, Avg: 0.0, Max: 0.0, Diff: 0.0, Sum: 0.0]
      [Code Root Scanning (ms): Min: 0.0, Avg: 0.0, Max: 0.0, Diff: 0.0, Sum: 0.0]
      [Object Copy (ms): Min: 3.3, Avg: 3.6, Max: 3.7, Diff: 0.3, Sum: 14.3]
      [Termination (ms): Min: 0.0, Avg: 0.0, Max: 0.0, Diff: 0.0, Sum: 0.0]
         [Termination Attempts: Min: 1, Avg: 1.5, Max: 2, Diff: 1, Sum: 6]
      [GC Worker Other (ms): Min: 0.0, Avg: 0.0, Max: 0.0, Diff: 0.0, Sum: 0.0]
      [GC Worker Total (ms): Min: 3.8, Avg: 3.8, Max: 3.9, Diff: 0.1, Sum: 15.3]
      [GC Worker End (ms): Min: 284809.7, Avg: 284809.7, Max: 284809.7, Diff: 0.0]
   [Code Root Fixup: 0.0 ms]
   [Code Root Purge: 0.0 ms]
   [Clear CT: 0.0 ms]
   [Other: 1.5 ms]
      [Evacuation Failure: 1.4 ms]
      [Choose CSet: 0.0 ms]
      [Ref Proc: 0.0 ms]
      [Ref Enq: 0.0 ms]
      [Redirty Cards: 0.0 ms]
      [Humongous Register: 0.0 ms]
      [Humongous Reclaim: 0.0 ms]
      [Free CSet: 0.0 ms]
   [Eden: 2048.0K(25.0M)->0.0B(25.0M) Survivors: 0.0B->0.0B Heap: 510.7M(512.0M)->510.7M(512.0M)]
 [Times: user=0.00 sys=0.00, real=0.00 secs] 
2017-05-09T22:02:16.434+0300: 284.811: [GC pause (G1 Evacuation Pause) (young) (initial-mark), 0.0003644 secs]
   [Parallel Time: 0.2 ms, GC Workers: 4]
      [GC Worker Start (ms): Min: 284811.4, Avg: 284811.4, Max: 284811.4, Diff: 0.0]
      [Ext Root Scanning (ms): Min: 0.2, Avg: 0.2, Max: 0.2, Diff: 0.0, Sum: 0.7]
      [Update RS (ms): Min: 0.0, Avg: 0.0, Max: 0.0, Diff: 0.0, Sum: 0.1]
         [Processed Buffers: Min: 1, Avg: 1.5, Max: 2, Diff: 1, Sum: 6]
      [Scan RS (ms): Min: 0.0, Avg: 0.0, Max: 0.0, Diff: 0.0, Sum: 0.0]
      [Code Root Scanning (ms): Min: 0.0, Avg: 0.0, Max: 0.0, Diff: 0.0, Sum: 0.0]
      [Object Copy (ms): Min: 0.0, Avg: 0.0, Max: 0.0, Diff: 0.0, Sum: 0.0]
      [Termination (ms): Min: 0.0, Avg: 0.0, Max: 0.0, Diff: 0.0, Sum: 0.0]
         [Termination Attempts: Min: 1, Avg: 1.0, Max: 1, Diff: 0, Sum: 4]
      [GC Worker Other (ms): Min: 0.0, Avg: 0.0, Max: 0.0, Diff: 0.0, Sum: 0.0]
      [GC Worker Total (ms): Min: 0.2, Avg: 0.2, Max: 0.2, Diff: 0.0, Sum: 0.9]
      [GC Worker End (ms): Min: 284811.6, Avg: 284811.6, Max: 284811.6, Diff: 0.0]
   [Code Root Fixup: 0.0 ms]
   [Code Root Purge: 0.0 ms]
   [Clear CT: 0.0 ms]
   [Other: 0.1 ms]
      [Choose CSet: 0.0 ms]
      [Ref Proc: 0.0 ms]
      [Ref Enq: 0.0 ms]
      [Redirty Cards: 0.0 ms]
      [Humongous Register: 0.0 ms]
      [Humongous Reclaim: 0.0 ms]
      [Free CSet: 0.0 ms]
   [Eden: 0.0B(25.0M)->0.0B(25.0M) Survivors: 0.0B->0.0B Heap: 510.7M(512.0M)->510.7M(512.0M)]
 [Times: user=0.00 sys=0.00, real=0.00 secs] 
2017-05-09T22:02:16.434+0300: 284.812: [GC concurrent-root-region-scan-start]
2017-05-09T22:02:16.434+0300: 284.812: [GC concurrent-root-region-scan-end, 0.0000069 secs]
2017-05-09T22:02:16.434+0300: 284.812: [GC concurrent-mark-start]
2017-05-09T22:02:16.434+0300: 284.812: [Full GC (Allocation Failure)  510M->508M(512M), 1.2029037 secs]
   [Eden: 0.0B(25.0M)->0.0B(25.0M) Survivors: 0.0B->0.0B Heap: 510.7M(512.0M)->508.8M(512.0M)], [Metaspace: 7484K->7484K(1056768K)]
 [Times: user=1.64 sys=0.00, real=1.20 secs] 
2017-05-09T22:02:17.632+0300: 286.015: [GC concurrent-mark-abort]
2017-05-09T22:02:17.679+0300: 286.060: [GC pause (G1 Evacuation Pause) (young) (to-space exhausted), 0.0054109 secs]
   [Parallel Time: 3.8 ms, GC Workers: 4]
      [GC Worker Start (ms): Min: 286060.0, Avg: 286060.0, Max: 286060.0, Diff: 0.0]
      [Ext Root Scanning (ms): Min: 0.1, Avg: 0.2, Max: 0.2, Diff: 0.0, Sum: 0.7]
      [Update RS (ms): Min: 0.0, Avg: 0.1, Max: 0.3, Diff: 0.3, Sum: 0.3]
         [Processed Buffers: Min: 0, Avg: 0.3, Max: 1, Diff: 1, Sum: 1]
      [Scan RS (ms): Min: 0.0, Avg: 0.0, Max: 0.0, Diff: 0.0, Sum: 0.0]
      [Code Root Scanning (ms): Min: 0.0, Avg: 0.0, Max: 0.0, Diff: 0.0, Sum: 0.0]
      [Object Copy (ms): Min: 3.2, Avg: 3.5, Max: 3.5, Diff: 0.3, Sum: 13.8]
      [Termination (ms): Min: 0.0, Avg: 0.0, Max: 0.0, Diff: 0.0, Sum: 0.0]
         [Termination Attempts: Min: 1, Avg: 1.5, Max: 2, Diff: 1, Sum: 6]
      [GC Worker Other (ms): Min: 0.0, Avg: 0.0, Max: 0.0, Diff: 0.0, Sum: 0.0]
      [GC Worker Total (ms): Min: 3.7, Avg: 3.7, Max: 3.7, Diff: 0.0, Sum: 14.9]
      [GC Worker End (ms): Min: 286063.7, Avg: 286063.7, Max: 286063.7, Diff: 0.0]
   [Code Root Fixup: 0.0 ms]
   [Code Root Purge: 0.0 ms]
   [Clear CT: 0.0 ms]
   [Other: 1.6 ms]
      [Evacuation Failure: 1.4 ms]
      [Choose CSet: 0.0 ms]
      [Ref Proc: 0.0 ms]
      [Ref Enq: 0.0 ms]
      [Redirty Cards: 0.0 ms]
      [Humongous Register: 0.0 ms]
      [Humongous Reclaim: 0.0 ms]
      [Free CSet: 0.0 ms]
   [Eden: 2048.0K(25.0M)->0.0B(25.0M) Survivors: 0.0B->0.0B Heap: 510.8M(512.0M)->510.8M(512.0M)]
 [Times: user=0.03 sys=0.00, real=0.02 secs] 
2017-05-09T22:02:17.695+0300: 286.066: [GC pause (G1 Evacuation Pause) (young) (initial-mark), 0.0004668 secs]
   [Parallel Time: 0.3 ms, GC Workers: 4]
      [GC Worker Start (ms): Min: 286065.7, Avg: 286065.7, Max: 286065.7, Diff: 0.0]
      [Ext Root Scanning (ms): Min: 0.3, Avg: 0.3, Max: 0.3, Diff: 0.0, Sum: 1.0]
      [Update RS (ms): Min: 0.0, Avg: 0.0, Max: 0.0, Diff: 0.0, Sum: 0.1]
         [Processed Buffers: Min: 1, Avg: 1.5, Max: 2, Diff: 1, Sum: 6]
      [Scan RS (ms): Min: 0.0, Avg: 0.0, Max: 0.0, Diff: 0.0, Sum: 0.0]
      [Code Root Scanning (ms): Min: 0.0, Avg: 0.0, Max: 0.0, Diff: 0.0, Sum: 0.0]
      [Object Copy (ms): Min: 0.0, Avg: 0.0, Max: 0.0, Diff: 0.0, Sum: 0.0]
      [Termination (ms): Min: 0.0, Avg: 0.0, Max: 0.0, Diff: 0.0, Sum: 0.0]
         [Termination Attempts: Min: 1, Avg: 1.0, Max: 1, Diff: 0, Sum: 4]
      [GC Worker Other (ms): Min: 0.0, Avg: 0.0, Max: 0.0, Diff: 0.0, Sum: 0.0]
      [GC Worker Total (ms): Min: 0.3, Avg: 0.3, Max: 0.3, Diff: 0.0, Sum: 1.2]
      [GC Worker End (ms): Min: 286066.0, Avg: 286066.0, Max: 286066.0, Diff: 0.0]
   [Code Root Fixup: 0.0 ms]
   [Code Root Purge: 0.0 ms]
   [Clear CT: 0.0 ms]
   [Other: 0.1 ms]
      [Choose CSet: 0.0 ms]
      [Ref Proc: 0.0 ms]
      [Ref Enq: 0.0 ms]
      [Redirty Cards: 0.0 ms]
      [Humongous Register: 0.0 ms]
      [Humongous Reclaim: 0.0 ms]
      [Free CSet: 0.0 ms]
   [Eden: 0.0B(25.0M)->0.0B(25.0M) Survivors: 0.0B->0.0B Heap: 510.8M(512.0M)->510.8M(512.0M)]
 [Times: user=0.00 sys=0.00, real=0.00 secs] 
2017-05-09T22:02:17.695+0300: 286.066: [GC concurrent-root-region-scan-start]
2017-05-09T22:02:17.695+0300: 286.066: [GC concurrent-root-region-scan-end, 0.0000081 secs]
2017-05-09T22:02:17.695+0300: 286.066: [GC concurrent-mark-start]
2017-05-09T22:02:17.695+0300: 286.066: [Full GC (Allocation Failure)  510M->508M(512M), 1.1959402 secs]
   [Eden: 0.0B(25.0M)->0.0B(25.0M) Survivors: 0.0B->0.0B Heap: 510.8M(512.0M)->508.8M(512.0M)], [Metaspace: 7484K->7484K(1056768K)]
 [Times: user=1.63 sys=0.01, real=1.19 secs] 
2017-05-09T22:02:18.883+0300: 287.262: [GC concurrent-mark-abort]
2017-05-09T22:02:18.914+0300: 287.298: [GC pause (G1 Evacuation Pause) (young) (to-space exhausted), 0.0058617 secs]
   [Parallel Time: 4.3 ms, GC Workers: 4]
      [GC Worker Start (ms): Min: 287298.5, Avg: 287298.5, Max: 287298.5, Diff: 0.0]
      [Ext Root Scanning (ms): Min: 0.2, Avg: 0.2, Max: 0.2, Diff: 0.0, Sum: 0.7]
      [Update RS (ms): Min: 0.0, Avg: 0.0, Max: 0.2, Diff: 0.2, Sum: 0.2]
         [Processed Buffers: Min: 0, Avg: 0.3, Max: 1, Diff: 1, Sum: 1]
      [Scan RS (ms): Min: 0.0, Avg: 0.0, Max: 0.0, Diff: 0.0, Sum: 0.0]
      [Code Root Scanning (ms): Min: 0.0, Avg: 0.0, Max: 0.0, Diff: 0.0, Sum: 0.0]
      [Object Copy (ms): Min: 4.0, Avg: 4.1, Max: 4.1, Diff: 0.2, Sum: 16.3]
      [Termination (ms): Min: 0.0, Avg: 0.0, Max: 0.0, Diff: 0.0, Sum: 0.0]
         [Termination Attempts: Min: 1, Avg: 1.0, Max: 1, Diff: 0, Sum: 4]
      [GC Worker Other (ms): Min: 0.0, Avg: 0.0, Max: 0.0, Diff: 0.0, Sum: 0.0]
      [GC Worker Total (ms): Min: 4.3, Avg: 4.3, Max: 4.3, Diff: 0.0, Sum: 17.2]
      [GC Worker End (ms): Min: 287302.8, Avg: 287302.8, Max: 287302.8, Diff: 0.0]
   [Code Root Fixup: 0.0 ms]
   [Code Root Purge: 0.0 ms]
   [Clear CT: 0.0 ms]
   [Other: 1.5 ms]
      [Evacuation Failure: 1.4 ms]
      [Choose CSet: 0.0 ms]
      [Ref Proc: 0.0 ms]
      [Ref Enq: 0.0 ms]
      [Redirty Cards: 0.0 ms]
      [Humongous Register: 0.0 ms]
      [Humongous Reclaim: 0.0 ms]
      [Free CSet: 0.0 ms]
   [Eden: 2048.0K(25.0M)->0.0B(25.0M) Survivors: 0.0B->0.0B Heap: 510.8M(512.0M)->510.8M(512.0M)]
 [Times: user=0.02 sys=0.00, real=0.02 secs] 
2017-05-09T22:02:18.930+0300: 287.305: [GC pause (G1 Evacuation Pause) (young) (initial-mark), 0.0003777 secs]
   [Parallel Time: 0.3 ms, GC Workers: 4]
      [GC Worker Start (ms): Min: 287304.6, Avg: 287304.6, Max: 287304.6, Diff: 0.0]
      [Ext Root Scanning (ms): Min: 0.2, Avg: 0.2, Max: 0.2, Diff: 0.0, Sum: 0.8]
      [Update RS (ms): Min: 0.0, Avg: 0.0, Max: 0.0, Diff: 0.0, Sum: 0.1]
         [Processed Buffers: Min: 1, Avg: 1.5, Max: 2, Diff: 1, Sum: 6]
      [Scan RS (ms): Min: 0.0, Avg: 0.0, Max: 0.0, Diff: 0.0, Sum: 0.0]
      [Code Root Scanning (ms): Min: 0.0, Avg: 0.0, Max: 0.0, Diff: 0.0, Sum: 0.0]
      [Object Copy (ms): Min: 0.0, Avg: 0.0, Max: 0.0, Diff: 0.0, Sum: 0.0]
      [Termination (ms): Min: 0.0, Avg: 0.0, Max: 0.0, Diff: 0.0, Sum: 0.0]
         [Termination Attempts: Min: 1, Avg: 1.0, Max: 1, Diff: 0, Sum: 4]
      [GC Worker Other (ms): Min: 0.0, Avg: 0.0, Max: 0.0, Diff: 0.0, Sum: 0.0]
      [GC Worker Total (ms): Min: 0.2, Avg: 0.2, Max: 0.2, Diff: 0.0, Sum: 0.9]
      [GC Worker End (ms): Min: 287304.8, Avg: 287304.8, Max: 287304.8, Diff: 0.0]
   [Code Root Fixup: 0.0 ms]
   [Code Root Purge: 0.0 ms]
   [Clear CT: 0.0 ms]
   [Other: 0.1 ms]
      [Choose CSet: 0.0 ms]
      [Ref Proc: 0.0 ms]
      [Ref Enq: 0.0 ms]
      [Redirty Cards: 0.0 ms]
      [Humongous Register: 0.0 ms]
      [Humongous Reclaim: 0.0 ms]
      [Free CSet: 0.0 ms]
   [Eden: 0.0B(25.0M)->0.0B(25.0M) Survivors: 0.0B->0.0B Heap: 510.8M(512.0M)->510.8M(512.0M)]
 [Times: user=0.00 sys=0.00, real=0.00 secs] 
2017-05-09T22:02:18.930+0300: 287.305: [GC concurrent-root-region-scan-start]
2017-05-09T22:02:18.930+0300: 287.305: [GC concurrent-root-region-scan-end, 0.0000072 secs]
2017-05-09T22:02:18.930+0300: 287.305: [GC concurrent-mark-start]
2017-05-09T22:02:18.930+0300: 287.305: [Full GC (Allocation Failure)  510M->508M(512M), 1.1976175 secs]
   [Eden: 0.0B(25.0M)->0.0B(25.0M) Survivors: 0.0B->0.0B Heap: 510.8M(512.0M)->508.9M(512.0M)], [Metaspace: 7484K->7484K(1056768K)]
 [Times: user=1.64 sys=0.02, real=1.19 secs] 
2017-05-09T22:02:20.120+0300: 288.503: [GC concurrent-mark-abort]
2017-05-09T22:02:20.151+0300: 288.535: [GC pause (G1 Evacuation Pause) (young) (to-space exhausted), 0.0066535 secs]
   [Parallel Time: 4.6 ms, GC Workers: 4]
      [GC Worker Start (ms): Min: 288535.4, Avg: 288535.4, Max: 288535.5, Diff: 0.0]
      [Ext Root Scanning (ms): Min: 0.1, Avg: 0.2, Max: 0.2, Diff: 0.0, Sum: 0.6]
      [Update RS (ms): Min: 0.0, Avg: 0.0, Max: 0.2, Diff: 0.2, Sum: 0.2]
         [Processed Buffers: Min: 0, Avg: 0.3, Max: 1, Diff: 1, Sum: 1]
      [Scan RS (ms): Min: 0.0, Avg: 0.0, Max: 0.0, Diff: 0.0, Sum: 0.0]
      [Code Root Scanning (ms): Min: 0.0, Avg: 0.0, Max: 0.0, Diff: 0.0, Sum: 0.0]
      [Object Copy (ms): Min: 4.2, Avg: 4.3, Max: 4.3, Diff: 0.1, Sum: 17.1]
      [Termination (ms): Min: 0.0, Avg: 0.0, Max: 0.0, Diff: 0.0, Sum: 0.1]
         [Termination Attempts: Min: 1, Avg: 1.0, Max: 1, Diff: 0, Sum: 4]
      [GC Worker Other (ms): Min: 0.0, Avg: 0.0, Max: 0.0, Diff: 0.0, Sum: 0.0]
      [GC Worker Total (ms): Min: 4.5, Avg: 4.5, Max: 4.5, Diff: 0.0, Sum: 18.1]
      [GC Worker End (ms): Min: 288540.0, Avg: 288540.0, Max: 288540.0, Diff: 0.0]
   [Code Root Fixup: 0.0 ms]
   [Code Root Purge: 0.0 ms]
   [Clear CT: 0.2 ms]
   [Other: 1.9 ms]
      [Evacuation Failure: 1.5 ms]
      [Choose CSet: 0.0 ms]
      [Ref Proc: 0.1 ms]
      [Ref Enq: 0.0 ms]
      [Redirty Cards: 0.1 ms]
      [Humongous Register: 0.0 ms]
      [Humongous Reclaim: 0.0 ms]
      [Free CSet: 0.0 ms]
   [Eden: 2048.0K(25.0M)->0.0B(25.0M) Survivors: 0.0B->0.0B Heap: 510.9M(512.0M)->510.9M(512.0M)]
 [Times: user=0.02 sys=0.00, real=0.02 secs] 
2017-05-09T22:02:20.167+0300: 288.542: [GC pause (G1 Evacuation Pause) (young) (initial-mark), 0.0007487 secs]
   [Parallel Time: 0.3 ms, GC Workers: 4]
      [GC Worker Start (ms): Min: 288542.3, Avg: 288542.3, Max: 288542.4, Diff: 0.0]
      [Ext Root Scanning (ms): Min: 0.2, Avg: 0.2, Max: 0.2, Diff: 0.0, Sum: 1.0]
      [Update RS (ms): Min: 0.0, Avg: 0.0, Max: 0.1, Diff: 0.1, Sum: 0.1]
         [Processed Buffers: Min: 1, Avg: 1.8, Max: 2, Diff: 1, Sum: 7]
      [Scan RS (ms): Min: 0.0, Avg: 0.0, Max: 0.0, Diff: 0.0, Sum: 0.0]
      [Code Root Scanning (ms): Min: 0.0, Avg: 0.0, Max: 0.0, Diff: 0.0, Sum: 0.0]
      [Object Copy (ms): Min: 0.0, Avg: 0.0, Max: 0.0, Diff: 0.0, Sum: 0.0]
      [Termination (ms): Min: 0.0, Avg: 0.0, Max: 0.0, Diff: 0.0, Sum: 0.0]
         [Termination Attempts: Min: 1, Avg: 1.0, Max: 1, Diff: 0, Sum: 4]
      [GC Worker Other (ms): Min: 0.0, Avg: 0.0, Max: 0.0, Diff: 0.0, Sum: 0.0]
      [GC Worker Total (ms): Min: 0.3, Avg: 0.3, Max: 0.3, Diff: 0.0, Sum: 1.2]
      [GC Worker End (ms): Min: 288542.6, Avg: 288542.6, Max: 288542.6, Diff: 0.0]
   [Code Root Fixup: 0.0 ms]
   [Code Root Purge: 0.0 ms]
   [Clear CT: 0.1 ms]
   [Other: 0.3 ms]
      [Choose CSet: 0.0 ms]
      [Ref Proc: 0.1 ms]
      [Ref Enq: 0.0 ms]
      [Redirty Cards: 0.1 ms]
      [Humongous Register: 0.0 ms]
      [Humongous Reclaim: 0.0 ms]
      [Free CSet: 0.0 ms]
   [Eden: 0.0B(25.0M)->0.0B(25.0M) Survivors: 0.0B->0.0B Heap: 510.9M(512.0M)->510.9M(512.0M)]
 [Times: user=0.00 sys=0.00, real=0.00 secs] 
2017-05-09T22:02:20.167+0300: 288.543: [GC concurrent-root-region-scan-start]
2017-05-09T22:02:20.167+0300: 288.543: [GC concurrent-root-region-scan-end, 0.0000078 secs]
2017-05-09T22:02:20.167+0300: 288.543: [GC concurrent-mark-start]
2017-05-09T22:02:20.167+0300: 288.543: [Full GC (Allocation Failure)  510M->508M(512M), 1.1975955 secs]
   [Eden: 0.0B(25.0M)->0.0B(25.0M) Survivors: 0.0B->0.0B Heap: 510.9M(512.0M)->509.0M(512.0M)], [Metaspace: 7484K->7484K(1056768K)]
 [Times: user=1.66 sys=0.00, real=1.19 secs] 
2017-05-09T22:02:21.358+0300: 289.741: [GC concurrent-mark-abort]
2017-05-09T22:02:21.389+0300: 289.773: [GC pause (G1 Evacuation Pause) (young) (to-space exhausted), 0.0059506 secs]
   [Parallel Time: 4.4 ms, GC Workers: 4]
      [GC Worker Start (ms): Min: 289772.7, Avg: 289772.7, Max: 289772.8, Diff: 0.0]
      [Ext Root Scanning (ms): Min: 0.1, Avg: 0.2, Max: 0.2, Diff: 0.0, Sum: 0.7]
      [Update RS (ms): Min: 0.0, Avg: 0.1, Max: 0.2, Diff: 0.2, Sum: 0.2]
         [Processed Buffers: Min: 0, Avg: 0.3, Max: 1, Diff: 1, Sum: 1]
      [Scan RS (ms): Min: 0.0, Avg: 0.0, Max: 0.0, Diff: 0.0, Sum: 0.0]
      [Code Root Scanning (ms): Min: 0.0, Avg: 0.0, Max: 0.0, Diff: 0.0, Sum: 0.0]
      [Object Copy (ms): Min: 4.0, Avg: 4.1, Max: 4.2, Diff: 0.2, Sum: 16.6]
      [Termination (ms): Min: 0.0, Avg: 0.0, Max: 0.0, Diff: 0.0, Sum: 0.0]
         [Termination Attempts: Min: 1, Avg: 1.8, Max: 2, Diff: 1, Sum: 7]
      [GC Worker Other (ms): Min: 0.0, Avg: 0.0, Max: 0.0, Diff: 0.0, Sum: 0.0]
      [GC Worker Total (ms): Min: 4.4, Avg: 4.4, Max: 4.4, Diff: 0.0, Sum: 17.5]
      [GC Worker End (ms): Min: 289777.1, Avg: 289777.1, Max: 289777.1, Diff: 0.0]
   [Code Root Fixup: 0.0 ms]
   [Code Root Purge: 0.0 ms]
   [Clear CT: 0.0 ms]
   [Other: 1.5 ms]
      [Evacuation Failure: 1.4 ms]
      [Choose CSet: 0.0 ms]
      [Ref Proc: 0.0 ms]
      [Ref Enq: 0.0 ms]
      [Redirty Cards: 0.0 ms]
      [Humongous Register: 0.0 ms]
      [Humongous Reclaim: 0.0 ms]
      [Free CSet: 0.0 ms]
   [Eden: 2048.0K(25.0M)->0.0B(25.0M) Survivors: 0.0B->0.0B Heap: 511.0M(512.0M)->511.0M(512.0M)]
 [Times: user=0.02 sys=0.02, real=0.02 secs] 
2017-05-09T22:02:21.405+0300: 289.779: [GC pause (G1 Evacuation Pause) (young) (initial-mark), 0.0003753 secs]
   [Parallel Time: 0.3 ms, GC Workers: 4]
      [GC Worker Start (ms): Min: 289778.8, Avg: 289778.8, Max: 289778.8, Diff: 0.0]
      [Ext Root Scanning (ms): Min: 0.2, Avg: 0.2, Max: 0.2, Diff: 0.0, Sum: 0.8]
      [Update RS (ms): Min: 0.0, Avg: 0.0, Max: 0.0, Diff: 0.0, Sum: 0.1]
         [Processed Buffers: Min: 1, Avg: 1.5, Max: 2, Diff: 1, Sum: 6]
      [Scan RS (ms): Min: 0.0, Avg: 0.0, Max: 0.0, Diff: 0.0, Sum: 0.0]
      [Code Root Scanning (ms): Min: 0.0, Avg: 0.0, Max: 0.0, Diff: 0.0, Sum: 0.0]
      [Object Copy (ms): Min: 0.0, Avg: 0.0, Max: 0.0, Diff: 0.0, Sum: 0.0]
      [Termination (ms): Min: 0.0, Avg: 0.0, Max: 0.0, Diff: 0.0, Sum: 0.0]
         [Termination Attempts: Min: 1, Avg: 1.0, Max: 1, Diff: 0, Sum: 4]
      [GC Worker Other (ms): Min: 0.0, Avg: 0.0, Max: 0.0, Diff: 0.0, Sum: 0.0]
      [GC Worker Total (ms): Min: 0.2, Avg: 0.2, Max: 0.2, Diff: 0.0, Sum: 0.9]
      [GC Worker End (ms): Min: 289779.1, Avg: 289779.1, Max: 289779.1, Diff: 0.0]
   [Code Root Fixup: 0.0 ms]
   [Code Root Purge: 0.0 ms]
   [Clear CT: 0.0 ms]
   [Other: 0.1 ms]
      [Choose CSet: 0.0 ms]
      [Ref Proc: 0.0 ms]
      [Ref Enq: 0.0 ms]
      [Redirty Cards: 0.0 ms]
      [Humongous Register: 0.0 ms]
      [Humongous Reclaim: 0.0 ms]
      [Free CSet: 0.0 ms]
   [Eden: 0.0B(25.0M)->0.0B(25.0M) Survivors: 0.0B->0.0B Heap: 511.0M(512.0M)->511.0M(512.0M)]
 [Times: user=0.00 sys=0.00, real=0.00 secs] 
2017-05-09T22:02:21.405+0300: 289.779: [GC concurrent-root-region-scan-start]
2017-05-09T22:02:21.405+0300: 289.779: [GC concurrent-root-region-scan-end, 0.0000072 secs]
2017-05-09T22:02:21.405+0300: 289.779: [GC concurrent-mark-start]
2017-05-09T22:02:21.405+0300: 289.779: [Full GC (Allocation Failure)  510M->509M(512M), 1.2007295 secs]
   [Eden: 0.0B(25.0M)->0.0B(25.0M) Survivors: 0.0B->0.0B Heap: 511.0M(512.0M)->509.1M(512.0M)], [Metaspace: 7484K->7484K(1056768K)]
 [Times: user=1.69 sys=0.02, real=1.20 secs] 
2017-05-09T22:02:22.610+0300: 290.980: [GC concurrent-mark-abort]
2017-05-09T22:02:22.628+0300: 291.011: [GC pause (G1 Evacuation Pause) (young) (to-space exhausted), 0.0058428 secs]
   [Parallel Time: 4.3 ms, GC Workers: 4]
      [GC Worker Start (ms): Min: 291011.1, Avg: 291011.1, Max: 291011.1, Diff: 0.0]
      [Ext Root Scanning (ms): Min: 0.2, Avg: 0.2, Max: 0.2, Diff: 0.0, Sum: 0.6]
      [Update RS (ms): Min: 0.0, Avg: 0.0, Max: 0.2, Diff: 0.2, Sum: 0.2]
         [Processed Buffers: Min: 0, Avg: 0.3, Max: 1, Diff: 1, Sum: 1]
      [Scan RS (ms): Min: 0.0, Avg: 0.0, Max: 0.0, Diff: 0.0, Sum: 0.0]
      [Code Root Scanning (ms): Min: 0.0, Avg: 0.0, Max: 0.0, Diff: 0.0, Sum: 0.0]
      [Object Copy (ms): Min: 4.0, Avg: 4.1, Max: 4.1, Diff: 0.2, Sum: 16.3]
      [Termination (ms): Min: 0.0, Avg: 0.0, Max: 0.0, Diff: 0.0, Sum: 0.0]
         [Termination Attempts: Min: 1, Avg: 1.0, Max: 1, Diff: 0, Sum: 4]
      [GC Worker Other (ms): Min: 0.0, Avg: 0.0, Max: 0.0, Diff: 0.0, Sum: 0.0]
      [GC Worker Total (ms): Min: 4.3, Avg: 4.3, Max: 4.3, Diff: 0.0, Sum: 17.2]
      [GC Worker End (ms): Min: 291015.4, Avg: 291015.4, Max: 291015.4, Diff: 0.0]
   [Code Root Fixup: 0.0 ms]
   [Code Root Purge: 0.0 ms]
   [Clear CT: 0.0 ms]
   [Other: 1.5 ms]
      [Evacuation Failure: 1.4 ms]
      [Choose CSet: 0.0 ms]
      [Ref Proc: 0.0 ms]
      [Ref Enq: 0.0 ms]
      [Redirty Cards: 0.0 ms]
      [Humongous Register: 0.0 ms]
      [Humongous Reclaim: 0.0 ms]
      [Free CSet: 0.0 ms]
   [Eden: 2048.0K(25.0M)->0.0B(25.0M) Survivors: 0.0B->0.0B Heap: 511.1M(512.0M)->511.1M(512.0M)]
 [Times: user=0.02 sys=0.00, real=0.02 secs] 
2017-05-09T22:02:22.644+0300: 291.017: [GC pause (G1 Evacuation Pause) (young) (initial-mark), 0.0003680 secs]
   [Parallel Time: 0.2 ms, GC Workers: 4]
      [GC Worker Start (ms): Min: 291017.1, Avg: 291017.1, Max: 291017.1, Diff: 0.0]
      [Ext Root Scanning (ms): Min: 0.2, Avg: 0.2, Max: 0.2, Diff: 0.0, Sum: 0.8]
      [Update RS (ms): Min: 0.0, Avg: 0.0, Max: 0.0, Diff: 0.0, Sum: 0.1]
         [Processed Buffers: Min: 1, Avg: 1.5, Max: 2, Diff: 1, Sum: 6]
      [Scan RS (ms): Min: 0.0, Avg: 0.0, Max: 0.0, Diff: 0.0, Sum: 0.0]
      [Code Root Scanning (ms): Min: 0.0, Avg: 0.0, Max: 0.0, Diff: 0.0, Sum: 0.0]
      [Object Copy (ms): Min: 0.0, Avg: 0.0, Max: 0.0, Diff: 0.0, Sum: 0.0]
      [Termination (ms): Min: 0.0, Avg: 0.0, Max: 0.0, Diff: 0.0, Sum: 0.0]
         [Termination Attempts: Min: 1, Avg: 1.0, Max: 1, Diff: 0, Sum: 4]
      [GC Worker Other (ms): Min: 0.0, Avg: 0.0, Max: 0.0, Diff: 0.0, Sum: 0.0]
      [GC Worker Total (ms): Min: 0.2, Avg: 0.2, Max: 0.2, Diff: 0.0, Sum: 0.9]
      [GC Worker End (ms): Min: 291017.3, Avg: 291017.3, Max: 291017.3, Diff: 0.0]
   [Code Root Fixup: 0.0 ms]
   [Code Root Purge: 0.0 ms]
   [Clear CT: 0.0 ms]
   [Other: 0.1 ms]
      [Choose CSet: 0.0 ms]
      [Ref Proc: 0.0 ms]
      [Ref Enq: 0.0 ms]
      [Redirty Cards: 0.0 ms]
      [Humongous Register: 0.0 ms]
      [Humongous Reclaim: 0.0 ms]
      [Free CSet: 0.0 ms]
   [Eden: 0.0B(25.0M)->0.0B(25.0M) Survivors: 0.0B->0.0B Heap: 511.1M(512.0M)->511.1M(512.0M)]
 [Times: user=0.00 sys=0.00, real=0.00 secs] 
2017-05-09T22:02:22.644+0300: 291.018: [GC concurrent-root-region-scan-start]
2017-05-09T22:02:22.644+0300: 291.018: [GC concurrent-root-region-scan-end, 0.0000066 secs]
2017-05-09T22:02:22.644+0300: 291.018: [GC concurrent-mark-start]
2017-05-09T22:02:22.644+0300: 291.018: [Full GC (Allocation Failure)  511M->509M(512M), 1.2051760 secs]
   [Eden: 0.0B(25.0M)->0.0B(25.0M) Survivors: 0.0B->0.0B Heap: 511.1M(512.0M)->509.1M(512.0M)], [Metaspace: 7484K->7484K(1056768K)]
 [Times: user=1.66 sys=0.00, real=1.20 secs] 
2017-05-09T22:02:23.842+0300: 292.223: [GC concurrent-mark-abort]
2017-05-09T22:02:23.889+0300: 292.270: [GC pause (G1 Evacuation Pause) (young) (to-space exhausted), 0.0056615 secs]
   [Parallel Time: 4.1 ms, GC Workers: 4]
      [GC Worker Start (ms): Min: 292270.4, Avg: 292270.4, Max: 292270.4, Diff: 0.0]
      [Ext Root Scanning (ms): Min: 0.1, Avg: 0.2, Max: 0.2, Diff: 0.0, Sum: 0.7]
      [Update RS (ms): Min: 0.0, Avg: 0.0, Max: 0.2, Diff: 0.2, Sum: 0.2]
         [Processed Buffers: Min: 0, Avg: 0.3, Max: 1, Diff: 1, Sum: 1]
      [Scan RS (ms): Min: 0.0, Avg: 0.0, Max: 0.0, Diff: 0.0, Sum: 0.0]
      [Code Root Scanning (ms): Min: 0.0, Avg: 0.0, Max: 0.0, Diff: 0.0, Sum: 0.0]
      [Object Copy (ms): Min: 3.7, Avg: 3.8, Max: 3.9, Diff: 0.2, Sum: 15.4]
      [Termination (ms): Min: 0.0, Avg: 0.0, Max: 0.0, Diff: 0.0, Sum: 0.0]
         [Termination Attempts: Min: 1, Avg: 1.5, Max: 2, Diff: 1, Sum: 6]
      [GC Worker Other (ms): Min: 0.0, Avg: 0.0, Max: 0.0, Diff: 0.0, Sum: 0.0]
      [GC Worker Total (ms): Min: 4.1, Avg: 4.1, Max: 4.1, Diff: 0.0, Sum: 16.3]
      [GC Worker End (ms): Min: 292274.5, Avg: 292274.5, Max: 292274.5, Diff: 0.0]
   [Code Root Fixup: 0.0 ms]
   [Code Root Purge: 0.0 ms]
   [Clear CT: 0.0 ms]
   [Other: 1.5 ms]
      [Evacuation Failure: 1.4 ms]
      [Choose CSet: 0.0 ms]
      [Ref Proc: 0.0 ms]
      [Ref Enq: 0.0 ms]
      [Redirty Cards: 0.0 ms]
      [Humongous Register: 0.0 ms]
      [Humongous Reclaim: 0.0 ms]
      [Free CSet: 0.0 ms]
   [Eden: 2048.0K(25.0M)->0.0B(25.0M) Survivors: 0.0B->0.0B Heap: 511.1M(512.0M)->511.1M(512.0M)]
 [Times: user=0.02 sys=0.00, real=0.02 secs] 
2017-05-09T22:02:23.904+0300: 292.276: [GC pause (G1 Evacuation Pause) (young) (initial-mark), 0.0003975 secs]
   [Parallel Time: 0.3 ms, GC Workers: 4]
      [GC Worker Start (ms): Min: 292276.2, Avg: 292276.2, Max: 292276.2, Diff: 0.0]
      [Ext Root Scanning (ms): Min: 0.2, Avg: 0.2, Max: 0.2, Diff: 0.0, Sum: 0.8]
      [Update RS (ms): Min: 0.0, Avg: 0.0, Max: 0.0, Diff: 0.0, Sum: 0.1]
         [Processed Buffers: Min: 1, Avg: 1.5, Max: 2, Diff: 1, Sum: 6]
      [Scan RS (ms): Min: 0.0, Avg: 0.0, Max: 0.0, Diff: 0.0, Sum: 0.0]
      [Code Root Scanning (ms): Min: 0.0, Avg: 0.0, Max: 0.0, Diff: 0.0, Sum: 0.0]
      [Object Copy (ms): Min: 0.0, Avg: 0.0, Max: 0.0, Diff: 0.0, Sum: 0.0]
      [Termination (ms): Min: 0.0, Avg: 0.0, Max: 0.0, Diff: 0.0, Sum: 0.0]
         [Termination Attempts: Min: 1, Avg: 1.0, Max: 1, Diff: 0, Sum: 4]
      [GC Worker Other (ms): Min: 0.0, Avg: 0.0, Max: 0.0, Diff: 0.0, Sum: 0.0]
      [GC Worker Total (ms): Min: 0.2, Avg: 0.2, Max: 0.2, Diff: 0.0, Sum: 1.0]
      [GC Worker End (ms): Min: 292276.4, Avg: 292276.4, Max: 292276.4, Diff: 0.0]
   [Code Root Fixup: 0.0 ms]
   [Code Root Purge: 0.0 ms]
   [Clear CT: 0.0 ms]
   [Other: 0.1 ms]
      [Choose CSet: 0.0 ms]
      [Ref Proc: 0.0 ms]
      [Ref Enq: 0.0 ms]
      [Redirty Cards: 0.0 ms]
      [Humongous Register: 0.0 ms]
      [Humongous Reclaim: 0.0 ms]
      [Free CSet: 0.0 ms]
   [Eden: 0.0B(25.0M)->0.0B(25.0M) Survivors: 0.0B->0.0B Heap: 511.1M(512.0M)->511.1M(512.0M)]
 [Times: user=0.00 sys=0.00, real=0.00 secs] 
2017-05-09T22:02:23.904+0300: 292.277: [GC concurrent-root-region-scan-start]
2017-05-09T22:02:23.904+0300: 292.277: [GC concurrent-root-region-scan-end, 0.0000069 secs]
2017-05-09T22:02:23.904+0300: 292.277: [GC concurrent-mark-start]
2017-05-09T22:02:23.904+0300: 292.277: [Full GC (Allocation Failure)  511M->509M(512M), 1.1968444 secs]
   [Eden: 0.0B(25.0M)->0.0B(25.0M) Survivors: 0.0B->0.0B Heap: 511.1M(512.0M)->509.2M(512.0M)], [Metaspace: 7484K->7484K(1056768K)]
 [Times: user=1.64 sys=0.01, real=1.19 secs] 
2017-05-09T22:02:25.098+0300: 293.474: [GC concurrent-mark-abort]
2017-05-09T22:02:25.145+0300: 293.527: [GC pause (G1 Evacuation Pause) (young) (to-space exhausted), 0.0060406 secs]
   [Parallel Time: 4.5 ms, GC Workers: 4]
      [GC Worker Start (ms): Min: 293526.7, Avg: 293526.7, Max: 293526.7, Diff: 0.0]
      [Ext Root Scanning (ms): Min: 0.1, Avg: 0.2, Max: 0.2, Diff: 0.0, Sum: 0.6]
      [Update RS (ms): Min: 0.0, Avg: 0.0, Max: 0.2, Diff: 0.2, Sum: 0.2]
         [Processed Buffers: Min: 0, Avg: 0.3, Max: 1, Diff: 1, Sum: 1]
      [Scan RS (ms): Min: 0.0, Avg: 0.0, Max: 0.0, Diff: 0.0, Sum: 0.0]
      [Code Root Scanning (ms): Min: 0.0, Avg: 0.0, Max: 0.0, Diff: 0.0, Sum: 0.0]
      [Object Copy (ms): Min: 4.1, Avg: 4.2, Max: 4.3, Diff: 0.2, Sum: 16.9]
      [Termination (ms): Min: 0.0, Avg: 0.0, Max: 0.0, Diff: 0.0, Sum: 0.0]
         [Termination Attempts: Min: 1, Avg: 1.0, Max: 1, Diff: 0, Sum: 4]
      [GC Worker Other (ms): Min: 0.0, Avg: 0.0, Max: 0.0, Diff: 0.0, Sum: 0.0]
      [GC Worker Total (ms): Min: 4.4, Avg: 4.4, Max: 4.5, Diff: 0.0, Sum: 17.8]
      [GC Worker End (ms): Min: 293531.1, Avg: 293531.1, Max: 293531.1, Diff: 0.0]
   [Code Root Fixup: 0.0 ms]
   [Code Root Purge: 0.0 ms]
   [Clear CT: 0.0 ms]
   [Other: 1.5 ms]
      [Evacuation Failure: 1.4 ms]
      [Choose CSet: 0.0 ms]
      [Ref Proc: 0.0 ms]
      [Ref Enq: 0.0 ms]
      [Redirty Cards: 0.0 ms]
      [Humongous Register: 0.0 ms]
      [Humongous Reclaim: 0.0 ms]
      [Free CSet: 0.0 ms]
   [Eden: 2048.0K(25.0M)->0.0B(25.0M) Survivors: 0.0B->0.0B Heap: 511.2M(512.0M)->511.2M(512.0M)]
 [Times: user=0.01 sys=0.00, real=0.02 secs] 
2017-05-09T22:02:25.160+0300: 293.533: [GC pause (G1 Evacuation Pause) (young) (initial-mark), 0.0003942 secs]
   [Parallel Time: 0.3 ms, GC Workers: 4]
      [GC Worker Start (ms): Min: 293532.9, Avg: 293532.9, Max: 293532.9, Diff: 0.0]
      [Ext Root Scanning (ms): Min: 0.2, Avg: 0.2, Max: 0.2, Diff: 0.0, Sum: 0.8]
      [Update RS (ms): Min: 0.0, Avg: 0.0, Max: 0.0, Diff: 0.0, Sum: 0.1]
         [Processed Buffers: Min: 1, Avg: 1.5, Max: 2, Diff: 1, Sum: 6]
      [Scan RS (ms): Min: 0.0, Avg: 0.0, Max: 0.0, Diff: 0.0, Sum: 0.0]
      [Code Root Scanning (ms): Min: 0.0, Avg: 0.0, Max: 0.0, Diff: 0.0, Sum: 0.0]
      [Object Copy (ms): Min: 0.0, Avg: 0.0, Max: 0.0, Diff: 0.0, Sum: 0.0]
      [Termination (ms): Min: 0.0, Avg: 0.0, Max: 0.0, Diff: 0.0, Sum: 0.0]
         [Termination Attempts: Min: 1, Avg: 1.0, Max: 1, Diff: 0, Sum: 4]
      [GC Worker Other (ms): Min: 0.0, Avg: 0.0, Max: 0.0, Diff: 0.0, Sum: 0.0]
      [GC Worker Total (ms): Min: 0.2, Avg: 0.2, Max: 0.3, Diff: 0.0, Sum: 1.0]
      [GC Worker End (ms): Min: 293533.1, Avg: 293533.1, Max: 293533.1, Diff: 0.0]
   [Code Root Fixup: 0.0 ms]
   [Code Root Purge: 0.0 ms]
   [Clear CT: 0.0 ms]
   [Other: 0.1 ms]
      [Choose CSet: 0.0 ms]
      [Ref Proc: 0.0 ms]
      [Ref Enq: 0.0 ms]
      [Redirty Cards: 0.0 ms]
      [Humongous Register: 0.0 ms]
      [Humongous Reclaim: 0.0 ms]
      [Free CSet: 0.0 ms]
   [Eden: 0.0B(25.0M)->0.0B(25.0M) Survivors: 0.0B->0.0B Heap: 511.2M(512.0M)->511.2M(512.0M)]
 [Times: user=0.00 sys=0.00, real=0.00 secs] 
2017-05-09T22:02:25.160+0300: 293.533: [GC concurrent-root-region-scan-start]
2017-05-09T22:02:25.160+0300: 293.533: [GC concurrent-root-region-scan-end, 0.0000066 secs]
2017-05-09T22:02:25.160+0300: 293.533: [GC concurrent-mark-start]
2017-05-09T22:02:25.160+0300: 293.533: [Full GC (Allocation Failure)  511M->509M(512M), 1.1948349 secs]
   [Eden: 0.0B(25.0M)->0.0B(25.0M) Survivors: 0.0B->0.0B Heap: 511.2M(512.0M)->509.3M(512.0M)], [Metaspace: 7484K->7484K(1056768K)]
 [Times: user=1.64 sys=0.02, real=1.19 secs] 
2017-05-09T22:02:26.348+0300: 294.728: [GC concurrent-mark-abort]
2017-05-09T22:02:26.379+0300: 294.763: [GC pause (G1 Evacuation Pause) (young) (to-space exhausted), 0.0059416 secs]
   [Parallel Time: 4.4 ms, GC Workers: 4]
      [GC Worker Start (ms): Min: 294762.7, Avg: 294762.7, Max: 294762.7, Diff: 0.0]
      [Ext Root Scanning (ms): Min: 0.2, Avg: 0.2, Max: 0.2, Diff: 0.0, Sum: 0.6]
      [Update RS (ms): Min: 0.0, Avg: 0.0, Max: 0.2, Diff: 0.2, Sum: 0.2]
         [Processed Buffers: Min: 0, Avg: 0.3, Max: 1, Diff: 1, Sum: 1]
      [Scan RS (ms): Min: 0.0, Avg: 0.0, Max: 0.0, Diff: 0.0, Sum: 0.0]
      [Code Root Scanning (ms): Min: 0.0, Avg: 0.0, Max: 0.0, Diff: 0.0, Sum: 0.0]
      [Object Copy (ms): Min: 4.0, Avg: 4.2, Max: 4.2, Diff: 0.2, Sum: 16.7]
      [Termination (ms): Min: 0.0, Avg: 0.0, Max: 0.0, Diff: 0.0, Sum: 0.0]
         [Termination Attempts: Min: 1, Avg: 1.0, Max: 1, Diff: 0, Sum: 4]
      [GC Worker Other (ms): Min: 0.0, Avg: 0.0, Max: 0.0, Diff: 0.0, Sum: 0.0]
      [GC Worker Total (ms): Min: 4.4, Avg: 4.4, Max: 4.4, Diff: 0.0, Sum: 17.5]
      [GC Worker End (ms): Min: 294767.1, Avg: 294767.1, Max: 294767.1, Diff: 0.0]
   [Code Root Fixup: 0.0 ms]
   [Code Root Purge: 0.0 ms]
   [Clear CT: 0.0 ms]
   [Other: 1.5 ms]
      [Evacuation Failure: 1.4 ms]
      [Choose CSet: 0.0 ms]
      [Ref Proc: 0.0 ms]
      [Ref Enq: 0.0 ms]
      [Redirty Cards: 0.0 ms]
      [Humongous Register: 0.0 ms]
      [Humongous Reclaim: 0.0 ms]
      [Free CSet: 0.0 ms]
   [Eden: 2048.0K(25.0M)->0.0B(25.0M) Survivors: 0.0B->0.0B Heap: 511.3M(512.0M)->511.3M(512.0M)]
 [Times: user=0.01 sys=0.00, real=0.02 secs] 
2017-05-09T22:02:26.395+0300: 294.769: [GC pause (G1 Evacuation Pause) (young) (initial-mark), 0.0003659 secs]
   [Parallel Time: 0.2 ms, GC Workers: 4]
      [GC Worker Start (ms): Min: 294768.8, Avg: 294768.8, Max: 294768.8, Diff: 0.0]
      [Ext Root Scanning (ms): Min: 0.2, Avg: 0.2, Max: 0.2, Diff: 0.0, Sum: 0.7]
      [Update RS (ms): Min: 0.0, Avg: 0.0, Max: 0.0, Diff: 0.0, Sum: 0.1]
         [Processed Buffers: Min: 1, Avg: 1.5, Max: 2, Diff: 1, Sum: 6]
      [Scan RS (ms): Min: 0.0, Avg: 0.0, Max: 0.0, Diff: 0.0, Sum: 0.0]
      [Code Root Scanning (ms): Min: 0.0, Avg: 0.0, Max: 0.0, Diff: 0.0, Sum: 0.0]
      [Object Copy (ms): Min: 0.0, Avg: 0.0, Max: 0.0, Diff: 0.0, Sum: 0.0]
      [Termination (ms): Min: 0.0, Avg: 0.0, Max: 0.0, Diff: 0.0, Sum: 0.0]
         [Termination Attempts: Min: 1, Avg: 1.0, Max: 1, Diff: 0, Sum: 4]
      [GC Worker Other (ms): Min: 0.0, Avg: 0.0, Max: 0.0, Diff: 0.0, Sum: 0.0]
      [GC Worker Total (ms): Min: 0.2, Avg: 0.2, Max: 0.2, Diff: 0.0, Sum: 0.9]
      [GC Worker End (ms): Min: 294769.0, Avg: 294769.0, Max: 294769.0, Diff: 0.0]
   [Code Root Fixup: 0.0 ms]
   [Code Root Purge: 0.0 ms]
   [Clear CT: 0.0 ms]
   [Other: 0.1 ms]
      [Choose CSet: 0.0 ms]
      [Ref Proc: 0.0 ms]
      [Ref Enq: 0.0 ms]
      [Redirty Cards: 0.0 ms]
      [Humongous Register: 0.0 ms]
      [Humongous Reclaim: 0.0 ms]
      [Free CSet: 0.0 ms]
   [Eden: 0.0B(25.0M)->0.0B(25.0M) Survivors: 0.0B->0.0B Heap: 511.3M(512.0M)->511.3M(512.0M)]
 [Times: user=0.00 sys=0.00, real=0.00 secs] 
2017-05-09T22:02:26.395+0300: 294.769: [GC concurrent-root-region-scan-start]
2017-05-09T22:02:26.395+0300: 294.769: [GC concurrent-root-region-scan-end, 0.0000063 secs]
2017-05-09T22:02:26.395+0300: 294.769: [GC concurrent-mark-start]
2017-05-09T22:02:26.395+0300: 294.769: [Full GC (Allocation Failure)  511M->509M(512M), 1.2080670 secs]
   [Eden: 0.0B(25.0M)->0.0B(25.0M) Survivors: 0.0B->0.0B Heap: 511.3M(512.0M)->509.4M(512.0M)], [Metaspace: 7484K->7484K(1056768K)]
 [Times: user=1.66 sys=0.00, real=1.20 secs] 
2017-05-09T22:02:27.598+0300: 295.977: [GC concurrent-mark-abort]
2017-05-09T22:02:27.645+0300: 296.024: [GC pause (G1 Evacuation Pause) (young) (to-space exhausted), 0.0051504 secs]
   [Parallel Time: 3.6 ms, GC Workers: 4]
      [GC Worker Start (ms): Min: 296024.0, Avg: 296024.0, Max: 296024.0, Diff: 0.1]
      [Ext Root Scanning (ms): Min: 0.1, Avg: 0.2, Max: 0.2, Diff: 0.1, Sum: 0.6]
      [Update RS (ms): Min: 0.0, Avg: 0.0, Max: 0.2, Diff: 0.2, Sum: 0.2]
         [Processed Buffers: Min: 0, Avg: 0.3, Max: 1, Diff: 1, Sum: 1]
      [Scan RS (ms): Min: 0.0, Avg: 0.0, Max: 0.0, Diff: 0.0, Sum: 0.0]
      [Code Root Scanning (ms): Min: 0.0, Avg: 0.0, Max: 0.0, Diff: 0.0, Sum: 0.0]
      [Object Copy (ms): Min: 3.1, Avg: 3.3, Max: 3.3, Diff: 0.2, Sum: 13.1]
      [Termination (ms): Min: 0.0, Avg: 0.0, Max: 0.0, Diff: 0.0, Sum: 0.0]
         [Termination Attempts: Min: 1, Avg: 1.5, Max: 2, Diff: 1, Sum: 6]
      [GC Worker Other (ms): Min: 0.0, Avg: 0.0, Max: 0.0, Diff: 0.0, Sum: 0.0]
      [GC Worker Total (ms): Min: 3.5, Avg: 3.5, Max: 3.5, Diff: 0.1, Sum: 14.0]
      [GC Worker End (ms): Min: 296027.5, Avg: 296027.5, Max: 296027.5, Diff: 0.0]
   [Code Root Fixup: 0.0 ms]
   [Code Root Purge: 0.0 ms]
   [Clear CT: 0.0 ms]
   [Other: 1.5 ms]
      [Evacuation Failure: 1.4 ms]
      [Choose CSet: 0.0 ms]
      [Ref Proc: 0.1 ms]
      [Ref Enq: 0.0 ms]
      [Redirty Cards: 0.0 ms]
      [Humongous Register: 0.0 ms]
      [Humongous Reclaim: 0.0 ms]
      [Free CSet: 0.0 ms]
   [Eden: 2048.0K(25.0M)->0.0B(25.0M) Survivors: 0.0B->0.0B Heap: 511.4M(512.0M)->511.4M(512.0M)]
 [Times: user=0.00 sys=0.00, real=0.00 secs] 
2017-05-09T22:02:27.645+0300: 296.029: [GC pause (G1 Evacuation Pause) (young) (initial-mark), 0.0003512 secs]
   [Parallel Time: 0.2 ms, GC Workers: 4]
      [GC Worker Start (ms): Min: 296029.2, Avg: 296029.2, Max: 296029.3, Diff: 0.0]
      [Ext Root Scanning (ms): Min: 0.2, Avg: 0.2, Max: 0.2, Diff: 0.0, Sum: 0.7]
      [Update RS (ms): Min: 0.0, Avg: 0.0, Max: 0.0, Diff: 0.0, Sum: 0.1]
         [Processed Buffers: Min: 1, Avg: 1.8, Max: 3, Diff: 2, Sum: 7]
      [Scan RS (ms): Min: 0.0, Avg: 0.0, Max: 0.0, Diff: 0.0, Sum: 0.0]
      [Code Root Scanning (ms): Min: 0.0, Avg: 0.0, Max: 0.0, Diff: 0.0, Sum: 0.0]
      [Object Copy (ms): Min: 0.0, Avg: 0.0, Max: 0.0, Diff: 0.0, Sum: 0.0]
      [Termination (ms): Min: 0.0, Avg: 0.0, Max: 0.0, Diff: 0.0, Sum: 0.0]
         [Termination Attempts: Min: 1, Avg: 1.0, Max: 1, Diff: 0, Sum: 4]
      [GC Worker Other (ms): Min: 0.0, Avg: 0.0, Max: 0.0, Diff: 0.0, Sum: 0.0]
      [GC Worker Total (ms): Min: 0.2, Avg: 0.2, Max: 0.2, Diff: 0.0, Sum: 0.9]
      [GC Worker End (ms): Min: 296029.5, Avg: 296029.5, Max: 296029.5, Diff: 0.0]
   [Code Root Fixup: 0.0 ms]
   [Code Root Purge: 0.0 ms]
   [Clear CT: 0.0 ms]
   [Other: 0.1 ms]
      [Choose CSet: 0.0 ms]
      [Ref Proc: 0.0 ms]
      [Ref Enq: 0.0 ms]
      [Redirty Cards: 0.0 ms]
      [Humongous Register: 0.0 ms]
      [Humongous Reclaim: 0.0 ms]
      [Free CSet: 0.0 ms]
   [Eden: 0.0B(25.0M)->0.0B(25.0M) Survivors: 0.0B->0.0B Heap: 511.4M(512.0M)->511.4M(512.0M)]
 [Times: user=0.00 sys=0.00, real=0.00 secs] 
2017-05-09T22:02:27.645+0300: 296.030: [GC concurrent-root-region-scan-start]
2017-05-09T22:02:27.645+0300: 296.030: [GC concurrent-root-region-scan-end, 0.0000060 secs]
2017-05-09T22:02:27.645+0300: 296.030: [GC concurrent-mark-start]
2017-05-09T22:02:27.645+0300: 296.030: [Full GC (Allocation Failure)  511M->509M(512M), 1.2104884 secs]
   [Eden: 0.0B(25.0M)->0.0B(25.0M) Survivors: 0.0B->0.0B Heap: 511.4M(512.0M)->509.5M(512.0M)], [Metaspace: 7484K->7484K(1056768K)]
 [Times: user=1.67 sys=0.00, real=1.22 secs] 
2017-05-09T22:02:28.864+0300: 297.240: [GC concurrent-mark-abort]
2017-05-09T22:02:28.909+0300: 297.279: [GC pause (G1 Evacuation Pause) (young) (to-space exhausted), 0.0060295 secs]
   [Parallel Time: 4.5 ms, GC Workers: 4]
      [GC Worker Start (ms): Min: 297278.9, Avg: 297279.0, Max: 297279.0, Diff: 0.1]
      [Ext Root Scanning (ms): Min: 0.1, Avg: 0.2, Max: 0.2, Diff: 0.1, Sum: 0.7]
      [Update RS (ms): Min: 0.0, Avg: 0.1, Max: 0.2, Diff: 0.2, Sum: 0.2]
         [Processed Buffers: Min: 0, Avg: 0.3, Max: 1, Diff: 1, Sum: 1]
      [Scan RS (ms): Min: 0.0, Avg: 0.0, Max: 0.0, Diff: 0.0, Sum: 0.0]
      [Code Root Scanning (ms): Min: 0.0, Avg: 0.0, Max: 0.0, Diff: 0.0, Sum: 0.0]
      [Object Copy (ms): Min: 4.0, Avg: 4.2, Max: 4.3, Diff: 0.2, Sum: 16.9]
      [Termination (ms): Min: 0.0, Avg: 0.0, Max: 0.0, Diff: 0.0, Sum: 0.0]
         [Termination Attempts: Min: 1, Avg: 1.5, Max: 2, Diff: 1, Sum: 6]
      [GC Worker Other (ms): Min: 0.0, Avg: 0.0, Max: 0.0, Diff: 0.0, Sum: 0.0]
      [GC Worker Total (ms): Min: 4.4, Avg: 4.5, Max: 4.5, Diff: 0.1, Sum: 17.8]
      [GC Worker End (ms): Min: 297283.4, Avg: 297283.4, Max: 297283.4, Diff: 0.0]
   [Code Root Fixup: 0.0 ms]
   [Code Root Purge: 0.0 ms]
   [Clear CT: 0.0 ms]
   [Other: 1.5 ms]
      [Evacuation Failure: 1.4 ms]
      [Choose CSet: 0.0 ms]
      [Ref Proc: 0.0 ms]
      [Ref Enq: 0.0 ms]
      [Redirty Cards: 0.0 ms]
      [Humongous Register: 0.0 ms]
      [Humongous Reclaim: 0.0 ms]
      [Free CSet: 0.0 ms]
   [Eden: 2048.0K(25.0M)->0.0B(25.0M) Survivors: 0.0B->0.0B Heap: 511.5M(512.0M)->511.5M(512.0M)]
 [Times: user=0.00 sys=0.00, real=0.00 secs] 
2017-05-09T22:02:28.910+0300: 297.285: [GC pause (G1 Evacuation Pause) (young) (initial-mark), 0.0003674 secs]
   [Parallel Time: 0.2 ms, GC Workers: 4]
      [GC Worker Start (ms): Min: 297285.1, Avg: 297285.1, Max: 297285.1, Diff: 0.0]
      [Ext Root Scanning (ms): Min: 0.2, Avg: 0.2, Max: 0.2, Diff: 0.0, Sum: 0.7]
      [Update RS (ms): Min: 0.0, Avg: 0.0, Max: 0.0, Diff: 0.0, Sum: 0.1]
         [Processed Buffers: Min: 1, Avg: 1.5, Max: 2, Diff: 1, Sum: 6]
      [Scan RS (ms): Min: 0.0, Avg: 0.0, Max: 0.0, Diff: 0.0, Sum: 0.0]
      [Code Root Scanning (ms): Min: 0.0, Avg: 0.0, Max: 0.0, Diff: 0.0, Sum: 0.0]
      [Object Copy (ms): Min: 0.0, Avg: 0.0, Max: 0.0, Diff: 0.0, Sum: 0.0]
      [Termination (ms): Min: 0.0, Avg: 0.0, Max: 0.0, Diff: 0.0, Sum: 0.0]
         [Termination Attempts: Min: 1, Avg: 1.0, Max: 1, Diff: 0, Sum: 4]
      [GC Worker Other (ms): Min: 0.0, Avg: 0.0, Max: 0.0, Diff: 0.0, Sum: 0.0]
      [GC Worker Total (ms): Min: 0.2, Avg: 0.2, Max: 0.2, Diff: 0.0, Sum: 0.9]
      [GC Worker End (ms): Min: 297285.3, Avg: 297285.3, Max: 297285.4, Diff: 0.0]
   [Code Root Fixup: 0.0 ms]
   [Code Root Purge: 0.0 ms]
   [Clear CT: 0.0 ms]
   [Other: 0.1 ms]
      [Choose CSet: 0.0 ms]
      [Ref Proc: 0.0 ms]
      [Ref Enq: 0.0 ms]
      [Redirty Cards: 0.0 ms]
      [Humongous Register: 0.0 ms]
      [Humongous Reclaim: 0.0 ms]
      [Free CSet: 0.0 ms]
   [Eden: 0.0B(25.0M)->0.0B(25.0M) Survivors: 0.0B->0.0B Heap: 511.5M(512.0M)->511.5M(512.0M)]
 [Times: user=0.00 sys=0.00, real=0.00 secs] 
2017-05-09T22:02:28.910+0300: 297.286: [GC concurrent-root-region-scan-start]
2017-05-09T22:02:28.910+0300: 297.286: [GC concurrent-root-region-scan-end, 0.0000072 secs]
2017-05-09T22:02:28.910+0300: 297.286: [GC concurrent-mark-start]
2017-05-09T22:02:28.910+0300: 297.286: [Full GC (Allocation Failure)  511M->509M(512M), 1.2070557 secs]
   [Eden: 0.0B(25.0M)->0.0B(25.0M) Survivors: 0.0B->0.0B Heap: 511.5M(512.0M)->509.5M(512.0M)], [Metaspace: 7484K->7484K(1056768K)]
 [Times: user=1.69 sys=0.00, real=1.21 secs] 
2017-05-09T22:02:30.120+0300: 298.493: [GC concurrent-mark-abort]
2017-05-09T22:02:30.154+0300: 298.533: [GC pause (G1 Evacuation Pause) (young) (to-space exhausted), 0.0056115 secs]
   [Parallel Time: 4.0 ms, GC Workers: 4]
      [GC Worker Start (ms): Min: 298533.3, Avg: 298533.4, Max: 298533.4, Diff: 0.1]
      [Ext Root Scanning (ms): Min: 0.1, Avg: 0.2, Max: 0.2, Diff: 0.1, Sum: 0.7]
      [Update RS (ms): Min: 0.0, Avg: 0.1, Max: 0.2, Diff: 0.2, Sum: 0.2]
         [Processed Buffers: Min: 0, Avg: 0.3, Max: 1, Diff: 1, Sum: 1]
      [Scan RS (ms): Min: 0.0, Avg: 0.0, Max: 0.0, Diff: 0.0, Sum: 0.0]
      [Code Root Scanning (ms): Min: 0.0, Avg: 0.0, Max: 0.0, Diff: 0.0, Sum: 0.0]
      [Object Copy (ms): Min: 3.6, Avg: 3.7, Max: 3.8, Diff: 0.2, Sum: 14.9]
      [Termination (ms): Min: 0.0, Avg: 0.0, Max: 0.0, Diff: 0.0, Sum: 0.0]
         [Termination Attempts: Min: 1, Avg: 1.8, Max: 3, Diff: 2, Sum: 7]
      [GC Worker Other (ms): Min: 0.0, Avg: 0.0, Max: 0.0, Diff: 0.0, Sum: 0.0]
      [GC Worker Total (ms): Min: 3.9, Avg: 4.0, Max: 4.0, Diff: 0.1, Sum: 15.8]
      [GC Worker End (ms): Min: 298537.3, Avg: 298537.3, Max: 298537.3, Diff: 0.0]
   [Code Root Fixup: 0.0 ms]
   [Code Root Purge: 0.0 ms]
   [Clear CT: 0.0 ms]
   [Other: 1.6 ms]
      [Evacuation Failure: 1.4 ms]
      [Choose CSet: 0.0 ms]
      [Ref Proc: 0.1 ms]
      [Ref Enq: 0.0 ms]
      [Redirty Cards: 0.0 ms]
      [Humongous Register: 0.0 ms]
      [Humongous Reclaim: 0.0 ms]
      [Free CSet: 0.0 ms]
   [Eden: 2048.0K(25.0M)->0.0B(25.0M) Survivors: 0.0B->0.0B Heap: 511.5M(512.0M)->511.5M(512.0M)]
 [Times: user=0.03 sys=0.00, real=0.01 secs] 
2017-05-09T22:02:30.169+0300: 298.539: [GC pause (G1 Evacuation Pause) (young) (initial-mark), 0.0003927 secs]
   [Parallel Time: 0.3 ms, GC Workers: 4]
      [GC Worker Start (ms): Min: 298539.2, Avg: 298539.2, Max: 298539.2, Diff: 0.0]
      [Ext Root Scanning (ms): Min: 0.2, Avg: 0.2, Max: 0.2, Diff: 0.0, Sum: 0.8]
      [Update RS (ms): Min: 0.0, Avg: 0.0, Max: 0.0, Diff: 0.0, Sum: 0.1]
         [Processed Buffers: Min: 1, Avg: 1.5, Max: 2, Diff: 1, Sum: 6]
      [Scan RS (ms): Min: 0.0, Avg: 0.0, Max: 0.0, Diff: 0.0, Sum: 0.0]
      [Code Root Scanning (ms): Min: 0.0, Avg: 0.0, Max: 0.0, Diff: 0.0, Sum: 0.0]
      [Object Copy (ms): Min: 0.0, Avg: 0.0, Max: 0.0, Diff: 0.0, Sum: 0.0]
      [Termination (ms): Min: 0.0, Avg: 0.0, Max: 0.0, Diff: 0.0, Sum: 0.0]
         [Termination Attempts: Min: 1, Avg: 1.0, Max: 1, Diff: 0, Sum: 4]
      [GC Worker Other (ms): Min: 0.0, Avg: 0.0, Max: 0.0, Diff: 0.0, Sum: 0.0]
      [GC Worker Total (ms): Min: 0.2, Avg: 0.2, Max: 0.2, Diff: 0.0, Sum: 1.0]
      [GC Worker End (ms): Min: 298539.4, Avg: 298539.4, Max: 298539.4, Diff: 0.0]
   [Code Root Fixup: 0.0 ms]
   [Code Root Purge: 0.0 ms]
   [Clear CT: 0.0 ms]
   [Other: 0.1 ms]
      [Choose CSet: 0.0 ms]
      [Ref Proc: 0.0 ms]
      [Ref Enq: 0.0 ms]
      [Redirty Cards: 0.0 ms]
      [Humongous Register: 0.0 ms]
      [Humongous Reclaim: 0.0 ms]
      [Free CSet: 0.0 ms]
   [Eden: 0.0B(25.0M)->0.0B(25.0M) Survivors: 0.0B->0.0B Heap: 511.5M(512.0M)->511.5M(512.0M)]
 [Times: user=0.00 sys=0.00, real=0.00 secs] 
2017-05-09T22:02:30.169+0300: 298.540: [GC concurrent-root-region-scan-start]
2017-05-09T22:02:30.169+0300: 298.540: [GC concurrent-root-region-scan-end, 0.0000072 secs]
2017-05-09T22:02:30.169+0300: 298.540: [GC concurrent-mark-start]
2017-05-09T22:02:30.169+0300: 298.540: [Full GC (Allocation Failure)  511M->509M(512M), 1.2165616 secs]
   [Eden: 0.0B(25.0M)->0.0B(25.0M) Survivors: 0.0B->0.0B Heap: 511.5M(512.0M)->509.6M(512.0M)], [Metaspace: 7484K->7484K(1056768K)]
 [Times: user=1.67 sys=0.00, real=1.21 secs] 
2017-05-09T22:02:31.379+0300: 299.756: [GC concurrent-mark-abort]
2017-05-09T22:02:31.411+0300: 299.795: [GC pause (G1 Evacuation Pause) (young) (to-space exhausted), 0.0069065 secs]
   [Parallel Time: 5.2 ms, GC Workers: 4]
      [GC Worker Start (ms): Min: 299795.0, Avg: 299795.0, Max: 299795.0, Diff: 0.0]
      [Ext Root Scanning (ms): Min: 0.1, Avg: 0.1, Max: 0.2, Diff: 0.0, Sum: 0.6]
      [Update RS (ms): Min: 0.0, Avg: 0.0, Max: 0.2, Diff: 0.2, Sum: 0.2]
         [Processed Buffers: Min: 0, Avg: 0.3, Max: 1, Diff: 1, Sum: 1]
      [Scan RS (ms): Min: 0.0, Avg: 0.0, Max: 0.0, Diff: 0.0, Sum: 0.0]
      [Code Root Scanning (ms): Min: 0.0, Avg: 0.0, Max: 0.0, Diff: 0.0, Sum: 0.0]
      [Object Copy (ms): Min: 4.9, Avg: 5.0, Max: 5.0, Diff: 0.2, Sum: 20.0]
      [Termination (ms): Min: 0.0, Avg: 0.0, Max: 0.0, Diff: 0.0, Sum: 0.0]
         [Termination Attempts: Min: 1, Avg: 1.0, Max: 1, Diff: 0, Sum: 4]
      [GC Worker Other (ms): Min: 0.0, Avg: 0.0, Max: 0.0, Diff: 0.0, Sum: 0.0]
      [GC Worker Total (ms): Min: 5.2, Avg: 5.2, Max: 5.2, Diff: 0.0, Sum: 20.8]
      [GC Worker End (ms): Min: 299800.2, Avg: 299800.2, Max: 299800.2, Diff: 0.0]
   [Code Root Fixup: 0.0 ms]
   [Code Root Purge: 0.0 ms]
   [Clear CT: 0.0 ms]
   [Other: 1.6 ms]
      [Evacuation Failure: 1.5 ms]
      [Choose CSet: 0.0 ms]
      [Ref Proc: 0.0 ms]
      [Ref Enq: 0.0 ms]
      [Redirty Cards: 0.0 ms]
      [Humongous Register: 0.0 ms]
      [Humongous Reclaim: 0.0 ms]
      [Free CSet: 0.0 ms]
   [Eden: 2048.0K(25.0M)->0.0B(25.0M) Survivors: 0.0B->0.0B Heap: 511.6M(512.0M)->511.6M(512.0M)]
 [Times: user=0.02 sys=0.03, real=0.02 secs] 
2017-05-09T22:02:31.426+0300: 299.802: [GC pause (G1 Evacuation Pause) (young) (initial-mark), 0.0004490 secs]
   [Parallel Time: 0.3 ms, GC Workers: 4]
      [GC Worker Start (ms): Min: 299802.1, Avg: 299802.1, Max: 299802.1, Diff: 0.0]
      [Ext Root Scanning (ms): Min: 0.2, Avg: 0.3, Max: 0.3, Diff: 0.0, Sum: 1.0]
      [Update RS (ms): Min: 0.0, Avg: 0.0, Max: 0.0, Diff: 0.0, Sum: 0.1]
         [Processed Buffers: Min: 1, Avg: 1.5, Max: 2, Diff: 1, Sum: 6]
      [Scan RS (ms): Min: 0.0, Avg: 0.0, Max: 0.0, Diff: 0.0, Sum: 0.0]
      [Code Root Scanning (ms): Min: 0.0, Avg: 0.0, Max: 0.0, Diff: 0.0, Sum: 0.0]
      [Object Copy (ms): Min: 0.0, Avg: 0.0, Max: 0.0, Diff: 0.0, Sum: 0.0]
      [Termination (ms): Min: 0.0, Avg: 0.0, Max: 0.0, Diff: 0.0, Sum: 0.0]
         [Termination Attempts: Min: 1, Avg: 1.0, Max: 1, Diff: 0, Sum: 4]
      [GC Worker Other (ms): Min: 0.0, Avg: 0.0, Max: 0.0, Diff: 0.0, Sum: 0.0]
      [GC Worker Total (ms): Min: 0.3, Avg: 0.3, Max: 0.3, Diff: 0.0, Sum: 1.2]
      [GC Worker End (ms): Min: 299802.4, Avg: 299802.4, Max: 299802.4, Diff: 0.0]
   [Code Root Fixup: 0.0 ms]
   [Code Root Purge: 0.0 ms]
   [Clear CT: 0.0 ms]
   [Other: 0.1 ms]
      [Choose CSet: 0.0 ms]
      [Ref Proc: 0.1 ms]
      [Ref Enq: 0.0 ms]
      [Redirty Cards: 0.0 ms]
      [Humongous Register: 0.0 ms]
      [Humongous Reclaim: 0.0 ms]
      [Free CSet: 0.0 ms]
   [Eden: 0.0B(25.0M)->0.0B(25.0M) Survivors: 0.0B->0.0B Heap: 511.6M(512.0M)->511.6M(512.0M)]
 [Times: user=0.00 sys=0.00, real=0.00 secs] 
2017-05-09T22:02:31.426+0300: 299.803: [GC concurrent-root-region-scan-start]
2017-05-09T22:02:31.426+0300: 299.803: [GC concurrent-root-region-scan-end, 0.0000072 secs]
2017-05-09T22:02:31.426+0300: 299.803: [GC concurrent-mark-start]
2017-05-09T22:02:31.426+0300: 299.803: [Full GC (Allocation Failure)  511M->509M(512M), 1.2281417 secs]
   [Eden: 0.0B(25.0M)->0.0B(25.0M) Survivors: 0.0B->0.0B Heap: 511.6M(512.0M)->509.7M(512.0M)], [Metaspace: 7484K->7484K(1056768K)]
 [Times: user=1.67 sys=0.00, real=1.23 secs] 
2017-05-09T22:02:32.660+0300: 301.031: [GC concurrent-mark-abort]
2017-05-09T22:02:32.676+0300: 301.060: [GC pause (G1 Evacuation Pause) (young) (to-space exhausted), 0.0039005 secs]
   [Parallel Time: 2.4 ms, GC Workers: 4]
      [GC Worker Start (ms): Min: 301060.0, Avg: 301060.0, Max: 301060.0, Diff: 0.0]
      [Ext Root Scanning (ms): Min: 0.1, Avg: 0.2, Max: 0.2, Diff: 0.0, Sum: 0.6]
      [Update RS (ms): Min: 0.0, Avg: 0.0, Max: 0.1, Diff: 0.1, Sum: 0.1]
         [Processed Buffers: Min: 0, Avg: 0.3, Max: 1, Diff: 1, Sum: 1]
      [Scan RS (ms): Min: 0.0, Avg: 0.0, Max: 0.0, Diff: 0.0, Sum: 0.0]
      [Code Root Scanning (ms): Min: 0.0, Avg: 0.0, Max: 0.0, Diff: 0.0, Sum: 0.0]
      [Object Copy (ms): Min: 2.1, Avg: 2.2, Max: 2.2, Diff: 0.1, Sum: 8.7]
      [Termination (ms): Min: 0.0, Avg: 0.0, Max: 0.0, Diff: 0.0, Sum: 0.0]
         [Termination Attempts: Min: 1, Avg: 1.0, Max: 1, Diff: 0, Sum: 4]
      [GC Worker Other (ms): Min: 0.0, Avg: 0.0, Max: 0.0, Diff: 0.0, Sum: 0.0]
      [GC Worker Total (ms): Min: 2.3, Avg: 2.4, Max: 2.4, Diff: 0.0, Sum: 9.4]
      [GC Worker End (ms): Min: 301062.4, Avg: 301062.4, Max: 301062.4, Diff: 0.0]
   [Code Root Fixup: 0.0 ms]
   [Code Root Purge: 0.0 ms]
   [Clear CT: 0.0 ms]
   [Other: 1.5 ms]
      [Evacuation Failure: 1.4 ms]
      [Choose CSet: 0.0 ms]
      [Ref Proc: 0.0 ms]
      [Ref Enq: 0.0 ms]
      [Redirty Cards: 0.0 ms]
      [Humongous Register: 0.0 ms]
      [Humongous Reclaim: 0.0 ms]
      [Free CSet: 0.0 ms]
   [Eden: 1024.0K(25.0M)->0.0B(25.0M) Survivors: 0.0B->0.0B Heap: 510.7M(512.0M)->510.7M(512.0M)]
 [Times: user=0.00 sys=0.03, real=0.01 secs] 
2017-05-09T22:02:32.691+0300: 301.064: [GC pause (G1 Evacuation Pause) (young) (initial-mark), 0.0004135 secs]
   [Parallel Time: 0.3 ms, GC Workers: 4]
      [GC Worker Start (ms): Min: 301064.1, Avg: 301064.1, Max: 301064.1, Diff: 0.0]
      [Ext Root Scanning (ms): Min: 0.2, Avg: 0.2, Max: 0.3, Diff: 0.0, Sum: 0.9]
      [Update RS (ms): Min: 0.0, Avg: 0.0, Max: 0.0, Diff: 0.0, Sum: 0.1]
         [Processed Buffers: Min: 0, Avg: 1.5, Max: 3, Diff: 3, Sum: 6]
      [Scan RS (ms): Min: 0.0, Avg: 0.0, Max: 0.0, Diff: 0.0, Sum: 0.0]
      [Code Root Scanning (ms): Min: 0.0, Avg: 0.0, Max: 0.0, Diff: 0.0, Sum: 0.0]
      [Object Copy (ms): Min: 0.0, Avg: 0.0, Max: 0.0, Diff: 0.0, Sum: 0.0]
      [Termination (ms): Min: 0.0, Avg: 0.0, Max: 0.0, Diff: 0.0, Sum: 0.0]
         [Termination Attempts: Min: 1, Avg: 1.0, Max: 1, Diff: 0, Sum: 4]
      [GC Worker Other (ms): Min: 0.0, Avg: 0.0, Max: 0.0, Diff: 0.0, Sum: 0.0]
      [GC Worker Total (ms): Min: 0.3, Avg: 0.3, Max: 0.3, Diff: 0.0, Sum: 1.1]
      [GC Worker End (ms): Min: 301064.4, Avg: 301064.4, Max: 301064.4, Diff: 0.0]
   [Code Root Fixup: 0.0 ms]
   [Code Root Purge: 0.0 ms]
   [Clear CT: 0.0 ms]
   [Other: 0.1 ms]
      [Choose CSet: 0.0 ms]
      [Ref Proc: 0.0 ms]
      [Ref Enq: 0.0 ms]
      [Redirty Cards: 0.0 ms]
      [Humongous Register: 0.0 ms]
      [Humongous Reclaim: 0.0 ms]
      [Free CSet: 0.0 ms]
   [Eden: 0.0B(25.0M)->0.0B(25.0M) Survivors: 0.0B->0.0B Heap: 510.7M(512.0M)->510.7M(512.0M)]
 [Times: user=0.00 sys=0.00, real=0.00 secs] 
2017-05-09T22:02:32.691+0300: 301.065: [GC concurrent-root-region-scan-start]
2017-05-09T22:02:32.691+0300: 301.065: [GC concurrent-root-region-scan-end, 0.0000057 secs]
2017-05-09T22:02:32.691+0300: 301.065: [GC concurrent-mark-start]
2017-05-09T22:02:32.691+0300: 301.065: [Full GC (Allocation Failure)  510M->509M(512M), 1.2316932 secs]
   [Eden: 0.0B(25.0M)->0.0B(25.0M) Survivors: 0.0B->0.0B Heap: 510.7M(512.0M)->509.7M(512.0M)], [Metaspace: 7484K->7484K(1056768K)]
 [Times: user=1.69 sys=0.02, real=1.23 secs] 
2017-05-09T22:02:33.924+0300: 302.296: [GC concurrent-mark-abort]
2017-05-09T22:02:33.940+0300: 302.324: [GC pause (G1 Evacuation Pause) (young) (to-space exhausted), 0.0037873 secs]
   [Parallel Time: 2.2 ms, GC Workers: 4]
      [GC Worker Start (ms): Min: 302324.2, Avg: 302324.2, Max: 302324.2, Diff: 0.0]
      [Ext Root Scanning (ms): Min: 0.1, Avg: 0.2, Max: 0.2, Diff: 0.0, Sum: 0.7]
      [Update RS (ms): Min: 0.0, Avg: 0.0, Max: 0.1, Diff: 0.1, Sum: 0.1]
         [Processed Buffers: Min: 0, Avg: 0.3, Max: 1, Diff: 1, Sum: 1]
      [Scan RS (ms): Min: 0.0, Avg: 0.0, Max: 0.0, Diff: 0.0, Sum: 0.0]
      [Code Root Scanning (ms): Min: 0.0, Avg: 0.0, Max: 0.0, Diff: 0.0, Sum: 0.0]
      [Object Copy (ms): Min: 1.7, Avg: 1.8, Max: 1.9, Diff: 0.1, Sum: 7.3]
      [Termination (ms): Min: 0.0, Avg: 0.0, Max: 0.0, Diff: 0.0, Sum: 0.1]
         [Termination Attempts: Min: 1, Avg: 1.8, Max: 2, Diff: 1, Sum: 7]
      [GC Worker Other (ms): Min: 0.0, Avg: 0.0, Max: 0.0, Diff: 0.0, Sum: 0.0]
      [GC Worker Total (ms): Min: 2.0, Avg: 2.0, Max: 2.1, Diff: 0.0, Sum: 8.1]
      [GC Worker End (ms): Min: 302326.2, Avg: 302326.2, Max: 302326.2, Diff: 0.0]
   [Code Root Fixup: 0.0 ms]
   [Code Root Purge: 0.0 ms]
   [Clear CT: 0.0 ms]
   [Other: 1.6 ms]
      [Evacuation Failure: 1.4 ms]
      [Choose CSet: 0.0 ms]
      [Ref Proc: 0.1 ms]
      [Ref Enq: 0.0 ms]
      [Redirty Cards: 0.1 ms]
      [Humongous Register: 0.0 ms]
      [Humongous Reclaim: 0.0 ms]
      [Free CSet: 0.0 ms]
   [Eden: 1024.0K(25.0M)->0.0B(25.0M) Survivors: 0.0B->0.0B Heap: 510.7M(512.0M)->510.7M(512.0M)]
 [Times: user=0.06 sys=0.00, real=0.02 secs] 
2017-05-09T22:02:33.958+0300: 302.328: [GC pause (G1 Evacuation Pause) (young) (initial-mark), 0.0003575 secs]
   [Parallel Time: 0.2 ms, GC Workers: 4]
      [GC Worker Start (ms): Min: 302328.1, Avg: 302328.1, Max: 302328.1, Diff: 0.0]
      [Ext Root Scanning (ms): Min: 0.2, Avg: 0.2, Max: 0.2, Diff: 0.0, Sum: 0.7]
      [Update RS (ms): Min: 0.0, Avg: 0.0, Max: 0.0, Diff: 0.0, Sum: 0.1]
         [Processed Buffers: Min: 1, Avg: 1.5, Max: 2, Diff: 1, Sum: 6]
      [Scan RS (ms): Min: 0.0, Avg: 0.0, Max: 0.0, Diff: 0.0, Sum: 0.0]
      [Code Root Scanning (ms): Min: 0.0, Avg: 0.0, Max: 0.0, Diff: 0.0, Sum: 0.0]
      [Object Copy (ms): Min: 0.0, Avg: 0.0, Max: 0.0, Diff: 0.0, Sum: 0.0]
      [Termination (ms): Min: 0.0, Avg: 0.0, Max: 0.0, Diff: 0.0, Sum: 0.0]
         [Termination Attempts: Min: 1, Avg: 1.0, Max: 1, Diff: 0, Sum: 4]
      [GC Worker Other (ms): Min: 0.0, Avg: 0.0, Max: 0.0, Diff: 0.0, Sum: 0.0]
      [GC Worker Total (ms): Min: 0.2, Avg: 0.2, Max: 0.2, Diff: 0.0, Sum: 0.8]
      [GC Worker End (ms): Min: 302328.3, Avg: 302328.3, Max: 302328.3, Diff: 0.0]
   [Code Root Fixup: 0.0 ms]
   [Code Root Purge: 0.0 ms]
   [Clear CT: 0.0 ms]
   [Other: 0.1 ms]
      [Choose CSet: 0.0 ms]
      [Ref Proc: 0.0 ms]
      [Ref Enq: 0.0 ms]
      [Redirty Cards: 0.0 ms]
      [Humongous Register: 0.0 ms]
      [Humongous Reclaim: 0.0 ms]
      [Free CSet: 0.0 ms]
   [Eden: 0.0B(25.0M)->0.0B(25.0M) Survivors: 0.0B->0.0B Heap: 510.7M(512.0M)->510.7M(512.0M)]
 [Times: user=0.00 sys=0.00, real=0.00 secs] 
2017-05-09T22:02:33.958+0300: 302.329: [GC concurrent-root-region-scan-start]
2017-05-09T22:02:33.958+0300: 302.329: [GC concurrent-root-region-scan-end, 0.0000066 secs]
2017-05-09T22:02:33.958+0300: 302.329: [GC concurrent-mark-start]
2017-05-09T22:02:33.958+0300: 302.329: [Full GC (Allocation Failure)  510M->509M(512M), 1.2324886 secs]
   [Eden: 0.0B(25.0M)->0.0B(25.0M) Survivors: 0.0B->0.0B Heap: 510.7M(512.0M)->509.8M(512.0M)], [Metaspace: 7484K->7484K(1056768K)]
 [Times: user=1.70 sys=0.00, real=1.23 secs] 
2017-05-09T22:02:35.190+0300: 303.561: [GC concurrent-mark-abort]
2017-05-09T22:02:35.222+0300: 303.591: [GC pause (G1 Evacuation Pause) (young) (to-space exhausted), 0.0035969 secs]
   [Parallel Time: 2.1 ms, GC Workers: 4]
      [GC Worker Start (ms): Min: 303591.1, Avg: 303591.1, Max: 303591.2, Diff: 0.0]
      [Ext Root Scanning (ms): Min: 0.1, Avg: 0.2, Max: 0.3, Diff: 0.1, Sum: 0.7]
      [Update RS (ms): Min: 0.0, Avg: 0.0, Max: 0.1, Diff: 0.1, Sum: 0.1]
         [Processed Buffers: Min: 0, Avg: 0.3, Max: 1, Diff: 1, Sum: 1]
      [Scan RS (ms): Min: 0.0, Avg: 0.0, Max: 0.0, Diff: 0.0, Sum: 0.0]
      [Code Root Scanning (ms): Min: 0.0, Avg: 0.0, Max: 0.0, Diff: 0.0, Sum: 0.0]
      [Object Copy (ms): Min: 1.7, Avg: 1.7, Max: 1.8, Diff: 0.1, Sum: 7.0]
      [Termination (ms): Min: 0.0, Avg: 0.0, Max: 0.0, Diff: 0.0, Sum: 0.0]
         [Termination Attempts: Min: 1, Avg: 1.5, Max: 2, Diff: 1, Sum: 6]
      [GC Worker Other (ms): Min: 0.0, Avg: 0.0, Max: 0.0, Diff: 0.0, Sum: 0.0]
      [GC Worker Total (ms): Min: 1.9, Avg: 2.0, Max: 2.0, Diff: 0.0, Sum: 7.8]
      [GC Worker End (ms): Min: 303593.1, Avg: 303593.1, Max: 303593.1, Diff: 0.0]
   [Code Root Fixup: 0.0 ms]
   [Code Root Purge: 0.0 ms]
   [Clear CT: 0.0 ms]
   [Other: 1.5 ms]
      [Evacuation Failure: 1.4 ms]
      [Choose CSet: 0.0 ms]
      [Ref Proc: 0.0 ms]
      [Ref Enq: 0.0 ms]
      [Redirty Cards: 0.0 ms]
      [Humongous Register: 0.0 ms]
      [Humongous Reclaim: 0.0 ms]
      [Free CSet: 0.0 ms]
   [Eden: 1024.0K(25.0M)->0.0B(25.0M) Survivors: 0.0B->0.0B Heap: 510.8M(512.0M)->510.8M(512.0M)]
 [Times: user=0.00 sys=0.00, real=0.00 secs] 
2017-05-09T22:02:35.222+0300: 303.595: [GC pause (G1 Evacuation Pause) (young) (initial-mark), 0.0003500 secs]
   [Parallel Time: 0.2 ms, GC Workers: 4]
      [GC Worker Start (ms): Min: 303594.8, Avg: 303594.8, Max: 303594.8, Diff: 0.0]
      [Ext Root Scanning (ms): Min: 0.2, Avg: 0.2, Max: 0.2, Diff: 0.0, Sum: 0.7]
      [Update RS (ms): Min: 0.0, Avg: 0.0, Max: 0.0, Diff: 0.0, Sum: 0.1]
         [Processed Buffers: Min: 1, Avg: 1.5, Max: 2, Diff: 1, Sum: 6]
      [Scan RS (ms): Min: 0.0, Avg: 0.0, Max: 0.0, Diff: 0.0, Sum: 0.0]
      [Code Root Scanning (ms): Min: 0.0, Avg: 0.0, Max: 0.0, Diff: 0.0, Sum: 0.0]
      [Object Copy (ms): Min: 0.0, Avg: 0.0, Max: 0.0, Diff: 0.0, Sum: 0.0]
      [Termination (ms): Min: 0.0, Avg: 0.0, Max: 0.0, Diff: 0.0, Sum: 0.0]
         [Termination Attempts: Min: 1, Avg: 1.0, Max: 1, Diff: 0, Sum: 4]
      [GC Worker Other (ms): Min: 0.0, Avg: 0.0, Max: 0.0, Diff: 0.0, Sum: 0.0]
      [GC Worker Total (ms): Min: 0.2, Avg: 0.2, Max: 0.2, Diff: 0.0, Sum: 0.8]
      [GC Worker End (ms): Min: 303595.0, Avg: 303595.0, Max: 303595.0, Diff: 0.0]
   [Code Root Fixup: 0.0 ms]
   [Code Root Purge: 0.0 ms]
   [Clear CT: 0.0 ms]
   [Other: 0.1 ms]
      [Choose CSet: 0.0 ms]
      [Ref Proc: 0.0 ms]
      [Ref Enq: 0.0 ms]
      [Redirty Cards: 0.0 ms]
      [Humongous Register: 0.0 ms]
      [Humongous Reclaim: 0.0 ms]
      [Free CSet: 0.0 ms]
   [Eden: 0.0B(25.0M)->0.0B(25.0M) Survivors: 0.0B->0.0B Heap: 510.8M(512.0M)->510.8M(512.0M)]
 [Times: user=0.00 sys=0.00, real=0.00 secs] 
2017-05-09T22:02:35.222+0300: 303.595: [GC concurrent-root-region-scan-start]
2017-05-09T22:02:35.222+0300: 303.595: [GC concurrent-root-region-scan-end, 0.0000069 secs]
2017-05-09T22:02:35.222+0300: 303.595: [GC concurrent-mark-start]
2017-05-09T22:02:35.222+0300: 303.595: [Full GC (Allocation Failure)  510M->509M(512M), 1.2094403 secs]
   [Eden: 0.0B(25.0M)->0.0B(25.0M) Survivors: 0.0B->0.0B Heap: 510.8M(512.0M)->509.8M(512.0M)], [Metaspace: 7484K->7484K(1056768K)]
 [Times: user=1.66 sys=0.00, real=1.21 secs] 
2017-05-09T22:02:36.429+0300: 304.805: [GC concurrent-mark-abort]
2017-05-09T22:02:36.444+0300: 304.829: [GC pause (G1 Evacuation Pause) (young) (to-space exhausted), 0.0044935 secs]
   [Parallel Time: 2.6 ms, GC Workers: 4]
      [GC Worker Start (ms): Min: 304828.7, Avg: 304828.7, Max: 304828.7, Diff: 0.0]
      [Ext Root Scanning (ms): Min: 0.1, Avg: 0.1, Max: 0.2, Diff: 0.0, Sum: 0.6]
      [Update RS (ms): Min: 0.0, Avg: 0.0, Max: 0.1, Diff: 0.1, Sum: 0.1]
         [Processed Buffers: Min: 0, Avg: 0.3, Max: 1, Diff: 1, Sum: 1]
      [Scan RS (ms): Min: 0.0, Avg: 0.0, Max: 0.0, Diff: 0.0, Sum: 0.0]
      [Code Root Scanning (ms): Min: 0.0, Avg: 0.0, Max: 0.0, Diff: 0.0, Sum: 0.0]
      [Object Copy (ms): Min: 2.4, Avg: 2.4, Max: 2.4, Diff: 0.1, Sum: 9.7]
      [Termination (ms): Min: 0.0, Avg: 0.0, Max: 0.0, Diff: 0.0, Sum: 0.0]
         [Termination Attempts: Min: 1, Avg: 1.0, Max: 1, Diff: 0, Sum: 4]
      [GC Worker Other (ms): Min: 0.0, Avg: 0.0, Max: 0.0, Diff: 0.0, Sum: 0.0]
      [GC Worker Total (ms): Min: 2.6, Avg: 2.6, Max: 2.6, Diff: 0.0, Sum: 10.4]
      [GC Worker End (ms): Min: 304831.3, Avg: 304831.3, Max: 304831.3, Diff: 0.0]
   [Code Root Fixup: 0.0 ms]
   [Code Root Purge: 0.0 ms]
   [Clear CT: 0.0 ms]
   [Other: 1.8 ms]
      [Evacuation Failure: 1.5 ms]
      [Choose CSet: 0.0 ms]
      [Ref Proc: 0.0 ms]
      [Ref Enq: 0.0 ms]
      [Redirty Cards: 0.2 ms]
      [Humongous Register: 0.0 ms]
      [Humongous Reclaim: 0.0 ms]
      [Free CSet: 0.0 ms]
   [Eden: 1024.0K(25.0M)->0.0B(25.0M) Survivors: 0.0B->0.0B Heap: 510.8M(512.0M)->510.8M(512.0M)]
 [Times: user=0.03 sys=0.00, real=0.02 secs] 
2017-05-09T22:02:36.460+0300: 304.833: [GC pause (G1 Evacuation Pause) (young) (initial-mark), 0.0008698 secs]
   [Parallel Time: 0.4 ms, GC Workers: 4]
      [GC Worker Start (ms): Min: 304833.5, Avg: 304833.5, Max: 304833.6, Diff: 0.1]
      [Ext Root Scanning (ms): Min: 0.2, Avg: 0.2, Max: 0.3, Diff: 0.1, Sum: 1.0]
      [Update RS (ms): Min: 0.0, Avg: 0.0, Max: 0.0, Diff: 0.0, Sum: 0.1]
         [Processed Buffers: Min: 0, Avg: 1.5, Max: 4, Diff: 4, Sum: 6]
      [Scan RS (ms): Min: 0.0, Avg: 0.0, Max: 0.0, Diff: 0.0, Sum: 0.0]
      [Code Root Scanning (ms): Min: 0.0, Avg: 0.0, Max: 0.0, Diff: 0.0, Sum: 0.0]
      [Object Copy (ms): Min: 0.0, Avg: 0.0, Max: 0.0, Diff: 0.0, Sum: 0.0]
      [Termination (ms): Min: 0.0, Avg: 0.0, Max: 0.1, Diff: 0.1, Sum: 0.2]
         [Termination Attempts: Min: 1, Avg: 1.0, Max: 1, Diff: 0, Sum: 4]
      [GC Worker Other (ms): Min: 0.0, Avg: 0.0, Max: 0.0, Diff: 0.0, Sum: 0.0]
      [GC Worker Total (ms): Min: 0.3, Avg: 0.3, Max: 0.4, Diff: 0.1, Sum: 1.2]
      [GC Worker End (ms): Min: 304833.8, Avg: 304833.8, Max: 304833.8, Diff: 0.0]
   [Code Root Fixup: 0.0 ms]
   [Code Root Purge: 0.0 ms]
   [Clear CT: 0.2 ms]
   [Other: 0.2 ms]
      [Choose CSet: 0.0 ms]
      [Ref Proc: 0.1 ms]
      [Ref Enq: 0.0 ms]
      [Redirty Cards: 0.1 ms]
      [Humongous Register: 0.0 ms]
      [Humongous Reclaim: 0.0 ms]
      [Free CSet: 0.0 ms]
   [Eden: 0.0B(25.0M)->0.0B(25.0M) Survivors: 0.0B->0.0B Heap: 510.8M(512.0M)->510.8M(512.0M)]
 [Times: user=0.00 sys=0.00, real=0.00 secs] 
2017-05-09T22:02:36.460+0300: 304.834: [GC concurrent-root-region-scan-start]
2017-05-09T22:02:36.460+0300: 304.834: [GC concurrent-root-region-scan-end, 0.0000075 secs]
2017-05-09T22:02:36.460+0300: 304.834: [GC concurrent-mark-start]
2017-05-09T22:02:36.460+0300: 304.834: [Full GC (Allocation Failure)  510M->509M(512M), 1.1960149 secs]
   [Eden: 0.0B(25.0M)->0.0B(25.0M) Survivors: 0.0B->0.0B Heap: 510.8M(512.0M)->509.8M(512.0M)], [Metaspace: 7484K->7484K(1056768K)]
 [Times: user=1.66 sys=0.00, real=1.19 secs] 
2017-05-09T22:02:37.646+0300: 306.031: [GC concurrent-mark-abort]
2017-05-09T22:02:37.662+0300: 306.046: [GC pause (G1 Evacuation Pause) (young) (to-space exhausted), 0.0038758 secs]
   [Parallel Time: 2.4 ms, GC Workers: 4]
      [GC Worker Start (ms): Min: 306046.4, Avg: 306046.4, Max: 306046.5, Diff: 0.0]
      [Ext Root Scanning (ms): Min: 0.1, Avg: 0.2, Max: 0.2, Diff: 0.0, Sum: 0.6]
      [Update RS (ms): Min: 0.0, Avg: 0.0, Max: 0.1, Diff: 0.1, Sum: 0.1]
         [Processed Buffers: Min: 0, Avg: 0.3, Max: 1, Diff: 1, Sum: 1]
      [Scan RS (ms): Min: 0.0, Avg: 0.0, Max: 0.0, Diff: 0.0, Sum: 0.0]
      [Code Root Scanning (ms): Min: 0.0, Avg: 0.0, Max: 0.0, Diff: 0.0, Sum: 0.0]
      [Object Copy (ms): Min: 2.1, Avg: 2.2, Max: 2.2, Diff: 0.1, Sum: 8.6]
      [Termination (ms): Min: 0.0, Avg: 0.0, Max: 0.0, Diff: 0.0, Sum: 0.0]
         [Termination Attempts: Min: 1, Avg: 1.0, Max: 1, Diff: 0, Sum: 4]
      [GC Worker Other (ms): Min: 0.0, Avg: 0.0, Max: 0.0, Diff: 0.0, Sum: 0.0]
      [GC Worker Total (ms): Min: 2.3, Avg: 2.3, Max: 2.4, Diff: 0.0, Sum: 9.4]
      [GC Worker End (ms): Min: 306048.8, Avg: 306048.8, Max: 306048.8, Diff: 0.0]
   [Code Root Fixup: 0.0 ms]
   [Code Root Purge: 0.0 ms]
   [Clear CT: 0.0 ms]
   [Other: 1.5 ms]
      [Evacuation Failure: 1.4 ms]
      [Choose CSet: 0.0 ms]
      [Ref Proc: 0.0 ms]
      [Ref Enq: 0.0 ms]
      [Redirty Cards: 0.0 ms]
      [Humongous Register: 0.0 ms]
      [Humongous Reclaim: 0.0 ms]
      [Free CSet: 0.0 ms]
   [Eden: 1024.0K(25.0M)->0.0B(25.0M) Survivors: 0.0B->0.0B Heap: 510.8M(512.0M)->510.8M(512.0M)]
 [Times: user=0.03 sys=0.00, real=0.02 secs] 
2017-05-09T22:02:37.678+0300: 306.050: [GC pause (G1 Evacuation Pause) (young) (initial-mark), 0.0003235 secs]
   [Parallel Time: 0.2 ms, GC Workers: 4]
      [GC Worker Start (ms): Min: 306050.5, Avg: 306050.5, Max: 306050.5, Diff: 0.0]
      [Ext Root Scanning (ms): Min: 0.2, Avg: 0.2, Max: 0.2, Diff: 0.0, Sum: 0.7]
      [Update RS (ms): Min: 0.0, Avg: 0.0, Max: 0.0, Diff: 0.0, Sum: 0.1]
         [Processed Buffers: Min: 1, Avg: 1.5, Max: 2, Diff: 1, Sum: 6]
      [Scan RS (ms): Min: 0.0, Avg: 0.0, Max: 0.0, Diff: 0.0, Sum: 0.0]
      [Code Root Scanning (ms): Min: 0.0, Avg: 0.0, Max: 0.0, Diff: 0.0, Sum: 0.0]
      [Object Copy (ms): Min: 0.0, Avg: 0.0, Max: 0.0, Diff: 0.0, Sum: 0.0]
      [Termination (ms): Min: 0.0, Avg: 0.0, Max: 0.0, Diff: 0.0, Sum: 0.0]
         [Termination Attempts: Min: 1, Avg: 1.0, Max: 1, Diff: 0, Sum: 4]
      [GC Worker Other (ms): Min: 0.0, Avg: 0.0, Max: 0.0, Diff: 0.0, Sum: 0.0]
      [GC Worker Total (ms): Min: 0.2, Avg: 0.2, Max: 0.2, Diff: 0.0, Sum: 0.8]
      [GC Worker End (ms): Min: 306050.7, Avg: 306050.7, Max: 306050.7, Diff: 0.0]
   [Code Root Fixup: 0.0 ms]
   [Code Root Purge: 0.0 ms]
   [Clear CT: 0.0 ms]
   [Other: 0.1 ms]
      [Choose CSet: 0.0 ms]
      [Ref Proc: 0.0 ms]
      [Ref Enq: 0.0 ms]
      [Redirty Cards: 0.0 ms]
      [Humongous Register: 0.0 ms]
      [Humongous Reclaim: 0.0 ms]
      [Free CSet: 0.0 ms]
   [Eden: 0.0B(25.0M)->0.0B(25.0M) Survivors: 0.0B->0.0B Heap: 510.8M(512.0M)->510.8M(512.0M)]
 [Times: user=0.00 sys=0.00, real=0.00 secs] 
2017-05-09T22:02:37.678+0300: 306.051: [GC concurrent-root-region-scan-start]
2017-05-09T22:02:37.678+0300: 306.051: [GC concurrent-root-region-scan-end, 0.0000072 secs]
2017-05-09T22:02:37.678+0300: 306.051: [GC concurrent-mark-start]
2017-05-09T22:02:37.678+0300: 306.051: [Full GC (Allocation Failure)  510M->509M(512M), 1.2002305 secs]
   [Eden: 0.0B(25.0M)->0.0B(25.0M) Survivors: 0.0B->0.0B Heap: 510.8M(512.0M)->509.9M(512.0M)], [Metaspace: 7484K->7484K(1056768K)]
 [Times: user=1.66 sys=0.00, real=1.19 secs] 
2017-05-09T22:02:38.869+0300: 307.251: [GC concurrent-mark-abort]
2017-05-09T22:02:38.885+0300: 307.269: [GC pause (G1 Evacuation Pause) (young) (to-space exhausted), 0.0037984 secs]
   [Parallel Time: 2.3 ms, GC Workers: 4]
      [GC Worker Start (ms): Min: 307268.9, Avg: 307268.9, Max: 307268.9, Diff: 0.0]
      [Ext Root Scanning (ms): Min: 0.1, Avg: 0.1, Max: 0.2, Diff: 0.0, Sum: 0.6]
      [Update RS (ms): Min: 0.0, Avg: 0.0, Max: 0.1, Diff: 0.1, Sum: 0.1]
         [Processed Buffers: Min: 0, Avg: 0.3, Max: 1, Diff: 1, Sum: 1]
      [Scan RS (ms): Min: 0.0, Avg: 0.0, Max: 0.0, Diff: 0.0, Sum: 0.0]
      [Code Root Scanning (ms): Min: 0.0, Avg: 0.0, Max: 0.0, Diff: 0.0, Sum: 0.0]
      [Object Copy (ms): Min: 2.1, Avg: 2.1, Max: 2.1, Diff: 0.1, Sum: 8.4]
      [Termination (ms): Min: 0.0, Avg: 0.0, Max: 0.0, Diff: 0.0, Sum: 0.0]
         [Termination Attempts: Min: 1, Avg: 1.3, Max: 2, Diff: 1, Sum: 5]
      [GC Worker Other (ms): Min: 0.0, Avg: 0.0, Max: 0.0, Diff: 0.0, Sum: 0.0]
      [GC Worker Total (ms): Min: 2.3, Avg: 2.3, Max: 2.3, Diff: 0.0, Sum: 9.2]
      [GC Worker End (ms): Min: 307271.2, Avg: 307271.2, Max: 307271.2, Diff: 0.0]
   [Code Root Fixup: 0.0 ms]
   [Code Root Purge: 0.0 ms]
   [Clear CT: 0.0 ms]
   [Other: 1.5 ms]
      [Evacuation Failure: 1.3 ms]
      [Choose CSet: 0.0 ms]
      [Ref Proc: 0.0 ms]
      [Ref Enq: 0.0 ms]
      [Redirty Cards: 0.0 ms]
      [Humongous Register: 0.0 ms]
      [Humongous Reclaim: 0.0 ms]
      [Free CSet: 0.0 ms]
   [Eden: 1024.0K(25.0M)->0.0B(25.0M) Survivors: 0.0B->0.0B Heap: 510.9M(512.0M)->510.9M(512.0M)]
 [Times: user=0.03 sys=0.00, real=0.02 secs] 
2017-05-09T22:02:38.900+0300: 307.273: [GC pause (G1 Evacuation Pause) (young) (initial-mark), 0.0003126 secs]
   [Parallel Time: 0.2 ms, GC Workers: 4]
      [GC Worker Start (ms): Min: 307272.9, Avg: 307272.9, Max: 307272.9, Diff: 0.0]
      [Ext Root Scanning (ms): Min: 0.2, Avg: 0.2, Max: 0.2, Diff: 0.0, Sum: 0.6]
      [Update RS (ms): Min: 0.0, Avg: 0.0, Max: 0.0, Diff: 0.0, Sum: 0.1]
         [Processed Buffers: Min: 1, Avg: 1.5, Max: 2, Diff: 1, Sum: 6]
      [Scan RS (ms): Min: 0.0, Avg: 0.0, Max: 0.0, Diff: 0.0, Sum: 0.0]
      [Code Root Scanning (ms): Min: 0.0, Avg: 0.0, Max: 0.0, Diff: 0.0, Sum: 0.0]
      [Object Copy (ms): Min: 0.0, Avg: 0.0, Max: 0.0, Diff: 0.0, Sum: 0.0]
      [Termination (ms): Min: 0.0, Avg: 0.0, Max: 0.0, Diff: 0.0, Sum: 0.0]
         [Termination Attempts: Min: 1, Avg: 1.0, Max: 1, Diff: 0, Sum: 4]
      [GC Worker Other (ms): Min: 0.0, Avg: 0.0, Max: 0.0, Diff: 0.0, Sum: 0.0]
      [GC Worker Total (ms): Min: 0.2, Avg: 0.2, Max: 0.2, Diff: 0.0, Sum: 0.7]
      [GC Worker End (ms): Min: 307273.1, Avg: 307273.1, Max: 307273.1, Diff: 0.0]
   [Code Root Fixup: 0.0 ms]
   [Code Root Purge: 0.0 ms]
   [Clear CT: 0.0 ms]
   [Other: 0.1 ms]
      [Choose CSet: 0.0 ms]
      [Ref Proc: 0.0 ms]
      [Ref Enq: 0.0 ms]
      [Redirty Cards: 0.0 ms]
      [Humongous Register: 0.0 ms]
      [Humongous Reclaim: 0.0 ms]
      [Free CSet: 0.0 ms]
   [Eden: 0.0B(25.0M)->0.0B(25.0M) Survivors: 0.0B->0.0B Heap: 510.9M(512.0M)->510.9M(512.0M)]
 [Times: user=0.00 sys=0.00, real=0.00 secs] 
2017-05-09T22:02:38.900+0300: 307.273: [GC concurrent-root-region-scan-start]
2017-05-09T22:02:38.900+0300: 307.273: [GC concurrent-root-region-scan-end, 0.0000060 secs]
2017-05-09T22:02:38.900+0300: 307.273: [GC concurrent-mark-start]
2017-05-09T22:02:38.900+0300: 307.273: [Full GC (Allocation Failure)  510M->509M(512M), 1.1976681 secs]
   [Eden: 0.0B(25.0M)->0.0B(25.0M) Survivors: 0.0B->0.0B Heap: 510.9M(512.0M)->509.9M(512.0M)], [Metaspace: 7484K->7484K(1056768K)]
 [Times: user=1.64 sys=0.00, real=1.19 secs] 
2017-05-09T22:02:40.095+0300: 308.471: [GC concurrent-mark-abort]
2017-05-09T22:02:40.111+0300: 308.496: [GC pause (G1 Evacuation Pause) (young) (to-space exhausted), 0.0034370 secs]
   [Parallel Time: 1.9 ms, GC Workers: 4]
      [GC Worker Start (ms): Min: 308495.7, Avg: 308495.7, Max: 308495.7, Diff: 0.0]
      [Ext Root Scanning (ms): Min: 0.2, Avg: 0.2, Max: 0.2, Diff: 0.0, Sum: 0.7]
      [Update RS (ms): Min: 0.0, Avg: 0.0, Max: 0.1, Diff: 0.1, Sum: 0.1]
         [Processed Buffers: Min: 0, Avg: 0.3, Max: 1, Diff: 1, Sum: 1]
      [Scan RS (ms): Min: 0.0, Avg: 0.0, Max: 0.0, Diff: 0.0, Sum: 0.0]
      [Code Root Scanning (ms): Min: 0.0, Avg: 0.0, Max: 0.0, Diff: 0.0, Sum: 0.0]
      [Object Copy (ms): Min: 1.6, Avg: 1.7, Max: 1.7, Diff: 0.1, Sum: 6.7]
      [Termination (ms): Min: 0.0, Avg: 0.0, Max: 0.0, Diff: 0.0, Sum: 0.0]
         [Termination Attempts: Min: 1, Avg: 1.0, Max: 1, Diff: 0, Sum: 4]
      [GC Worker Other (ms): Min: 0.0, Avg: 0.0, Max: 0.0, Diff: 0.0, Sum: 0.0]
      [GC Worker Total (ms): Min: 1.9, Avg: 1.9, Max: 1.9, Diff: 0.0, Sum: 7.5]
      [GC Worker End (ms): Min: 308497.6, Avg: 308497.6, Max: 308497.6, Diff: 0.0]
   [Code Root Fixup: 0.0 ms]
   [Code Root Purge: 0.0 ms]
   [Clear CT: 0.0 ms]
   [Other: 1.5 ms]
      [Evacuation Failure: 1.4 ms]
      [Choose CSet: 0.0 ms]
      [Ref Proc: 0.0 ms]
      [Ref Enq: 0.0 ms]
      [Redirty Cards: 0.0 ms]
      [Humongous Register: 0.0 ms]
      [Humongous Reclaim: 0.0 ms]
      [Free CSet: 0.0 ms]
   [Eden: 1024.0K(25.0M)->0.0B(25.0M) Survivors: 0.0B->0.0B Heap: 510.9M(512.0M)->510.9M(512.0M)]
 [Times: user=0.06 sys=0.00, real=0.02 secs] 
2017-05-09T22:02:40.127+0300: 308.499: [GC pause (G1 Evacuation Pause) (young) (initial-mark), 0.0005578 secs]
   [Parallel Time: 0.2 ms, GC Workers: 4]
      [GC Worker Start (ms): Min: 308499.3, Avg: 308499.3, Max: 308499.3, Diff: 0.0]
      [Ext Root Scanning (ms): Min: 0.2, Avg: 0.2, Max: 0.2, Diff: 0.0, Sum: 0.7]
      [Update RS (ms): Min: 0.0, Avg: 0.0, Max: 0.1, Diff: 0.1, Sum: 0.1]
         [Processed Buffers: Min: 0, Avg: 1.8, Max: 6, Diff: 6, Sum: 7]
      [Scan RS (ms): Min: 0.0, Avg: 0.0, Max: 0.0, Diff: 0.0, Sum: 0.0]
      [Code Root Scanning (ms): Min: 0.0, Avg: 0.0, Max: 0.0, Diff: 0.0, Sum: 0.0]
      [Object Copy (ms): Min: 0.0, Avg: 0.0, Max: 0.0, Diff: 0.0, Sum: 0.0]
      [Termination (ms): Min: 0.0, Avg: 0.0, Max: 0.0, Diff: 0.0, Sum: 0.0]
         [Termination Attempts: Min: 1, Avg: 1.0, Max: 1, Diff: 0, Sum: 4]
      [GC Worker Other (ms): Min: 0.0, Avg: 0.0, Max: 0.0, Diff: 0.0, Sum: 0.0]
      [GC Worker Total (ms): Min: 0.2, Avg: 0.2, Max: 0.2, Diff: 0.0, Sum: 0.8]
      [GC Worker End (ms): Min: 308499.5, Avg: 308499.5, Max: 308499.5, Diff: 0.0]
   [Code Root Fixup: 0.0 ms]
   [Code Root Purge: 0.0 ms]
   [Clear CT: 0.1 ms]
   [Other: 0.3 ms]
      [Choose CSet: 0.0 ms]
      [Ref Proc: 0.1 ms]
      [Ref Enq: 0.0 ms]
      [Redirty Cards: 0.1 ms]
      [Humongous Register: 0.0 ms]
      [Humongous Reclaim: 0.0 ms]
      [Free CSet: 0.0 ms]
   [Eden: 0.0B(25.0M)->0.0B(25.0M) Survivors: 0.0B->0.0B Heap: 510.9M(512.0M)->510.9M(512.0M)]
 [Times: user=0.00 sys=0.00, real=0.00 secs] 
2017-05-09T22:02:40.127+0300: 2017-05-09T22:02:40.127+0300: 308.500: [Full GC (Allocation Failure) 308.500: [GC concurrent-root-region-scan-start]
2017-05-09T22:02:40.127+0300: 308.500: [GC concurrent-root-region-scan-end, 0.0000133 secs]
2017-05-09T22:02:40.127+0300: 308.500: [GC concurrent-mark-start]
 510M->509M(512M), 1.1990971 secs]
   [Eden: 0.0B(25.0M)->0.0B(25.0M) Survivors: 0.0B->0.0B Heap: 510.9M(512.0M)->510.0M(512.0M)], [Metaspace: 7484K->7484K(1056768K)]
 [Times: user=1.66 sys=0.00, real=1.19 secs] 
2017-05-09T22:02:41.315+0300: 309.699: [GC concurrent-mark-abort]
2017-05-09T22:02:41.331+0300: 309.715: [GC pause (G1 Evacuation Pause) (young) (to-space exhausted), 0.0038273 secs]
   [Parallel Time: 2.3 ms, GC Workers: 4]
      [GC Worker Start (ms): Min: 309715.4, Avg: 309715.4, Max: 309715.4, Diff: 0.0]
      [Ext Root Scanning (ms): Min: 0.2, Avg: 0.2, Max: 0.2, Diff: 0.0, Sum: 0.7]
      [Update RS (ms): Min: 0.0, Avg: 0.0, Max: 0.1, Diff: 0.1, Sum: 0.1]
         [Processed Buffers: Min: 0, Avg: 0.3, Max: 1, Diff: 1, Sum: 1]
      [Scan RS (ms): Min: 0.0, Avg: 0.0, Max: 0.0, Diff: 0.0, Sum: 0.0]
      [Code Root Scanning (ms): Min: 0.0, Avg: 0.0, Max: 0.0, Diff: 0.0, Sum: 0.0]
      [Object Copy (ms): Min: 2.0, Avg: 2.1, Max: 2.1, Diff: 0.1, Sum: 8.3]
      [Termination (ms): Min: 0.0, Avg: 0.0, Max: 0.0, Diff: 0.0, Sum: 0.0]
         [Termination Attempts: Min: 1, Avg: 1.8, Max: 3, Diff: 2, Sum: 7]
      [GC Worker Other (ms): Min: 0.0, Avg: 0.0, Max: 0.0, Diff: 0.0, Sum: 0.0]
      [GC Worker Total (ms): Min: 2.3, Avg: 2.3, Max: 2.3, Diff: 0.0, Sum: 9.2]
      [GC Worker End (ms): Min: 309717.7, Avg: 309717.7, Max: 309717.7, Diff: 0.0]
   [Code Root Fixup: 0.0 ms]
   [Code Root Purge: 0.0 ms]
   [Clear CT: 0.0 ms]
   [Other: 1.5 ms]
      [Evacuation Failure: 1.4 ms]
      [Choose CSet: 0.0 ms]
      [Ref Proc: 0.0 ms]
      [Ref Enq: 0.0 ms]
      [Redirty Cards: 0.0 ms]
      [Humongous Register: 0.0 ms]
      [Humongous Reclaim: 0.0 ms]
      [Free CSet: 0.0 ms]
   [Eden: 1024.0K(25.0M)->0.0B(25.0M) Survivors: 0.0B->0.0B Heap: 511.0M(512.0M)->511.0M(512.0M)]
 [Times: user=0.06 sys=0.00, real=0.01 secs] 
2017-05-09T22:02:41.346+0300: 309.719: [GC pause (G1 Evacuation Pause) (young) (initial-mark), 0.0003207 secs]
   [Parallel Time: 0.2 ms, GC Workers: 4]
      [GC Worker Start (ms): Min: 309719.4, Avg: 309719.4, Max: 309719.4, Diff: 0.0]
      [Ext Root Scanning (ms): Min: 0.2, Avg: 0.2, Max: 0.2, Diff: 0.0, Sum: 0.7]
      [Update RS (ms): Min: 0.0, Avg: 0.0, Max: 0.0, Diff: 0.0, Sum: 0.1]
         [Processed Buffers: Min: 1, Avg: 1.5, Max: 2, Diff: 1, Sum: 6]
      [Scan RS (ms): Min: 0.0, Avg: 0.0, Max: 0.0, Diff: 0.0, Sum: 0.0]
      [Code Root Scanning (ms): Min: 0.0, Avg: 0.0, Max: 0.0, Diff: 0.0, Sum: 0.0]
      [Object Copy (ms): Min: 0.0, Avg: 0.0, Max: 0.0, Diff: 0.0, Sum: 0.0]
      [Termination (ms): Min: 0.0, Avg: 0.0, Max: 0.0, Diff: 0.0, Sum: 0.0]
         [Termination Attempts: Min: 1, Avg: 1.0, Max: 1, Diff: 0, Sum: 4]
      [GC Worker Other (ms): Min: 0.0, Avg: 0.0, Max: 0.0, Diff: 0.0, Sum: 0.0]
      [GC Worker Total (ms): Min: 0.2, Avg: 0.2, Max: 0.2, Diff: 0.0, Sum: 0.8]
      [GC Worker End (ms): Min: 309719.6, Avg: 309719.6, Max: 309719.6, Diff: 0.0]
   [Code Root Fixup: 0.0 ms]
   [Code Root Purge: 0.0 ms]
   [Clear CT: 0.0 ms]
   [Other: 0.1 ms]
      [Choose CSet: 0.0 ms]
      [Ref Proc: 0.0 ms]
      [Ref Enq: 0.0 ms]
      [Redirty Cards: 0.0 ms]
      [Humongous Register: 0.0 ms]
      [Humongous Reclaim: 0.0 ms]
      [Free CSet: 0.0 ms]
   [Eden: 0.0B(25.0M)->0.0B(25.0M) Survivors: 0.0B->0.0B Heap: 511.0M(512.0M)->511.0M(512.0M)]
 [Times: user=0.00 sys=0.00, real=0.00 secs] 
2017-05-09T22:02:41.346+0300: 309.720: [GC concurrent-root-region-scan-start]
2017-05-09T22:02:41.346+0300: 309.720: [GC concurrent-root-region-scan-end, 0.0000072 secs]
2017-05-09T22:02:41.346+0300: 309.720: [GC concurrent-mark-start]
2017-05-09T22:02:41.346+0300: 309.720: [Full GC (Allocation Failure)  510M->509M(512M), 1.2066328 secs]
   [Eden: 0.0B(25.0M)->0.0B(25.0M) Survivors: 0.0B->0.0B Heap: 511.0M(512.0M)->510.0M(512.0M)], [Metaspace: 7484K->7484K(1056768K)]
 [Times: user=1.66 sys=0.00, real=1.20 secs] 
2017-05-09T22:02:42.542+0300: 310.927: [GC concurrent-mark-abort]
2017-05-09T22:02:42.574+0300: 310.954: [GC pause (G1 Evacuation Pause) (young) (to-space exhausted), 0.0041131 secs]
   [Parallel Time: 2.6 ms, GC Workers: 4]
      [GC Worker Start (ms): Min: 310954.4, Avg: 310954.4, Max: 310954.4, Diff: 0.0]
      [Ext Root Scanning (ms): Min: 0.2, Avg: 0.2, Max: 0.2, Diff: 0.0, Sum: 0.6]
      [Update RS (ms): Min: 0.0, Avg: 0.0, Max: 0.1, Diff: 0.1, Sum: 0.1]
         [Processed Buffers: Min: 0, Avg: 0.3, Max: 1, Diff: 1, Sum: 1]
      [Scan RS (ms): Min: 0.0, Avg: 0.0, Max: 0.0, Diff: 0.0, Sum: 0.0]
      [Code Root Scanning (ms): Min: 0.0, Avg: 0.0, Max: 0.0, Diff: 0.0, Sum: 0.0]
      [Object Copy (ms): Min: 2.2, Avg: 2.3, Max: 2.3, Diff: 0.1, Sum: 9.2]
      [Termination (ms): Min: 0.0, Avg: 0.0, Max: 0.0, Diff: 0.0, Sum: 0.0]
         [Termination Attempts: Min: 1, Avg: 1.5, Max: 2, Diff: 1, Sum: 6]
      [GC Worker Other (ms): Min: 0.0, Avg: 0.0, Max: 0.0, Diff: 0.0, Sum: 0.0]
      [GC Worker Total (ms): Min: 2.5, Avg: 2.5, Max: 2.5, Diff: 0.0, Sum: 10.0]
      [GC Worker End (ms): Min: 310956.9, Avg: 310956.9, Max: 310956.9, Diff: 0.0]
   [Code Root Fixup: 0.0 ms]
   [Code Root Purge: 0.0 ms]
   [Clear CT: 0.0 ms]
   [Other: 1.5 ms]
      [Evacuation Failure: 1.4 ms]
      [Choose CSet: 0.0 ms]
      [Ref Proc: 0.0 ms]
      [Ref Enq: 0.0 ms]
      [Redirty Cards: 0.0 ms]
      [Humongous Register: 0.0 ms]
      [Humongous Reclaim: 0.0 ms]
      [Free CSet: 0.0 ms]
   [Eden: 1024.0K(25.0M)->0.0B(25.0M) Survivors: 0.0B->0.0B Heap: 511.0M(512.0M)->511.0M(512.0M)]
 [Times: user=0.02 sys=0.00, real=0.02 secs] 
2017-05-09T22:02:42.589+0300: 310.959: [GC pause (G1 Evacuation Pause) (young) (initial-mark), 0.0003352 secs]
   [Parallel Time: 0.2 ms, GC Workers: 4]
      [GC Worker Start (ms): Min: 310958.7, Avg: 310958.7, Max: 310958.7, Diff: 0.0]
      [Ext Root Scanning (ms): Min: 0.2, Avg: 0.2, Max: 0.2, Diff: 0.0, Sum: 0.7]
      [Update RS (ms): Min: 0.0, Avg: 0.0, Max: 0.0, Diff: 0.0, Sum: 0.1]
         [Processed Buffers: Min: 1, Avg: 1.5, Max: 3, Diff: 2, Sum: 6]
      [Scan RS (ms): Min: 0.0, Avg: 0.0, Max: 0.0, Diff: 0.0, Sum: 0.0]
      [Code Root Scanning (ms): Min: 0.0, Avg: 0.0, Max: 0.0, Diff: 0.0, Sum: 0.0]
      [Object Copy (ms): Min: 0.0, Avg: 0.0, Max: 0.0, Diff: 0.0, Sum: 0.0]
      [Termination (ms): Min: 0.0, Avg: 0.0, Max: 0.0, Diff: 0.0, Sum: 0.0]
         [Termination Attempts: Min: 1, Avg: 1.0, Max: 1, Diff: 0, Sum: 4]
      [GC Worker Other (ms): Min: 0.0, Avg: 0.0, Max: 0.0, Diff: 0.0, Sum: 0.0]
      [GC Worker Total (ms): Min: 0.2, Avg: 0.2, Max: 0.2, Diff: 0.0, Sum: 0.8]
      [GC Worker End (ms): Min: 310958.9, Avg: 310958.9, Max: 310958.9, Diff: 0.0]
   [Code Root Fixup: 0.0 ms]
   [Code Root Purge: 0.0 ms]
   [Clear CT: 0.0 ms]
   [Other: 0.1 ms]
      [Choose CSet: 0.0 ms]
      [Ref Proc: 0.0 ms]
      [Ref Enq: 0.0 ms]
      [Redirty Cards: 0.0 ms]
      [Humongous Register: 0.0 ms]
      [Humongous Reclaim: 0.0 ms]
      [Free CSet: 0.0 ms]
   [Eden: 0.0B(25.0M)->0.0B(25.0M) Survivors: 0.0B->0.0B Heap: 511.0M(512.0M)->511.0M(512.0M)]
 [Times: user=0.00 sys=0.00, real=0.00 secs] 
2017-05-09T22:02:42.589+0300: 310.959: [GC concurrent-root-region-scan-start]
2017-05-09T22:02:42.589+0300: 310.959: [GC concurrent-root-region-scan-end, 0.0000069 secs]
2017-05-09T22:02:42.589+0300: 310.959: [GC concurrent-mark-start]
2017-05-09T22:02:42.589+0300: 310.959: [Full GC (Allocation Failure)  510M->510M(512M), 1.2073020 secs]
   [Eden: 0.0B(25.0M)->0.0B(25.0M) Survivors: 0.0B->0.0B Heap: 511.0M(512.0M)->510.0M(512.0M)], [Metaspace: 7484K->7484K(1056768K)]
 [Times: user=1.66 sys=0.00, real=1.20 secs] 
2017-05-09T22:02:43.788+0300: 312.167: [GC concurrent-mark-abort]
2017-05-09T22:02:43.804+0300: 312.188: [GC pause (G1 Evacuation Pause) (young) (to-space exhausted), 0.0041950 secs]
   [Parallel Time: 2.5 ms, GC Workers: 4]
      [GC Worker Start (ms): Min: 312188.1, Avg: 312188.2, Max: 312188.2, Diff: 0.0]
      [Ext Root Scanning (ms): Min: 0.1, Avg: 0.2, Max: 0.2, Diff: 0.0, Sum: 0.6]
      [Update RS (ms): Min: 0.0, Avg: 0.0, Max: 0.1, Diff: 0.1, Sum: 0.1]
         [Processed Buffers: Min: 0, Avg: 0.3, Max: 1, Diff: 1, Sum: 1]
      [Scan RS (ms): Min: 0.0, Avg: 0.0, Max: 0.0, Diff: 0.0, Sum: 0.0]
      [Code Root Scanning (ms): Min: 0.0, Avg: 0.0, Max: 0.0, Diff: 0.0, Sum: 0.0]
      [Object Copy (ms): Min: 2.2, Avg: 2.3, Max: 2.3, Diff: 0.1, Sum: 9.1]
      [Termination (ms): Min: 0.0, Avg: 0.0, Max: 0.0, Diff: 0.0, Sum: 0.0]
         [Termination Attempts: Min: 1, Avg: 1.8, Max: 2, Diff: 1, Sum: 7]
      [GC Worker Other (ms): Min: 0.0, Avg: 0.0, Max: 0.0, Diff: 0.0, Sum: 0.0]
      [GC Worker Total (ms): Min: 2.5, Avg: 2.5, Max: 2.5, Diff: 0.0, Sum: 9.9]
      [GC Worker End (ms): Min: 312190.6, Avg: 312190.6, Max: 312190.6, Diff: 0.0]
   [Code Root Fixup: 0.0 ms]
   [Code Root Purge: 0.0 ms]
   [Clear CT: 0.0 ms]
   [Other: 1.7 ms]
      [Evacuation Failure: 1.4 ms]
      [Choose CSet: 0.0 ms]
      [Ref Proc: 0.0 ms]
      [Ref Enq: 0.0 ms]
      [Redirty Cards: 0.1 ms]
      [Humongous Register: 0.0 ms]
      [Humongous Reclaim: 0.0 ms]
      [Free CSet: 0.0 ms]
   [Eden: 1024.0K(25.0M)->0.0B(25.0M) Survivors: 0.0B->0.0B Heap: 511.0M(512.0M)->511.0M(512.0M)]
 [Times: user=0.06 sys=0.00, real=0.02 secs] 
2017-05-09T22:02:43.819+0300: 312.193: [GC pause (G1 Evacuation Pause) (young) (initial-mark), 0.0005258 secs]
   [Parallel Time: 0.3 ms, GC Workers: 4]
      [GC Worker Start (ms): Min: 312192.6, Avg: 312192.6, Max: 312192.6, Diff: 0.0]
      [Ext Root Scanning (ms): Min: 0.2, Avg: 0.2, Max: 0.2, Diff: 0.0, Sum: 0.9]
      [Update RS (ms): Min: 0.0, Avg: 0.0, Max: 0.0, Diff: 0.0, Sum: 0.1]
         [Processed Buffers: Min: 1, Avg: 1.5, Max: 2, Diff: 1, Sum: 6]
      [Scan RS (ms): Min: 0.0, Avg: 0.0, Max: 0.0, Diff: 0.0, Sum: 0.0]
      [Code Root Scanning (ms): Min: 0.0, Avg: 0.0, Max: 0.0, Diff: 0.0, Sum: 0.0]
      [Object Copy (ms): Min: 0.0, Avg: 0.0, Max: 0.0, Diff: 0.0, Sum: 0.0]
      [Termination (ms): Min: 0.0, Avg: 0.0, Max: 0.0, Diff: 0.0, Sum: 0.0]
         [Termination Attempts: Min: 1, Avg: 1.0, Max: 1, Diff: 0, Sum: 4]
      [GC Worker Other (ms): Min: 0.0, Avg: 0.0, Max: 0.0, Diff: 0.0, Sum: 0.0]
      [GC Worker Total (ms): Min: 0.2, Avg: 0.3, Max: 0.3, Diff: 0.0, Sum: 1.0]
      [GC Worker End (ms): Min: 312192.8, Avg: 312192.8, Max: 312192.8, Diff: 0.0]
   [Code Root Fixup: 0.0 ms]
   [Code Root Purge: 0.0 ms]
   [Clear CT: 0.0 ms]
   [Other: 0.2 ms]
      [Choose CSet: 0.0 ms]
      [Ref Proc: 0.0 ms]
      [Ref Enq: 0.0 ms]
      [Redirty Cards: 0.1 ms]
      [Humongous Register: 0.0 ms]
      [Humongous Reclaim: 0.0 ms]
      [Free CSet: 0.0 ms]
   [Eden: 0.0B(25.0M)->0.0B(25.0M) Survivors: 0.0B->0.0B Heap: 511.0M(512.0M)->511.0M(512.0M)]
 [Times: user=0.00 sys=0.00, real=0.00 secs] 
2017-05-09T22:02:43.819+0300: 312.193: [GC concurrent-root-region-scan-start]
2017-05-09T22:02:43.819+0300: 312.193: [GC concurrent-root-region-scan-end, 0.0000078 secs]
2017-05-09T22:02:43.819+0300: 312.193: [GC concurrent-mark-start]
2017-05-09T22:02:43.819+0300: 312.193: [Full GC (Allocation Failure)  511M->510M(512M), 1.2072851 secs]
   [Eden: 0.0B(25.0M)->0.0B(25.0M) Survivors: 0.0B->0.0B Heap: 511.0M(512.0M)->510.1M(512.0M)], [Metaspace: 7484K->7484K(1056768K)]
 [Times: user=1.64 sys=0.00, real=1.21 secs] 
2017-05-09T22:02:45.025+0300: 313.401: [GC concurrent-mark-abort]
2017-05-09T22:02:45.040+0300: 313.424: [GC pause (G1 Evacuation Pause) (young) (to-space exhausted), 0.0035304 secs]
   [Parallel Time: 2.0 ms, GC Workers: 4]
      [GC Worker Start (ms): Min: 313424.4, Avg: 313424.4, Max: 313424.4, Diff: 0.0]
      [Ext Root Scanning (ms): Min: 0.1, Avg: 0.1, Max: 0.2, Diff: 0.0, Sum: 0.6]
      [Update RS (ms): Min: 0.0, Avg: 0.0, Max: 0.1, Diff: 0.1, Sum: 0.1]
         [Processed Buffers: Min: 0, Avg: 0.3, Max: 1, Diff: 1, Sum: 1]
      [Scan RS (ms): Min: 0.0, Avg: 0.0, Max: 0.0, Diff: 0.0, Sum: 0.0]
      [Code Root Scanning (ms): Min: 0.0, Avg: 0.0, Max: 0.0, Diff: 0.0, Sum: 0.0]
      [Object Copy (ms): Min: 1.8, Avg: 1.8, Max: 1.9, Diff: 0.1, Sum: 7.3]
      [Termination (ms): Min: 0.0, Avg: 0.0, Max: 0.0, Diff: 0.0, Sum: 0.0]
         [Termination Attempts: Min: 1, Avg: 1.5, Max: 2, Diff: 1, Sum: 6]
      [GC Worker Other (ms): Min: 0.0, Avg: 0.0, Max: 0.0, Diff: 0.0, Sum: 0.0]
      [GC Worker Total (ms): Min: 2.0, Avg: 2.0, Max: 2.0, Diff: 0.0, Sum: 8.0]
      [GC Worker End (ms): Min: 313426.4, Avg: 313426.4, Max: 313426.4, Diff: 0.0]
   [Code Root Fixup: 0.0 ms]
   [Code Root Purge: 0.0 ms]
   [Clear CT: 0.0 ms]
   [Other: 1.5 ms]
      [Evacuation Failure: 1.4 ms]
      [Choose CSet: 0.0 ms]
      [Ref Proc: 0.0 ms]
      [Ref Enq: 0.0 ms]
      [Redirty Cards: 0.0 ms]
      [Humongous Register: 0.0 ms]
      [Humongous Reclaim: 0.0 ms]
      [Free CSet: 0.0 ms]
   [Eden: 1024.0K(25.0M)->0.0B(25.0M) Survivors: 0.0B->0.0B Heap: 511.1M(512.0M)->511.1M(512.0M)]
 [Times: user=0.03 sys=0.00, real=0.02 secs] 
2017-05-09T22:02:45.056+0300: 313.428: [GC pause (G1 Evacuation Pause) (young) (initial-mark), 0.0003250 secs]
   [Parallel Time: 0.2 ms, GC Workers: 4]
      [GC Worker Start (ms): Min: 313428.1, Avg: 313428.1, Max: 313428.1, Diff: 0.0]
      [Ext Root Scanning (ms): Min: 0.2, Avg: 0.2, Max: 0.2, Diff: 0.0, Sum: 0.6]
      [Update RS (ms): Min: 0.0, Avg: 0.0, Max: 0.0, Diff: 0.0, Sum: 0.1]
         [Processed Buffers: Min: 1, Avg: 1.5, Max: 2, Diff: 1, Sum: 6]
      [Scan RS (ms): Min: 0.0, Avg: 0.0, Max: 0.0, Diff: 0.0, Sum: 0.0]
      [Code Root Scanning (ms): Min: 0.0, Avg: 0.0, Max: 0.0, Diff: 0.0, Sum: 0.0]
      [Object Copy (ms): Min: 0.0, Avg: 0.0, Max: 0.0, Diff: 0.0, Sum: 0.0]
      [Termination (ms): Min: 0.0, Avg: 0.0, Max: 0.0, Diff: 0.0, Sum: 0.0]
         [Termination Attempts: Min: 1, Avg: 1.0, Max: 1, Diff: 0, Sum: 4]
      [GC Worker Other (ms): Min: 0.0, Avg: 0.0, Max: 0.0, Diff: 0.0, Sum: 0.0]
      [GC Worker Total (ms): Min: 0.2, Avg: 0.2, Max: 0.2, Diff: 0.0, Sum: 0.7]
      [GC Worker End (ms): Min: 313428.2, Avg: 313428.2, Max: 313428.2, Diff: 0.0]
   [Code Root Fixup: 0.0 ms]
   [Code Root Purge: 0.0 ms]
   [Clear CT: 0.0 ms]
   [Other: 0.1 ms]
      [Choose CSet: 0.0 ms]
      [Ref Proc: 0.0 ms]
      [Ref Enq: 0.0 ms]
      [Redirty Cards: 0.0 ms]
      [Humongous Register: 0.0 ms]
      [Humongous Reclaim: 0.0 ms]
      [Free CSet: 0.0 ms]
   [Eden: 0.0B(25.0M)->0.0B(25.0M) Survivors: 0.0B->0.0B Heap: 511.1M(512.0M)->511.1M(512.0M)]
 [Times: user=0.00 sys=0.00, real=0.00 secs] 
2017-05-09T22:02:45.056+0300: 313.428: [GC concurrent-root-region-scan-start]
2017-05-09T22:02:45.056+0300: 313.428: [GC concurrent-root-region-scan-end, 0.0000075 secs]
2017-05-09T22:02:45.056+0300: 313.428: [GC concurrent-mark-start]
2017-05-09T22:02:45.056+0300: 313.428: [Full GC (Allocation Failure)  511M->510M(512M), 1.2043662 secs]
   [Eden: 0.0B(25.0M)->0.0B(25.0M) Survivors: 0.0B->0.0B Heap: 511.1M(512.0M)->510.1M(512.0M)], [Metaspace: 7484K->7484K(1056768K)]
 [Times: user=1.66 sys=0.00, real=1.19 secs] 
2017-05-09T22:02:46.251+0300: 314.633: [GC concurrent-mark-abort]
2017-05-09T22:02:46.267+0300: 314.651: [GC pause (G1 Evacuation Pause) (young) (to-space exhausted), 0.0038460 secs]
   [Parallel Time: 2.3 ms, GC Workers: 4]
      [GC Worker Start (ms): Min: 314651.0, Avg: 314651.0, Max: 314651.0, Diff: 0.0]
      [Ext Root Scanning (ms): Min: 0.1, Avg: 0.1, Max: 0.2, Diff: 0.0, Sum: 0.6]
      [Update RS (ms): Min: 0.0, Avg: 0.0, Max: 0.1, Diff: 0.1, Sum: 0.1]
         [Processed Buffers: Min: 0, Avg: 0.3, Max: 1, Diff: 1, Sum: 1]
      [Scan RS (ms): Min: 0.0, Avg: 0.0, Max: 0.0, Diff: 0.0, Sum: 0.0]
      [Code Root Scanning (ms): Min: 0.0, Avg: 0.0, Max: 0.0, Diff: 0.0, Sum: 0.0]
      [Object Copy (ms): Min: 2.1, Avg: 2.1, Max: 2.2, Diff: 0.1, Sum: 8.6]
      [Termination (ms): Min: 0.0, Avg: 0.0, Max: 0.0, Diff: 0.0, Sum: 0.0]
         [Termination Attempts: Min: 1, Avg: 1.0, Max: 1, Diff: 0, Sum: 4]
      [GC Worker Other (ms): Min: 0.0, Avg: 0.0, Max: 0.0, Diff: 0.0, Sum: 0.0]
      [GC Worker Total (ms): Min: 2.3, Avg: 2.3, Max: 2.3, Diff: 0.0, Sum: 9.3]
      [GC Worker End (ms): Min: 314653.3, Avg: 314653.3, Max: 314653.3, Diff: 0.0]
   [Code Root Fixup: 0.0 ms]
   [Code Root Purge: 0.0 ms]
   [Clear CT: 0.0 ms]
   [Other: 1.5 ms]
      [Evacuation Failure: 1.4 ms]
      [Choose CSet: 0.0 ms]
      [Ref Proc: 0.0 ms]
      [Ref Enq: 0.0 ms]
      [Redirty Cards: 0.0 ms]
      [Humongous Register: 0.0 ms]
      [Humongous Reclaim: 0.0 ms]
      [Free CSet: 0.0 ms]
   [Eden: 1024.0K(25.0M)->0.0B(25.0M) Survivors: 0.0B->0.0B Heap: 511.1M(512.0M)->511.1M(512.0M)]
 [Times: user=0.02 sys=0.01, real=0.02 secs] 
2017-05-09T22:02:46.283+0300: 314.655: [GC pause (G1 Evacuation Pause) (young) (initial-mark), 0.0003689 secs]
   [Parallel Time: 0.2 ms, GC Workers: 4]
      [GC Worker Start (ms): Min: 314655.1, Avg: 314655.1, Max: 314655.1, Diff: 0.0]
      [Ext Root Scanning (ms): Min: 0.2, Avg: 0.2, Max: 0.2, Diff: 0.0, Sum: 0.8]
      [Update RS (ms): Min: 0.0, Avg: 0.0, Max: 0.0, Diff: 0.0, Sum: 0.1]
         [Processed Buffers: Min: 1, Avg: 1.8, Max: 3, Diff: 2, Sum: 7]
      [Scan RS (ms): Min: 0.0, Avg: 0.0, Max: 0.0, Diff: 0.0, Sum: 0.0]
      [Code Root Scanning (ms): Min: 0.0, Avg: 0.0, Max: 0.0, Diff: 0.0, Sum: 0.0]
      [Object Copy (ms): Min: 0.0, Avg: 0.0, Max: 0.0, Diff: 0.0, Sum: 0.0]
      [Termination (ms): Min: 0.0, Avg: 0.0, Max: 0.0, Diff: 0.0, Sum: 0.0]
         [Termination Attempts: Min: 1, Avg: 1.0, Max: 1, Diff: 0, Sum: 4]
      [GC Worker Other (ms): Min: 0.0, Avg: 0.0, Max: 0.0, Diff: 0.0, Sum: 0.0]
      [GC Worker Total (ms): Min: 0.2, Avg: 0.2, Max: 0.2, Diff: 0.0, Sum: 0.9]
      [GC Worker End (ms): Min: 314655.3, Avg: 314655.3, Max: 314655.3, Diff: 0.0]
   [Code Root Fixup: 0.0 ms]
   [Code Root Purge: 0.0 ms]
   [Clear CT: 0.0 ms]
   [Other: 0.1 ms]
      [Choose CSet: 0.0 ms]
      [Ref Proc: 0.0 ms]
      [Ref Enq: 0.0 ms]
      [Redirty Cards: 0.0 ms]
      [Humongous Register: 0.0 ms]
      [Humongous Reclaim: 0.0 ms]
      [Free CSet: 0.0 ms]
   [Eden: 0.0B(25.0M)->0.0B(25.0M) Survivors: 0.0B->0.0B Heap: 511.1M(512.0M)->511.1M(512.0M)]
 [Times: user=0.00 sys=0.00, real=0.00 secs] 
2017-05-09T22:02:46.283+0300: 314.655: [GC concurrent-root-region-scan-start]
2017-05-09T22:02:46.283+0300: 314.655: [GC concurrent-root-region-scan-end, 0.0000063 secs]
2017-05-09T22:02:46.283+0300: 314.655: [GC concurrent-mark-start]
2017-05-09T22:02:46.283+0300: 314.656: [Full GC (Allocation Failure)  511M->510M(512M), 1.2023634 secs]
   [Eden: 0.0B(25.0M)->0.0B(25.0M) Survivors: 0.0B->0.0B Heap: 511.1M(512.0M)->510.2M(512.0M)], [Metaspace: 7484K->7484K(1056768K)]
 [Times: user=1.67 sys=0.00, real=1.20 secs] 
2017-05-09T22:02:47.486+0300: 315.858: [GC concurrent-mark-abort]
2017-05-09T22:02:47.501+0300: 315.885: [GC pause (G1 Evacuation Pause) (young) (to-space exhausted), 0.0038866 secs]
   [Parallel Time: 2.3 ms, GC Workers: 4]
      [GC Worker Start (ms): Min: 315885.5, Avg: 315885.5, Max: 315885.5, Diff: 0.0]
      [Ext Root Scanning (ms): Min: 0.1, Avg: 0.1, Max: 0.2, Diff: 0.0, Sum: 0.6]
      [Update RS (ms): Min: 0.0, Avg: 0.0, Max: 0.1, Diff: 0.1, Sum: 0.1]
         [Processed Buffers: Min: 0, Avg: 0.3, Max: 1, Diff: 1, Sum: 1]
      [Scan RS (ms): Min: 0.0, Avg: 0.0, Max: 0.0, Diff: 0.0, Sum: 0.0]
      [Code Root Scanning (ms): Min: 0.0, Avg: 0.0, Max: 0.0, Diff: 0.0, Sum: 0.0]
      [Object Copy (ms): Min: 2.1, Avg: 2.1, Max: 2.1, Diff: 0.1, Sum: 8.5]
      [Termination (ms): Min: 0.0, Avg: 0.0, Max: 0.0, Diff: 0.0, Sum: 0.0]
         [Termination Attempts: Min: 1, Avg: 1.0, Max: 1, Diff: 0, Sum: 4]
      [GC Worker Other (ms): Min: 0.0, Avg: 0.0, Max: 0.0, Diff: 0.0, Sum: 0.0]
      [GC Worker Total (ms): Min: 2.3, Avg: 2.3, Max: 2.3, Diff: 0.0, Sum: 9.2]
      [GC Worker End (ms): Min: 315887.8, Avg: 315887.8, Max: 315887.8, Diff: 0.0]
   [Code Root Fixup: 0.0 ms]
   [Code Root Purge: 0.0 ms]
   [Clear CT: 0.0 ms]
   [Other: 1.5 ms]
      [Evacuation Failure: 1.4 ms]
      [Choose CSet: 0.0 ms]
      [Ref Proc: 0.0 ms]
      [Ref Enq: 0.0 ms]
      [Redirty Cards: 0.0 ms]
      [Humongous Register: 0.0 ms]
      [Humongous Reclaim: 0.0 ms]
      [Free CSet: 0.0 ms]
   [Eden: 1024.0K(25.0M)->0.0B(25.0M) Survivors: 0.0B->0.0B Heap: 511.2M(512.0M)->511.2M(512.0M)]
 [Times: user=0.00 sys=0.02, real=0.02 secs] 
2017-05-09T22:02:47.517+0300: 315.890: [GC pause (G1 Evacuation Pause) (young) (initial-mark), 0.0003828 secs]
   [Parallel Time: 0.3 ms, GC Workers: 4]
      [GC Worker Start (ms): Min: 315889.6, Avg: 315889.6, Max: 315889.6, Diff: 0.0]
      [Ext Root Scanning (ms): Min: 0.2, Avg: 0.2, Max: 0.2, Diff: 0.0, Sum: 0.8]
      [Update RS (ms): Min: 0.0, Avg: 0.0, Max: 0.0, Diff: 0.0, Sum: 0.1]
         [Processed Buffers: Min: 1, Avg: 1.5, Max: 2, Diff: 1, Sum: 6]
      [Scan RS (ms): Min: 0.0, Avg: 0.0, Max: 0.0, Diff: 0.0, Sum: 0.0]
      [Code Root Scanning (ms): Min: 0.0, Avg: 0.0, Max: 0.0, Diff: 0.0, Sum: 0.0]
      [Object Copy (ms): Min: 0.0, Avg: 0.0, Max: 0.0, Diff: 0.0, Sum: 0.0]
      [Termination (ms): Min: 0.0, Avg: 0.0, Max: 0.0, Diff: 0.0, Sum: 0.0]
         [Termination Attempts: Min: 1, Avg: 1.0, Max: 1, Diff: 0, Sum: 4]
      [GC Worker Other (ms): Min: 0.0, Avg: 0.0, Max: 0.0, Diff: 0.0, Sum: 0.0]
      [GC Worker Total (ms): Min: 0.2, Avg: 0.2, Max: 0.2, Diff: 0.0, Sum: 0.9]
      [GC Worker End (ms): Min: 315889.8, Avg: 315889.8, Max: 315889.8, Diff: 0.0]
   [Code Root Fixup: 0.0 ms]
   [Code Root Purge: 0.0 ms]
   [Clear CT: 0.0 ms]
   [Other: 0.1 ms]
      [Choose CSet: 0.0 ms]
      [Ref Proc: 0.1 ms]
      [Ref Enq: 0.0 ms]
      [Redirty Cards: 0.0 ms]
      [Humongous Register: 0.0 ms]
      [Humongous Reclaim: 0.0 ms]
      [Free CSet: 0.0 ms]
   [Eden: 0.0B(25.0M)->0.0B(25.0M) Survivors: 0.0B->0.0B Heap: 511.2M(512.0M)->511.2M(512.0M)]
 [Times: user=0.00 sys=0.00, real=0.00 secs] 
2017-05-09T22:02:47.517+0300: 315.890: [GC concurrent-root-region-scan-start]
2017-05-09T22:02:47.517+0300: 315.890: [GC concurrent-root-region-scan-end, 0.0000072 secs]
2017-05-09T22:02:47.517+0300: 315.890: [GC concurrent-mark-start]
2017-05-09T22:02:47.517+0300: 315.890: [Full GC (Allocation Failure)  511M->510M(512M), 1.1994857 secs]
   [Eden: 0.0B(25.0M)->0.0B(25.0M) Survivors: 0.0B->0.0B Heap: 511.2M(512.0M)->510.2M(512.0M)], [Metaspace: 7484K->7484K(1056768K)]
 [Times: user=1.67 sys=0.00, real=1.20 secs] 
2017-05-09T22:02:48.716+0300: 317.090: [GC concurrent-mark-abort]
2017-05-09T22:02:48.731+0300: 317.115: [GC pause (G1 Evacuation Pause) (young) (to-space exhausted), 0.0035023 secs]
   [Parallel Time: 1.9 ms, GC Workers: 4]
      [GC Worker Start (ms): Min: 317115.4, Avg: 317115.4, Max: 317115.4, Diff: 0.0]
      [Ext Root Scanning (ms): Min: 0.1, Avg: 0.1, Max: 0.2, Diff: 0.0, Sum: 0.6]
      [Update RS (ms): Min: 0.0, Avg: 0.0, Max: 0.1, Diff: 0.1, Sum: 0.1]
         [Processed Buffers: Min: 0, Avg: 0.3, Max: 1, Diff: 1, Sum: 1]
      [Scan RS (ms): Min: 0.0, Avg: 0.0, Max: 0.0, Diff: 0.0, Sum: 0.0]
      [Code Root Scanning (ms): Min: 0.0, Avg: 0.0, Max: 0.0, Diff: 0.0, Sum: 0.0]
      [Object Copy (ms): Min: 1.6, Avg: 1.7, Max: 1.7, Diff: 0.1, Sum: 6.8]
      [Termination (ms): Min: 0.0, Avg: 0.0, Max: 0.0, Diff: 0.0, Sum: 0.0]
         [Termination Attempts: Min: 1, Avg: 1.0, Max: 1, Diff: 0, Sum: 4]
      [GC Worker Other (ms): Min: 0.0, Avg: 0.0, Max: 0.0, Diff: 0.0, Sum: 0.0]
      [GC Worker Total (ms): Min: 1.9, Avg: 1.9, Max: 1.9, Diff: 0.0, Sum: 7.5]
      [GC Worker End (ms): Min: 317117.3, Avg: 317117.3, Max: 317117.3, Diff: 0.0]
   [Code Root Fixup: 0.0 ms]
   [Code Root Purge: 0.0 ms]
   [Clear CT: 0.0 ms]
   [Other: 1.5 ms]
      [Evacuation Failure: 1.4 ms]
      [Choose CSet: 0.0 ms]
      [Ref Proc: 0.1 ms]
      [Ref Enq: 0.0 ms]
      [Redirty Cards: 0.0 ms]
      [Humongous Register: 0.0 ms]
      [Humongous Reclaim: 0.0 ms]
      [Free CSet: 0.0 ms]
   [Eden: 1024.0K(25.0M)->0.0B(25.0M) Survivors: 0.0B->0.0B Heap: 511.2M(512.0M)->511.2M(512.0M)]
 [Times: user=0.03 sys=0.00, real=0.02 secs] 
2017-05-09T22:02:48.747+0300: 317.119: [GC pause (G1 Evacuation Pause) (young) (initial-mark), 0.0003325 secs]
   [Parallel Time: 0.2 ms, GC Workers: 4]
      [GC Worker Start (ms): Min: 317119.0, Avg: 317119.0, Max: 317119.0, Diff: 0.0]
      [Ext Root Scanning (ms): Min: 0.2, Avg: 0.2, Max: 0.2, Diff: 0.0, Sum: 0.7]
      [Update RS (ms): Min: 0.0, Avg: 0.0, Max: 0.0, Diff: 0.0, Sum: 0.1]
         [Processed Buffers: Min: 1, Avg: 1.5, Max: 2, Diff: 1, Sum: 6]
      [Scan RS (ms): Min: 0.0, Avg: 0.0, Max: 0.0, Diff: 0.0, Sum: 0.0]
      [Code Root Scanning (ms): Min: 0.0, Avg: 0.0, Max: 0.0, Diff: 0.0, Sum: 0.0]
      [Object Copy (ms): Min: 0.0, Avg: 0.0, Max: 0.0, Diff: 0.0, Sum: 0.0]
      [Termination (ms): Min: 0.0, Avg: 0.0, Max: 0.0, Diff: 0.0, Sum: 0.0]
         [Termination Attempts: Min: 1, Avg: 1.0, Max: 1, Diff: 0, Sum: 4]
      [GC Worker Other (ms): Min: 0.0, Avg: 0.0, Max: 0.0, Diff: 0.0, Sum: 0.0]
      [GC Worker Total (ms): Min: 0.2, Avg: 0.2, Max: 0.2, Diff: 0.0, Sum: 0.8]
      [GC Worker End (ms): Min: 317119.2, Avg: 317119.2, Max: 317119.2, Diff: 0.0]
   [Code Root Fixup: 0.0 ms]
   [Code Root Purge: 0.0 ms]
   [Clear CT: 0.0 ms]
   [Other: 0.1 ms]
      [Choose CSet: 0.0 ms]
      [Ref Proc: 0.0 ms]
      [Ref Enq: 0.0 ms]
      [Redirty Cards: 0.0 ms]
      [Humongous Register: 0.0 ms]
      [Humongous Reclaim: 0.0 ms]
      [Free CSet: 0.0 ms]
   [Eden: 0.0B(25.0M)->0.0B(25.0M) Survivors: 0.0B->0.0B Heap: 511.2M(512.0M)->511.2M(512.0M)]
 [Times: user=0.00 sys=0.00, real=0.00 secs] 
2017-05-09T22:02:48.747+0300: 317.119: [GC concurrent-root-region-scan-start]
2017-05-09T22:02:48.747+0300: 317.119: [GC concurrent-root-region-scan-end, 0.0000069 secs]
2017-05-09T22:02:48.747+0300: 317.119: [GC concurrent-mark-start]
2017-05-09T22:02:48.747+0300: 317.119: [Full GC (Allocation Failure)  511M->510M(512M), 1.1995730 secs]
   [Eden: 0.0B(25.0M)->0.0B(25.0M) Survivors: 0.0B->0.0B Heap: 511.2M(512.0M)->510.2M(512.0M)], [Metaspace: 7484K->7484K(1056768K)]
 [Times: user=1.66 sys=0.00, real=1.19 secs] 
2017-05-09T22:02:49.941+0300: 318.319: [GC concurrent-mark-abort]
2017-05-09T22:02:49.972+0300: 318.341: [GC pause (G1 Evacuation Pause) (young) (to-space exhausted), 0.0039487 secs]
   [Parallel Time: 2.3 ms, GC Workers: 4]
      [GC Worker Start (ms): Min: 318341.3, Avg: 318341.3, Max: 318341.3, Diff: 0.0]
      [Ext Root Scanning (ms): Min: 0.1, Avg: 0.2, Max: 0.2, Diff: 0.0, Sum: 0.6]
      [Update RS (ms): Min: 0.0, Avg: 0.0, Max: 0.1, Diff: 0.1, Sum: 0.1]
         [Processed Buffers: Min: 0, Avg: 0.3, Max: 1, Diff: 1, Sum: 1]
      [Scan RS (ms): Min: 0.0, Avg: 0.0, Max: 0.0, Diff: 0.0, Sum: 0.0]
      [Code Root Scanning (ms): Min: 0.0, Avg: 0.0, Max: 0.0, Diff: 0.0, Sum: 0.0]
      [Object Copy (ms): Min: 2.1, Avg: 2.1, Max: 2.2, Diff: 0.1, Sum: 8.5]
      [Termination (ms): Min: 0.0, Avg: 0.0, Max: 0.0, Diff: 0.0, Sum: 0.0]
         [Termination Attempts: Min: 1, Avg: 1.0, Max: 1, Diff: 0, Sum: 4]
      [GC Worker Other (ms): Min: 0.0, Avg: 0.0, Max: 0.0, Diff: 0.0, Sum: 0.0]
      [GC Worker Total (ms): Min: 2.3, Avg: 2.3, Max: 2.3, Diff: 0.0, Sum: 9.3]
      [GC Worker End (ms): Min: 318343.6, Avg: 318343.6, Max: 318343.6, Diff: 0.0]
   [Code Root Fixup: 0.0 ms]
   [Code Root Purge: 0.0 ms]
   [Clear CT: 0.0 ms]
   [Other: 1.6 ms]
      [Evacuation Failure: 1.4 ms]
      [Choose CSet: 0.0 ms]
      [Ref Proc: 0.0 ms]
      [Ref Enq: 0.0 ms]
      [Redirty Cards: 0.1 ms]
      [Humongous Register: 0.0 ms]
      [Humongous Reclaim: 0.0 ms]
      [Free CSet: 0.0 ms]
   [Eden: 1024.0K(25.0M)->0.0B(25.0M) Survivors: 0.0B->0.0B Heap: 511.2M(512.0M)->511.2M(512.0M)]
 [Times: user=0.00 sys=0.00, real=0.00 secs] 
2017-05-09T22:02:49.972+0300: 318.345: [GC pause (G1 Evacuation Pause) (young) (initial-mark), 0.0006475 secs]
   [Parallel Time: 0.3 ms, GC Workers: 4]
      [GC Worker Start (ms): Min: 318345.4, Avg: 318345.4, Max: 318345.4, Diff: 0.0]
      [Ext Root Scanning (ms): Min: 0.2, Avg: 0.2, Max: 0.2, Diff: 0.0, Sum: 0.8]
      [Update RS (ms): Min: 0.0, Avg: 0.0, Max: 0.0, Diff: 0.0, Sum: 0.1]
         [Processed Buffers: Min: 0, Avg: 1.5, Max: 3, Diff: 3, Sum: 6]
      [Scan RS (ms): Min: 0.0, Avg: 0.0, Max: 0.0, Diff: 0.0, Sum: 0.0]
      [Code Root Scanning (ms): Min: 0.0, Avg: 0.0, Max: 0.0, Diff: 0.0, Sum: 0.0]
      [Object Copy (ms): Min: 0.0, Avg: 0.0, Max: 0.0, Diff: 0.0, Sum: 0.0]
      [Termination (ms): Min: 0.0, Avg: 0.0, Max: 0.0, Diff: 0.0, Sum: 0.0]
         [Termination Attempts: Min: 1, Avg: 1.0, Max: 1, Diff: 0, Sum: 4]
      [GC Worker Other (ms): Min: 0.0, Avg: 0.0, Max: 0.0, Diff: 0.0, Sum: 0.0]
      [GC Worker Total (ms): Min: 0.2, Avg: 0.2, Max: 0.3, Diff: 0.1, Sum: 0.9]
      [GC Worker End (ms): Min: 318345.6, Avg: 318345.6, Max: 318345.7, Diff: 0.0]
   [Code Root Fixup: 0.0 ms]
   [Code Root Purge: 0.0 ms]
   [Clear CT: 0.1 ms]
   [Other: 0.2 ms]
      [Choose CSet: 0.0 ms]
      [Ref Proc: 0.1 ms]
      [Ref Enq: 0.0 ms]
      [Redirty Cards: 0.1 ms]
      [Humongous Register: 0.0 ms]
      [Humongous Reclaim: 0.0 ms]
      [Free CSet: 0.0 ms]
   [Eden: 0.0B(25.0M)->0.0B(25.0M) Survivors: 0.0B->0.0B Heap: 511.2M(512.0M)->511.2M(512.0M)]
 [Times: user=0.00 sys=0.00, real=0.00 secs] 
2017-05-09T22:02:49.972+0300: 318.346: [GC concurrent-root-region-scan-start]
2017-05-09T22:02:49.972+0300: 318.346: [GC concurrent-root-region-scan-end, 0.0000060 secs]
2017-05-09T22:02:49.972+0300: 318.346: [GC concurrent-mark-start]
2017-05-09T22:02:49.972+0300: 318.346: [Full GC (Allocation Failure)  511M->510M(512M), 1.2006259 secs]
   [Eden: 0.0B(25.0M)->0.0B(25.0M) Survivors: 0.0B->0.0B Heap: 511.2M(512.0M)->510.3M(512.0M)], [Metaspace: 7484K->7484K(1056768K)]
 [Times: user=1.66 sys=0.00, real=1.20 secs] 
2017-05-09T22:02:51.175+0300: 319.547: [GC concurrent-mark-abort]
2017-05-09T22:02:51.191+0300: 319.576: [GC pause (G1 Evacuation Pause) (young) (to-space exhausted), 0.0036053 secs]
   [Parallel Time: 2.0 ms, GC Workers: 4]
      [GC Worker Start (ms): Min: 319575.6, Avg: 319575.6, Max: 319575.7, Diff: 0.1]
      [Ext Root Scanning (ms): Min: 0.1, Avg: 0.2, Max: 0.2, Diff: 0.1, Sum: 0.6]
      [Update RS (ms): Min: 0.0, Avg: 0.0, Max: 0.1, Diff: 0.1, Sum: 0.1]
         [Processed Buffers: Min: 0, Avg: 0.3, Max: 1, Diff: 1, Sum: 1]
      [Scan RS (ms): Min: 0.0, Avg: 0.0, Max: 0.0, Diff: 0.0, Sum: 0.0]
      [Code Root Scanning (ms): Min: 0.0, Avg: 0.0, Max: 0.0, Diff: 0.0, Sum: 0.0]
      [Object Copy (ms): Min: 1.7, Avg: 1.7, Max: 1.8, Diff: 0.1, Sum: 6.9]
      [Termination (ms): Min: 0.0, Avg: 0.0, Max: 0.0, Diff: 0.0, Sum: 0.1]
         [Termination Attempts: Min: 1, Avg: 1.5, Max: 2, Diff: 1, Sum: 6]
      [GC Worker Other (ms): Min: 0.0, Avg: 0.0, Max: 0.0, Diff: 0.0, Sum: 0.0]
      [GC Worker Total (ms): Min: 1.9, Avg: 1.9, Max: 2.0, Diff: 0.1, Sum: 7.8]
      [GC Worker End (ms): Min: 319577.6, Avg: 319577.6, Max: 319577.6, Diff: 0.0]
   [Code Root Fixup: 0.0 ms]
   [Code Root Purge: 0.0 ms]
   [Clear CT: 0.0 ms]
   [Other: 1.6 ms]
      [Evacuation Failure: 1.4 ms]
      [Choose CSet: 0.0 ms]
      [Ref Proc: 0.1 ms]
      [Ref Enq: 0.0 ms]
      [Redirty Cards: 0.0 ms]
      [Humongous Register: 0.0 ms]
      [Humongous Reclaim: 0.0 ms]
      [Free CSet: 0.0 ms]
   [Eden: 1024.0K(25.0M)->0.0B(25.0M) Survivors: 0.0B->0.0B Heap: 511.3M(512.0M)->511.3M(512.0M)]
 [Times: user=0.06 sys=0.00, real=0.02 secs] 
2017-05-09T22:02:51.207+0300: 319.579: [GC pause (G1 Evacuation Pause) (young) (initial-mark), 0.0003527 secs]
   [Parallel Time: 0.2 ms, GC Workers: 4]
      [GC Worker Start (ms): Min: 319579.4, Avg: 319579.4, Max: 319579.4, Diff: 0.0]
      [Ext Root Scanning (ms): Min: 0.2, Avg: 0.2, Max: 0.2, Diff: 0.0, Sum: 0.7]
      [Update RS (ms): Min: 0.0, Avg: 0.0, Max: 0.0, Diff: 0.0, Sum: 0.1]
         [Processed Buffers: Min: 1, Avg: 1.8, Max: 3, Diff: 2, Sum: 7]
      [Scan RS (ms): Min: 0.0, Avg: 0.0, Max: 0.0, Diff: 0.0, Sum: 0.0]
      [Code Root Scanning (ms): Min: 0.0, Avg: 0.0, Max: 0.0, Diff: 0.0, Sum: 0.0]
      [Object Copy (ms): Min: 0.0, Avg: 0.0, Max: 0.0, Diff: 0.0, Sum: 0.0]
      [Termination (ms): Min: 0.0, Avg: 0.0, Max: 0.0, Diff: 0.0, Sum: 0.0]
         [Termination Attempts: Min: 1, Avg: 1.0, Max: 1, Diff: 0, Sum: 4]
      [GC Worker Other (ms): Min: 0.0, Avg: 0.0, Max: 0.0, Diff: 0.0, Sum: 0.0]
      [GC Worker Total (ms): Min: 0.2, Avg: 0.2, Max: 0.2, Diff: 0.0, Sum: 0.8]
      [GC Worker End (ms): Min: 319579.6, Avg: 319579.6, Max: 319579.6, Diff: 0.0]
   [Code Root Fixup: 0.0 ms]
   [Code Root Purge: 0.0 ms]
   [Clear CT: 0.0 ms]
   [Other: 0.1 ms]
      [Choose CSet: 0.0 ms]
      [Ref Proc: 0.0 ms]
      [Ref Enq: 0.0 ms]
      [Redirty Cards: 0.0 ms]
      [Humongous Register: 0.0 ms]
      [Humongous Reclaim: 0.0 ms]
      [Free CSet: 0.0 ms]
   [Eden: 0.0B(25.0M)->0.0B(25.0M) Survivors: 0.0B->0.0B Heap: 511.3M(512.0M)->511.3M(512.0M)]
 [Times: user=0.00 sys=0.00, real=0.00 secs] 
2017-05-09T22:02:51.207+0300: 319.580: [GC concurrent-root-region-scan-start]
2017-05-09T22:02:51.207+0300: 319.580: [GC concurrent-root-region-scan-end, 0.0000072 secs]
2017-05-09T22:02:51.207+0300: 319.580: [GC concurrent-mark-start]
2017-05-09T22:02:51.207+0300: 319.580: [Full GC (Allocation Failure)  511M->510M(512M), 1.2022589 secs]
   [Eden: 0.0B(25.0M)->0.0B(25.0M) Survivors: 0.0B->0.0B Heap: 511.3M(512.0M)->510.3M(512.0M)], [Metaspace: 7484K->7484K(1056768K)]
 [Times: user=1.67 sys=0.00, real=1.20 secs] 
2017-05-09T22:02:52.410+0300: 320.782: [GC concurrent-mark-abort]
2017-05-09T22:02:52.425+0300: 320.810: [GC pause (G1 Evacuation Pause) (young) (to-space exhausted), 0.0038707 secs]
   [Parallel Time: 2.4 ms, GC Workers: 4]
      [GC Worker Start (ms): Min: 320809.9, Avg: 320809.9, Max: 320809.9, Diff: 0.0]
      [Ext Root Scanning (ms): Min: 0.1, Avg: 0.2, Max: 0.2, Diff: 0.0, Sum: 0.6]
      [Update RS (ms): Min: 0.0, Avg: 0.0, Max: 0.1, Diff: 0.1, Sum: 0.1]
         [Processed Buffers: Min: 0, Avg: 0.3, Max: 1, Diff: 1, Sum: 1]
      [Scan RS (ms): Min: 0.0, Avg: 0.0, Max: 0.0, Diff: 0.0, Sum: 0.0]
      [Code Root Scanning (ms): Min: 0.0, Avg: 0.0, Max: 0.0, Diff: 0.0, Sum: 0.0]
      [Object Copy (ms): Min: 2.0, Avg: 2.1, Max: 2.2, Diff: 0.1, Sum: 8.5]
      [Termination (ms): Min: 0.0, Avg: 0.0, Max: 0.0, Diff: 0.0, Sum: 0.0]
         [Termination Attempts: Min: 1, Avg: 1.5, Max: 2, Diff: 1, Sum: 6]
      [GC Worker Other (ms): Min: 0.0, Avg: 0.0, Max: 0.0, Diff: 0.0, Sum: 0.0]
      [GC Worker Total (ms): Min: 2.3, Avg: 2.3, Max: 2.3, Diff: 0.0, Sum: 9.3]
      [GC Worker End (ms): Min: 320812.2, Avg: 320812.2, Max: 320812.2, Diff: 0.0]
   [Code Root Fixup: 0.0 ms]
   [Code Root Purge: 0.0 ms]
   [Clear CT: 0.0 ms]
   [Other: 1.5 ms]
      [Evacuation Failure: 1.4 ms]
      [Choose CSet: 0.0 ms]
      [Ref Proc: 0.0 ms]
      [Ref Enq: 0.0 ms]
      [Redirty Cards: 0.0 ms]
      [Humongous Register: 0.0 ms]
      [Humongous Reclaim: 0.0 ms]
      [Free CSet: 0.0 ms]
   [Eden: 1024.0K(25.0M)->0.0B(25.0M) Survivors: 0.0B->0.0B Heap: 511.3M(512.0M)->511.3M(512.0M)]
 [Times: user=0.02 sys=0.00, real=0.02 secs] 
2017-05-09T22:02:52.441+0300: 320.814: [GC pause (G1 Evacuation Pause) (young) (initial-mark), 0.0005258 secs]
   [Parallel Time: 0.3 ms, GC Workers: 4]
      [GC Worker Start (ms): Min: 320814.0, Avg: 320814.0, Max: 320814.0, Diff: 0.0]
      [Ext Root Scanning (ms): Min: 0.2, Avg: 0.2, Max: 0.2, Diff: 0.0, Sum: 0.7]
      [Update RS (ms): Min: 0.0, Avg: 0.0, Max: 0.0, Diff: 0.0, Sum: 0.1]
         [Processed Buffers: Min: 1, Avg: 1.5, Max: 2, Diff: 1, Sum: 6]
      [Scan RS (ms): Min: 0.0, Avg: 0.0, Max: 0.0, Diff: 0.0, Sum: 0.0]
      [Code Root Scanning (ms): Min: 0.0, Avg: 0.0, Max: 0.0, Diff: 0.0, Sum: 0.0]
      [Object Copy (ms): Min: 0.0, Avg: 0.0, Max: 0.0, Diff: 0.0, Sum: 0.0]
      [Termination (ms): Min: 0.0, Avg: 0.0, Max: 0.0, Diff: 0.0, Sum: 0.0]
         [Termination Attempts: Min: 1, Avg: 1.0, Max: 1, Diff: 0, Sum: 4]
      [GC Worker Other (ms): Min: 0.0, Avg: 0.0, Max: 0.0, Diff: 0.0, Sum: 0.0]
      [GC Worker Total (ms): Min: 0.2, Avg: 0.2, Max: 0.2, Diff: 0.0, Sum: 0.8]
      [GC Worker End (ms): Min: 320814.2, Avg: 320814.2, Max: 320814.2, Diff: 0.0]
   [Code Root Fixup: 0.0 ms]
   [Code Root Purge: 0.0 ms]
   [Clear CT: 0.1 ms]
   [Other: 0.2 ms]
      [Choose CSet: 0.0 ms]
      [Ref Proc: 0.1 ms]
      [Ref Enq: 0.0 ms]
      [Redirty Cards: 0.1 ms]
      [Humongous Register: 0.0 ms]
      [Humongous Reclaim: 0.0 ms]
      [Free CSet: 0.0 ms]
   [Eden: 0.0B(25.0M)->0.0B(25.0M) Survivors: 0.0B->0.0B Heap: 511.3M(512.0M)->511.3M(512.0M)]
 [Times: user=0.00 sys=0.00, real=0.00 secs] 
2017-05-09T22:02:52.441+0300: 320.815: [GC concurrent-root-region-scan-start]
2017-05-09T22:02:52.441+0300: 320.815: [GC concurrent-root-region-scan-end, 0.0000072 secs]
2017-05-09T22:02:52.441+0300: 320.815: [GC concurrent-mark-start]
2017-05-09T22:02:52.441+0300: 320.815: [Full GC (Allocation Failure)  511M->510M(512M), 1.2001651 secs]
   [Eden: 0.0B(25.0M)->0.0B(25.0M) Survivors: 0.0B->0.0B Heap: 511.3M(512.0M)->510.3M(512.0M)], [Metaspace: 7484K->7484K(1056768K)]
 [Times: user=1.67 sys=0.00, real=1.20 secs] 
2017-05-09T22:02:53.645+0300: 322.015: [GC concurrent-mark-abort]
2017-05-09T22:02:53.660+0300: 322.045: [GC pause (G1 Evacuation Pause) (young) (to-space exhausted), 0.0041601 secs]
   [Parallel Time: 2.3 ms, GC Workers: 4]
      [GC Worker Start (ms): Min: 322044.8, Avg: 322044.8, Max: 322044.8, Diff: 0.0]
      [Ext Root Scanning (ms): Min: 0.1, Avg: 0.2, Max: 0.2, Diff: 0.0, Sum: 0.6]
      [Update RS (ms): Min: 0.0, Avg: 0.0, Max: 0.1, Diff: 0.1, Sum: 0.1]
         [Processed Buffers: Min: 0, Avg: 0.3, Max: 1, Diff: 1, Sum: 1]
      [Scan RS (ms): Min: 0.0, Avg: 0.0, Max: 0.0, Diff: 0.0, Sum: 0.0]
      [Code Root Scanning (ms): Min: 0.0, Avg: 0.0, Max: 0.0, Diff: 0.0, Sum: 0.0]
      [Object Copy (ms): Min: 2.0, Avg: 2.1, Max: 2.1, Diff: 0.1, Sum: 8.3]
      [Termination (ms): Min: 0.0, Avg: 0.0, Max: 0.1, Diff: 0.0, Sum: 0.1]
         [Termination Attempts: Min: 1, Avg: 1.0, Max: 1, Diff: 0, Sum: 4]
      [GC Worker Other (ms): Min: 0.0, Avg: 0.0, Max: 0.0, Diff: 0.0, Sum: 0.0]
      [GC Worker Total (ms): Min: 2.3, Avg: 2.3, Max: 2.3, Diff: 0.0, Sum: 9.1]
      [GC Worker End (ms): Min: 322047.1, Avg: 322047.1, Max: 322047.1, Diff: 0.0]
   [Code Root Fixup: 0.0 ms]
   [Code Root Purge: 0.0 ms]
   [Clear CT: 0.1 ms]
   [Other: 1.8 ms]
      [Evacuation Failure: 1.4 ms]
      [Choose CSet: 0.0 ms]
      [Ref Proc: 0.1 ms]
      [Ref Enq: 0.0 ms]
      [Redirty Cards: 0.2 ms]
      [Humongous Register: 0.0 ms]
      [Humongous Reclaim: 0.0 ms]
      [Free CSet: 0.0 ms]
   [Eden: 1024.0K(25.0M)->0.0B(25.0M) Survivors: 0.0B->0.0B Heap: 511.3M(512.0M)->511.3M(512.0M)]
 [Times: user=0.02 sys=0.00, real=0.02 secs] 
2017-05-09T22:02:53.676+0300: 322.049: [GC pause (G1 Evacuation Pause) (young) (initial-mark), 0.0007303 secs]
   [Parallel Time: 0.3 ms, GC Workers: 4]
      [GC Worker Start (ms): Min: 322049.2, Avg: 322049.2, Max: 322049.2, Diff: 0.1]
      [Ext Root Scanning (ms): Min: 0.2, Avg: 0.2, Max: 0.2, Diff: 0.0, Sum: 0.8]
      [Update RS (ms): Min: 0.0, Avg: 0.0, Max: 0.0, Diff: 0.0, Sum: 0.1]
         [Processed Buffers: Min: 0, Avg: 1.5, Max: 3, Diff: 3, Sum: 6]
      [Scan RS (ms): Min: 0.0, Avg: 0.0, Max: 0.0, Diff: 0.0, Sum: 0.0]
      [Code Root Scanning (ms): Min: 0.0, Avg: 0.0, Max: 0.0, Diff: 0.0, Sum: 0.0]
      [Object Copy (ms): Min: 0.0, Avg: 0.0, Max: 0.0, Diff: 0.0, Sum: 0.0]
      [Termination (ms): Min: 0.0, Avg: 0.0, Max: 0.0, Diff: 0.0, Sum: 0.0]
         [Termination Attempts: Min: 1, Avg: 1.0, Max: 1, Diff: 0, Sum: 4]
      [GC Worker Other (ms): Min: 0.0, Avg: 0.0, Max: 0.0, Diff: 0.0, Sum: 0.0]
      [GC Worker Total (ms): Min: 0.2, Avg: 0.2, Max: 0.3, Diff: 0.1, Sum: 0.9]
      [GC Worker End (ms): Min: 322049.4, Avg: 322049.4, Max: 322049.4, Diff: 0.0]
   [Code Root Fixup: 0.0 ms]
   [Code Root Purge: 0.0 ms]
   [Clear CT: 0.1 ms]
   [Other: 0.3 ms]
      [Choose CSet: 0.0 ms]
      [Ref Proc: 0.1 ms]
      [Ref Enq: 0.0 ms]
      [Redirty Cards: 0.1 ms]
      [Humongous Register: 0.0 ms]
      [Humongous Reclaim: 0.0 ms]
      [Free CSet: 0.0 ms]
   [Eden: 0.0B(25.0M)->0.0B(25.0M) Survivors: 0.0B->0.0B Heap: 511.3M(512.0M)->511.3M(512.0M)]
 [Times: user=0.00 sys=0.00, real=0.00 secs] 
2017-05-09T22:02:53.676+0300: 322.050: [GC concurrent-root-region-scan-start]
2017-05-09T22:02:53.676+0300: 322.050: [GC concurrent-root-region-scan-end, 0.0000072 secs]
2017-05-09T22:02:53.676+0300: 2017-05-09T22:02:53.676+0300: 322.050: 322.050: [GC concurrent-mark-start]
[Full GC (Allocation Failure)  511M->510M(512M), 1.2102815 secs]
   [Eden: 0.0B(25.0M)->0.0B(25.0M) Survivors: 0.0B->0.0B Heap: 511.3M(512.0M)->510.4M(512.0M)], [Metaspace: 7484K->7484K(1056768K)]
 [Times: user=1.66 sys=0.00, real=1.21 secs] 
2017-05-09T22:02:54.891+0300: 323.260: [GC concurrent-mark-abort]
2017-05-09T22:02:54.907+0300: 323.276: [GC pause (G1 Evacuation Pause) (young) (to-space exhausted), 0.0040276 secs]
   [Parallel Time: 2.5 ms, GC Workers: 4]
      [GC Worker Start (ms): Min: 323276.2, Avg: 323276.2, Max: 323276.2, Diff: 0.0]
      [Ext Root Scanning (ms): Min: 0.1, Avg: 0.2, Max: 0.2, Diff: 0.0, Sum: 0.6]
      [Update RS (ms): Min: 0.0, Avg: 0.0, Max: 0.1, Diff: 0.1, Sum: 0.1]
         [Processed Buffers: Min: 0, Avg: 0.3, Max: 1, Diff: 1, Sum: 1]
      [Scan RS (ms): Min: 0.0, Avg: 0.0, Max: 0.0, Diff: 0.0, Sum: 0.0]
      [Code Root Scanning (ms): Min: 0.0, Avg: 0.0, Max: 0.0, Diff: 0.0, Sum: 0.0]
      [Object Copy (ms): Min: 2.2, Avg: 2.3, Max: 2.3, Diff: 0.1, Sum: 9.2]
      [Termination (ms): Min: 0.0, Avg: 0.0, Max: 0.0, Diff: 0.0, Sum: 0.0]
         [Termination Attempts: Min: 1, Avg: 1.0, Max: 1, Diff: 0, Sum: 4]
      [GC Worker Other (ms): Min: 0.0, Avg: 0.0, Max: 0.0, Diff: 0.0, Sum: 0.0]
      [GC Worker Total (ms): Min: 2.5, Avg: 2.5, Max: 2.5, Diff: 0.0, Sum: 9.9]
      [GC Worker End (ms): Min: 323278.7, Avg: 323278.7, Max: 323278.7, Diff: 0.0]
   [Code Root Fixup: 0.0 ms]
   [Code Root Purge: 0.0 ms]
   [Clear CT: 0.0 ms]
   [Other: 1.5 ms]
      [Evacuation Failure: 1.4 ms]
      [Choose CSet: 0.0 ms]
      [Ref Proc: 0.1 ms]
      [Ref Enq: 0.0 ms]
      [Redirty Cards: 0.0 ms]
      [Humongous Register: 0.0 ms]
      [Humongous Reclaim: 0.0 ms]
      [Free CSet: 0.0 ms]
   [Eden: 1024.0K(25.0M)->0.0B(25.0M) Survivors: 0.0B->0.0B Heap: 511.4M(512.0M)->511.4M(512.0M)]
 [Times: user=0.00 sys=0.00, real=0.00 secs] 
2017-05-09T22:02:54.910+0300: 323.280: [GC pause (G1 Evacuation Pause) (young) (initial-mark), 0.0003349 secs]
   [Parallel Time: 0.2 ms, GC Workers: 4]
      [GC Worker Start (ms): Min: 323280.4, Avg: 323280.4, Max: 323280.4, Diff: 0.0]
      [Ext Root Scanning (ms): Min: 0.2, Avg: 0.2, Max: 0.2, Diff: 0.0, Sum: 0.6]
      [Update RS (ms): Min: 0.0, Avg: 0.0, Max: 0.0, Diff: 0.0, Sum: 0.1]
         [Processed Buffers: Min: 1, Avg: 1.8, Max: 2, Diff: 1, Sum: 7]
      [Scan RS (ms): Min: 0.0, Avg: 0.0, Max: 0.0, Diff: 0.0, Sum: 0.0]
      [Code Root Scanning (ms): Min: 0.0, Avg: 0.0, Max: 0.0, Diff: 0.0, Sum: 0.0]
      [Object Copy (ms): Min: 0.0, Avg: 0.0, Max: 0.0, Diff: 0.0, Sum: 0.0]
      [Termination (ms): Min: 0.0, Avg: 0.0, Max: 0.0, Diff: 0.0, Sum: 0.0]
         [Termination Attempts: Min: 1, Avg: 1.0, Max: 1, Diff: 0, Sum: 4]
      [GC Worker Other (ms): Min: 0.0, Avg: 0.0, Max: 0.0, Diff: 0.0, Sum: 0.0]
      [GC Worker Total (ms): Min: 0.2, Avg: 0.2, Max: 0.2, Diff: 0.0, Sum: 0.8]
      [GC Worker End (ms): Min: 323280.6, Avg: 323280.6, Max: 323280.6, Diff: 0.0]
   [Code Root Fixup: 0.0 ms]
   [Code Root Purge: 0.0 ms]
   [Clear CT: 0.0 ms]
   [Other: 0.1 ms]
      [Choose CSet: 0.0 ms]
      [Ref Proc: 0.0 ms]
      [Ref Enq: 0.0 ms]
      [Redirty Cards: 0.0 ms]
      [Humongous Register: 0.0 ms]
      [Humongous Reclaim: 0.0 ms]
      [Free CSet: 0.0 ms]
   [Eden: 0.0B(25.0M)->0.0B(25.0M) Survivors: 0.0B->0.0B Heap: 511.4M(512.0M)->511.4M(512.0M)]
 [Times: user=0.00 sys=0.00, real=0.00 secs] 
2017-05-09T22:02:54.910+0300: 323.281: [GC concurrent-root-region-scan-start]
2017-05-09T22:02:54.910+0300: 323.281: [GC concurrent-root-region-scan-end, 0.0000072 secs]
2017-05-09T22:02:54.910+0300: 323.281: [GC concurrent-mark-start]
2017-05-09T22:02:54.910+0300: 323.281: [Full GC (Allocation Failure)  511M->510M(512M), 1.2101830 secs]
   [Eden: 0.0B(25.0M)->0.0B(25.0M) Survivors: 0.0B->0.0B Heap: 511.4M(512.0M)->510.4M(512.0M)], [Metaspace: 7484K->7484K(1056768K)]
 [Times: user=1.67 sys=0.00, real=1.20 secs] 
2017-05-09T22:02:56.107+0300: 324.491: [GC concurrent-mark-abort]
2017-05-09T22:02:56.123+0300: 324.507: [GC pause (G1 Evacuation Pause) (young) (to-space exhausted), 0.0038939 secs]
   [Parallel Time: 2.4 ms, GC Workers: 4]
      [GC Worker Start (ms): Min: 324506.7, Avg: 324506.7, Max: 324506.7, Diff: 0.0]
      [Ext Root Scanning (ms): Min: 0.1, Avg: 0.1, Max: 0.1, Diff: 0.0, Sum: 0.6]
      [Update RS (ms): Min: 0.0, Avg: 0.0, Max: 0.1, Diff: 0.1, Sum: 0.1]
         [Processed Buffers: Min: 0, Avg: 0.3, Max: 1, Diff: 1, Sum: 1]
      [Scan RS (ms): Min: 0.0, Avg: 0.0, Max: 0.0, Diff: 0.0, Sum: 0.0]
      [Code Root Scanning (ms): Min: 0.0, Avg: 0.0, Max: 0.0, Diff: 0.0, Sum: 0.0]
      [Object Copy (ms): Min: 2.1, Avg: 2.2, Max: 2.2, Diff: 0.1, Sum: 8.7]
      [Termination (ms): Min: 0.0, Avg: 0.0, Max: 0.0, Diff: 0.0, Sum: 0.0]
         [Termination Attempts: Min: 1, Avg: 1.3, Max: 2, Diff: 1, Sum: 5]
      [GC Worker Other (ms): Min: 0.0, Avg: 0.0, Max: 0.0, Diff: 0.0, Sum: 0.0]
      [GC Worker Total (ms): Min: 2.4, Avg: 2.4, Max: 2.4, Diff: 0.0, Sum: 9.4]
      [GC Worker End (ms): Min: 324509.1, Avg: 324509.1, Max: 324509.1, Diff: 0.0]
   [Code Root Fixup: 0.0 ms]
   [Code Root Purge: 0.0 ms]
   [Clear CT: 0.0 ms]
   [Other: 1.5 ms]
      [Evacuation Failure: 1.4 ms]
      [Choose CSet: 0.0 ms]
      [Ref Proc: 0.1 ms]
      [Ref Enq: 0.0 ms]
      [Redirty Cards: 0.0 ms]
      [Humongous Register: 0.0 ms]
      [Humongous Reclaim: 0.0 ms]
      [Free CSet: 0.0 ms]
   [Eden: 1024.0K(25.0M)->0.0B(25.0M) Survivors: 0.0B->0.0B Heap: 511.4M(512.0M)->511.4M(512.0M)]
 [Times: user=0.02 sys=0.00, real=0.02 secs] 
2017-05-09T22:02:56.138+0300: 324.511: [GC pause (G1 Evacuation Pause) (young) (initial-mark), 0.0005798 secs]
   [Parallel Time: 0.3 ms, GC Workers: 4]
      [GC Worker Start (ms): Min: 324510.8, Avg: 324510.8, Max: 324510.8, Diff: 0.0]
      [Ext Root Scanning (ms): Min: 0.2, Avg: 0.2, Max: 0.2, Diff: 0.0, Sum: 0.7]
      [Update RS (ms): Min: 0.0, Avg: 0.0, Max: 0.1, Diff: 0.1, Sum: 0.1]
         [Processed Buffers: Min: 0, Avg: 1.5, Max: 5, Diff: 5, Sum: 6]
      [Scan RS (ms): Min: 0.0, Avg: 0.0, Max: 0.0, Diff: 0.0, Sum: 0.0]
      [Code Root Scanning (ms): Min: 0.0, Avg: 0.0, Max: 0.0, Diff: 0.0, Sum: 0.0]
      [Object Copy (ms): Min: 0.0, Avg: 0.0, Max: 0.0, Diff: 0.0, Sum: 0.0]
      [Termination (ms): Min: 0.0, Avg: 0.0, Max: 0.0, Diff: 0.0, Sum: 0.0]
         [Termination Attempts: Min: 1, Avg: 1.0, Max: 1, Diff: 0, Sum: 4]
      [GC Worker Other (ms): Min: 0.0, Avg: 0.0, Max: 0.0, Diff: 0.0, Sum: 0.0]
      [GC Worker Total (ms): Min: 0.2, Avg: 0.2, Max: 0.2, Diff: 0.0, Sum: 0.8]
      [GC Worker End (ms): Min: 324511.0, Avg: 324511.0, Max: 324511.0, Diff: 0.0]
   [Code Root Fixup: 0.0 ms]
   [Code Root Purge: 0.0 ms]
   [Clear CT: 0.1 ms]
   [Other: 0.2 ms]
      [Choose CSet: 0.0 ms]
      [Ref Proc: 0.1 ms]
      [Ref Enq: 0.0 ms]
      [Redirty Cards: 0.1 ms]
      [Humongous Register: 0.0 ms]
      [Humongous Reclaim: 0.0 ms]
      [Free CSet: 0.0 ms]
   [Eden: 0.0B(25.0M)->0.0B(25.0M) Survivors: 0.0B->0.0B Heap: 511.4M(512.0M)->511.4M(512.0M)]
 [Times: user=0.00 sys=0.00, real=0.00 secs] 
2017-05-09T22:02:56.138+0300: 324.511: [GC concurrent-root-region-scan-start]
2017-05-09T22:02:56.138+0300: 324.511: [GC concurrent-root-region-scan-end, 0.0000069 secs]
2017-05-09T22:02:56.138+0300: 324.511: [GC concurrent-mark-start]
2017-05-09T22:02:56.138+0300: 324.511: [Full GC (Allocation Failure)  511M->510M(512M), 1.2013120 secs]
   [Eden: 0.0B(25.0M)->0.0B(25.0M) Survivors: 0.0B->0.0B Heap: 511.4M(512.0M)->510.5M(512.0M)], [Metaspace: 7484K->7484K(1056768K)]
 [Times: user=1.67 sys=0.00, real=1.20 secs] 
2017-05-09T22:02:57.341+0300: 325.713: [GC concurrent-mark-abort]
2017-05-09T22:02:57.357+0300: 325.742: [GC pause (G1 Evacuation Pause) (young) (to-space exhausted), 0.0038484 secs]
   [Parallel Time: 2.3 ms, GC Workers: 4]
      [GC Worker Start (ms): Min: 325741.6, Avg: 325741.6, Max: 325741.6, Diff: 0.0]
      [Ext Root Scanning (ms): Min: 0.1, Avg: 0.2, Max: 0.2, Diff: 0.0, Sum: 0.6]
      [Update RS (ms): Min: 0.0, Avg: 0.0, Max: 0.1, Diff: 0.1, Sum: 0.1]
         [Processed Buffers: Min: 0, Avg: 0.3, Max: 1, Diff: 1, Sum: 1]
      [Scan RS (ms): Min: 0.0, Avg: 0.0, Max: 0.0, Diff: 0.0, Sum: 0.0]
      [Code Root Scanning (ms): Min: 0.0, Avg: 0.0, Max: 0.0, Diff: 0.0, Sum: 0.0]
      [Object Copy (ms): Min: 2.0, Avg: 2.1, Max: 2.1, Diff: 0.1, Sum: 8.3]
      [Termination (ms): Min: 0.0, Avg: 0.0, Max: 0.0, Diff: 0.0, Sum: 0.0]
         [Termination Attempts: Min: 1, Avg: 1.0, Max: 1, Diff: 0, Sum: 4]
      [GC Worker Other (ms): Min: 0.0, Avg: 0.0, Max: 0.0, Diff: 0.0, Sum: 0.0]
      [GC Worker Total (ms): Min: 2.2, Avg: 2.3, Max: 2.3, Diff: 0.0, Sum: 9.1]
      [GC Worker End (ms): Min: 325743.9, Avg: 325743.9, Max: 325743.9, Diff: 0.0]
   [Code Root Fixup: 0.0 ms]
   [Code Root Purge: 0.0 ms]
   [Clear CT: 0.0 ms]
   [Other: 1.5 ms]
      [Evacuation Failure: 1.4 ms]
      [Choose CSet: 0.0 ms]
      [Ref Proc: 0.0 ms]
      [Ref Enq: 0.0 ms]
      [Redirty Cards: 0.1 ms]
      [Humongous Register: 0.0 ms]
      [Humongous Reclaim: 0.0 ms]
      [Free CSet: 0.0 ms]
   [Eden: 1024.0K(25.0M)->0.0B(25.0M) Survivors: 0.0B->0.0B Heap: 511.5M(512.0M)->511.5M(512.0M)]
 [Times: user=0.03 sys=0.02, real=0.02 secs] 
2017-05-09T22:02:57.373+0300: 325.746: [GC pause (G1 Evacuation Pause) (young) (initial-mark), 0.0004954 secs]
   [Parallel Time: 0.2 ms, GC Workers: 4]
      [GC Worker Start (ms): Min: 325745.6, Avg: 325745.6, Max: 325745.6, Diff: 0.0]
      [Ext Root Scanning (ms): Min: 0.2, Avg: 0.2, Max: 0.2, Diff: 0.0, Sum: 0.7]
      [Update RS (ms): Min: 0.0, Avg: 0.0, Max: 0.0, Diff: 0.0, Sum: 0.1]
         [Processed Buffers: Min: 0, Avg: 1.5, Max: 4, Diff: 4, Sum: 6]
      [Scan RS (ms): Min: 0.0, Avg: 0.0, Max: 0.0, Diff: 0.0, Sum: 0.0]
      [Code Root Scanning (ms): Min: 0.0, Avg: 0.0, Max: 0.0, Diff: 0.0, Sum: 0.0]
      [Object Copy (ms): Min: 0.0, Avg: 0.0, Max: 0.0, Diff: 0.0, Sum: 0.0]
      [Termination (ms): Min: 0.0, Avg: 0.0, Max: 0.0, Diff: 0.0, Sum: 0.0]
         [Termination Attempts: Min: 1, Avg: 1.0, Max: 1, Diff: 0, Sum: 4]
      [GC Worker Other (ms): Min: 0.0, Avg: 0.0, Max: 0.0, Diff: 0.0, Sum: 0.0]
      [GC Worker Total (ms): Min: 0.2, Avg: 0.2, Max: 0.2, Diff: 0.0, Sum: 0.8]
      [GC Worker End (ms): Min: 325745.8, Avg: 325745.8, Max: 325745.8, Diff: 0.0]
   [Code Root Fixup: 0.0 ms]
   [Code Root Purge: 0.0 ms]
   [Clear CT: 0.1 ms]
   [Other: 0.2 ms]
      [Choose CSet: 0.0 ms]
      [Ref Proc: 0.1 ms]
      [Ref Enq: 0.0 ms]
      [Redirty Cards: 0.1 ms]
      [Humongous Register: 0.0 ms]
      [Humongous Reclaim: 0.0 ms]
      [Free CSet: 0.0 ms]
   [Eden: 0.0B(25.0M)->0.0B(25.0M) Survivors: 0.0B->0.0B Heap: 511.5M(512.0M)->511.5M(512.0M)]
 [Times: user=0.00 sys=0.00, real=0.00 secs] 
2017-05-09T22:02:57.373+0300: 325.746: [GC concurrent-root-region-scan-start]
2017-05-09T22:02:57.373+0300: 325.746: [GC concurrent-root-region-scan-end, 0.0000072 secs]
2017-05-09T22:02:57.373+0300: 325.746: [GC concurrent-mark-start]
2017-05-09T22:02:57.373+0300: 325.746: [Full GC (Allocation Failure)  511M->510M(512M), 1.2014827 secs]
   [Eden: 0.0B(25.0M)->0.0B(25.0M) Survivors: 0.0B->0.0B Heap: 511.5M(512.0M)->510.5M(512.0M)], [Metaspace: 7484K->7484K(1056768K)]
 [Times: user=1.67 sys=0.00, real=1.20 secs] 
2017-05-09T22:02:58.576+0300: 326.948: [GC concurrent-mark-abort]
2017-05-09T22:02:58.591+0300: 326.976: [GC pause (G1 Evacuation Pause) (young) (to-space exhausted), 0.0035689 secs]
   [Parallel Time: 2.1 ms, GC Workers: 4]
      [GC Worker Start (ms): Min: 326976.2, Avg: 326976.2, Max: 326976.2, Diff: 0.1]
      [Ext Root Scanning (ms): Min: 0.2, Avg: 0.2, Max: 0.2, Diff: 0.1, Sum: 0.7]
      [Update RS (ms): Min: 0.0, Avg: 0.0, Max: 0.1, Diff: 0.1, Sum: 0.1]
         [Processed Buffers: Min: 0, Avg: 0.3, Max: 1, Diff: 1, Sum: 1]
      [Scan RS (ms): Min: 0.0, Avg: 0.0, Max: 0.0, Diff: 0.0, Sum: 0.0]
      [Code Root Scanning (ms): Min: 0.0, Avg: 0.0, Max: 0.0, Diff: 0.0, Sum: 0.0]
      [Object Copy (ms): Min: 1.7, Avg: 1.8, Max: 1.8, Diff: 0.1, Sum: 7.2]
      [Termination (ms): Min: 0.0, Avg: 0.0, Max: 0.0, Diff: 0.0, Sum: 0.0]
         [Termination Attempts: Min: 1, Avg: 1.8, Max: 2, Diff: 1, Sum: 7]
      [GC Worker Other (ms): Min: 0.0, Avg: 0.0, Max: 0.0, Diff: 0.0, Sum: 0.0]
      [GC Worker Total (ms): Min: 2.0, Avg: 2.0, Max: 2.0, Diff: 0.1, Sum: 8.1]
      [GC Worker End (ms): Min: 326978.2, Avg: 326978.2, Max: 326978.2, Diff: 0.0]
   [Code Root Fixup: 0.0 ms]
   [Code Root Purge: 0.0 ms]
   [Clear CT: 0.0 ms]
   [Other: 1.5 ms]
      [Evacuation Failure: 1.4 ms]
      [Choose CSet: 0.0 ms]
      [Ref Proc: 0.0 ms]
      [Ref Enq: 0.0 ms]
      [Redirty Cards: 0.0 ms]
      [Humongous Register: 0.0 ms]
      [Humongous Reclaim: 0.0 ms]
      [Free CSet: 0.0 ms]
   [Eden: 1024.0K(25.0M)->0.0B(25.0M) Survivors: 0.0B->0.0B Heap: 511.5M(512.0M)->511.5M(512.0M)]
 [Times: user=0.06 sys=0.00, real=0.02 secs] 
2017-05-09T22:02:58.607+0300: 326.980: [GC pause (G1 Evacuation Pause) (young) (initial-mark), 0.0003343 secs]
   [Parallel Time: 0.2 ms, GC Workers: 4]
      [GC Worker Start (ms): Min: 326979.9, Avg: 326979.9, Max: 326979.9, Diff: 0.0]
      [Ext Root Scanning (ms): Min: 0.2, Avg: 0.2, Max: 0.2, Diff: 0.0, Sum: 0.6]
      [Update RS (ms): Min: 0.0, Avg: 0.0, Max: 0.0, Diff: 0.0, Sum: 0.1]
         [Processed Buffers: Min: 1, Avg: 1.5, Max: 2, Diff: 1, Sum: 6]
      [Scan RS (ms): Min: 0.0, Avg: 0.0, Max: 0.0, Diff: 0.0, Sum: 0.0]
      [Code Root Scanning (ms): Min: 0.0, Avg: 0.0, Max: 0.0, Diff: 0.0, Sum: 0.0]
      [Object Copy (ms): Min: 0.0, Avg: 0.0, Max: 0.0, Diff: 0.0, Sum: 0.0]
      [Termination (ms): Min: 0.0, Avg: 0.0, Max: 0.0, Diff: 0.0, Sum: 0.0]
         [Termination Attempts: Min: 1, Avg: 1.0, Max: 1, Diff: 0, Sum: 4]
      [GC Worker Other (ms): Min: 0.0, Avg: 0.0, Max: 0.0, Diff: 0.0, Sum: 0.0]
      [GC Worker Total (ms): Min: 0.2, Avg: 0.2, Max: 0.2, Diff: 0.0, Sum: 0.8]
      [GC Worker End (ms): Min: 326980.1, Avg: 326980.1, Max: 326980.1, Diff: 0.0]
   [Code Root Fixup: 0.0 ms]
   [Code Root Purge: 0.0 ms]
   [Clear CT: 0.0 ms]
   [Other: 0.1 ms]
      [Choose CSet: 0.0 ms]
      [Ref Proc: 0.0 ms]
      [Ref Enq: 0.0 ms]
      [Redirty Cards: 0.0 ms]
      [Humongous Register: 0.0 ms]
      [Humongous Reclaim: 0.0 ms]
      [Free CSet: 0.0 ms]
   [Eden: 0.0B(25.0M)->0.0B(25.0M) Survivors: 0.0B->0.0B Heap: 511.5M(512.0M)->511.5M(512.0M)]
 [Times: user=0.00 sys=0.00, real=0.00 secs] 
2017-05-09T22:02:58.607+0300: 326.980: [GC concurrent-root-region-scan-start]
2017-05-09T22:02:58.607+0300: 326.980: [GC concurrent-root-region-scan-end, 0.0000069 secs]
2017-05-09T22:02:58.607+0300: 326.980: [GC concurrent-mark-start]
2017-05-09T22:02:58.607+0300: 326.980: [Full GC (Allocation Failure)  511M->510M(512M), 1.2002091 secs]
   [Eden: 0.0B(25.0M)->0.0B(25.0M) Survivors: 0.0B->0.0B Heap: 511.5M(512.0M)->510.5M(512.0M)], [Metaspace: 7484K->7484K(1056768K)]
 [Times: user=1.66 sys=0.00, real=1.20 secs] 
2017-05-09T22:02:59.803+0300: 328.181: [GC concurrent-mark-abort]
2017-05-09T22:02:59.819+0300: 328.203: [GC pause (G1 Evacuation Pause) (young) (to-space exhausted), 0.0040267 secs]
   [Parallel Time: 2.3 ms, GC Workers: 4]
      [GC Worker Start (ms): Min: 328203.1, Avg: 328203.1, Max: 328203.1, Diff: 0.0]
      [Ext Root Scanning (ms): Min: 0.2, Avg: 0.2, Max: 0.2, Diff: 0.0, Sum: 0.6]
      [Update RS (ms): Min: 0.0, Avg: 0.0, Max: 0.1, Diff: 0.1, Sum: 0.1]
         [Processed Buffers: Min: 0, Avg: 0.3, Max: 1, Diff: 1, Sum: 1]
      [Scan RS (ms): Min: 0.0, Avg: 0.0, Max: 0.0, Diff: 0.0, Sum: 0.0]
      [Code Root Scanning (ms): Min: 0.0, Avg: 0.0, Max: 0.0, Diff: 0.0, Sum: 0.0]
      [Object Copy (ms): Min: 2.0, Avg: 2.0, Max: 2.1, Diff: 0.1, Sum: 8.2]
      [Termination (ms): Min: 0.0, Avg: 0.0, Max: 0.0, Diff: 0.0, Sum: 0.1]
         [Termination Attempts: Min: 1, Avg: 1.3, Max: 2, Diff: 1, Sum: 5]
      [GC Worker Other (ms): Min: 0.0, Avg: 0.0, Max: 0.0, Diff: 0.0, Sum: 0.0]
      [GC Worker Total (ms): Min: 2.3, Avg: 2.3, Max: 2.3, Diff: 0.0, Sum: 9.0]
      [GC Worker End (ms): Min: 328205.4, Avg: 328205.4, Max: 328205.4, Diff: 0.0]
   [Code Root Fixup: 0.0 ms]
   [Code Root Purge: 0.0 ms]
   [Clear CT: 0.1 ms]
   [Other: 1.6 ms]
      [Evacuation Failure: 1.4 ms]
      [Choose CSet: 0.0 ms]
      [Ref Proc: 0.1 ms]
      [Ref Enq: 0.0 ms]
      [Redirty Cards: 0.1 ms]
      [Humongous Register: 0.0 ms]
      [Humongous Reclaim: 0.0 ms]
      [Free CSet: 0.0 ms]
   [Eden: 1024.0K(25.0M)->0.0B(25.0M) Survivors: 0.0B->0.0B Heap: 511.5M(512.0M)->511.5M(512.0M)]
 [Times: user=0.03 sys=0.00, real=0.02 secs] 
2017-05-09T22:02:59.834+0300: 328.207: [GC pause (G1 Evacuation Pause) (young) (initial-mark), 0.0005545 secs]
   [Parallel Time: 0.3 ms, GC Workers: 4]
      [GC Worker Start (ms): Min: 328207.3, Avg: 328207.3, Max: 328207.4, Diff: 0.0]
      [Ext Root Scanning (ms): Min: 0.2, Avg: 0.2, Max: 0.2, Diff: 0.0, Sum: 0.7]
      [Update RS (ms): Min: 0.0, Avg: 0.0, Max: 0.0, Diff: 0.0, Sum: 0.1]
         [Processed Buffers: Min: 0, Avg: 1.5, Max: 4, Diff: 4, Sum: 6]
      [Scan RS (ms): Min: 0.0, Avg: 0.0, Max: 0.0, Diff: 0.0, Sum: 0.0]
      [Code Root Scanning (ms): Min: 0.0, Avg: 0.0, Max: 0.0, Diff: 0.0, Sum: 0.0]
      [Object Copy (ms): Min: 0.0, Avg: 0.0, Max: 0.0, Diff: 0.0, Sum: 0.0]
      [Termination (ms): Min: 0.0, Avg: 0.0, Max: 0.0, Diff: 0.0, Sum: 0.0]
         [Termination Attempts: Min: 1, Avg: 1.0, Max: 1, Diff: 0, Sum: 4]
      [GC Worker Other (ms): Min: 0.0, Avg: 0.0, Max: 0.0, Diff: 0.0, Sum: 0.0]
      [GC Worker Total (ms): Min: 0.2, Avg: 0.2, Max: 0.2, Diff: 0.0, Sum: 0.8]
      [GC Worker End (ms): Min: 328207.5, Avg: 328207.5, Max: 328207.5, Diff: 0.0]
   [Code Root Fixup: 0.0 ms]
   [Code Root Purge: 0.0 ms]
   [Clear CT: 0.1 ms]
   [Other: 0.2 ms]
      [Choose CSet: 0.0 ms]
      [Ref Proc: 0.1 ms]
      [Ref Enq: 0.0 ms]
      [Redirty Cards: 0.1 ms]
      [Humongous Register: 0.0 ms]
      [Humongous Reclaim: 0.0 ms]
      [Free CSet: 0.0 ms]
   [Eden: 0.0B(25.0M)->0.0B(25.0M) Survivors: 0.0B->0.0B Heap: 511.5M(512.0M)->511.5M(512.0M)]
 [Times: user=0.00 sys=0.00, real=0.00 secs] 
2017-05-09T22:02:59.834+0300: 328.208: [GC concurrent-root-region-scan-start]
2017-05-09T22:02:59.834+0300: 328.208: [GC concurrent-root-region-scan-end, 0.0000072 secs]
2017-05-09T22:02:59.834+0300: 328.208: [GC concurrent-mark-start]
2017-05-09T22:02:59.834+0300: 328.208: [Full GC (Allocation Failure)  511M->510M(512M), 1.2136363 secs]
   [Eden: 0.0B(25.0M)->0.0B(25.0M) Survivors: 0.0B->0.0B Heap: 511.5M(512.0M)->510.6M(512.0M)], [Metaspace: 7484K->7484K(1056768K)]
 [Times: user=1.69 sys=0.00, real=1.22 secs] 
2017-05-09T22:03:01.051+0300: 329.422: [GC concurrent-mark-abort]
2017-05-09T22:03:01.082+0300: 329.454: [GC pause (G1 Evacuation Pause) (young) (to-space exhausted), 0.0042402 secs]
   [Parallel Time: 2.5 ms, GC Workers: 4]
      [GC Worker Start (ms): Min: 329454.0, Avg: 329454.1, Max: 329454.1, Diff: 0.1]
      [Ext Root Scanning (ms): Min: 0.1, Avg: 0.2, Max: 0.2, Diff: 0.1, Sum: 0.6]
      [Update RS (ms): Min: 0.0, Avg: 0.0, Max: 0.1, Diff: 0.1, Sum: 0.1]
         [Processed Buffers: Min: 0, Avg: 0.3, Max: 1, Diff: 1, Sum: 1]
      [Scan RS (ms): Min: 0.0, Avg: 0.0, Max: 0.0, Diff: 0.0, Sum: 0.0]
      [Code Root Scanning (ms): Min: 0.0, Avg: 0.0, Max: 0.0, Diff: 0.0, Sum: 0.0]
      [Object Copy (ms): Min: 2.2, Avg: 2.2, Max: 2.3, Diff: 0.1, Sum: 8.9]
      [Termination (ms): Min: 0.0, Avg: 0.0, Max: 0.0, Diff: 0.0, Sum: 0.1]
         [Termination Attempts: Min: 1, Avg: 1.5, Max: 2, Diff: 1, Sum: 6]
      [GC Worker Other (ms): Min: 0.0, Avg: 0.0, Max: 0.0, Diff: 0.0, Sum: 0.0]
      [GC Worker Total (ms): Min: 2.4, Avg: 2.4, Max: 2.5, Diff: 0.1, Sum: 9.8]
      [GC Worker End (ms): Min: 329456.5, Avg: 329456.5, Max: 329456.5, Diff: 0.0]
   [Code Root Fixup: 0.0 ms]
   [Code Root Purge: 0.0 ms]
   [Clear CT: 0.1 ms]
   [Other: 1.6 ms]
      [Evacuation Failure: 1.4 ms]
      [Choose CSet: 0.0 ms]
      [Ref Proc: 0.1 ms]
      [Ref Enq: 0.0 ms]
      [Redirty Cards: 0.1 ms]
      [Humongous Register: 0.0 ms]
      [Humongous Reclaim: 0.0 ms]
      [Free CSet: 0.0 ms]
   [Eden: 1024.0K(25.0M)->0.0B(25.0M) Survivors: 0.0B->0.0B Heap: 511.6M(512.0M)->511.6M(512.0M)]
 [Times: user=0.00 sys=0.00, real=0.00 secs] 
2017-05-09T22:03:01.082+0300: 329.458: [GC pause (G1 Evacuation Pause) (young) (initial-mark), 0.0005352 secs]
   [Parallel Time: 0.2 ms, GC Workers: 4]
      [GC Worker Start (ms): Min: 329458.5, Avg: 329458.5, Max: 329458.5, Diff: 0.0]
      [Ext Root Scanning (ms): Min: 0.2, Avg: 0.2, Max: 0.2, Diff: 0.0, Sum: 0.7]
      [Update RS (ms): Min: 0.0, Avg: 0.0, Max: 0.0, Diff: 0.0, Sum: 0.1]
         [Processed Buffers: Min: 0, Avg: 1.5, Max: 4, Diff: 4, Sum: 6]
      [Scan RS (ms): Min: 0.0, Avg: 0.0, Max: 0.0, Diff: 0.0, Sum: 0.0]
      [Code Root Scanning (ms): Min: 0.0, Avg: 0.0, Max: 0.0, Diff: 0.0, Sum: 0.0]
      [Object Copy (ms): Min: 0.0, Avg: 0.0, Max: 0.0, Diff: 0.0, Sum: 0.0]
      [Termination (ms): Min: 0.0, Avg: 0.0, Max: 0.0, Diff: 0.0, Sum: 0.0]
         [Termination Attempts: Min: 1, Avg: 1.0, Max: 1, Diff: 0, Sum: 4]
      [GC Worker Other (ms): Min: 0.0, Avg: 0.0, Max: 0.0, Diff: 0.0, Sum: 0.0]
      [GC Worker Total (ms): Min: 0.2, Avg: 0.2, Max: 0.2, Diff: 0.0, Sum: 0.8]
      [GC Worker End (ms): Min: 329458.7, Avg: 329458.7, Max: 329458.7, Diff: 0.0]
   [Code Root Fixup: 0.0 ms]
   [Code Root Purge: 0.0 ms]
   [Clear CT: 0.1 ms]
   [Other: 0.2 ms]
      [Choose CSet: 0.0 ms]
      [Ref Proc: 0.1 ms]
      [Ref Enq: 0.0 ms]
      [Redirty Cards: 0.1 ms]
      [Humongous Register: 0.0 ms]
      [Humongous Reclaim: 0.0 ms]
      [Free CSet: 0.0 ms]
   [Eden: 0.0B(25.0M)->0.0B(25.0M) Survivors: 0.0B->0.0B Heap: 511.6M(512.0M)->511.6M(512.0M)]
 [Times: user=0.00 sys=0.00, real=0.00 secs] 
2017-05-09T22:03:01.082+0300: 329.459: [GC concurrent-root-region-scan-start]
2017-05-09T22:03:01.082+0300: 329.459: [GC concurrent-root-region-scan-end, 0.0000072 secs]
2017-05-09T22:03:01.082+0300: 329.459: [GC concurrent-mark-start]
2017-05-09T22:03:01.082+0300: 329.459: [Full GC (Allocation Failure)  511M->510M(512M), 1.1986165 secs]
   [Eden: 0.0B(25.0M)->0.0B(25.0M) Survivors: 0.0B->0.0B Heap: 511.6M(512.0M)->510.6M(512.0M)], [Metaspace: 7484K->7484K(1056768K)]
 [Times: user=1.66 sys=0.00, real=1.20 secs] 
2017-05-09T22:03:02.286+0300: 330.658: [GC concurrent-mark-abort]
2017-05-09T22:03:02.301+0300: 330.686: [GC pause (G1 Evacuation Pause) (young) (to-space exhausted), 0.0037668 secs]
   [Parallel Time: 1.9 ms, GC Workers: 4]
      [GC Worker Start (ms): Min: 330685.7, Avg: 330685.7, Max: 330685.7, Diff: 0.0]
      [Ext Root Scanning (ms): Min: 0.1, Avg: 0.2, Max: 0.2, Diff: 0.0, Sum: 0.6]
      [Update RS (ms): Min: 0.0, Avg: 0.0, Max: 0.1, Diff: 0.1, Sum: 0.1]
         [Processed Buffers: Min: 0, Avg: 0.3, Max: 1, Diff: 1, Sum: 1]
      [Scan RS (ms): Min: 0.0, Avg: 0.0, Max: 0.0, Diff: 0.0, Sum: 0.0]
      [Code Root Scanning (ms): Min: 0.0, Avg: 0.0, Max: 0.0, Diff: 0.0, Sum: 0.0]
      [Object Copy (ms): Min: 1.6, Avg: 1.7, Max: 1.7, Diff: 0.1, Sum: 6.8]
      [Termination (ms): Min: 0.0, Avg: 0.0, Max: 0.1, Diff: 0.1, Sum: 0.1]
         [Termination Attempts: Min: 1, Avg: 2.0, Max: 3, Diff: 2, Sum: 8]
      [GC Worker Other (ms): Min: 0.0, Avg: 0.0, Max: 0.0, Diff: 0.0, Sum: 0.0]
      [GC Worker Total (ms): Min: 1.9, Avg: 1.9, Max: 1.9, Diff: 0.0, Sum: 7.6]
      [GC Worker End (ms): Min: 330687.6, Avg: 330687.6, Max: 330687.6, Diff: 0.0]
   [Code Root Fixup: 0.0 ms]
   [Code Root Purge: 0.0 ms]
   [Clear CT: 0.1 ms]
   [Other: 1.7 ms]
      [Evacuation Failure: 1.4 ms]
      [Choose CSet: 0.0 ms]
      [Ref Proc: 0.2 ms]
      [Ref Enq: 0.0 ms]
      [Redirty Cards: 0.1 ms]
      [Humongous Register: 0.0 ms]
      [Humongous Reclaim: 0.0 ms]
      [Free CSet: 0.0 ms]
   [Eden: 1024.0K(25.0M)->0.0B(25.0M) Survivors: 0.0B->0.0B Heap: 511.6M(512.0M)->511.6M(512.0M)]
 [Times: user=0.01 sys=0.00, real=0.02 secs] 
2017-05-09T22:03:02.317+0300: 330.690: [GC pause (G1 Evacuation Pause) (young) (initial-mark), 0.0006279 secs]
   [Parallel Time: 0.4 ms, GC Workers: 4]
      [GC Worker Start (ms): Min: 330689.7, Avg: 330689.7, Max: 330689.7, Diff: 0.0]
      [Ext Root Scanning (ms): Min: 0.3, Avg: 0.3, Max: 0.3, Diff: 0.0, Sum: 1.1]
      [Update RS (ms): Min: 0.0, Avg: 0.0, Max: 0.0, Diff: 0.0, Sum: 0.1]
         [Processed Buffers: Min: 0, Avg: 1.5, Max: 4, Diff: 4, Sum: 6]
      [Scan RS (ms): Min: 0.0, Avg: 0.0, Max: 0.0, Diff: 0.0, Sum: 0.0]
      [Code Root Scanning (ms): Min: 0.0, Avg: 0.0, Max: 0.0, Diff: 0.0, Sum: 0.0]
      [Object Copy (ms): Min: 0.0, Avg: 0.0, Max: 0.0, Diff: 0.0, Sum: 0.0]
      [Termination (ms): Min: 0.0, Avg: 0.0, Max: 0.0, Diff: 0.0, Sum: 0.0]
         [Termination Attempts: Min: 1, Avg: 1.0, Max: 1, Diff: 0, Sum: 4]
      [GC Worker Other (ms): Min: 0.0, Avg: 0.0, Max: 0.0, Diff: 0.0, Sum: 0.0]
      [GC Worker Total (ms): Min: 0.3, Avg: 0.3, Max: 0.3, Diff: 0.0, Sum: 1.3]
      [GC Worker End (ms): Min: 330690.0, Avg: 330690.0, Max: 330690.0, Diff: 0.0]
   [Code Root Fixup: 0.0 ms]
   [Code Root Purge: 0.0 ms]
   [Clear CT: 0.1 ms]
   [Other: 0.2 ms]
      [Choose CSet: 0.0 ms]
      [Ref Proc: 0.1 ms]
      [Ref Enq: 0.0 ms]
      [Redirty Cards: 0.1 ms]
      [Humongous Register: 0.0 ms]
      [Humongous Reclaim: 0.0 ms]
      [Free CSet: 0.0 ms]
   [Eden: 0.0B(25.0M)->0.0B(25.0M) Survivors: 0.0B->0.0B Heap: 511.6M(512.0M)->511.6M(512.0M)]
 [Times: user=0.00 sys=0.00, real=0.00 secs] 
2017-05-09T22:03:02.317+0300: 330.690: [GC concurrent-root-region-scan-start]
2017-05-09T22:03:02.317+0300: 2017-05-09T22:03:02.317+0300: 330.690: 330.690: [Full GC (Allocation Failure) [GC concurrent-root-region-scan-end, 0.0000078 secs]
2017-05-09T22:03:02.317+0300: 330.690: [GC concurrent-mark-start]
 511M->510M(512M), 1.2003750 secs]
   [Eden: 0.0B(25.0M)->0.0B(25.0M) Survivors: 0.0B->0.0B Heap: 511.6M(512.0M)->510.7M(512.0M)], [Metaspace: 7484K->7484K(1056768K)]
 [Times: user=1.67 sys=0.00, real=1.20 secs] 
2017-05-09T22:03:03.520+0300: 331.891: [Full GC (Allocation Failure)  510M->510M(512M), 1.1944934 secs]
   [Eden: 0.0B(25.0M)->0.0B(25.0M) Survivors: 0.0B->0.0B Heap: 510.7M(512.0M)->510.7M(512.0M)], [Metaspace: 7484K->7484K(1056768K)]
 [Times: user=1.66 sys=0.00, real=1.19 secs] 
2017-05-09T22:03:04.708+0300: 333.085: [GC concurrent-mark-abort]
2017-05-09T22:03:10.247+0300: 338.622: [GC pause (G1 Evacuation Pause) (young), 0.0014047 secs]
   [Parallel Time: 0.4 ms, GC Workers: 4]
      [GC Worker Start (ms): Min: 338621.6, Avg: 338621.7, Max: 338621.7, Diff: 0.1]
      [Ext Root Scanning (ms): Min: 0.2, Avg: 0.3, Max: 0.3, Diff: 0.1, Sum: 1.1]
      [Update RS (ms): Min: 0.0, Avg: 0.0, Max: 0.0, Diff: 0.0, Sum: 0.0]
         [Processed Buffers: Min: 0, Avg: 0.3, Max: 1, Diff: 1, Sum: 1]
      [Scan RS (ms): Min: 0.0, Avg: 0.0, Max: 0.0, Diff: 0.0, Sum: 0.0]
      [Code Root Scanning (ms): Min: 0.0, Avg: 0.0, Max: 0.0, Diff: 0.0, Sum: 0.0]
      [Object Copy (ms): Min: 0.0, Avg: 0.0, Max: 0.0, Diff: 0.0, Sum: 0.0]
      [Termination (ms): Min: 0.0, Avg: 0.0, Max: 0.0, Diff: 0.0, Sum: 0.1]
         [Termination Attempts: Min: 1, Avg: 1.0, Max: 1, Diff: 0, Sum: 4]
      [GC Worker Other (ms): Min: 0.0, Avg: 0.0, Max: 0.0, Diff: 0.0, Sum: 0.0]
      [GC Worker Total (ms): Min: 0.3, Avg: 0.3, Max: 0.4, Diff: 0.1, Sum: 1.3]
      [GC Worker End (ms): Min: 338622.0, Avg: 338622.0, Max: 338622.0, Diff: 0.0]
   [Code Root Fixup: 0.0 ms]
   [Code Root Purge: 0.0 ms]
   [Clear CT: 0.3 ms]
   [Other: 0.6 ms]
      [Choose CSet: 0.0 ms]
      [Ref Proc: 0.2 ms]
      [Ref Enq: 0.0 ms]
      [Redirty Cards: 0.4 ms]
      [Humongous Register: 0.0 ms]
      [Humongous Reclaim: 0.0 ms]
      [Free CSet: 0.0 ms]
   [Eden: 0.0B(25.0M)->0.0B(25.0M) Survivors: 0.0B->0.0B Heap: 510.7M(512.0M)->510.7M(512.0M)]
 [Times: user=0.00 sys=0.00, real=0.00 secs] 
2017-05-09T22:03:10.247+0300: 338.623: [GC pause (G1 Evacuation Pause) (young) (initial-mark), 0.0012848 secs]
   [Parallel Time: 0.4 ms, GC Workers: 4]
      [GC Worker Start (ms): Min: 338623.5, Avg: 338623.5, Max: 338623.6, Diff: 0.1]
      [Ext Root Scanning (ms): Min: 0.2, Avg: 0.2, Max: 0.3, Diff: 0.1, Sum: 1.0]
      [Update RS (ms): Min: 0.0, Avg: 0.0, Max: 0.0, Diff: 0.0, Sum: 0.0]
         [Processed Buffers: Min: 0, Avg: 0.3, Max: 1, Diff: 1, Sum: 1]
      [Scan RS (ms): Min: 0.0, Avg: 0.0, Max: 0.0, Diff: 0.0, Sum: 0.0]
      [Code Root Scanning (ms): Min: 0.0, Avg: 0.0, Max: 0.0, Diff: 0.0, Sum: 0.0]
      [Object Copy (ms): Min: 0.0, Avg: 0.0, Max: 0.0, Diff: 0.0, Sum: 0.1]
      [Termination (ms): Min: 0.0, Avg: 0.0, Max: 0.0, Diff: 0.0, Sum: 0.1]
         [Termination Attempts: Min: 1, Avg: 1.0, Max: 1, Diff: 0, Sum: 4]
      [GC Worker Other (ms): Min: 0.0, Avg: 0.0, Max: 0.0, Diff: 0.0, Sum: 0.0]
      [GC Worker Total (ms): Min: 0.2, Avg: 0.3, Max: 0.3, Diff: 0.1, Sum: 1.1]
      [GC Worker End (ms): Min: 338623.8, Avg: 338623.8, Max: 338623.8, Diff: 0.0]
   [Code Root Fixup: 0.0 ms]
   [Code Root Purge: 0.0 ms]
   [Clear CT: 0.3 ms]
   [Other: 0.6 ms]
      [Choose CSet: 0.0 ms]
      [Ref Proc: 0.2 ms]
      [Ref Enq: 0.0 ms]
      [Redirty Cards: 0.2 ms]
      [Humongous Register: 0.0 ms]
      [Humongous Reclaim: 0.0 ms]
      [Free CSet: 0.0 ms]
   [Eden: 0.0B(25.0M)->0.0B(25.0M) Survivors: 0.0B->0.0B Heap: 510.7M(512.0M)->510.7M(512.0M)]
 [Times: user=0.00 sys=0.00, real=0.00 secs] 
2017-05-09T22:03:10.247+0300: 338.625: [GC concurrent-root-region-scan-start]
2017-05-09T22:03:10.247+0300: 338.625: [GC concurrent-root-region-scan-end, 0.0000163 secs]
2017-05-09T22:03:10.247+0300: 338.625: [GC concurrent-mark-start]
2017-05-09T22:03:10.247+0300: 338.625: [Full GC (Allocation Failure)  510M->1080K(512M), 0.2328979 secs]
   [Eden: 0.0B(25.0M)->0.0B(307.0M) Survivors: 0.0B->0.0B Heap: 510.7M(512.0M)->1080.9K(512.0M)], [Metaspace: 7484K->7484K(1056768K)]
 [Times: user=0.24 sys=0.00, real=0.23 secs] 
2017-05-09T22:03:10.481+0300: 338.858: [GC concurrent-mark-abort]
Heap
 garbage-first heap   total 524288K, used 2104K [0x00000000e0000000, 0x00000000e0101000, 0x0000000100000000)
  region size 1024K, 2 young (2048K), 0 survivors (0K)
 Metaspace       used 7499K, capacity 7554K, committed 7936K, reserved 1056768K
  class space    used 889K, capacity 914K, committed 1024K, reserved 1048576K
