Java HotSpot(TM) 64-Bit Server VM (25.112-b15) for windows-amd64 JRE (1.8.0_112-b15), built on Sep 22 2016 21:31:56 by "java_re" with MS VC++ 10.0 (VS2010)
Memory: 4k page, physical 8338352k(2220660k free), swap 13056944k(2774596k free)
CommandLine flags: -XX:CMSInitiatingOccupancyFraction=70 -XX:+CMSParallelRemarkEnabled -XX:+CMSScavengeBeforeRemark -XX:GCLogFileSize=104857600 -XX:+HeapDumpOnOutOfMemoryError -XX:HeapDumpPath=./dumps/ -XX:InitialHeapSize=536870912 -XX:+ManagementServer -XX:MaxHeapSize=536870912 -XX:MaxMetaspaceSize=268435456 -XX:NumberOfGCLogFiles=10 -XX:+PrintGC -XX:+PrintGCDateStamps -XX:+PrintGCDetails -XX:+PrintGCTimeStamps -XX:+ScavengeBeforeFullGC -XX:+UseCMSInitiatingOccupancyOnly -XX:+UseCompressedClassPointers -XX:+UseCompressedOops -XX:+UseGCLogFileRotation -XX:-UseLargePagesIndividualAllocation -XX:+UseSerialGC 
2017-05-09T21:41:40.869+0300: 2.781: [GC (Allocation Failure) 2017-05-09T21:41:40.869+0300: 2.781: [DefNew: 139776K->6770K(157248K), 0.0207415 secs] 139776K->6770K(506816K), 0.0209201 secs] [Times: user=0.02 sys=0.00, real=0.02 secs] 
2017-05-09T21:41:43.723+0300: 5.635: [GC (Allocation Failure) 2017-05-09T21:41:43.723+0300: 5.635: [DefNew: 146546K->13627K(157248K), 0.0449637 secs] 146546K->13627K(506816K), 0.0450553 secs] [Times: user=0.05 sys=0.00, real=0.04 secs] 
2017-05-09T21:41:46.773+0300: 8.685: [GC (Allocation Failure) 2017-05-09T21:41:46.773+0300: 8.685: [DefNew: 153403K->14838K(157248K), 0.0601133 secs] 153403K->20352K(506816K), 0.0602185 secs] [Times: user=0.06 sys=0.00, real=0.06 secs] 
2017-05-09T21:41:49.028+0300: 10.940: [GC (Allocation Failure) 2017-05-09T21:41:49.028+0300: 10.940: [DefNew: 154614K->11566K(157248K), 0.0442873 secs] 160128K->27698K(506816K), 0.0443653 secs] [Times: user=0.05 sys=0.00, real=0.04 secs] 
2017-05-09T21:41:51.252+0300: 13.164: [GC (Allocation Failure) 2017-05-09T21:41:51.252+0300: 13.164: [DefNew: 148656K->9877K(157248K), 0.0404018 secs] 164788K->34410K(506816K), 0.0404913 secs] [Times: user=0.05 sys=0.00, real=0.04 secs] 
2017-05-09T21:41:54.153+0300: 16.066: [GC (Allocation Failure) 2017-05-09T21:41:54.154+0300: 16.066: [DefNew: 149653K->10045K(157248K), 0.0407298 secs] 174186K->44455K(506816K), 0.0408078 secs] [Times: user=0.03 sys=0.00, real=0.04 secs] 
2017-05-09T21:41:56.607+0300: 18.519: [GC (Allocation Failure) 2017-05-09T21:41:56.607+0300: 18.519: [DefNew: 149821K->5458K(157248K), 0.0374199 secs] 184231K->49914K(506816K), 0.0374979 secs] [Times: user=0.03 sys=0.00, real=0.04 secs] 
2017-05-09T21:41:58.731+0300: 20.643: [GC (Allocation Failure) 2017-05-09T21:41:58.731+0300: 20.643: [DefNew: 145234K->17360K(157248K), 0.0507938 secs] 189690K->68937K(506816K), 0.0508676 secs] [Times: user=0.03 sys=0.01, real=0.05 secs] 
2017-05-09T21:42:01.453+0300: 23.365: [GC (Allocation Failure) 2017-05-09T21:42:01.453+0300: 23.365: [DefNew: 157136K->5455K(157248K), 0.0589836 secs] 208713K->74393K(506816K), 0.0591189 secs] [Times: user=0.05 sys=0.02, real=0.06 secs] 
2017-05-09T21:42:03.650+0300: 25.562: [GC (Allocation Failure) 2017-05-09T21:42:03.650+0300: 25.562: [DefNew: 145231K->10910K(157248K), 0.0331923 secs] 214169K->79848K(506816K), 0.0332655 secs] [Times: user=0.03 sys=0.00, real=0.03 secs] 
2017-05-09T21:42:05.761+0300: 27.674: [GC (Allocation Failure) 2017-05-09T21:42:05.761+0300: 27.674: [DefNew: 144847K->10662K(157248K), 0.0430895 secs] 213785K->85055K(506816K), 0.0431642 secs] [Times: user=0.03 sys=0.00, real=0.04 secs] 
2017-05-09T21:42:07.671+0300: 29.584: [GC (Allocation Failure) 2017-05-09T21:42:07.671+0300: 29.584: [DefNew: 150438K->17471K(157248K), 0.0644231 secs] 224831K->111043K(506816K), 0.0644936 secs] [Times: user=0.06 sys=0.00, real=0.07 secs] 
2017-05-09T21:42:09.994+0300: 31.907: [GC (Allocation Failure) 2017-05-09T21:42:09.994+0300: 31.907: [DefNew: 157247K->5455K(157248K), 0.0530060 secs] 250819K->116498K(506816K), 0.0531189 secs] [Times: user=0.05 sys=0.00, real=0.05 secs] 
2017-05-09T21:42:12.318+0300: 34.230: [GC (Allocation Failure) 2017-05-09T21:42:12.318+0300: 34.230: [DefNew: 145231K->10910K(157248K), 0.0388237 secs] 256274K->121953K(506816K), 0.0389863 secs] [Times: user=0.05 sys=0.00, real=0.04 secs] 
2017-05-09T21:42:14.527+0300: 36.440: [GC (Allocation Failure) 2017-05-09T21:42:14.527+0300: 36.440: [DefNew: 150686K->10910K(157248K), 0.0456332 secs] 261729K->127408K(506816K), 0.0457100 secs] [Times: user=0.05 sys=0.00, real=0.05 secs] 
2017-05-09T21:42:16.783+0300: 38.696: [GC (Allocation Failure) 2017-05-09T21:42:16.783+0300: 38.696: [DefNew: 150686K->10910K(157248K), 0.0478737 secs] 267184K->132864K(506816K), 0.0480086 secs] [Times: user=0.05 sys=0.00, real=0.05 secs] 
2017-05-09T21:42:18.540+0300: 40.452: [GC (Allocation Failure) 2017-05-09T21:42:18.540+0300: 40.452: [DefNew: 150686K->9659K(157248K), 0.0783413 secs] 272640K->169117K(506816K), 0.0784614 secs] [Times: user=0.06 sys=0.02, real=0.08 secs] 
2017-05-09T21:42:21.293+0300: 43.205: [GC (Allocation Failure) 2017-05-09T21:42:21.293+0300: 43.205: [DefNew: 149435K->9659K(157248K), 0.0492729 secs] 308893K->174572K(506816K), 0.0493473 secs] [Times: user=0.05 sys=0.00, real=0.05 secs] 
2017-05-09T21:42:23.577+0300: 45.489: [GC (Allocation Failure) 2017-05-09T21:42:23.577+0300: 45.489: [DefNew: 149435K->10910K(157248K), 0.0410991 secs] 314348K->180028K(506816K), 0.0411762 secs] [Times: user=0.05 sys=0.00, real=0.04 secs] 
2017-05-09T21:42:25.955+0300: 47.867: [GC (Allocation Failure) 2017-05-09T21:42:25.955+0300: 47.867: [DefNew: 150686K->10910K(157248K), 0.0444689 secs] 319804K->185483K(506816K), 0.0445415 secs] [Times: user=0.05 sys=0.00, real=0.05 secs] 
2017-05-09T21:42:29.008+0300: 50.920: [GC (Allocation Failure) 2017-05-09T21:42:29.008+0300: 50.920: [DefNew: 150686K->10910K(157248K), 0.0601639 secs] 325259K->190938K(506816K), 0.0603314 secs] [Times: user=0.06 sys=0.00, real=0.06 secs] 
2017-05-09T21:42:31.490+0300: 53.402: [GC (Allocation Failure) 2017-05-09T21:42:31.490+0300: 53.402: [DefNew: 150686K->10910K(157248K), 0.0459982 secs] 330714K->196394K(506816K), 0.0460762 secs] [Times: user=0.03 sys=0.01, real=0.05 secs] 
2017-05-09T21:42:33.953+0300: 55.865: [GC (Allocation Failure) 2017-05-09T21:42:33.953+0300: 55.865: [DefNew: 150686K->10910K(157248K), 0.0535935 secs] 336170K->201849K(506816K), 0.0537279 secs] [Times: user=0.03 sys=0.02, real=0.05 secs] 
2017-05-09T21:42:36.215+0300: 58.127: [GC (Allocation Failure) 2017-05-09T21:42:36.215+0300: 58.127: [DefNew: 150686K->10910K(157248K), 0.0467936 secs] 341625K->207304K(506816K), 0.0469141 secs] [Times: user=0.05 sys=0.00, real=0.05 secs] 
2017-05-09T21:42:37.878+0300: 59.790: [GC (Allocation Failure) 2017-05-09T21:42:37.878+0300: 59.790: [DefNew: 150686K->9034K(157248K), 0.0947610 secs] 347080K->258957K(506816K), 0.0948351 secs] [Times: user=0.08 sys=0.02, real=0.10 secs] 
2017-05-09T21:42:40.352+0300: 62.264: [GC (Allocation Failure) 2017-05-09T21:42:40.352+0300: 62.264: [DefNew: 148810K->9034K(157248K), 0.0466569 secs] 398733K->264412K(506816K), 0.0467301 secs] [Times: user=0.03 sys=0.00, real=0.05 secs] 
2017-05-09T21:42:42.816+0300: 64.728: [GC (Allocation Failure) 2017-05-09T21:42:42.816+0300: 64.728: [DefNew: 148810K->10910K(157248K), 0.0421893 secs] 404188K->269868K(506816K), 0.0422640 secs] [Times: user=0.05 sys=0.00, real=0.04 secs] 
2017-05-09T21:42:45.049+0300: 66.961: [GC (Allocation Failure) 2017-05-09T21:42:45.049+0300: 66.961: [DefNew: 150686K->10910K(157248K), 0.0440027 secs] 409644K->275323K(506816K), 0.0440753 secs] [Times: user=0.05 sys=0.00, real=0.04 secs] 
2017-05-09T21:42:47.319+0300: 69.231: [GC (Allocation Failure) 2017-05-09T21:42:47.319+0300: 69.231: [DefNew: 150686K->10910K(157248K), 0.0456263 secs] 415099K->280778K(506816K), 0.0457046 secs] [Times: user=0.05 sys=0.00, real=0.05 secs] 
2017-05-09T21:42:49.758+0300: 71.670: [GC (Allocation Failure) 2017-05-09T21:42:49.758+0300: 71.670: [DefNew: 150686K->10910K(157248K), 0.0445035 secs] 420554K->286234K(506816K), 0.0445812 secs] [Times: user=0.05 sys=0.00, real=0.04 secs] 
2017-05-09T21:42:52.099+0300: 74.011: [GC (Allocation Failure) 2017-05-09T21:42:52.099+0300: 74.011: [DefNew: 150686K->10910K(157248K), 0.0502333 secs] 426010K->291689K(506816K), 0.0503138 secs] [Times: user=0.06 sys=0.00, real=0.05 secs] 
2017-05-09T21:42:54.511+0300: 76.423: [GC (Allocation Failure) 2017-05-09T21:42:54.511+0300: 76.423: [DefNew: 150686K->10910K(157248K), 0.0460043 secs] 431465K->297144K(506816K), 0.0460811 secs] [Times: user=0.05 sys=0.00, real=0.05 secs] 
2017-05-09T21:42:56.767+0300: 78.680: [GC (Allocation Failure) 2017-05-09T21:42:56.767+0300: 78.680: [DefNew: 150686K->10910K(157248K), 0.0478450 secs] 436920K->302600K(506816K), 0.0479276 secs] [Times: user=0.05 sys=0.00, real=0.05 secs] 
2017-05-09T21:42:59.164+0300: 81.076: [GC (Allocation Failure) 2017-05-09T21:42:59.164+0300: 81.076: [DefNew: 150686K->10910K(157248K), 0.0495030 secs] 442376K->308055K(506816K), 0.0496310 secs] [Times: user=0.06 sys=0.00, real=0.05 secs] 
2017-05-09T21:43:01.474+0300: 83.386: [GC (Allocation Failure) 2017-05-09T21:43:01.474+0300: 83.386: [DefNew: 150686K->10910K(157248K), 0.0561562 secs] 447831K->313510K(506816K), 0.0562345 secs] [Times: user=0.06 sys=0.00, real=0.06 secs] 
2017-05-09T21:43:04.272+0300: 86.184: [GC (Allocation Failure) 2017-05-09T21:43:04.272+0300: 86.184: [DefNew: 150686K->10910K(157248K), 0.0455748 secs] 453286K->318966K(506816K), 0.0456480 secs] [Times: user=0.05 sys=0.00, real=0.05 secs] 
2017-05-09T21:43:05.643+0300: 87.555: [GC (Allocation Failure) 2017-05-09T21:43:05.643+0300: 87.555: [DefNew: 122445K->8351K(157248K), 0.0887821 secs]2017-05-09T21:43:05.732+0300: 87.644: [Tenured: 349565K->266221K(349568K), 0.5629323 secs] 430500K->266221K(506816K), [Metaspace: 7510K->7510K(1056768K)], 0.6518575 secs] [Times: user=0.63 sys=0.00, real=0.65 secs] 
2017-05-09T21:43:08.638+0300: 90.550: [GC (Allocation Failure) 2017-05-09T21:43:08.638+0300: 90.550: [DefNew: 139776K->4048K(157248K), 0.0554521 secs] 405997K->306324K(506816K), 0.0555578 secs] [Times: user=0.05 sys=0.00, real=0.06 secs] 
2017-05-09T21:43:11.195+0300: 93.107: [GC (Allocation Failure) 2017-05-09T21:43:11.195+0300: 93.107: [DefNew: 143824K->9503K(157248K), 0.0365661 secs] 446100K->311779K(506816K), 0.0366441 secs] [Times: user=0.05 sys=0.00, real=0.04 secs] 
2017-05-09T21:43:13.875+0300: 95.787: [GC (Allocation Failure) 2017-05-09T21:43:13.875+0300: 95.787: [DefNew: 149279K->10910K(157248K), 0.0490154 secs] 451555K->317235K(506816K), 0.0490892 secs] [Times: user=0.05 sys=0.00, real=0.05 secs] 
2017-05-09T21:43:16.553+0300: 98.465: [GC (Allocation Failure) 2017-05-09T21:43:16.553+0300: 98.465: [DefNew: 150686K->10910K(157248K), 0.0565920 secs] 457011K->322690K(506816K), 0.0568152 secs] [Times: user=0.06 sys=0.00, real=0.06 secs] 
2017-05-09T21:43:19.095+0300: 101.007: [GC (Allocation Failure) 2017-05-09T21:43:19.095+0300: 101.007: [DefNew: 150686K->10910K(157248K), 0.0472123 secs] 462466K->328145K(506816K), 0.0472960 secs] [Times: user=0.05 sys=0.00, real=0.05 secs] 
2017-05-09T21:43:21.775+0300: 103.687: [GC (Allocation Failure) 2017-05-09T21:43:21.775+0300: 103.687: [DefNew: 150686K->150686K(157248K), 0.0000187 secs]2017-05-09T21:43:21.775+0300: 103.687: [Tenured: 317234K->309564K(349568K), 0.6332732 secs] 467921K->309564K(506816K), [Metaspace: 7510K->7510K(1056768K)], 0.6333811 secs] [Times: user=0.61 sys=0.00, real=0.63 secs] 
2017-05-09T21:43:24.613+0300: 106.526: [GC (Allocation Failure) 2017-05-09T21:43:24.613+0300: 106.526: [DefNew: 139776K->5455K(157248K), 0.0302607 secs] 449340K->315019K(506816K), 0.0303285 secs] [Times: user=0.03 sys=0.00, real=0.03 secs] 
2017-05-09T21:43:26.924+0300: 108.836: [GC (Allocation Failure) 2017-05-09T21:43:26.925+0300: 108.836: [DefNew: 145231K->10910K(157248K), 0.0335845 secs] 454795K->320474K(506816K), 0.0336622 secs] [Times: user=0.03 sys=0.00, real=0.03 secs] 
2017-05-09T21:43:29.158+0300: 111.070: [GC (Allocation Failure) 2017-05-09T21:43:29.158+0300: 111.070: [DefNew: 150686K->10910K(157248K), 0.0435214 secs] 460250K->325929K(506816K), 0.0435931 secs] [Times: user=0.05 sys=0.00, real=0.04 secs] 
2017-05-09T21:43:31.480+0300: 113.392: [GC (Allocation Failure) 2017-05-09T21:43:31.480+0300: 113.392: [DefNew: 150686K->10910K(157248K), 0.0662446 secs] 465705K->331385K(506816K), 0.0663311 secs] [Times: user=0.05 sys=0.00, real=0.07 secs] 
2017-05-09T21:43:33.911+0300: 115.827: [GC (Allocation Failure) 2017-05-09T21:43:33.911+0300: 115.827: [DefNew: 150686K->10911K(157248K), 0.0420866 secs] 471161K->336840K(506816K), 0.0421697 secs] [Times: user=0.05 sys=0.00, real=0.04 secs] 
2017-05-09T21:43:36.368+0300: 118.288: [GC (Allocation Failure) 2017-05-09T21:43:36.368+0300: 118.288: [DefNew: 150687K->150687K(157248K), 0.0000184 secs]2017-05-09T21:43:36.368+0300: 118.288: [Tenured: 325929K->342296K(349568K), 0.6197933 secs] 476616K->342296K(506816K), [Metaspace: 7510K->7510K(1056768K)], 0.6199081 secs] [Times: user=0.59 sys=0.00, real=0.62 secs] 
2017-05-09T21:43:39.831+0300: 121.743: [GC (Allocation Failure) 2017-05-09T21:43:39.831+0300: 121.743: [DefNew: 139776K->139776K(157248K), 0.0000184 secs]2017-05-09T21:43:39.831+0300: 121.743: [Tenured: 342296K->335089K(349568K), 0.8310365 secs] 482072K->335089K(506816K), [Metaspace: 7510K->7510K(1056768K)], 0.8311557 secs] [Times: user=0.80 sys=0.00, real=0.83 secs] 
2017-05-09T21:43:43.050+0300: 124.962: [GC (Allocation Failure) 2017-05-09T21:43:43.050+0300: 124.962: [DefNew: 139776K->139776K(157248K), 0.0000220 secs]2017-05-09T21:43:43.050+0300: 124.962: [Tenured: 335089K->340544K(349568K), 0.6492421 secs] 474865K->340544K(506816K), [Metaspace: 7510K->7510K(1056768K)], 0.6493851 secs] [Times: user=0.66 sys=0.00, real=0.65 secs] 
2017-05-09T21:43:46.209+0300: 128.121: [GC (Allocation Failure) 2017-05-09T21:43:46.209+0300: 128.121: [DefNew: 139776K->139776K(157248K), 0.0000205 secs]2017-05-09T21:43:46.209+0300: 128.121: [Tenured: 340544K->345999K(349568K), 0.6744669 secs] 480320K->345999K(506816K), [Metaspace: 7510K->7510K(1056768K)], 0.6745750 secs] [Times: user=0.69 sys=0.00, real=0.67 secs] 
2017-05-09T21:43:49.351+0300: 131.263: [GC (Allocation Failure) 2017-05-09T21:43:49.351+0300: 131.263: [DefNew: 139776K->139776K(157248K), 0.0000184 secs]2017-05-09T21:43:49.351+0300: 131.263: [Tenured: 345999K->349568K(349568K), 0.6787860 secs] 485775K->351455K(506816K), [Metaspace: 7510K->7510K(1056768K)], 0.6788980 secs] [Times: user=0.69 sys=0.00, real=0.68 secs] 
2017-05-09T21:43:52.620+0300: 134.532: [Full GC (Allocation Failure) 2017-05-09T21:43:52.620+0300: 134.532: [Tenured: 349568K->349567K(349568K), 0.6975666 secs] 506816K->357518K(506816K), [Metaspace: 7510K->7510K(1056768K)], 0.6976617 secs] [Times: user=0.69 sys=0.00, real=0.70 secs] 
2017-05-09T21:43:55.061+0300: 136.973: [Full GC (Allocation Failure) 2017-05-09T21:43:55.061+0300: 136.973: [Tenured: 349567K->349567K(349568K), 0.6851347 secs] 466543K->361724K(506816K), [Metaspace: 7510K->7510K(1056768K)], 0.6852266 secs] [Times: user=0.69 sys=0.00, real=0.68 secs] 
2017-05-09T21:43:56.494+0300: 138.407: [Full GC (Allocation Failure) 2017-05-09T21:43:56.495+0300: 138.407: [Tenured: 349567K->343802K(349568K), 0.7402384 secs] 506815K->399220K(506816K), [Metaspace: 7510K->7510K(1056768K)], 0.7403462 secs] [Times: user=0.73 sys=0.00, real=0.74 secs] 
2017-05-09T21:43:59.112+0300: 141.024: [Full GC (Allocation Failure) 2017-05-09T21:43:59.112+0300: 141.024: [Tenured: 349568K->349568K(349568K), 0.7014782 secs] 506816K->408960K(506816K), [Metaspace: 7510K->7510K(1056768K)], 0.7015758 secs] [Times: user=0.70 sys=0.00, real=0.70 secs] 
2017-05-09T21:44:01.486+0300: 143.398: [Full GC (Allocation Failure) 2017-05-09T21:44:01.486+0300: 143.398: [Tenured: 349568K->343934K(349568K), 0.8725777 secs] 506815K->407145K(506816K), [Metaspace: 7495K->7495K(1056768K)], 0.8726674 secs] [Times: user=0.88 sys=0.00, real=0.87 secs] 
2017-05-09T21:44:04.102+0300: 146.015: [Full GC (Allocation Failure) 2017-05-09T21:44:04.102+0300: 146.015: [Tenured: 349567K->349567K(349568K), 0.7189915 secs] 506815K->416449K(506816K), [Metaspace: 7495K->7495K(1056768K)], 0.7190722 secs] [Times: user=0.70 sys=0.00, real=0.72 secs] 
2017-05-09T21:44:06.380+0300: 148.292: [Full GC (Allocation Failure) 2017-05-09T21:44:06.380+0300: 148.292: [Tenured: 349567K->349567K(349568K), 0.7233458 secs] 506815K->419976K(506816K), [Metaspace: 7495K->7495K(1056768K)], 0.7234946 secs] [Times: user=0.73 sys=0.00, real=0.72 secs] 
2017-05-09T21:44:08.609+0300: 150.521: [Full GC (Allocation Failure) 2017-05-09T21:44:08.609+0300: 150.521: [Tenured: 349568K->349568K(349568K), 0.7275424 secs] 506815K->423366K(506816K), [Metaspace: 7495K->7495K(1056768K)], 0.7276436 secs] [Times: user=0.73 sys=0.00, real=0.73 secs] 
2017-05-09T21:44:10.796+0300: 152.708: [Full GC (Allocation Failure) 2017-05-09T21:44:10.796+0300: 152.708: [Tenured: 349568K->344153K(349568K), 0.7471473 secs] 506815K->421209K(506816K), [Metaspace: 7495K->7495K(1056768K)], 0.7472325 secs] [Times: user=0.74 sys=0.00, real=0.75 secs] 
2017-05-09T21:44:13.044+0300: 154.957: [Full GC (Allocation Failure) 2017-05-09T21:44:13.045+0300: 154.957: [Tenured: 349567K->349567K(349568K), 0.7425390 secs] 506815K->429742K(506816K), [Metaspace: 7495K->7495K(1056768K)], 0.7426218 secs] [Times: user=0.73 sys=0.00, real=0.74 secs] 
2017-05-09T21:44:15.104+0300: 157.017: [Full GC (Allocation Failure) 2017-05-09T21:44:15.104+0300: 157.017: [Tenured: 349567K->349567K(349568K), 0.7509595 secs] 506815K->432738K(506816K), [Metaspace: 7495K->7495K(1056768K)], 0.7510460 secs] [Times: user=0.75 sys=0.00, real=0.75 secs] 
2017-05-09T21:44:17.131+0300: 159.043: [Full GC (Allocation Failure) 2017-05-09T21:44:17.131+0300: 159.043: [Tenured: 349567K->349567K(349568K), 0.7468088 secs] 506815K->435617K(506816K), [Metaspace: 7495K->7495K(1056768K)], 0.7468898 secs] [Times: user=0.75 sys=0.00, real=0.75 secs] 
2017-05-09T21:44:19.124+0300: 161.036: [Full GC (Allocation Failure) 2017-05-09T21:44:19.124+0300: 161.036: [Tenured: 349567K->344364K(349568K), 0.7506665 secs] 506815K->433181K(506816K), [Metaspace: 7495K->7495K(1056768K)], 0.7507493 secs] [Times: user=0.75 sys=0.00, real=0.75 secs] 
2017-05-09T21:44:21.196+0300: 163.108: [Full GC (Allocation Failure) 2017-05-09T21:44:21.196+0300: 163.108: [Tenured: 349567K->349567K(349568K), 0.7782670 secs] 506815K->441044K(506816K), [Metaspace: 7495K->7495K(1056768K)], 0.7783549 secs] [Times: user=0.73 sys=0.00, real=0.78 secs] 
2017-05-09T21:44:23.224+0300: 165.136: [Full GC (Allocation Failure) 2017-05-09T21:44:23.224+0300: 165.136: [Tenured: 349567K->349567K(349568K), 0.7786157 secs] 506815K->443601K(506816K), [Metaspace: 7495K->7495K(1056768K)], 0.7787034 secs] [Times: user=0.78 sys=0.00, real=0.78 secs] 
2017-05-09T21:44:25.301+0300: 167.213: [Full GC (Allocation Failure) 2017-05-09T21:44:25.301+0300: 167.213: [Tenured: 349568K->349568K(349568K), 0.7951968 secs] 506815K->446058K(506816K), [Metaspace: 7495K->7495K(1056768K)], 0.7952830 secs] [Times: user=0.80 sys=0.00, real=0.79 secs] 
2017-05-09T21:44:27.374+0300: 169.286: [Full GC (Allocation Failure) 2017-05-09T21:44:27.374+0300: 169.286: [Tenured: 349568K->344566K(349568K), 0.7971159 secs] 506815K->443418K(506816K), [Metaspace: 7495K->7495K(1056768K)], 0.7972120 secs] [Times: user=0.80 sys=0.00, real=0.80 secs] 
2017-05-09T21:44:29.490+0300: 171.402: [Full GC (Allocation Failure) 2017-05-09T21:44:29.490+0300: 171.402: [Tenured: 349567K->349567K(349568K), 0.7912144 secs] 506815K->450689K(506816K), [Metaspace: 7495K->7495K(1056768K)], 0.7913048 secs] [Times: user=0.80 sys=0.00, real=0.79 secs] 
2017-05-09T21:44:31.305+0300: 173.217: [Full GC (Allocation Failure) 2017-05-09T21:44:31.305+0300: 173.217: [Tenured: 349567K->349567K(349568K), 0.7827584 secs] 506815K->452871K(506816K), [Metaspace: 7495K->7495K(1056768K)], 0.7828403 secs] [Times: user=0.78 sys=0.00, real=0.78 secs] 
2017-05-09T21:44:33.056+0300: 174.968: [Full GC (Allocation Failure) 2017-05-09T21:44:33.056+0300: 174.968: [Tenured: 349567K->349567K(349568K), 0.8112036 secs] 506815K->454968K(506816K), [Metaspace: 7495K->7495K(1056768K)], 0.8112888 secs] [Times: user=0.78 sys=0.00, real=0.81 secs] 
2017-05-09T21:44:34.906+0300: 176.819: [Full GC (Allocation Failure) 2017-05-09T21:44:34.906+0300: 176.819: [Tenured: 349567K->344761K(349568K), 0.8283133 secs] 506815K->452176K(506816K), [Metaspace: 7495K->7495K(1056768K)], 0.8284021 secs] [Times: user=0.83 sys=0.00, real=0.83 secs] 
2017-05-09T21:44:36.953+0300: 178.865: [Full GC (Allocation Failure) 2017-05-09T21:44:36.953+0300: 178.865: [Tenured: 349567K->349567K(349568K), 0.8086873 secs] 506815K->458920K(506816K), [Metaspace: 7495K->7495K(1056768K)], 0.8087656 secs] [Times: user=0.81 sys=0.00, real=0.81 secs] 
2017-05-09T21:44:38.765+0300: 180.677: [Full GC (Allocation Failure) 2017-05-09T21:44:38.765+0300: 180.677: [Tenured: 349567K->349567K(349568K), 0.8065185 secs] 506815K->460782K(506816K), [Metaspace: 7495K->7495K(1056768K)], 0.8066020 secs] [Times: user=0.81 sys=0.00, real=0.81 secs] 
2017-05-09T21:44:40.467+0300: 182.379: [Full GC (Allocation Failure) 2017-05-09T21:44:40.467+0300: 182.379: [Tenured: 349567K->349567K(349568K), 0.8226181 secs] 506815K->462571K(506816K), [Metaspace: 7495K->7495K(1056768K)], 0.8227139 secs] [Times: user=0.81 sys=0.00, real=0.82 secs] 
2017-05-09T21:44:42.097+0300: 184.009: [Full GC (Allocation Failure) 2017-05-09T21:44:42.097+0300: 184.010: [Tenured: 349567K->344947K(349568K), 0.8006649 secs] 506815K->459671K(506816K), [Metaspace: 7495K->7495K(1056768K)], 0.8007496 secs] [Times: user=0.80 sys=0.00, real=0.80 secs] 
2017-05-09T21:44:43.802+0300: 185.714: [Full GC (Allocation Failure) 2017-05-09T21:44:43.802+0300: 185.714: [Tenured: 349568K->349568K(349568K), 0.8023262 secs] 506816K->465944K(506816K), [Metaspace: 7495K->7495K(1056768K)], 0.8024087 secs] [Times: user=0.81 sys=0.00, real=0.80 secs] 
2017-05-09T21:44:45.378+0300: 187.290: [Full GC (Allocation Failure) 2017-05-09T21:44:45.378+0300: 187.290: [Tenured: 349568K->349568K(349568K), 0.8131766 secs] 506815K->467532K(506816K), [Metaspace: 7495K->7495K(1056768K)], 0.8132766 secs] [Times: user=0.81 sys=0.00, real=0.81 secs] 
2017-05-09T21:44:46.930+0300: 188.842: [Full GC (Allocation Failure) 2017-05-09T21:44:46.930+0300: 188.842: [Tenured: 349568K->349568K(349568K), 0.8120448 secs] 506815K->469059K(506816K), [Metaspace: 7495K->7495K(1056768K)], 0.8121366 secs] [Times: user=0.81 sys=0.00, real=0.81 secs] 
2017-05-09T21:44:48.468+0300: 190.380: [Full GC (Allocation Failure) 2017-05-09T21:44:48.468+0300: 190.380: [Tenured: 349568K->345127K(349568K), 0.8156399 secs] 506815K->466087K(506816K), [Metaspace: 7495K->7495K(1056768K)], 0.8157161 secs] [Times: user=0.81 sys=0.00, real=0.82 secs] 
2017-05-09T21:44:50.128+0300: 192.040: [Full GC (Allocation Failure) 2017-05-09T21:44:50.128+0300: 192.040: [Tenured: 349567K->349567K(349568K), 0.8241086 secs] 506815K->471937K(506816K), [Metaspace: 7495K->7495K(1056768K)], 0.8241962 secs] [Times: user=0.83 sys=0.00, real=0.82 secs] 
2017-05-09T21:44:51.706+0300: 193.619: [Full GC (Allocation Failure) 2017-05-09T21:44:51.706+0300: 193.619: [Tenured: 349567K->349567K(349568K), 0.8171976 secs] 506815K->473293K(506816K), [Metaspace: 7495K->7495K(1056768K)], 0.8172722 secs] [Times: user=0.83 sys=0.00, real=0.82 secs] 
2017-05-09T21:44:53.201+0300: 195.113: [Full GC (Allocation Failure) 2017-05-09T21:44:53.201+0300: 195.114: [Tenured: 349567K->349567K(349568K), 0.8311597 secs] 506815K->474596K(506816K), [Metaspace: 7495K->7495K(1056768K)], 0.8312479 secs] [Times: user=0.83 sys=0.00, real=0.83 secs] 
2017-05-09T21:44:54.659+0300: 196.572: [Full GC (Allocation Failure) 2017-05-09T21:44:54.659+0300: 196.572: [Tenured: 349567K->345300K(349568K), 0.8113542 secs] 506815K->471581K(506816K), [Metaspace: 7495K->7495K(1056768K)], 0.8114349 secs] [Times: user=0.81 sys=0.00, real=0.81 secs] 
2017-05-09T21:44:56.188+0300: 198.100: [Full GC (Allocation Failure) 2017-05-09T21:44:56.188+0300: 198.100: [Tenured: 349568K->349568K(349568K), 0.8157378 secs] 506815K->477052K(506816K), [Metaspace: 7495K->7495K(1056768K)], 0.8158745 secs] [Times: user=0.81 sys=0.00, real=0.82 secs] 
2017-05-09T21:44:57.612+0300: 199.524: [Full GC (Allocation Failure) 2017-05-09T21:44:57.612+0300: 199.524: [Tenured: 349568K->349568K(349568K), 0.8261680 secs] 506815K->478209K(506816K), [Metaspace: 7495K->7495K(1056768K)], 0.8262547 secs] [Times: user=0.81 sys=0.00, real=0.83 secs] 
2017-05-09T21:44:59.017+0300: 200.929: [Full GC (Allocation Failure) 2017-05-09T21:44:59.017+0300: 200.929: [Tenured: 349568K->349568K(349568K), 0.8186236 secs] 506815K->479321K(506816K), [Metaspace: 7495K->7495K(1056768K)], 0.8187658 secs] [Times: user=0.81 sys=0.00, real=0.82 secs] 
2017-05-09T21:45:00.397+0300: 202.309: [Full GC (Allocation Failure) 2017-05-09T21:45:00.397+0300: 202.309: [Tenured: 349568K->345466K(349568K), 0.8196678 secs] 506815K->476288K(506816K), [Metaspace: 7495K->7495K(1056768K)], 0.8197545 secs] [Times: user=0.83 sys=0.00, real=0.82 secs] 
2017-05-09T21:45:01.896+0300: 203.808: [Full GC (Allocation Failure) 2017-05-09T21:45:01.896+0300: 203.808: [Tenured: 349567K->349567K(349568K), 0.8470041 secs] 506815K->481417K(506816K), [Metaspace: 7495K->7495K(1056768K)], 0.8470981 secs] [Times: user=0.84 sys=0.00, real=0.85 secs] 
2017-05-09T21:45:03.370+0300: 205.282: [Full GC (Allocation Failure) 2017-05-09T21:45:03.370+0300: 205.282: [Tenured: 349567K->349567K(349568K), 0.8754174 secs] 506815K->482404K(506816K), [Metaspace: 7495K->7495K(1056768K)], 0.8755075 secs] [Times: user=0.88 sys=0.00, real=0.88 secs] 
2017-05-09T21:45:04.777+0300: 206.690: [Full GC (Allocation Failure) 2017-05-09T21:45:04.777+0300: 206.690: [Tenured: 349567K->349567K(349568K), 0.8693994 secs] 506815K->483353K(506816K), [Metaspace: 7495K->7495K(1056768K)], 0.8694786 secs] [Times: user=0.84 sys=0.00, real=0.87 secs] 
2017-05-09T21:45:06.204+0300: 208.116: [Full GC (Allocation Failure) 2017-05-09T21:45:06.204+0300: 208.116: [Tenured: 349568K->345625K(349568K), 0.8523996 secs] 506816K->480322K(506816K), [Metaspace: 7495K->7495K(1056768K)], 0.8525870 secs] [Times: user=0.84 sys=0.00, real=0.85 secs] 
2017-05-09T21:45:07.723+0300: 209.635: [Full GC (Allocation Failure) 2017-05-09T21:45:07.723+0300: 209.635: [Tenured: 349567K->349567K(349568K), 0.8493909 secs] 506815K->485141K(506816K), [Metaspace: 7495K->7495K(1056768K)], 0.8494764 secs] [Times: user=0.84 sys=0.00, real=0.85 secs] 
2017-05-09T21:45:09.030+0300: 210.942: [Full GC (Allocation Failure) 2017-05-09T21:45:09.030+0300: 210.942: [Tenured: 349568K->349568K(349568K), 0.8227503 secs] 506815K->485984K(506816K), [Metaspace: 7495K->7495K(1056768K)], 0.8228693 secs] [Times: user=0.83 sys=0.00, real=0.82 secs] 
2017-05-09T21:45:10.289+0300: 212.202: [Full GC (Allocation Failure) 2017-05-09T21:45:10.290+0300: 212.202: [Tenured: 349568K->349568K(349568K), 0.8273348 secs] 506815K->486794K(506816K), [Metaspace: 7495K->7495K(1056768K)], 0.8274137 secs] [Times: user=0.80 sys=0.00, real=0.83 secs] 
2017-05-09T21:45:11.541+0300: 213.453: [Full GC (Allocation Failure) 2017-05-09T21:45:11.541+0300: 213.453: [Tenured: 349568K->345778K(349568K), 0.8216417 secs] 506815K->483783K(506816K), [Metaspace: 7495K->7495K(1056768K)], 0.8217248 secs] [Times: user=0.81 sys=0.00, real=0.82 secs] 
2017-05-09T21:45:12.867+0300: 214.779: [Full GC (Allocation Failure) 2017-05-09T21:45:12.867+0300: 214.779: [Tenured: 349567K->349567K(349568K), 0.8303923 secs] 506815K->488320K(506816K), [Metaspace: 7495K->7495K(1056768K)], 0.8304799 secs] [Times: user=0.84 sys=0.00, real=0.83 secs] 
2017-05-09T21:45:14.093+0300: 216.005: [Full GC (Allocation Failure) 2017-05-09T21:45:14.093+0300: 216.005: [Tenured: 349567K->349567K(349568K), 0.8206692 secs] 506815K->489039K(506816K), [Metaspace: 7495K->7495K(1056768K)], 0.8207511 secs] [Times: user=0.81 sys=0.00, real=0.82 secs] 
2017-05-09T21:45:15.304+0300: 217.216: [Full GC (Allocation Failure) 2017-05-09T21:45:15.304+0300: 217.216: [Tenured: 349568K->349568K(349568K), 0.8293885 secs] 506816K->489730K(506816K), [Metaspace: 7495K->7495K(1056768K)], 0.8295183 secs] [Times: user=0.84 sys=0.00, real=0.83 secs] 
2017-05-09T21:45:16.509+0300: 218.421: [Full GC (Allocation Failure) 2017-05-09T21:45:16.509+0300: 218.421: [Tenured: 349568K->345926K(349568K), 0.8414481 secs] 506815K->486752K(506816K), [Metaspace: 7495K->7495K(1056768K)], 0.8415267 secs] [Times: user=0.83 sys=0.00, real=0.84 secs] 
2017-05-09T21:45:17.827+0300: 219.740: [Full GC (Allocation Failure) 2017-05-09T21:45:17.827+0300: 219.740: [Tenured: 349567K->349567K(349568K), 0.8342090 secs] 506815K->491032K(506816K), [Metaspace: 7495K->7495K(1056768K)], 0.8343000 secs] [Times: user=0.83 sys=0.00, real=0.84 secs] 
2017-05-09T21:45:19.020+0300: 220.932: [Full GC (Allocation Failure) 2017-05-09T21:45:19.020+0300: 220.932: [Tenured: 349567K->349567K(349568K), 0.8840424 secs] 506815K->491646K(506816K), [Metaspace: 7495K->7495K(1056768K)], 0.8841445 secs] [Times: user=0.89 sys=0.00, real=0.88 secs] 
2017-05-09T21:45:20.407+0300: 222.320: [Full GC (Allocation Failure) 2017-05-09T21:45:20.407+0300: 222.320: [Tenured: 349567K->349567K(349568K), 0.8787090 secs] 506815K->492235K(506816K), [Metaspace: 7495K->7495K(1056768K)], 0.8788068 secs] [Times: user=0.88 sys=0.00, real=0.88 secs] 
2017-05-09T21:45:21.651+0300: 223.563: [Full GC (Allocation Failure) 2017-05-09T21:45:21.651+0300: 223.563: [Tenured: 349567K->346067K(349568K), 0.8711694 secs] 506815K->489302K(506816K), [Metaspace: 7495K->7495K(1056768K)], 0.8712642 secs] [Times: user=0.86 sys=0.00, real=0.87 secs] 
2017-05-09T21:45:23.064+0300: 224.976: [Full GC (Allocation Failure) 2017-05-09T21:45:23.064+0300: 224.976: [Tenured: 349567K->349567K(349568K), 0.8738968 secs] 506815K->493347K(506816K), [Metaspace: 7495K->7495K(1056768K)], 0.8739893 secs] [Times: user=0.86 sys=0.00, real=0.87 secs] 
2017-05-09T21:45:24.262+0300: 226.174: [Full GC (Allocation Failure) 2017-05-09T21:45:24.262+0300: 226.175: [Tenured: 349567K->349567K(349568K), 0.8344328 secs] 506815K->493870K(506816K), [Metaspace: 7495K->7495K(1056768K)], 0.8345156 secs] [Times: user=0.83 sys=0.00, real=0.83 secs] 
2017-05-09T21:45:25.388+0300: 227.300: [Full GC (Allocation Failure) 2017-05-09T21:45:25.388+0300: 227.300: [Tenured: 349567K->349567K(349568K), 0.8579548 secs] 506815K->494374K(506816K), [Metaspace: 7495K->7495K(1056768K)], 0.8580427 secs] [Times: user=0.86 sys=0.00, real=0.86 secs] 
2017-05-09T21:45:26.609+0300: 228.522: [Full GC (Allocation Failure) 2017-05-09T21:45:26.609+0300: 228.522: [Tenured: 349567K->346203K(349568K), 0.8804160 secs] 506815K->491493K(506816K), [Metaspace: 7495K->7495K(1056768K)], 0.8805061 secs] [Times: user=0.86 sys=0.00, real=0.88 secs] 
2017-05-09T21:45:27.911+0300: 229.823: [Full GC (Allocation Failure) 2017-05-09T21:45:27.911+0300: 229.823: [Tenured: 349567K->349567K(349568K), 0.8778464 secs] 506815K->495322K(506816K), [Metaspace: 7495K->7495K(1056768K)], 0.8779455 secs] [Times: user=0.86 sys=0.00, real=0.88 secs] 
2017-05-09T21:45:29.073+0300: 230.985: [Full GC (Allocation Failure) 2017-05-09T21:45:29.073+0300: 230.985: [Tenured: 349568K->349568K(349568K), 0.8900918 secs] 506815K->495769K(506816K), [Metaspace: 7495K->7495K(1056768K)], 0.8901710 secs] [Times: user=0.89 sys=0.00, real=0.89 secs] 
2017-05-09T21:45:30.247+0300: 232.159: [Full GC (Allocation Failure) 2017-05-09T21:45:30.247+0300: 232.159: [Tenured: 349568K->349568K(349568K), 0.8787102 secs] 506815K->496198K(506816K), [Metaspace: 7495K->7495K(1056768K)], 0.8788095 secs] [Times: user=0.88 sys=0.00, real=0.88 secs] 
2017-05-09T21:45:31.387+0300: 233.299: [Full GC (Allocation Failure) 2017-05-09T21:45:31.387+0300: 233.299: [Tenured: 349568K->346334K(349568K), 0.8952271 secs] 506815K->493377K(506816K), [Metaspace: 7495K->7495K(1056768K)], 0.8953121 secs] [Times: user=0.89 sys=0.00, real=0.90 secs] 
2017-05-09T21:45:32.622+0300: 234.534: [Full GC (Allocation Failure) 2017-05-09T21:45:32.622+0300: 234.534: [Tenured: 349568K->349568K(349568K), 0.8898114 secs] 506815K->497007K(506816K), [Metaspace: 7495K->7495K(1056768K)], 0.8898982 secs] [Times: user=0.89 sys=0.00, real=0.89 secs] 
2017-05-09T21:45:33.746+0300: 235.658: [Full GC (Allocation Failure) 2017-05-09T21:45:33.746+0300: 235.658: [Tenured: 349568K->349568K(349568K), 0.8819098 secs] 506815K->497389K(506816K), [Metaspace: 7495K->7495K(1056768K)], 0.8819948 secs] [Times: user=0.88 sys=0.00, real=0.88 secs] 
2017-05-09T21:45:34.867+0300: 236.779: [Full GC (Allocation Failure) 2017-05-09T21:45:34.867+0300: 236.779: [Tenured: 349568K->349568K(349568K), 0.8908526 secs] 506815K->497755K(506816K), [Metaspace: 7495K->7495K(1056768K)], 0.8909532 secs] [Times: user=0.89 sys=0.00, real=0.89 secs] 
2017-05-09T21:45:35.986+0300: 237.899: [Full GC (Allocation Failure) 2017-05-09T21:45:35.986+0300: 237.899: [Tenured: 349568K->346460K(349568K), 0.8708818 secs] 506815K->494999K(506816K), [Metaspace: 7495K->7495K(1056768K)], 0.8709673 secs] [Times: user=0.88 sys=0.00, real=0.87 secs] 
2017-05-09T21:45:37.148+0300: 239.061: [Full GC (Allocation Failure) 2017-05-09T21:45:37.148+0300: 239.061: [Tenured: 349567K->349567K(349568K), 0.8523825 secs] 506815K->498446K(506816K), [Metaspace: 7495K->7495K(1056768K)], 0.8524816 secs] [Times: user=0.86 sys=0.00, real=0.85 secs] 
2017-05-09T21:45:38.192+0300: 240.104: [Full GC (Allocation Failure) 2017-05-09T21:45:38.192+0300: 240.104: [Tenured: 349567K->349567K(349568K), 0.8592408 secs] 506815K->498771K(506816K), [Metaspace: 7495K->7495K(1056768K)], 0.8593224 secs] [Times: user=0.86 sys=0.00, real=0.86 secs] 
2017-05-09T21:45:39.233+0300: 241.145: [Full GC (Allocation Failure) 2017-05-09T21:45:39.233+0300: 241.145: [Tenured: 349567K->349567K(349568K), 0.8601293 secs] 506815K->499084K(506816K), [Metaspace: 7495K->7495K(1056768K)], 0.8602091 secs] [Times: user=0.86 sys=0.00, real=0.86 secs] 
2017-05-09T21:45:40.274+0300: 242.186: [Full GC (Allocation Failure) 2017-05-09T21:45:40.274+0300: 242.186: [Tenured: 349567K->346580K(349568K), 0.8661082 secs] 506815K->496397K(506816K), [Metaspace: 7495K->7495K(1056768K)], 0.8661943 secs] [Times: user=0.84 sys=0.00, real=0.87 secs] 
2017-05-09T21:45:41.378+0300: 243.290: [Full GC (Allocation Failure) 2017-05-09T21:45:41.378+0300: 243.290: [Tenured: 349567K->349567K(349568K), 0.8601955 secs] 506815K->499673K(506816K), [Metaspace: 7495K->7495K(1056768K)], 0.8602810 secs] [Times: user=0.86 sys=0.00, real=0.86 secs] 
2017-05-09T21:45:42.398+0300: 244.310: [Full GC (Allocation Failure) 2017-05-09T21:45:42.398+0300: 244.310: [Tenured: 349567K->349567K(349568K), 0.8519352 secs] 506815K->499951K(506816K), [Metaspace: 7495K->7495K(1056768K)], 0.8520138 secs] [Times: user=0.86 sys=0.00, real=0.85 secs] 
2017-05-09T21:45:43.406+0300: 245.318: [Full GC (Allocation Failure) 2017-05-09T21:45:43.406+0300: 245.318: [Tenured: 349567K->349567K(349568K), 0.8541666 secs] 506815K->500218K(506816K), [Metaspace: 7495K->7495K(1056768K)], 0.8542482 secs] [Times: user=0.86 sys=0.00, real=0.85 secs] 
2017-05-09T21:45:44.405+0300: 246.317: [Full GC (Allocation Failure) 2017-05-09T21:45:44.405+0300: 246.317: [Tenured: 349567K->346697K(349568K), 0.8581063 secs] 506815K->497603K(506816K), [Metaspace: 7495K->7495K(1056768K)], 0.8581906 secs] [Times: user=0.86 sys=0.00, real=0.86 secs] 
2017-05-09T21:45:45.479+0300: 247.391: [Full GC (Allocation Failure) 2017-05-09T21:45:45.479+0300: 247.391: [Tenured: 349567K->349567K(349568K), 0.8549129 secs] 506815K->500721K(506816K), [Metaspace: 7495K->7495K(1056768K)], 0.8550003 secs] [Times: user=0.84 sys=0.00, real=0.86 secs] 
2017-05-09T21:45:46.475+0300: 248.388: [Full GC (Allocation Failure) 2017-05-09T21:45:46.475+0300: 248.388: [Tenured: 349567K->349567K(349568K), 0.8617288 secs] 506815K->500958K(506816K), [Metaspace: 7495K->7495K(1056768K)], 0.8618077 secs] [Times: user=0.86 sys=0.00, real=0.86 secs] 
2017-05-09T21:45:47.466+0300: 249.378: [Full GC (Allocation Failure) 2017-05-09T21:45:47.466+0300: 249.378: [Tenured: 349567K->349567K(349568K), 0.8589622 secs] 506815K->501185K(506816K), [Metaspace: 7495K->7495K(1056768K)], 0.8590565 secs] [Times: user=0.86 sys=0.00, real=0.86 secs] 
2017-05-09T21:45:48.454+0300: 250.367: [Full GC (Allocation Failure) 2017-05-09T21:45:48.454+0300: 250.367: [Tenured: 349567K->346808K(349568K), 0.8546283 secs] 506815K->498645K(506816K), [Metaspace: 7495K->7495K(1056768K)], 0.8547337 secs] [Times: user=0.86 sys=0.00, real=0.86 secs] 
2017-05-09T21:45:49.494+0300: 251.407: [Full GC (Allocation Failure) 2017-05-09T21:45:49.494+0300: 251.407: [Tenured: 349567K->349567K(349568K), 0.8593944 secs] 506815K->501614K(506816K), [Metaspace: 7495K->7495K(1056768K)], 0.8594859 secs] [Times: user=0.84 sys=0.00, real=0.86 secs] 
2017-05-09T21:45:50.469+0300: 252.381: [Full GC (Allocation Failure) 2017-05-09T21:45:50.469+0300: 252.381: [Tenured: 349567K->349567K(349568K), 0.8584496 secs] 506815K->501817K(506816K), [Metaspace: 7495K->7495K(1056768K)], 0.8585318 secs] [Times: user=0.86 sys=0.00, real=0.86 secs] 
2017-05-09T21:45:51.450+0300: 253.362: [Full GC (Allocation Failure) 2017-05-09T21:45:51.450+0300: 253.362: [Tenured: 349567K->349567K(349568K), 0.8991508 secs] 506815K->502011K(506816K), [Metaspace: 7495K->7495K(1056768K)], 0.8992448 secs] [Times: user=0.88 sys=0.00, real=0.90 secs] 
2017-05-09T21:45:52.460+0300: 254.372: [Full GC (Allocation Failure) 2017-05-09T21:45:52.460+0300: 254.372: [Tenured: 349567K->346915K(349568K), 0.8711230 secs] 506815K->499546K(506816K), [Metaspace: 7495K->7495K(1056768K)], 0.8712603 secs] [Times: user=0.86 sys=0.00, real=0.87 secs] 
2017-05-09T21:45:53.502+0300: 255.414: [Full GC (Allocation Failure) 2017-05-09T21:45:53.502+0300: 255.414: [Tenured: 349567K->349567K(349568K), 0.8595480 secs] 506815K->502377K(506816K), [Metaspace: 7495K->7495K(1056768K)], 0.8596555 secs] [Times: user=0.86 sys=0.00, real=0.86 secs] 
2017-05-09T21:45:54.466+0300: 256.378: [Full GC (Allocation Failure) 2017-05-09T21:45:54.466+0300: 256.378: [Tenured: 349567K->349567K(349568K), 0.8631211 secs] 506815K->502550K(506816K), [Metaspace: 7495K->7495K(1056768K)], 0.8632100 secs] [Times: user=0.86 sys=0.00, real=0.86 secs] 
2017-05-09T21:45:55.424+0300: 257.336: [Full GC (Allocation Failure) 2017-05-09T21:45:55.424+0300: 257.336: [Tenured: 349567K->349567K(349568K), 0.8605563 secs] 506815K->502716K(506816K), [Metaspace: 7495K->7495K(1056768K)], 0.8606370 secs] [Times: user=0.86 sys=0.00, real=0.86 secs] 
2017-05-09T21:45:56.380+0300: 258.293: [Full GC (Allocation Failure) 2017-05-09T21:45:56.380+0300: 258.293: [Tenured: 349567K->347018K(349568K), 0.8590706 secs] 506815K->500326K(506816K), [Metaspace: 7495K->7495K(1056768K)], 0.8591534 secs] [Times: user=0.86 sys=0.00, real=0.86 secs] 
2017-05-09T21:45:57.387+0300: 259.299: [Full GC (Allocation Failure) 2017-05-09T21:45:57.387+0300: 259.299: [Tenured: 349568K->349568K(349568K), 0.8596483 secs] 506815K->503028K(506816K), [Metaspace: 7495K->7495K(1056768K)], 0.8597296 secs] [Times: user=0.86 sys=0.00, real=0.86 secs] 
2017-05-09T21:45:58.335+0300: 260.247: [Full GC (Allocation Failure) 2017-05-09T21:45:58.335+0300: 260.247: [Tenured: 349568K->349568K(349568K), 0.8605762 secs] 506815K->503175K(506816K), [Metaspace: 7495K->7495K(1056768K)], 0.8606768 secs] [Times: user=0.88 sys=0.00, real=0.86 secs] 
2017-05-09T21:45:59.277+0300: 261.189: [Full GC (Allocation Failure) 2017-05-09T21:45:59.277+0300: 261.189: [Tenured: 349568K->349568K(349568K), 0.8597980 secs] 506815K->503317K(506816K), [Metaspace: 7495K->7495K(1056768K)], 0.8598952 secs] [Times: user=0.86 sys=0.00, real=0.86 secs] 
2017-05-09T21:46:00.216+0300: 262.128: [Full GC (Allocation Failure) 2017-05-09T21:46:00.216+0300: 262.128: [Tenured: 349568K->347118K(349568K), 0.8582415 secs] 506815K->501003K(506816K), [Metaspace: 7495K->7495K(1056768K)], 0.8583288 secs] [Times: user=0.86 sys=0.00, real=0.86 secs] 
2017-05-09T21:46:01.207+0300: 263.119: [Full GC (Allocation Failure) 2017-05-09T21:46:01.207+0300: 263.119: [Tenured: 349567K->349567K(349568K), 0.8591983 secs] 506815K->503583K(506816K), [Metaspace: 7495K->7495K(1056768K)], 0.8592842 secs] [Times: user=0.86 sys=0.00, real=0.86 secs] 
2017-05-09T21:46:02.140+0300: 264.053: [Full GC (Allocation Failure) 2017-05-09T21:46:02.140+0300: 264.053: [Tenured: 349567K->349567K(349568K), 0.8685642 secs] 506815K->503709K(506816K), [Metaspace: 7495K->7495K(1056768K)], 0.8686410 secs] [Times: user=0.88 sys=0.00, real=0.87 secs] 
2017-05-09T21:46:03.080+0300: 264.992: [Full GC (Allocation Failure) 2017-05-09T21:46:03.080+0300: 264.992: [Tenured: 349567K->349567K(349568K), 0.8603572 secs] 506815K->503830K(506816K), [Metaspace: 7495K->7495K(1056768K)], 0.8604428 secs] [Times: user=0.86 sys=0.00, real=0.86 secs] 
2017-05-09T21:46:04.008+0300: 265.920: [Full GC (Allocation Failure) 2017-05-09T21:46:04.008+0300: 265.920: [Tenured: 349567K->347213K(349568K), 0.8625919 secs] 506815K->501591K(506816K), [Metaspace: 7495K->7495K(1056768K)], 0.8626946 secs] [Times: user=0.86 sys=0.00, real=0.86 secs] 
2017-05-09T21:46:04.994+0300: 266.906: [Full GC (Allocation Failure) 2017-05-09T21:46:04.994+0300: 266.906: [Tenured: 349567K->349567K(349568K), 0.8642114 secs] 506815K->504057K(506816K), [Metaspace: 7495K->7495K(1056768K)], 0.8642954 secs] [Times: user=0.86 sys=0.00, real=0.86 secs] 
2017-05-09T21:46:05.922+0300: 267.834: [Full GC (Allocation Failure) 2017-05-09T21:46:05.922+0300: 267.834: [Tenured: 349567K->349567K(349568K), 0.8650814 secs] 506815K->504165K(506816K), [Metaspace: 7495K->7495K(1056768K)], 0.8651721 secs] [Times: user=0.86 sys=0.00, real=0.87 secs] 
2017-05-09T21:46:06.850+0300: 268.762: [Full GC (Allocation Failure) 2017-05-09T21:46:06.850+0300: 268.762: [Tenured: 349567K->349567K(349568K), 0.8634819 secs] 506815K->504268K(506816K), [Metaspace: 7495K->7495K(1056768K)], 0.8635650 secs] [Times: user=0.88 sys=0.00, real=0.86 secs] 
2017-05-09T21:46:07.770+0300: 269.682: [Full GC (Allocation Failure) 2017-05-09T21:46:07.770+0300: 269.682: [Tenured: 349567K->347304K(349568K), 0.8710528 secs] 506815K->502103K(506816K), [Metaspace: 7495K->7495K(1056768K)], 0.8711655 secs] [Times: user=0.88 sys=0.00, real=0.87 secs] 
2017-05-09T21:46:08.747+0300: 270.659: [Full GC (Allocation Failure) 2017-05-09T21:46:08.747+0300: 270.659: [Tenured: 349567K->349567K(349568K), 0.8558544 secs] 506815K->504462K(506816K), [Metaspace: 7495K->7495K(1056768K)], 0.8559408 secs] [Times: user=0.86 sys=0.00, real=0.86 secs] 
2017-05-09T21:46:09.659+0300: 271.571: [Full GC (Allocation Failure) 2017-05-09T21:46:09.659+0300: 271.571: [Tenured: 349567K->349567K(349568K), 0.8597453 secs] 506815K->504553K(506816K), [Metaspace: 7495K->7495K(1056768K)], 0.8598251 secs] [Times: user=0.86 sys=0.00, real=0.86 secs] 
2017-05-09T21:46:10.572+0300: 272.485: [Full GC (Allocation Failure) 2017-05-09T21:46:10.572+0300: 272.485: [Tenured: 349567K->349567K(349568K), 0.8609894 secs] 506815K->504641K(506816K), [Metaspace: 7495K->7495K(1056768K)], 0.8610671 secs] [Times: user=0.84 sys=0.00, real=0.86 secs] 
2017-05-09T21:46:11.483+0300: 273.395: [Full GC (Allocation Failure) 2017-05-09T21:46:11.483+0300: 273.396: [Tenured: 349567K->347392K(349568K), 0.8648378 secs] 506815K->502551K(506816K), [Metaspace: 7495K->7495K(1056768K)], 0.8649300 secs] [Times: user=0.86 sys=0.00, real=0.87 secs] 
2017-05-09T21:46:12.447+0300: 274.359: [Full GC (Allocation Failure) 2017-05-09T21:46:12.447+0300: 274.359: [Tenured: 349568K->349568K(349568K), 0.8642433 secs] 506815K->504807K(506816K), [Metaspace: 7495K->7495K(1056768K)], 0.8643424 secs] [Times: user=0.84 sys=0.00, real=0.86 secs] 
2017-05-09T21:46:13.357+0300: 275.269: [Full GC (Allocation Failure) 2017-05-09T21:46:13.357+0300: 275.269: [Tenured: 349568K->349568K(349568K), 0.8659699 secs] 506815K->504885K(506816K), [Metaspace: 7495K->7495K(1056768K)], 0.8660545 secs] [Times: user=0.86 sys=0.00, real=0.87 secs] 
2017-05-09T21:46:14.271+0300: 276.183: [Full GC (Allocation Failure) 2017-05-09T21:46:14.271+0300: 276.183: [Tenured: 349568K->349568K(349568K), 0.8620098 secs] 506815K->504960K(506816K), [Metaspace: 7495K->7495K(1056768K)], 0.8620995 secs] [Times: user=0.88 sys=0.00, real=0.86 secs] 
2017-05-09T21:46:15.175+0300: 277.087: [Full GC (Allocation Failure) 2017-05-09T21:46:15.175+0300: 277.087: [Tenured: 349568K->347477K(349568K), 0.8668135 secs] 506815K->502942K(506816K), [Metaspace: 7495K->7495K(1056768K)], 0.8669228 secs] [Times: user=0.86 sys=0.00, real=0.87 secs] 
2017-05-09T21:46:16.133+0300: 278.045: [Full GC (Allocation Failure) 2017-05-09T21:46:16.133+0300: 278.046: [Tenured: 349567K->349567K(349568K), 0.8657678 secs] 506815K->505102K(506816K), [Metaspace: 7495K->7495K(1056768K)], 0.8658516 secs] [Times: user=0.86 sys=0.00, real=0.87 secs] 
2017-05-09T21:46:17.041+0300: 278.953: [Full GC (Allocation Failure) 2017-05-09T21:46:17.041+0300: 278.954: [Tenured: 349567K->349567K(349568K), 0.8632235 secs] 506815K->505168K(506816K), [Metaspace: 7495K->7495K(1056768K)], 0.8633039 secs] [Times: user=0.86 sys=0.00, real=0.86 secs] 
2017-05-09T21:46:17.943+0300: 279.855: [Full GC (Allocation Failure) 2017-05-09T21:46:17.943+0300: 279.855: [Tenured: 349567K->349567K(349568K), 0.8631196 secs] 506815K->505232K(506816K), [Metaspace: 7495K->7495K(1056768K)], 0.8632253 secs] [Times: user=0.88 sys=0.00, real=0.86 secs] 
2017-05-09T21:46:18.843+0300: 280.755: [Full GC (Allocation Failure) 2017-05-09T21:46:18.843+0300: 280.755: [Tenured: 349567K->347558K(349568K), 0.8642930 secs] 506815K->503284K(506816K), [Metaspace: 7495K->7495K(1056768K)], 0.8643734 secs] [Times: user=0.84 sys=0.00, real=0.86 secs] 
2017-05-09T21:46:19.788+0300: 281.701: [Full GC (Allocation Failure) 2017-05-09T21:46:19.789+0300: 281.701: [Tenured: 349567K->349567K(349568K), 0.8689395 secs] 506815K->505353K(506816K), [Metaspace: 7495K->7495K(1056768K)], 0.8690217 secs] [Times: user=0.84 sys=0.00, real=0.87 secs] 
2017-05-09T21:46:20.690+0300: 282.602: [Full GC (Allocation Failure) 2017-05-09T21:46:20.690+0300: 282.602: [Tenured: 349567K->349567K(349568K), 0.8681335 secs] 506815K->505410K(506816K), [Metaspace: 7495K->7495K(1056768K)], 0.8682137 secs] [Times: user=0.88 sys=0.00, real=0.87 secs] 
2017-05-09T21:46:21.589+0300: 283.501: [Full GC (Allocation Failure) 2017-05-09T21:46:21.589+0300: 283.501: [Tenured: 349567K->349567K(349568K), 0.8706071 secs] 506815K->505464K(506816K), [Metaspace: 7495K->7495K(1056768K)], 0.8706995 secs] [Times: user=0.86 sys=0.00, real=0.87 secs] 
2017-05-09T21:46:22.492+0300: 284.404: [Full GC (Allocation Failure) 2017-05-09T21:46:22.492+0300: 284.404: [Tenured: 349567K->347636K(349568K), 0.8694479 secs] 506815K->503586K(506816K), [Metaspace: 7495K->7495K(1056768K)], 0.8695391 secs] [Times: user=0.88 sys=0.00, real=0.87 secs] 
2017-05-09T21:46:23.436+0300: 285.348: [Full GC (Allocation Failure) 2017-05-09T21:46:23.436+0300: 285.348: [Tenured: 349567K->349567K(349568K), 0.8664720 secs] 506815K->505567K(506816K), [Metaspace: 7495K->7495K(1056768K)], 0.8665665 secs] [Times: user=0.86 sys=0.00, real=0.87 secs] 
2017-05-09T21:46:24.334+0300: 286.246: [Full GC (Allocation Failure) 2017-05-09T21:46:24.334+0300: 286.246: [Tenured: 349567K->349567K(349568K), 0.8625474 secs] 506815K->505616K(506816K), [Metaspace: 7495K->7495K(1056768K)], 0.8626296 secs] [Times: user=0.88 sys=0.00, real=0.86 secs] 
2017-05-09T21:46:25.224+0300: 287.136: [Full GC (Allocation Failure) 2017-05-09T21:46:25.224+0300: 287.136: [Tenured: 349567K->349567K(349568K), 0.8663503 secs] 506815K->505663K(506816K), [Metaspace: 7495K->7495K(1056768K)], 0.8664732 secs] [Times: user=0.88 sys=0.00, real=0.87 secs] 
2017-05-09T21:46:26.120+0300: 288.032: [Full GC (Allocation Failure) 2017-05-09T21:46:26.120+0300: 288.032: [Tenured: 349567K->347711K(349568K), 0.8699933 secs] 506815K->503851K(506816K), [Metaspace: 7495K->7495K(1056768K)], 0.8700707 secs] [Times: user=0.86 sys=0.00, real=0.87 secs] 
2017-05-09T21:46:27.061+0300: 288.974: [Full GC (Allocation Failure) 2017-05-09T21:46:27.061+0300: 288.974: [Tenured: 349567K->349567K(349568K), 0.8840554 secs] 506815K->505750K(506816K), [Metaspace: 7495K->7495K(1056768K)], 0.8841445 secs] [Times: user=0.88 sys=0.02, real=0.88 secs] 
2017-05-09T21:46:27.972+0300: 289.884: [Full GC (Allocation Failure) 2017-05-09T21:46:27.972+0300: 289.884: [Tenured: 349567K->349567K(349568K), 0.8906586 secs] 506815K->505792K(506816K), [Metaspace: 7495K->7495K(1056768K)], 0.8907547 secs] [Times: user=0.89 sys=0.00, real=0.89 secs] 
2017-05-09T21:46:28.889+0300: 290.801: [Full GC (Allocation Failure) 2017-05-09T21:46:28.889+0300: 290.801: [Tenured: 349568K->349568K(349568K), 0.8762472 secs] 506815K->505832K(506816K), [Metaspace: 7495K->7495K(1056768K)], 0.8763339 secs] [Times: user=0.86 sys=0.00, real=0.88 secs] 
2017-05-09T21:46:29.790+0300: 291.702: [Full GC (Allocation Failure) 2017-05-09T21:46:29.790+0300: 291.702: [Tenured: 349568K->347783K(349568K), 0.8638120 secs] 506815K->504086K(506816K), [Metaspace: 7495K->7495K(1056768K)], 0.8639012 secs] [Times: user=0.86 sys=0.00, real=0.86 secs] 
2017-05-09T21:46:30.716+0300: 292.628: [Full GC (Allocation Failure) 2017-05-09T21:46:30.716+0300: 292.628: [Tenured: 349567K->349567K(349568K), 0.8676529 secs] 506815K->505907K(506816K), [Metaspace: 7495K->7495K(1056768K)], 0.8677438 secs] [Times: user=0.86 sys=0.00, real=0.87 secs] 
2017-05-09T21:46:31.607+0300: 293.519: [Full GC (Allocation Failure) 2017-05-09T21:46:31.607+0300: 293.519: [Tenured: 349568K->349568K(349568K), 0.8680881 secs] 506815K->505942K(506816K), [Metaspace: 7495K->7495K(1056768K)], 0.8681754 secs] [Times: user=0.86 sys=0.00, real=0.87 secs] 
2017-05-09T21:46:32.495+0300: 294.407: [Full GC (Allocation Failure) 2017-05-09T21:46:32.495+0300: 294.407: [Tenured: 349568K->349568K(349568K), 0.8671017 secs] 506815K->505976K(506816K), [Metaspace: 7495K->7495K(1056768K)], 0.8671897 secs] [Times: user=0.86 sys=0.00, real=0.87 secs] 
2017-05-09T21:46:33.383+0300: 295.295: [Full GC (Allocation Failure) 2017-05-09T21:46:33.383+0300: 295.295: [Tenured: 349568K->347853K(349568K), 0.8681369 secs] 506815K->504294K(506816K), [Metaspace: 7495K->7495K(1056768K)], 0.8682218 secs] [Times: user=0.86 sys=0.00, real=0.87 secs] 
2017-05-09T21:46:34.312+0300: 296.224: [Full GC (Allocation Failure) 2017-05-09T21:46:34.312+0300: 296.224: [Tenured: 349567K->349567K(349568K), 0.8707610 secs] 506815K->506040K(506816K), [Metaspace: 7495K->7495K(1056768K)], 0.8708932 secs] [Times: user=0.88 sys=0.00, real=0.87 secs] 
2017-05-09T21:46:35.200+0300: 297.113: [Full GC (Allocation Failure) 2017-05-09T21:46:35.200+0300: 297.113: [Tenured: 349567K->349567K(349568K), 0.8682338 secs] 506815K->506070K(506816K), [Metaspace: 7495K->7495K(1056768K)], 0.8683182 secs] [Times: user=0.86 sys=0.00, real=0.87 secs] 
2017-05-09T21:46:36.088+0300: 298.000: [Full GC (Allocation Failure) 2017-05-09T21:46:36.088+0300: 298.000: [Tenured: 349567K->349567K(349568K), 0.8707860 secs] 506815K->506099K(506816K), [Metaspace: 7495K->7495K(1056768K)], 0.8708724 secs] [Times: user=0.86 sys=0.00, real=0.87 secs] 
2017-05-09T21:46:36.976+0300: 298.888: [Full GC (Allocation Failure) 2017-05-09T21:46:36.976+0300: 298.888: [Tenured: 349567K->347919K(349568K), 0.8674411 secs] 506815K->504479K(506816K), [Metaspace: 7495K->7495K(1056768K)], 0.8675198 secs] [Times: user=0.88 sys=0.00, real=0.87 secs] 
2017-05-09T21:46:37.897+0300: 299.809: [Full GC (Allocation Failure) 2017-05-09T21:46:37.897+0300: 299.809: [Tenured: 349567K->349567K(349568K), 0.8692964 secs] 506815K->506154K(506816K), [Metaspace: 7495K->7495K(1056768K)], 0.8693852 secs] [Times: user=0.88 sys=0.00, real=0.87 secs] 
2017-05-09T21:46:38.783+0300: 300.695: [Full GC (Allocation Failure) 2017-05-09T21:46:38.783+0300: 300.695: [Tenured: 349567K->349567K(349568K), 0.8674273 secs] 506815K->506179K(506816K), [Metaspace: 7495K->7495K(1056768K)], 0.8675113 secs] [Times: user=0.88 sys=0.00, real=0.87 secs] 
2017-05-09T21:46:39.664+0300: 301.577: [Full GC (Allocation Failure) 2017-05-09T21:46:39.664+0300: 301.577: [Tenured: 349567K->349567K(349568K), 0.8667271 secs] 506815K->506204K(506816K), [Metaspace: 7495K->7495K(1056768K)], 0.8668117 secs] [Times: user=0.84 sys=0.00, real=0.87 secs] 
2017-05-09T21:46:40.545+0300: 302.457: [Full GC (Allocation Failure) 2017-05-09T21:46:40.545+0300: 302.457: [Tenured: 349567K->347983K(349568K), 0.8703366 secs] 506815K->504644K(506816K), [Metaspace: 7495K->7495K(1056768K)], 0.8705023 secs] [Times: user=0.88 sys=0.00, real=0.87 secs] 
2017-05-09T21:46:41.465+0300: 303.377: [Full GC (Allocation Failure) 2017-05-09T21:46:41.465+0300: 303.377: [Tenured: 349567K->349567K(349568K), 0.8717796 secs] 506815K->506251K(506816K), [Metaspace: 7495K->7495K(1056768K)], 0.8718585 secs] [Times: user=0.88 sys=0.00, real=0.87 secs] 
2017-05-09T21:46:42.349+0300: 304.261: [Full GC (Allocation Failure) 2017-05-09T21:46:42.349+0300: 304.261: [Tenured: 349567K->349567K(349568K), 0.8718880 secs] 506815K->506273K(506816K), [Metaspace: 7495K->7495K(1056768K)], 0.8719741 secs] [Times: user=0.88 sys=0.00, real=0.87 secs] 
2017-05-09T21:46:43.237+0300: 305.149: [Full GC (Allocation Failure) 2017-05-09T21:46:43.237+0300: 305.149: [Tenured: 349567K->349567K(349568K), 0.8704321 secs] 506815K->506294K(506816K), [Metaspace: 7495K->7495K(1056768K)], 0.8705348 secs] [Times: user=0.88 sys=0.00, real=0.87 secs] 
2017-05-09T21:46:44.120+0300: 306.032: [Full GC (Allocation Failure) 2017-05-09T21:46:44.120+0300: 306.032: [Tenured: 349567K->348045K(349568K), 0.8705523 secs] 506815K->504792K(506816K), [Metaspace: 7495K->7495K(1056768K)], 0.8706586 secs] [Times: user=0.86 sys=0.00, real=0.87 secs] 
2017-05-09T21:46:45.040+0300: 306.952: [Full GC (Allocation Failure) 2017-05-09T21:46:45.040+0300: 306.952: [Tenured: 349567K->349567K(349568K), 0.8737053 secs] 506815K->506333K(506816K), [Metaspace: 7495K->7495K(1056768K)], 0.8737881 secs] [Times: user=0.86 sys=0.00, real=0.87 secs] 
2017-05-09T21:46:45.925+0300: 307.837: [Full GC (Allocation Failure) 2017-05-09T21:46:45.925+0300: 307.837: [Tenured: 349567K->349567K(349568K), 0.8717684 secs] 506815K->506352K(506816K), [Metaspace: 7495K->7495K(1056768K)], 0.8718530 secs] [Times: user=0.88 sys=0.00, real=0.87 secs] 
2017-05-09T21:46:46.806+0300: 308.719: [Full GC (Allocation Failure) 2017-05-09T21:46:46.806+0300: 308.719: [Tenured: 349567K->349567K(349568K), 0.8708248 secs] 506815K->506370K(506816K), [Metaspace: 7495K->7495K(1056768K)], 0.8709185 secs] [Times: user=0.86 sys=0.00, real=0.87 secs] 
2017-05-09T21:46:47.689+0300: 309.601: [Full GC (Allocation Failure) 2017-05-09T21:46:47.689+0300: 309.601: [Tenured: 349567K->348104K(349568K), 0.8707836 secs] 506815K->504924K(506816K), [Metaspace: 7495K->7495K(1056768K)], 0.8708842 secs] [Times: user=0.86 sys=0.00, real=0.87 secs] 
2017-05-09T21:46:48.608+0300: 310.520: [Full GC (Allocation Failure) 2017-05-09T21:46:48.608+0300: 310.520: [Tenured: 349567K->349567K(349568K), 0.8694596 secs] 506815K->506404K(506816K), [Metaspace: 7495K->7495K(1056768K)], 0.8695557 secs] [Times: user=0.88 sys=0.00, real=0.87 secs] 
2017-05-09T21:46:49.487+0300: 311.399: [Full GC (Allocation Failure) 2017-05-09T21:46:49.487+0300: 311.399: [Tenured: 349567K->349567K(349568K), 0.8713127 secs] 506815K->506420K(506816K), [Metaspace: 7495K->7495K(1056768K)], 0.8714049 secs] [Times: user=0.88 sys=0.00, real=0.87 secs] 
2017-05-09T21:46:50.368+0300: 312.280: [Full GC (Allocation Failure) 2017-05-09T21:46:50.368+0300: 312.280: [Tenured: 349567K->349567K(349568K), 0.8681450 secs] 506815K->506436K(506816K), [Metaspace: 7495K->7495K(1056768K)], 0.8682194 secs] [Times: user=0.86 sys=0.00, real=0.87 secs] 
2017-05-09T21:46:51.249+0300: 313.161: [Full GC (Allocation Failure) 2017-05-09T21:46:51.249+0300: 313.161: [Tenured: 349567K->348161K(349568K), 0.8661422 secs] 506815K->505044K(506816K), [Metaspace: 7495K->7495K(1056768K)], 0.8662265 secs] [Times: user=0.86 sys=0.00, real=0.87 secs] 
2017-05-09T21:46:52.158+0300: 314.070: [Full GC (Allocation Failure) 2017-05-09T21:46:52.158+0300: 314.070: [Tenured: 349568K->349568K(349568K), 0.8704342 secs] 506815K->506464K(506816K), [Metaspace: 7495K->7495K(1056768K)], 0.8705149 secs] [Times: user=0.88 sys=0.00, real=0.87 secs] 
2017-05-09T21:46:53.039+0300: 314.951: [Full GC (Allocation Failure) 2017-05-09T21:46:53.039+0300: 314.952: [Tenured: 349568K->349568K(349568K), 0.8663063 secs] 506815K->506478K(506816K), [Metaspace: 7495K->7495K(1056768K)], 0.8664156 secs] [Times: user=0.86 sys=0.00, real=0.87 secs] 
2017-05-09T21:46:53.916+0300: 315.828: [Full GC (Allocation Failure) 2017-05-09T21:46:53.916+0300: 315.828: [Tenured: 349568K->349568K(349568K), 0.8681597 secs] 506815K->506491K(506816K), [Metaspace: 7495K->7495K(1056768K)], 0.8682423 secs] [Times: user=0.86 sys=0.00, real=0.87 secs] 
2017-05-09T21:46:54.794+0300: 316.706: [Full GC (Allocation Failure) 2017-05-09T21:46:54.794+0300: 316.706: [Tenured: 349568K->348216K(349568K), 0.8746868 secs] 506815K->505152K(506816K), [Metaspace: 7495K->7495K(1056768K)], 0.8747615 secs] [Times: user=0.88 sys=0.00, real=0.88 secs] 
2017-05-09T21:46:55.710+0300: 317.622: [Full GC (Allocation Failure) 2017-05-09T21:46:55.710+0300: 317.623: [Tenured: 349567K->349567K(349568K), 0.8904231 secs] 506815K->506516K(506816K), [Metaspace: 7495K->7495K(1056768K)], 0.8905171 secs] [Times: user=0.88 sys=0.00, real=0.89 secs] 
2017-05-09T21:46:56.610+0300: 318.522: [Full GC (Allocation Failure) 2017-05-09T21:46:56.610+0300: 318.522: [Tenured: 349567K->349567K(349568K), 0.8924139 secs] 506815K->506528K(506816K), [Metaspace: 7495K->7495K(1056768K)], 0.8925175 secs] [Times: user=0.83 sys=0.00, real=0.89 secs] 
2017-05-09T21:46:57.513+0300: 319.425: [Full GC (Allocation Failure) 2017-05-09T21:46:57.513+0300: 319.425: [Tenured: 349567K->349567K(349568K), 0.8866949 secs] 506815K->506539K(506816K), [Metaspace: 7495K->7495K(1056768K)], 0.8867762 secs] [Times: user=0.89 sys=0.00, real=0.89 secs] 
2017-05-09T21:46:58.408+0300: 320.320: [Full GC (Allocation Failure) 2017-05-09T21:46:58.408+0300: 320.320: [Tenured: 349567K->348268K(349568K), 0.8781292 secs] 506815K->505250K(506816K), [Metaspace: 7495K->7495K(1056768K)], 0.8782141 secs] [Times: user=0.88 sys=0.00, real=0.88 secs] 
2017-05-09T21:46:59.325+0300: 321.237: [Full GC (Allocation Failure) 2017-05-09T21:46:59.325+0300: 321.237: [Tenured: 349567K->349567K(349568K), 0.8766303 secs] 506815K->506560K(506816K), [Metaspace: 7495K->7495K(1056768K)], 0.8767495 secs] [Times: user=0.88 sys=0.00, real=0.88 secs] 
2017-05-09T21:47:00.207+0300: 322.120: [Full GC (Allocation Failure) 2017-05-09T21:47:00.207+0300: 322.120: [Tenured: 349567K->349567K(349568K), 0.8864482 secs] 506815K->506570K(506816K), [Metaspace: 7495K->7495K(1056768K)], 0.8865431 secs] [Times: user=0.89 sys=0.00, real=0.89 secs] 
2017-05-09T21:47:01.104+0300: 323.016: [Full GC (Allocation Failure) 2017-05-09T21:47:01.104+0300: 323.016: [Tenured: 349567K->349567K(349568K), 0.8852402 secs] 506815K->506579K(506816K), [Metaspace: 7495K->7495K(1056768K)], 0.8853230 secs] [Times: user=0.88 sys=0.00, real=0.88 secs] 
2017-05-09T21:47:01.995+0300: 323.907: [Full GC (Allocation Failure) 2017-05-09T21:47:01.995+0300: 323.907: [Tenured: 349567K->348319K(349568K), 0.8619866 secs] 506815K->505340K(506816K), [Metaspace: 7495K->7495K(1056768K)], 0.8620586 secs] [Times: user=0.86 sys=0.00, real=0.86 secs] 
2017-05-09T21:47:02.893+0300: 324.806: [Full GC (Allocation Failure) 2017-05-09T21:47:02.894+0300: 324.806: [Tenured: 349567K->349567K(349568K), 0.8870268 secs] 506815K->506597K(506816K), [Metaspace: 7495K->7495K(1056768K)], 0.8871117 secs] [Times: user=0.89 sys=0.00, real=0.89 secs] 
2017-05-09T21:47:03.787+0300: 325.699: [Full GC (Allocation Failure) 2017-05-09T21:47:03.787+0300: 325.699: [Tenured: 349568K->349568K(349568K), 0.8784804 secs] 506815K->506606K(506816K), [Metaspace: 7495K->7495K(1056768K)], 0.8785749 secs] [Times: user=0.89 sys=0.00, real=0.88 secs] 
2017-05-09T21:47:04.671+0300: 326.583: [Full GC (Allocation Failure) 2017-05-09T21:47:04.671+0300: 326.583: [Tenured: 349568K->349568K(349568K), 0.8701288 secs] 506815K->506614K(506816K), [Metaspace: 7495K->7495K(1056768K)], 0.8702240 secs] [Times: user=0.88 sys=0.00, real=0.87 secs] 
2017-05-09T21:47:05.546+0300: 327.458: [Full GC (Allocation Failure) 2017-05-09T21:47:05.546+0300: 327.459: [Tenured: 349568K->348367K(349568K), 0.8797923 secs] 506815K->505422K(506816K), [Metaspace: 7495K->7495K(1056768K)], 0.8798624 secs] [Times: user=0.88 sys=0.00, real=0.88 secs] 
2017-05-09T21:47:06.461+0300: 328.374: [Full GC (Allocation Failure) 2017-05-09T21:47:06.461+0300: 328.374: [Tenured: 349567K->349567K(349568K), 0.8748985 secs] 506815K->506629K(506816K), [Metaspace: 7495K->7495K(1056768K)], 0.8749801 secs] [Times: user=0.88 sys=0.00, real=0.88 secs] 
2017-05-09T21:47:07.341+0300: 329.253: [Full GC (Allocation Failure) 2017-05-09T21:47:07.341+0300: 329.253: [Tenured: 349567K->349567K(349568K), 0.8773498 secs] 506815K->506637K(506816K), [Metaspace: 7495K->7495K(1056768K)], 0.8774338 secs] [Times: user=0.88 sys=0.00, real=0.88 secs] 
2017-05-09T21:47:08.223+0300: 330.135: [Full GC (Allocation Failure) 2017-05-09T21:47:08.223+0300: 330.135: [Tenured: 349567K->349567K(349568K), 0.8740579 secs] 506815K->506644K(506816K), [Metaspace: 7495K->7495K(1056768K)], 0.8741480 secs] [Times: user=0.88 sys=0.00, real=0.87 secs] 
2017-05-09T21:47:09.101+0300: 331.014: [Full GC (Allocation Failure) 2017-05-09T21:47:09.101+0300: 331.014: [Tenured: 349567K->348414K(349568K), 0.8780897 secs] 506815K->505497K(506816K), [Metaspace: 7495K->7495K(1056768K)], 0.8781699 secs] [Times: user=0.89 sys=0.00, real=0.88 secs] 
2017-05-09T21:47:10.014+0300: 331.926: [Full GC (Allocation Failure) 2017-05-09T21:47:10.014+0300: 331.926: [Tenured: 349567K->349567K(349568K), 0.8624465 secs] 506815K->506657K(506816K), [Metaspace: 7495K->7495K(1056768K)], 0.8625302 secs] [Times: user=0.86 sys=0.00, real=0.86 secs] 
2017-05-09T21:47:10.883+0300: 332.795: [Full GC (Allocation Failure) 2017-05-09T21:47:10.883+0300: 332.795: [Tenured: 349567K->349567K(349568K), 0.8900972 secs] 506815K->506663K(506816K), [Metaspace: 7495K->7495K(1056768K)], 0.8901804 secs] [Times: user=0.88 sys=0.00, real=0.89 secs] 
2017-05-09T21:47:11.779+0300: 333.692: [Full GC (Allocation Failure) 2017-05-09T21:47:11.779+0300: 333.692: [Tenured: 349567K->349567K(349568K), 0.9000414 secs] 506815K->506669K(506816K), [Metaspace: 7495K->7495K(1056768K)], 0.9001236 secs] [Times: user=0.88 sys=0.00, real=0.90 secs] 
2017-05-09T21:47:12.692+0300: 334.604: [Full GC (Allocation Failure) 2017-05-09T21:47:12.692+0300: 334.604: [Tenured: 349567K->348459K(349568K), 0.9075530 secs] 506815K->505566K(506816K), [Metaspace: 7495K->7495K(1056768K)], 0.9076614 secs] [Times: user=0.91 sys=0.00, real=0.91 secs] 
2017-05-09T21:47:13.631+0300: 335.543: [Full GC (Allocation Failure) 2017-05-09T21:47:13.631+0300: 335.543: [Tenured: 349567K->349567K(349568K), 0.9082074 secs] 506815K->506680K(506816K), [Metaspace: 7495K->7495K(1056768K)], 0.9082978 secs] [Times: user=0.89 sys=0.00, real=0.91 secs] 
2017-05-09T21:47:14.544+0300: 336.456: [Full GC (Allocation Failure) 2017-05-09T21:47:14.544+0300: 336.456: [Tenured: 349567K->349567K(349568K), 0.9275114 secs] 506815K->506685K(506816K), [Metaspace: 7495K->7495K(1056768K)], 0.9275939 secs] [Times: user=0.91 sys=0.00, real=0.93 secs] 
2017-05-09T21:47:15.475+0300: 337.387: [Full GC (Allocation Failure) 2017-05-09T21:47:15.475+0300: 337.387: [Tenured: 349567K->349567K(349568K), 0.9136713 secs] 506815K->506690K(506816K), [Metaspace: 7495K->7495K(1056768K)], 0.9137571 secs] [Times: user=0.92 sys=0.00, real=0.91 secs] 
2017-05-09T21:47:16.392+0300: 338.304: [Full GC (Allocation Failure) 2017-05-09T21:47:16.392+0300: 338.304: [Tenured: 349567K->348502K(349568K), 0.9147323 secs] 506815K->505630K(506816K), [Metaspace: 7495K->7495K(1056768K)], 0.9148227 secs] [Times: user=0.91 sys=0.00, real=0.91 secs] 
2017-05-09T21:47:17.336+0300: 339.249: [Full GC (Allocation Failure) 2017-05-09T21:47:17.336+0300: 339.249: [Tenured: 349567K->349567K(349568K), 0.9251644 secs] 506815K->506700K(506816K), [Metaspace: 7495K->7495K(1056768K)], 0.9252499 secs] [Times: user=0.92 sys=0.00, real=0.93 secs] 
2017-05-09T21:47:18.265+0300: 340.178: [Full GC (Allocation Failure) 2017-05-09T21:47:18.265+0300: 340.178: [Tenured: 349567K->349567K(349568K), 0.9117519 secs] 506815K->506704K(506816K), [Metaspace: 7495K->7495K(1056768K)], 0.9118396 secs] [Times: user=0.89 sys=0.00, real=0.91 secs] 
2017-05-09T21:47:19.184+0300: 341.096: [Full GC (Allocation Failure) 2017-05-09T21:47:19.184+0300: 341.096: [Tenured: 349567K->349567K(349568K), 0.9109469 secs] 506815K->506709K(506816K), [Metaspace: 7495K->7495K(1056768K)], 0.9110312 secs] [Times: user=0.91 sys=0.00, real=0.91 secs] 
2017-05-09T21:47:20.099+0300: 342.011: [Full GC (Allocation Failure) 2017-05-09T21:47:20.099+0300: 342.011: [Tenured: 349567K->348543K(349568K), 0.9139348 secs] 506815K->505689K(506816K), [Metaspace: 7495K->7495K(1056768K)], 0.9140128 secs] [Times: user=0.92 sys=0.00, real=0.91 secs] 
2017-05-09T21:47:21.042+0300: 342.954: [Full GC (Allocation Failure) 2017-05-09T21:47:21.042+0300: 342.954: [Tenured: 349567K->349567K(349568K), 0.9065353 secs] 506815K->506717K(506816K), [Metaspace: 7495K->7495K(1056768K)], 0.9066241 secs] [Times: user=0.89 sys=0.00, real=0.91 secs] 
2017-05-09T21:47:21.953+0300: 343.865: [Full GC (Allocation Failure) 2017-05-09T21:47:21.953+0300: 343.866: [Tenured: 349567K->349567K(349568K), 0.8790719 secs] 506815K->506721K(506816K), [Metaspace: 7495K->7495K(1056768K)], 0.8791592 secs] [Times: user=0.88 sys=0.00, real=0.88 secs] 
2017-05-09T21:47:22.837+0300: 344.749: [Full GC (Allocation Failure) 2017-05-09T21:47:22.837+0300: 344.749: [Tenured: 349567K->349567K(349568K), 0.8741739 secs] 506815K->506724K(506816K), [Metaspace: 7495K->7495K(1056768K)], 0.8742660 secs] [Times: user=0.86 sys=0.00, real=0.87 secs] 
2017-05-09T21:47:23.714+0300: 345.626: [Full GC (Allocation Failure) 2017-05-09T21:47:23.714+0300: 345.626: [Tenured: 349567K->348583K(349568K), 0.8857561 secs] 506815K->505744K(506816K), [Metaspace: 7495K->7495K(1056768K)], 0.8858314 secs] [Times: user=0.88 sys=0.00, real=0.89 secs] 
2017-05-09T21:47:24.626+0300: 346.538: [Full GC (Allocation Failure) 2017-05-09T21:47:24.626+0300: 346.538: [Tenured: 349567K->349567K(349568K), 0.8710522 secs] 506815K->506731K(506816K), [Metaspace: 7495K->7495K(1056768K)], 0.8711338 secs] [Times: user=0.88 sys=0.00, real=0.87 secs] 
2017-05-09T21:47:25.500+0300: 347.412: [Full GC (Allocation Failure) 2017-05-09T21:47:25.500+0300: 347.412: [Tenured: 349567K->349567K(349568K), 0.8734968 secs] 506815K->506735K(506816K), [Metaspace: 7495K->7495K(1056768K)], 0.8735634 secs] [Times: user=0.88 sys=0.00, real=0.87 secs] 
2017-05-09T21:47:26.375+0300: 348.287: [Full GC (Allocation Failure) 2017-05-09T21:47:26.375+0300: 348.287: [Tenured: 349568K->349568K(349568K), 0.8718223 secs] 506815K->506738K(506816K), [Metaspace: 7495K->7495K(1056768K)], 0.8719051 secs] [Times: user=0.88 sys=0.00, real=0.87 secs] 
2017-05-09T21:47:27.253+0300: 349.165: [Full GC (Allocation Failure) 2017-05-09T21:47:27.253+0300: 349.165: [Tenured: 349568K->348621K(349568K), 0.8750449 secs] 506815K->505795K(506816K), [Metaspace: 7495K->7495K(1056768K)], 0.8751160 secs] [Times: user=0.88 sys=0.00, real=0.88 secs] 
2017-05-09T21:47:28.152+0300: 350.065: [Full GC (Allocation Failure) 2017-05-09T21:47:28.152+0300: 350.065: [Tenured: 349567K->349567K(349568K), 0.8732972 secs] 506815K->506744K(506816K), [Metaspace: 7495K->7495K(1056768K)], 0.8733845 secs] [Times: user=0.88 sys=0.00, real=0.87 secs] 
2017-05-09T21:47:29.028+0300: 350.940: [Full GC (Allocation Failure) 2017-05-09T21:47:29.028+0300: 350.940: [Tenured: 349567K->349567K(349568K), 0.8877225 secs] 506815K->506746K(506816K), [Metaspace: 7495K->7495K(1056768K)], 0.8878074 secs] [Times: user=0.89 sys=0.00, real=0.89 secs] 
2017-05-09T21:47:29.922+0300: 351.834: [Full GC (Allocation Failure) 2017-05-09T21:47:29.922+0300: 351.834: [Tenured: 349568K->349568K(349568K), 0.8989557 secs] 506815K->506749K(506816K), [Metaspace: 7495K->7495K(1056768K)], 0.8990538 secs] [Times: user=0.89 sys=0.02, real=0.90 secs] 
2017-05-09T21:47:30.822+0300: 352.735: [Full GC (Allocation Failure) 2017-05-09T21:47:30.822+0300: 352.735: [Tenured: 349568K->348658K(349568K), 0.8959677 secs] 506815K->505842K(506816K), [Metaspace: 7495K->7495K(1056768K)], 0.8960550 secs] [Times: user=0.89 sys=0.00, real=0.90 secs] 
2017-05-09T21:47:31.742+0300: 353.655: [Full GC (Allocation Failure) 2017-05-09T21:47:31.742+0300: 353.655: [Tenured: 349567K->349567K(349568K), 0.8950485 secs] 506815K->506754K(506816K), [Metaspace: 7495K->7495K(1056768K)], 0.8951310 secs] [Times: user=0.89 sys=0.00, real=0.90 secs] 
2017-05-09T21:47:32.641+0300: 354.553: [Full GC (Allocation Failure) 2017-05-09T21:47:32.641+0300: 354.553: [Tenured: 349567K->349567K(349568K), 0.9018852 secs] 506815K->506757K(506816K), [Metaspace: 7495K->7495K(1056768K)], 0.9019611 secs] [Times: user=0.91 sys=0.00, real=0.90 secs] 
2017-05-09T21:47:33.544+0300: 355.457: [Full GC (Allocation Failure) 2017-05-09T21:47:33.544+0300: 355.457: [Tenured: 349567K->349567K(349568K), 0.8980024 secs] 506815K->506759K(506816K), [Metaspace: 7495K->7495K(1056768K)], 0.8980847 secs] [Times: user=0.89 sys=0.00, real=0.90 secs] 
2017-05-09T21:47:34.444+0300: 356.356: [Full GC (Allocation Failure) 2017-05-09T21:47:34.444+0300: 356.356: [Tenured: 349567K->348694K(349568K), 0.9008425 secs] 506815K->505887K(506816K), [Metaspace: 7495K->7495K(1056768K)], 0.9009235 secs] [Times: user=0.89 sys=0.00, real=0.90 secs] 
2017-05-09T21:47:35.371+0300: 357.283: [Full GC (Allocation Failure) 2017-05-09T21:47:35.371+0300: 357.283: [Tenured: 349567K->349567K(349568K), 0.8853565 secs] 506815K->506763K(506816K), [Metaspace: 7495K->7495K(1056768K)], 0.8854435 secs] [Times: user=0.88 sys=0.00, real=0.88 secs] 
2017-05-09T21:47:36.258+0300: 358.170: [Full GC (Allocation Failure) 2017-05-09T21:47:36.258+0300: 358.170: [Tenured: 349567K->349567K(349568K), 0.8956795 secs] 506815K->506765K(506816K), [Metaspace: 7495K->7495K(1056768K)], 0.8957587 secs] [Times: user=0.86 sys=0.00, real=0.90 secs] 
2017-05-09T21:47:37.158+0300: 359.071: [Full GC (Allocation Failure) 2017-05-09T21:47:37.158+0300: 359.071: [Tenured: 349567K->349567K(349568K), 0.8971212 secs] 506815K->506767K(506816K), [Metaspace: 7495K->7495K(1056768K)], 0.8971835 secs] [Times: user=0.91 sys=0.00, real=0.90 secs] 
2017-05-09T21:47:38.057+0300: 359.969: [Full GC (Allocation Failure) 2017-05-09T21:47:38.057+0300: 359.969: [Tenured: 349567K->348727K(349568K), 0.8734610 secs] 506815K->505929K(506816K), [Metaspace: 7495K->7495K(1056768K)], 0.8735185 secs] [Times: user=0.88 sys=0.00, real=0.87 secs] 
2017-05-09T21:47:38.953+0300: 360.865: [Full GC (Allocation Failure) 2017-05-09T21:47:38.953+0300: 360.865: [Tenured: 349568K->349568K(349568K), 0.8705740 secs] 506815K->506771K(506816K), [Metaspace: 7495K->7495K(1056768K)], 0.8706824 secs] [Times: user=0.88 sys=0.00, real=0.87 secs] 
2017-05-09T21:47:39.825+0300: 361.737: [Full GC (Allocation Failure) 2017-05-09T21:47:39.825+0300: 361.737: [Tenured: 349568K->349568K(349568K), 0.8715600 secs] 506815K->506773K(506816K), [Metaspace: 7495K->7495K(1056768K)], 0.8716238 secs] [Times: user=0.88 sys=0.00, real=0.87 secs] 
2017-05-09T21:47:40.698+0300: 362.610: [Full GC (Allocation Failure) 2017-05-09T21:47:40.698+0300: 362.610: [Tenured: 349568K->349568K(349568K), 0.8692973 secs] 506815K->506774K(506816K), [Metaspace: 7495K->7495K(1056768K)], 0.8693801 secs] [Times: user=0.86 sys=0.00, real=0.87 secs] 
2017-05-09T21:47:41.568+0300: 363.480: [Full GC (Allocation Failure) 2017-05-09T21:47:41.568+0300: 363.480: [Tenured: 349568K->348760K(349568K), 0.8667123 secs] 506815K->505968K(506816K), [Metaspace: 7495K->7495K(1056768K)], 0.8667948 secs] [Times: user=0.88 sys=0.00, real=0.87 secs] 
2017-05-09T21:47:42.457+0300: 364.369: [Full GC (Allocation Failure) 2017-05-09T21:47:42.457+0300: 364.369: [Tenured: 349567K->349567K(349568K), 0.8679074 secs] 506815K->506777K(506816K), [Metaspace: 7495K->7495K(1056768K)], 0.8680619 secs] [Times: user=0.88 sys=0.00, real=0.87 secs] 
2017-05-09T21:47:43.326+0300: 365.239: [Full GC (Allocation Failure) 2017-05-09T21:47:43.326+0300: 365.239: [Tenured: 349567K->349567K(349568K), 0.8689139 secs] 506815K->506779K(506816K), [Metaspace: 7495K->7495K(1056768K)], 0.8689859 secs] [Times: user=0.86 sys=0.00, real=0.87 secs] 
2017-05-09T21:47:44.197+0300: 366.109: [Full GC (Allocation Failure) 2017-05-09T21:47:44.197+0300: 366.109: [Tenured: 349567K->349567K(349568K), 0.8824842 secs] 506815K->506780K(506816K), [Metaspace: 7495K->7495K(1056768K)], 0.8825567 secs] [Times: user=0.86 sys=0.00, real=0.88 secs] 
2017-05-09T21:47:45.080+0300: 366.992: [Full GC (Allocation Failure) 2017-05-09T21:47:45.080+0300: 366.992: [Tenured: 349568K->348791K(349568K), 0.8694036 secs] 506815K->506006K(506816K), [Metaspace: 7495K->7495K(1056768K)], 0.8694711 secs] [Times: user=0.86 sys=0.00, real=0.87 secs] 
2017-05-09T21:47:45.973+0300: 367.886: [Full GC (Allocation Failure) 2017-05-09T21:47:45.973+0300: 367.886: [Tenured: 349567K->349567K(349568K), 0.8856088 secs] 506815K->506783K(506816K), [Metaspace: 7495K->7495K(1056768K)], 0.8856893 secs] [Times: user=0.88 sys=0.00, real=0.89 secs] 
2017-05-09T21:47:46.860+0300: 368.772: [Full GC (Allocation Failure) 2017-05-09T21:47:46.860+0300: 368.772: [Tenured: 349567K->349567K(349568K), 0.8641584 secs] 506815K->506784K(506816K), [Metaspace: 7495K->7495K(1056768K)], 0.8642279 secs] [Times: user=0.86 sys=0.00, real=0.86 secs] 
2017-05-09T21:47:47.725+0300: 369.637: [Full GC (Allocation Failure) 2017-05-09T21:47:47.725+0300: 369.637: [Tenured: 349567K->349567K(349568K), 0.8643942 secs] 506815K->506785K(506816K), [Metaspace: 7495K->7495K(1056768K)], 0.8644701 secs] [Times: user=0.88 sys=0.00, real=0.86 secs] 
2017-05-09T21:47:48.590+0300: 370.503: [Full GC (Allocation Failure) 2017-05-09T21:47:48.590+0300: 370.503: [Tenured: 349567K->348822K(349568K), 0.8817261 secs] 506815K->506041K(506816K), [Metaspace: 7495K->7495K(1056768K)], 0.8818234 secs] [Times: user=0.88 sys=0.00, real=0.88 secs] 
2017-05-09T21:47:49.490+0300: 371.403: [Full GC (Allocation Failure) 2017-05-09T21:47:49.490+0300: 371.403: [Tenured: 349567K->349567K(349568K), 0.8723994 secs] 506815K->506788K(506816K), [Metaspace: 7495K->7495K(1056768K)], 0.8724978 secs] [Times: user=0.86 sys=0.00, real=0.87 secs] 
2017-05-09T21:47:50.364+0300: 372.276: [Full GC (Allocation Failure) 2017-05-09T21:47:50.364+0300: 372.276: [Tenured: 349567K->349567K(349568K), 0.8694816 secs] 506815K->506789K(506816K), [Metaspace: 7495K->7495K(1056768K)], 0.8695542 secs] [Times: user=0.88 sys=0.00, real=0.87 secs] 
2017-05-09T21:47:51.234+0300: 373.146: [Full GC (Allocation Failure) 2017-05-09T21:47:51.234+0300: 373.146: [Tenured: 349567K->349567K(349568K), 0.8689425 secs] 506815K->506790K(506816K), [Metaspace: 7495K->7495K(1056768K)], 0.8690112 secs] [Times: user=0.86 sys=0.00, real=0.87 secs] 
2017-05-09T21:47:52.103+0300: 374.016: [Full GC (Allocation Failure) 2017-05-09T21:47:52.103+0300: 374.016: [Tenured: 349567K->348851K(349568K), 0.8836575 secs] 506815K->506074K(506816K), [Metaspace: 7495K->7495K(1056768K)], 0.8837310 secs] [Times: user=0.88 sys=0.00, real=0.88 secs] 
2017-05-09T21:47:53.004+0300: 374.917: [Full GC (Allocation Failure) 2017-05-09T21:47:53.005+0300: 374.917: [Tenured: 349568K->349568K(349568K), 0.8753662 secs] 506815K->506792K(506816K), [Metaspace: 7495K->7495K(1056768K)], 0.8754506 secs] [Times: user=0.86 sys=0.00, real=0.88 secs] 
2017-05-09T21:47:53.881+0300: 375.793: [Full GC (Allocation Failure) 2017-05-09T21:47:53.881+0300: 375.793: [Tenured: 349568K->349568K(349568K), 0.8760439 secs] 506815K->506793K(506816K), [Metaspace: 7495K->7495K(1056768K)], 0.8761246 secs] [Times: user=0.86 sys=0.02, real=0.88 secs] 
2017-05-09T21:47:54.758+0300: 376.670: [Full GC (Allocation Failure) 2017-05-09T21:47:54.758+0300: 376.670: [Tenured: 349568K->349568K(349568K), 0.8705959 secs] 506815K->506794K(506816K), [Metaspace: 7495K->7495K(1056768K)], 0.8706791 secs] [Times: user=0.88 sys=0.00, real=0.87 secs] 
2017-05-09T21:47:55.630+0300: 377.542: [Full GC (Allocation Failure) 2017-05-09T21:47:55.630+0300: 377.542: [Tenured: 349568K->348878K(349568K), 0.8948757 secs] 506815K->506105K(506816K), [Metaspace: 7495K->7495K(1056768K)], 0.8949585 secs] [Times: user=0.91 sys=0.00, real=0.89 secs] 
2017-05-09T21:47:56.543+0300: 378.455: [Full GC (Allocation Failure) 2017-05-09T21:47:56.543+0300: 378.455: [Tenured: 349567K->349567K(349568K), 0.9059161 secs] 506815K->506795K(506816K), [Metaspace: 7495K->7495K(1056768K)], 0.9060203 secs] [Times: user=0.89 sys=0.00, real=0.90 secs] 
2017-05-09T21:47:57.450+0300: 379.362: [Full GC (Allocation Failure) 2017-05-09T21:47:57.450+0300: 379.362: [Tenured: 349567K->349567K(349568K), 0.9082800 secs] 506815K->506796K(506816K), [Metaspace: 7495K->7495K(1056768K)], 0.9083523 secs] [Times: user=0.91 sys=0.00, real=0.91 secs] 
2017-05-09T21:47:58.359+0300: 380.271: [Full GC (Allocation Failure) 2017-05-09T21:47:58.359+0300: 380.271: [Tenured: 349567K->349567K(349568K), 0.8825483 secs] 506815K->506797K(506816K), [Metaspace: 7495K->7495K(1056768K)], 0.8826101 secs] [Times: user=0.88 sys=0.00, real=0.88 secs] 
2017-05-09T21:47:59.242+0300: 381.154: [Full GC (Allocation Failure) 2017-05-09T21:47:59.242+0300: 381.154: [Tenured: 349567K->348905K(349568K), 0.8798293 secs] 506815K->506135K(506816K), [Metaspace: 7495K->7495K(1056768K)], 0.8798868 secs] [Times: user=0.89 sys=0.00, real=0.88 secs] 
2017-05-09T21:48:00.138+0300: 382.050: [Full GC (Allocation Failure) 2017-05-09T21:48:00.138+0300: 382.050: [Tenured: 349567K->349567K(349568K), 0.9046005 secs] 506815K->506798K(506816K), [Metaspace: 7495K->7495K(1056768K)], 0.9046933 secs] [Times: user=0.91 sys=0.00, real=0.90 secs] 
2017-05-09T21:48:01.043+0300: 382.956: [Full GC (Allocation Failure) 2017-05-09T21:48:01.043+0300: 382.956: [Tenured: 349567K->349567K(349568K), 0.9046746 secs] 506815K->506799K(506816K), [Metaspace: 7495K->7495K(1056768K)], 0.9047442 secs] [Times: user=0.91 sys=0.00, real=0.90 secs] 
2017-05-09T21:48:01.949+0300: 383.861: [Full GC (Allocation Failure) 2017-05-09T21:48:01.949+0300: 383.861: [Tenured: 349567K->349567K(349568K), 0.8891003 secs] 506815K->506800K(506816K), [Metaspace: 7495K->7495K(1056768K)], 0.8891735 secs] [Times: user=0.89 sys=0.00, real=0.89 secs] 
2017-05-09T21:48:02.839+0300: 384.751: [Full GC (Allocation Failure) 2017-05-09T21:48:02.839+0300: 384.751: [Tenured: 349567K->348931K(349568K), 0.8915727 secs] 506815K->506164K(506816K), [Metaspace: 7495K->7495K(1056768K)], 0.8916525 secs] [Times: user=0.89 sys=0.00, real=0.89 secs] 
2017-05-09T21:48:03.748+0300: 385.661: [Full GC (Allocation Failure) 2017-05-09T21:48:03.748+0300: 385.661: [Tenured: 349568K->349568K(349568K), 0.8770350 secs] 506815K->506801K(506816K), [Metaspace: 7495K->7495K(1056768K)], 0.8771200 secs] [Times: user=0.88 sys=0.00, real=0.88 secs] 
2017-05-09T21:48:04.626+0300: 386.538: [Full GC (Allocation Failure) 2017-05-09T21:48:04.626+0300: 386.538: [Tenured: 349568K->349568K(349568K), 0.8787623 secs] 506815K->506801K(506816K), [Metaspace: 7495K->7495K(1056768K)], 0.8788333 secs] [Times: user=0.84 sys=0.00, real=0.88 secs] 
2017-05-09T21:48:05.506+0300: 387.418: [Full GC (Allocation Failure) 2017-05-09T21:48:05.506+0300: 387.418: [Tenured: 349568K->349568K(349568K), 0.8786334 secs] 506815K->506802K(506816K), [Metaspace: 7495K->7495K(1056768K)], 0.8786987 secs] [Times: user=0.89 sys=0.00, real=0.88 secs] 
2017-05-09T21:48:06.384+0300: 388.297: [Full GC (Allocation Failure) 2017-05-09T21:48:06.384+0300: 388.297: [Tenured: 349568K->348956K(349568K), 0.8757960 secs] 506815K->506191K(506816K), [Metaspace: 7495K->7495K(1056768K)], 0.8758550 secs] [Times: user=0.88 sys=0.00, real=0.88 secs] 
2017-05-09T21:48:07.281+0300: 389.193: [Full GC (Allocation Failure) 2017-05-09T21:48:07.281+0300: 389.193: [Tenured: 349568K->349568K(349568K), 0.8730764 secs] 506815K->506803K(506816K), [Metaspace: 7495K->7495K(1056768K)], 0.8731737 secs] [Times: user=0.88 sys=0.00, real=0.87 secs] 
2017-05-09T21:48:08.155+0300: 390.067: [Full GC (Allocation Failure) 2017-05-09T21:48:08.155+0300: 390.067: [Tenured: 349568K->349568K(349568K), 0.8776985 secs] 506815K->506804K(506816K), [Metaspace: 7495K->7495K(1056768K)], 0.8777591 secs] [Times: user=0.86 sys=0.00, real=0.88 secs] 
2017-05-09T21:48:09.033+0300: 390.945: [Full GC (Allocation Failure) 2017-05-09T21:48:09.033+0300: 390.945: [Tenured: 349568K->349568K(349568K), 0.8736848 secs] 506815K->506804K(506816K), [Metaspace: 7495K->7495K(1056768K)], 0.8737721 secs] [Times: user=0.88 sys=0.00, real=0.87 secs] 
2017-05-09T21:48:09.907+0300: 391.820: [Full GC (Allocation Failure) 2017-05-09T21:48:09.907+0300: 391.820: [Tenured: 349568K->348979K(349568K), 0.8648014 secs] 506815K->506216K(506816K), [Metaspace: 7495K->7495K(1056768K)], 0.8648893 secs] [Times: user=0.86 sys=0.00, real=0.87 secs] 
2017-05-09T21:48:10.788+0300: 392.700: [Full GC (Allocation Failure) 2017-05-09T21:48:10.788+0300: 392.700: [Tenured: 349567K->349567K(349568K), 0.8999077 secs] 506815K->506805K(506816K), [Metaspace: 7495K->7495K(1056768K)], 0.8999932 secs] [Times: user=0.91 sys=0.00, real=0.90 secs] 
2017-05-09T21:48:11.688+0300: 393.600: [Full GC (Allocation Failure) 2017-05-09T21:48:11.688+0300: 393.600: [Tenured: 349567K->349567K(349568K), 0.9067082 secs] 506815K->506805K(506816K), [Metaspace: 7495K->7495K(1056768K)], 0.9067708 secs] [Times: user=0.91 sys=0.00, real=0.91 secs] 
2017-05-09T21:48:12.595+0300: 394.507: [Full GC (Allocation Failure) 2017-05-09T21:48:12.595+0300: 394.507: [Tenured: 349568K->349568K(349568K), 0.8979058 secs] 506815K->506806K(506816K), [Metaspace: 7495K->7495K(1056768K)], 0.8979946 secs] [Times: user=0.91 sys=0.00, real=0.90 secs] 
2017-05-09T21:48:13.494+0300: 395.406: [Full GC (Allocation Failure) 2017-05-09T21:48:13.494+0300: 395.406: [Tenured: 349568K->349002K(349568K), 0.8681537 secs] 506815K->506241K(506816K), [Metaspace: 7495K->7495K(1056768K)], 0.8682356 secs] [Times: user=0.86 sys=0.00, real=0.87 secs] 
2017-05-09T21:48:14.375+0300: 396.288: [Full GC (Allocation Failure) 2017-05-09T21:48:14.375+0300: 396.288: [Tenured: 349567K->349567K(349568K), 0.9139704 secs] 506815K->506806K(506816K), [Metaspace: 7495K->7495K(1056768K)], 0.9140562 secs] [Times: user=0.92 sys=0.00, real=0.91 secs] 
2017-05-09T21:48:15.290+0300: 397.202: [Full GC (Allocation Failure) 2017-05-09T21:48:15.290+0300: 397.202: [Tenured: 349567K->349567K(349568K), 0.9312514 secs] 506815K->506807K(506816K), [Metaspace: 7495K->7495K(1056768K)], 0.9313168 secs] [Times: user=0.91 sys=0.00, real=0.93 secs] 
2017-05-09T21:48:16.222+0300: 398.134: [Full GC (Allocation Failure) 2017-05-09T21:48:16.222+0300: 398.134: [Tenured: 349568K->349568K(349568K), 0.9147606 secs] 506815K->506807K(506816K), [Metaspace: 7495K->7495K(1056768K)], 0.9148426 secs] [Times: user=0.89 sys=0.00, real=0.92 secs] 
2017-05-09T21:48:17.137+0300: 399.049: [Full GC (Allocation Failure) 2017-05-09T21:48:17.137+0300: 399.049: [Tenured: 349568K->349024K(349568K), 0.9094919 secs] 506815K->506264K(506816K), [Metaspace: 7495K->7495K(1056768K)], 0.9096259 secs] [Times: user=0.91 sys=0.00, real=0.91 secs] 
2017-05-09T21:48:18.059+0300: 399.972: [Full GC (Allocation Failure) 2017-05-09T21:48:18.059+0300: 399.972: [Tenured: 349567K->349567K(349568K), 0.8972504 secs] 506815K->506808K(506816K), [Metaspace: 7495K->7495K(1056768K)], 0.8973456 secs] [Times: user=0.88 sys=0.00, real=0.90 secs] 
2017-05-09T21:48:18.957+0300: 400.869: [Full GC (Allocation Failure) 2017-05-09T21:48:18.957+0300: 400.869: [Tenured: 349567K->349567K(349568K), 0.8799543 secs] 506815K->506808K(506816K), [Metaspace: 7495K->7495K(1056768K)], 0.8800344 secs] [Times: user=0.89 sys=0.00, real=0.88 secs] 
2017-05-09T21:48:19.838+0300: 401.750: [Full GC (Allocation Failure) 2017-05-09T21:48:19.838+0300: 401.750: [Tenured: 349567K->349567K(349568K), 0.8914176 secs] 506815K->506808K(506816K), [Metaspace: 7495K->7495K(1056768K)], 0.8914893 secs] [Times: user=0.89 sys=0.00, real=0.89 secs] 
2017-05-09T21:48:20.730+0300: 402.642: [Full GC (Allocation Failure) 2017-05-09T21:48:20.730+0300: 402.642: [Tenured: 349567K->349045K(349568K), 0.8865425 secs] 506815K->506286K(506816K), [Metaspace: 7495K->7495K(1056768K)], 0.8866515 secs] [Times: user=0.88 sys=0.00, real=0.89 secs] 
2017-05-09T21:48:21.629+0300: 403.542: [Full GC (Allocation Failure) 2017-05-09T21:48:21.629+0300: 403.542: [Tenured: 349567K->349567K(349568K), 0.8882884 secs] 506815K->506809K(506816K), [Metaspace: 7495K->7495K(1056768K)], 0.8883754 secs] [Times: user=0.88 sys=0.00, real=0.89 secs] 
2017-05-09T21:48:22.518+0300: 404.430: [Full GC (Allocation Failure) 2017-05-09T21:48:22.518+0300: 404.430: [Tenured: 349567K->349567K(349568K), 0.8948597 secs] 506815K->506809K(506816K), [Metaspace: 7495K->7495K(1056768K)], 0.8949371 secs] [Times: user=0.88 sys=0.00, real=0.90 secs] 
2017-05-09T21:48:23.413+0300: 405.326: [Full GC (Allocation Failure) 2017-05-09T21:48:23.413+0300: 405.326: [Tenured: 349567K->349567K(349568K), 0.8927729 secs] 506815K->506809K(506816K), [Metaspace: 7495K->7495K(1056768K)], 0.8928418 secs] [Times: user=0.91 sys=0.00, real=0.89 secs] 
2017-05-09T21:48:24.307+0300: 406.219: [Full GC (Allocation Failure) 2017-05-09T21:48:24.307+0300: 406.219: [Tenured: 349567K->349066K(349568K), 0.8850038 secs] 506815K->506308K(506816K), [Metaspace: 7495K->7495K(1056768K)], 0.8850791 secs] [Times: user=0.88 sys=0.00, real=0.88 secs] 
2017-05-09T21:48:25.208+0300: 407.120: [Full GC (Allocation Failure) 2017-05-09T21:48:25.208+0300: 407.120: [Tenured: 349568K->349568K(349568K), 0.8907176 secs] 506815K->506810K(506816K), [Metaspace: 7495K->7495K(1056768K)], 0.8908246 secs] [Times: user=0.86 sys=0.00, real=0.89 secs] 
2017-05-09T21:48:26.099+0300: 408.011: [Full GC (Allocation Failure) 2017-05-09T21:48:26.099+0300: 408.011: [Tenured: 349568K->349568K(349568K), 0.8807217 secs] 506815K->506810K(506816K), [Metaspace: 7495K->7495K(1056768K)], 0.8808160 secs] [Times: user=0.89 sys=0.00, real=0.88 secs] 
2017-05-09T21:48:26.980+0300: 408.892: [Full GC (Allocation Failure) 2017-05-09T21:48:26.980+0300: 408.892: [Tenured: 349568K->349568K(349568K), 0.8899722 secs] 506815K->506810K(506816K), [Metaspace: 7495K->7495K(1056768K)], 0.8900512 secs] [Times: user=0.89 sys=0.00, real=0.89 secs] 
2017-05-09T21:48:27.870+0300: 409.783: [Full GC (Allocation Failure) 2017-05-09T21:48:27.870+0300: 409.783: [Tenured: 349568K->349085K(349568K), 0.8992511 secs] 506815K->506328K(506816K), [Metaspace: 7495K->7495K(1056768K)], 0.8993384 secs] [Times: user=0.89 sys=0.00, real=0.90 secs] 
2017-05-09T21:48:28.782+0300: 410.694: [Full GC (Allocation Failure) 2017-05-09T21:48:28.782+0300: 410.694: [Tenured: 349568K->349568K(349568K), 0.8718121 secs] 506815K->506811K(506816K), [Metaspace: 7495K->7495K(1056768K)], 0.8719066 secs] [Times: user=0.88 sys=0.00, real=0.87 secs] 
2017-05-09T21:48:29.654+0300: 411.566: [Full GC (Allocation Failure) 2017-05-09T21:48:29.655+0300: 411.567: [Tenured: 349568K->349568K(349568K), 0.8882643 secs] 506815K->506811K(506816K), [Metaspace: 7495K->7495K(1056768K)], 0.8883667 secs] [Times: user=0.89 sys=0.00, real=0.89 secs] 
2017-05-09T21:48:30.543+0300: 412.455: [Full GC (Allocation Failure) 2017-05-09T21:48:30.543+0300: 412.455: [Tenured: 349568K->349568K(349568K), 0.9034425 secs] 506815K->506811K(506816K), [Metaspace: 7495K->7495K(1056768K)], 0.9035166 secs] [Times: user=0.89 sys=0.00, real=0.90 secs] 
2017-05-09T21:48:31.447+0300: 413.359: [Full GC (Allocation Failure) 2017-05-09T21:48:31.447+0300: 413.359: [Tenured: 349568K->349104K(349568K), 0.9150513 secs] 506815K->506348K(506816K), [Metaspace: 7495K->7495K(1056768K)], 0.9151202 secs] [Times: user=0.91 sys=0.00, real=0.91 secs] 
2017-05-09T21:48:32.374+0300: 414.286: [Full GC (Allocation Failure) 2017-05-09T21:48:32.374+0300: 414.286: [Tenured: 349567K->349567K(349568K), 0.9186425 secs] 506815K->506811K(506816K), [Metaspace: 7495K->7495K(1056768K)], 0.9187940 secs] [Times: user=0.92 sys=0.00, real=0.92 secs] 
2017-05-09T21:48:33.292+0300: 415.205: [Full GC (Allocation Failure) 2017-05-09T21:48:33.292+0300: 415.205: [Tenured: 349567K->349567K(349568K), 0.9060052 secs] 506815K->506811K(506816K), [Metaspace: 7495K->7495K(1056768K)], 0.9060865 secs] [Times: user=0.91 sys=0.00, real=0.91 secs] 
2017-05-09T21:48:34.199+0300: 416.111: [Full GC (Allocation Failure) 2017-05-09T21:48:34.199+0300: 416.111: [Tenured: 349567K->349567K(349568K), 0.8843267 secs] 506815K->506812K(506816K), [Metaspace: 7495K->7495K(1056768K)], 0.8844903 secs] [Times: user=0.88 sys=0.00, real=0.89 secs] 
2017-05-09T21:48:35.084+0300: 416.996: [Full GC (Allocation Failure) 2017-05-09T21:48:35.084+0300: 416.996: [Tenured: 349567K->349122K(349568K), 0.8770441 secs] 506815K->506366K(506816K), [Metaspace: 7495K->7495K(1056768K)], 0.8771073 secs] [Times: user=0.88 sys=0.00, real=0.88 secs] 
2017-05-09T21:48:35.971+0300: 417.883: [Full GC (Allocation Failure) 2017-05-09T21:48:35.971+0300: 417.883: [Tenured: 349567K->349567K(349568K), 0.8802982 secs] 506815K->506812K(506816K), [Metaspace: 7495K->7495K(1056768K)], 0.8803886 secs] [Times: user=0.88 sys=0.00, real=0.88 secs] 
2017-05-09T21:48:36.852+0300: 418.764: [Full GC (Allocation Failure) 2017-05-09T21:48:36.852+0300: 418.764: [Tenured: 349567K->349567K(349568K), 0.8811744 secs] 506815K->506812K(506816K), [Metaspace: 7495K->7495K(1056768K)], 0.8812478 secs] [Times: user=0.88 sys=0.00, real=0.88 secs] 
2017-05-09T21:48:37.733+0300: 419.646: [Full GC (Allocation Failure) 2017-05-09T21:48:37.733+0300: 419.646: [Tenured: 349567K->349567K(349568K), 0.8737929 secs] 506815K->506812K(506816K), [Metaspace: 7495K->7495K(1056768K)], 0.8738607 secs] [Times: user=0.88 sys=0.00, real=0.87 secs] 
2017-05-09T21:48:38.608+0300: 420.520: [Full GC (Allocation Failure) 2017-05-09T21:48:38.608+0300: 420.520: [Tenured: 349567K->349139K(349568K), 0.8733520 secs] 506815K->506384K(506816K), [Metaspace: 7495K->7495K(1056768K)], 0.8734128 secs] [Times: user=0.88 sys=0.00, real=0.87 secs] 
2017-05-09T21:48:39.492+0300: 421.405: [Full GC (Allocation Failure) 2017-05-09T21:48:39.492+0300: 421.405: [Tenured: 349567K->349567K(349568K), 0.8774522 secs] 506815K->506812K(506816K), [Metaspace: 7495K->7495K(1056768K)], 0.8775278 secs] [Times: user=0.88 sys=0.00, real=0.88 secs] 
2017-05-09T21:48:40.370+0300: 422.282: [Full GC (Allocation Failure) 2017-05-09T21:48:40.370+0300: 422.282: [Tenured: 349567K->349567K(349568K), 0.8755641 secs] 506815K->506813K(506816K), [Metaspace: 7495K->7495K(1056768K)], 0.8756267 secs] [Times: user=0.88 sys=0.00, real=0.88 secs] 
2017-05-09T21:48:41.246+0300: 423.158: [Full GC (Allocation Failure) 2017-05-09T21:48:41.246+0300: 423.158: [Tenured: 349567K->349567K(349568K), 0.8768829 secs] 506815K->506813K(506816K), [Metaspace: 7495K->7495K(1056768K)], 0.8769453 secs] [Times: user=0.88 sys=0.00, real=0.88 secs] 
2017-05-09T21:48:42.123+0300: 424.036: [Full GC (Allocation Failure) 2017-05-09T21:48:42.123+0300: 424.036: [Tenured: 349567K->349156K(349568K), 0.8768140 secs] 506815K->506401K(506816K), [Metaspace: 7495K->7495K(1056768K)], 0.8768754 secs] [Times: user=0.88 sys=0.00, real=0.88 secs] 
2017-05-09T21:48:43.011+0300: 424.923: [Full GC (Allocation Failure) 2017-05-09T21:48:43.011+0300: 424.923: [Tenured: 349567K->349567K(349568K), 0.8780090 secs] 506815K->506813K(506816K), [Metaspace: 7495K->7495K(1056768K)], 0.8780918 secs] [Times: user=0.88 sys=0.00, real=0.88 secs] 
2017-05-09T21:48:43.889+0300: 425.801: [Full GC (Allocation Failure) 2017-05-09T21:48:43.889+0300: 425.801: [Tenured: 349567K->349567K(349568K), 0.8789508 secs] 506815K->506813K(506816K), [Metaspace: 7495K->7495K(1056768K)], 0.8790231 secs] [Times: user=0.88 sys=0.00, real=0.88 secs] 
2017-05-09T21:48:44.768+0300: 426.681: [Full GC (Allocation Failure) 2017-05-09T21:48:44.769+0300: 426.681: [Tenured: 349567K->349567K(349568K), 0.8753626 secs] 506815K->506813K(506816K), [Metaspace: 7495K->7495K(1056768K)], 0.8754361 secs] [Times: user=0.88 sys=0.00, real=0.88 secs] 
2017-05-09T21:48:45.644+0300: 427.556: [Full GC (Allocation Failure) 2017-05-09T21:48:45.644+0300: 427.556: [Tenured: 349567K->349172K(349568K), 0.8796845 secs] 506815K->506418K(506816K), [Metaspace: 7495K->7495K(1056768K)], 0.8797516 secs] [Times: user=0.89 sys=0.00, real=0.88 secs] 
2017-05-09T21:48:46.534+0300: 428.446: [Full GC (Allocation Failure) 2017-05-09T21:48:46.534+0300: 428.446: [Tenured: 349567K->349567K(349568K), 0.8834422 secs] 506815K->506813K(506816K), [Metaspace: 7495K->7495K(1056768K)], 0.8835274 secs] [Times: user=0.89 sys=0.00, real=0.88 secs] 
2017-05-09T21:48:47.418+0300: 429.330: [Full GC (Allocation Failure) 2017-05-09T21:48:47.418+0300: 429.330: [Tenured: 349567K->349567K(349568K), 0.8973257 secs] 506815K->506813K(506816K), [Metaspace: 7495K->7495K(1056768K)], 0.8973971 secs] [Times: user=0.88 sys=0.00, real=0.90 secs] 
2017-05-09T21:48:48.316+0300: 430.228: [Full GC (Allocation Failure) 2017-05-09T21:48:48.316+0300: 430.228: [Tenured: 349567K->349567K(349568K), 0.8876032 secs] 506815K->506813K(506816K), [Metaspace: 7495K->7495K(1056768K)], 0.8876791 secs] [Times: user=0.89 sys=0.00, real=0.89 secs] 
2017-05-09T21:48:49.203+0300: 431.116: [Full GC (Allocation Failure) 2017-05-09T21:48:49.203+0300: 431.116: [Tenured: 349567K->349187K(349568K), 0.8841834 secs] 506815K->506433K(506816K), [Metaspace: 7495K->7495K(1056768K)], 0.8842530 secs] [Times: user=0.88 sys=0.00, real=0.88 secs] 
2017-05-09T21:48:50.097+0300: 432.009: [Full GC (Allocation Failure) 2017-05-09T21:48:50.097+0300: 432.009: [Tenured: 349567K->349567K(349568K), 0.8714010 secs] 506815K->506814K(506816K), [Metaspace: 7495K->7495K(1056768K)], 0.8714907 secs] [Times: user=0.88 sys=0.00, real=0.87 secs] 
2017-05-09T21:48:50.969+0300: 432.881: [Full GC (Allocation Failure) 2017-05-09T21:48:50.969+0300: 432.881: [Tenured: 349567K->349567K(349568K), 0.8735405 secs] 506815K->506814K(506816K), [Metaspace: 7495K->7495K(1056768K)], 0.8736236 secs] [Times: user=0.88 sys=0.00, real=0.87 secs] 
2017-05-09T21:48:51.843+0300: 433.755: [Full GC (Allocation Failure) 2017-05-09T21:48:51.843+0300: 433.755: [Tenured: 349567K->349567K(349568K), 0.8728571 secs] 506815K->506814K(506816K), [Metaspace: 7495K->7495K(1056768K)], 0.8729297 secs] [Times: user=0.88 sys=0.00, real=0.87 secs] 
2017-05-09T21:48:52.716+0300: 434.628: [Full GC (Allocation Failure) 2017-05-09T21:48:52.716+0300: 434.628: [Tenured: 349567K->349202K(349568K), 0.8726752 secs] 506815K->506448K(506816K), [Metaspace: 7495K->7495K(1056768K)], 0.8727629 secs] [Times: user=0.86 sys=0.00, real=0.87 secs] 
2017-05-09T21:48:53.599+0300: 435.511: [Full GC (Allocation Failure) 2017-05-09T21:48:53.599+0300: 435.511: [Tenured: 349568K->349568K(349568K), 0.8746919 secs] 506815K->506814K(506816K), [Metaspace: 7495K->7495K(1056768K)], 0.8747744 secs] [Times: user=0.88 sys=0.00, real=0.88 secs] 
2017-05-09T21:48:54.474+0300: 436.386: [Full GC (Allocation Failure) 2017-05-09T21:48:54.474+0300: 436.386: [Tenured: 349568K->349568K(349568K), 0.8714606 secs] 506815K->506814K(506816K), [Metaspace: 7495K->7495K(1056768K)], 0.8715323 secs] [Times: user=0.88 sys=0.00, real=0.87 secs] 
2017-05-09T21:48:55.345+0300: 437.258: [Full GC (Allocation Failure) 2017-05-09T21:48:55.345+0300: 437.258: [Tenured: 349568K->349568K(349568K), 0.8738736 secs] 506815K->506814K(506816K), [Metaspace: 7495K->7495K(1056768K)], 0.8739381 secs] [Times: user=0.88 sys=0.00, real=0.87 secs] 
2017-05-09T21:48:56.219+0300: 438.132: [Full GC (Allocation Failure) 2017-05-09T21:48:56.220+0300: 438.132: [Tenured: 349568K->349216K(349568K), 0.8718178 secs] 506815K->506463K(506816K), [Metaspace: 7495K->7495K(1056768K)], 0.8718832 secs] [Times: user=0.88 sys=0.00, real=0.87 secs] 
2017-05-09T21:48:57.101+0300: 439.013: [Full GC (Allocation Failure) 2017-05-09T21:48:57.101+0300: 439.013: [Tenured: 349567K->349567K(349568K), 0.8744136 secs] 506815K->506814K(506816K), [Metaspace: 7495K->7495K(1056768K)], 0.8744976 secs] [Times: user=0.88 sys=0.00, real=0.87 secs] 
2017-05-09T21:48:57.975+0300: 439.888: [Full GC (Allocation Failure) 2017-05-09T21:48:57.975+0300: 439.888: [Tenured: 349567K->349567K(349568K), 0.8881794 secs] 506815K->506814K(506816K), [Metaspace: 7495K->7495K(1056768K)], 0.8882468 secs] [Times: user=0.89 sys=0.00, real=0.89 secs] 
2017-05-09T21:48:58.864+0300: 440.776: [Full GC (Allocation Failure) 2017-05-09T21:48:58.864+0300: 440.776: [Tenured: 349567K->349567K(349568K), 0.8721940 secs] 506815K->506814K(506816K), [Metaspace: 7495K->7495K(1056768K)], 0.8722554 secs] [Times: user=0.88 sys=0.00, real=0.87 secs] 
2017-05-09T21:48:59.737+0300: 441.649: [Full GC (Allocation Failure) 2017-05-09T21:48:59.737+0300: 441.649: [Tenured: 349567K->349230K(349568K), 0.8714332 secs] 506815K->506477K(506816K), [Metaspace: 7495K->7495K(1056768K)], 0.8715025 secs] [Times: user=0.88 sys=0.00, real=0.87 secs] 
2017-05-09T21:49:00.616+0300: 442.528: [Full GC (Allocation Failure) 2017-05-09T21:49:00.616+0300: 442.529: [Tenured: 349567K->349567K(349568K), 0.8737034 secs] 506815K->506814K(506816K), [Metaspace: 7495K->7495K(1056768K)], 0.8737860 secs] [Times: user=0.88 sys=0.00, real=0.87 secs] 
2017-05-09T21:49:01.490+0300: 443.402: [Full GC (Allocation Failure) 2017-05-09T21:49:01.490+0300: 443.403: [Tenured: 349567K->349567K(349568K), 0.8757005 secs] 506815K->506814K(506816K), [Metaspace: 7495K->7495K(1056768K)], 0.8757764 secs] [Times: user=0.86 sys=0.00, real=0.88 secs] 
2017-05-09T21:49:02.366+0300: 444.278: [Full GC (Allocation Failure) 2017-05-09T21:49:02.366+0300: 444.278: [Tenured: 349567K->349567K(349568K), 0.8709278 secs] 506815K->506815K(506816K), [Metaspace: 7495K->7495K(1056768K)], 0.8709899 secs] [Times: user=0.88 sys=0.00, real=0.87 secs] 
2017-05-09T21:49:03.238+0300: 445.150: [Full GC (Allocation Failure) 2017-05-09T21:49:03.238+0300: 445.150: [Tenured: 349567K->349243K(349568K), 0.8714525 secs] 506815K->506490K(506816K), [Metaspace: 7495K->7495K(1056768K)], 0.8715226 secs] [Times: user=0.88 sys=0.00, real=0.87 secs] 
2017-05-09T21:49:04.117+0300: 446.030: [Full GC (Allocation Failure) 2017-05-09T21:49:04.117+0300: 446.030: [Tenured: 349567K->349567K(349568K), 0.8725837 secs] 506815K->506814K(506816K), [Metaspace: 7495K->7495K(1056768K)], 0.8726623 secs] [Times: user=0.86 sys=0.00, real=0.87 secs] 
2017-05-09T21:49:04.990+0300: 446.902: [Full GC (Allocation Failure) 2017-05-09T21:49:04.990+0300: 446.902: [Tenured: 349567K->349567K(349568K), 0.8675972 secs] 506815K->506815K(506816K), [Metaspace: 7495K->7495K(1056768K)], 0.8676544 secs] [Times: user=0.88 sys=0.00, real=0.87 secs] 
2017-05-09T21:49:05.858+0300: 447.770: [Full GC (Allocation Failure) 2017-05-09T21:49:05.858+0300: 447.770: [Tenured: 349567K->349567K(349568K), 0.8706947 secs] 506815K->506815K(506816K), [Metaspace: 7495K->7495K(1056768K)], 0.8707679 secs] [Times: user=0.88 sys=0.00, real=0.87 secs] 
2017-05-09T21:49:06.729+0300: 448.641: [Full GC (Allocation Failure) 2017-05-09T21:49:06.729+0300: 448.641: [Tenured: 349567K->349256K(349568K), 0.8695521 secs] 506815K->506503K(506816K), [Metaspace: 7495K->7495K(1056768K)], 0.8696343 secs] [Times: user=0.86 sys=0.00, real=0.87 secs] 
2017-05-09T21:49:07.606+0300: 449.519: [Full GC (Allocation Failure) 2017-05-09T21:49:07.606+0300: 449.519: [Tenured: 349567K->349567K(349568K), 0.8704195 secs] 506815K->506815K(506816K), [Metaspace: 7495K->7495K(1056768K)], 0.8705191 secs] [Times: user=0.86 sys=0.02, real=0.87 secs] 
2017-05-09T21:49:08.477+0300: 450.389: [Full GC (Allocation Failure) 2017-05-09T21:49:08.477+0300: 450.389: [Tenured: 349567K->349567K(349568K), 0.8733402 secs] 506815K->506815K(506816K), [Metaspace: 7495K->7495K(1056768K)], 0.8734134 secs] [Times: user=0.86 sys=0.00, real=0.87 secs] 
2017-05-09T21:49:09.351+0300: 451.263: [Full GC (Allocation Failure) 2017-05-09T21:49:09.351+0300: 451.263: [Tenured: 349567K->349567K(349568K), 0.8735896 secs] 506815K->506815K(506816K), [Metaspace: 7495K->7495K(1056768K)], 0.8736529 secs] [Times: user=0.88 sys=0.00, real=0.87 secs] 
2017-05-09T21:49:10.225+0300: 452.137: [Full GC (Allocation Failure) 2017-05-09T21:49:10.225+0300: 452.137: [Tenured: 349567K->349268K(349568K), 0.8743901 secs] 506815K->506515K(506816K), [Metaspace: 7495K->7495K(1056768K)], 0.8744618 secs] [Times: user=0.88 sys=0.00, real=0.87 secs] 
2017-05-09T21:49:11.107+0300: 453.019: [Full GC (Allocation Failure) 2017-05-09T21:49:11.107+0300: 453.019: [Tenured: 349567K->349567K(349568K), 0.8727026 secs] 506815K->506815K(506816K), [Metaspace: 7495K->7495K(1056768K)], 0.8727885 secs] [Times: user=0.88 sys=0.00, real=0.87 secs] 
2017-05-09T21:49:11.980+0300: 453.892: [Full GC (Allocation Failure) 2017-05-09T21:49:11.980+0300: 453.892: [Tenured: 349567K->349567K(349568K), 0.8697469 secs] 506815K->506815K(506816K), [Metaspace: 7495K->7495K(1056768K)], 0.8698078 secs] [Times: user=0.86 sys=0.00, real=0.87 secs] 
2017-05-09T21:49:12.850+0300: 454.762: [Full GC (Allocation Failure) 2017-05-09T21:49:12.850+0300: 454.762: [Tenured: 349567K->349567K(349568K), 0.8732339 secs] 506815K->506815K(506816K), [Metaspace: 7495K->7495K(1056768K)], 0.8733068 secs] [Times: user=0.88 sys=0.00, real=0.87 secs] 
2017-05-09T21:49:13.724+0300: 455.636: [Full GC (Allocation Failure) 2017-05-09T21:49:13.724+0300: 455.636: [Tenured: 349567K->349279K(349568K), 0.8752964 secs] 506815K->506527K(506816K), [Metaspace: 7495K->7495K(1056768K)], 0.8753650 secs] [Times: user=0.88 sys=0.00, real=0.88 secs] 
2017-05-09T21:49:14.606+0300: 456.518: [Full GC (Allocation Failure) 2017-05-09T21:49:14.606+0300: 456.518: [Tenured: 349567K->349567K(349568K), 0.8708194 secs] 506815K->506815K(506816K), [Metaspace: 7495K->7495K(1056768K)], 0.8709233 secs] [Times: user=0.86 sys=0.02, real=0.87 secs] 
2017-05-09T21:49:15.477+0300: 457.389: [Full GC (Allocation Failure) 2017-05-09T21:49:15.477+0300: 457.389: [Tenured: 349567K->349567K(349568K), 0.8740197 secs] 506815K->506815K(506816K), [Metaspace: 7495K->7495K(1056768K)], 0.8740835 secs] [Times: user=0.86 sys=0.00, real=0.87 secs] 
2017-05-09T21:49:16.351+0300: 458.263: [Full GC (Allocation Failure) 2017-05-09T21:49:16.351+0300: 458.263: [Tenured: 349567K->349567K(349568K), 0.8722048 secs] 506815K->506815K(506816K), [Metaspace: 7495K->7495K(1056768K)], 0.8722717 secs] [Times: user=0.88 sys=0.00, real=0.87 secs] 
2017-05-09T21:49:17.224+0300: 459.136: [Full GC (Allocation Failure) 2017-05-09T21:49:17.224+0300: 459.136: [Tenured: 349567K->349291K(349568K), 0.8708808 secs] 506815K->506538K(506816K), [Metaspace: 7495K->7495K(1056768K)], 0.8709706 secs] [Times: user=0.88 sys=0.00, real=0.87 secs] 
2017-05-09T21:49:18.106+0300: 460.018: [Full GC (Allocation Failure) 2017-05-09T21:49:18.106+0300: 460.018: [Tenured: 349568K->349568K(349568K), 0.8732993 secs] 506815K->506815K(506816K), [Metaspace: 7495K->7495K(1056768K)], 0.8733842 secs] [Times: user=0.86 sys=0.00, real=0.87 secs] 
2017-05-09T21:49:18.979+0300: 460.891: [Full GC (Allocation Failure) 2017-05-09T21:49:18.979+0300: 460.891: [Tenured: 349568K->349568K(349568K), 0.8713302 secs] 506815K->506815K(506816K), [Metaspace: 7495K->7495K(1056768K)], 0.8714088 secs] [Times: user=0.86 sys=0.00, real=0.87 secs] 
2017-05-09T21:49:19.851+0300: 461.763: [Full GC (Allocation Failure) 2017-05-09T21:49:19.851+0300: 461.763: [Tenured: 349568K->349568K(349568K), 0.8731854 secs] 506815K->506815K(506816K), [Metaspace: 7495K->7495K(1056768K)], 0.8732776 secs] [Times: user=0.86 sys=0.00, real=0.87 secs] 
2017-05-09T21:49:20.724+0300: 462.636: [Full GC (Allocation Failure) 2017-05-09T21:49:20.724+0300: 462.636: [Tenured: 349568K->349301K(349568K), 0.8709492 secs] 506815K->506549K(506816K), [Metaspace: 7495K->7495K(1056768K)], 0.8710143 secs] [Times: user=0.88 sys=0.00, real=0.87 secs] 
2017-05-09T21:49:21.606+0300: 463.518: [Full GC (Allocation Failure) 2017-05-09T21:49:21.606+0300: 463.518: [Tenured: 349567K->349567K(349568K), 0.8732390 secs] 506815K->506815K(506816K), [Metaspace: 7495K->7495K(1056768K)], 0.8733243 secs] [Times: user=0.88 sys=0.00, real=0.87 secs] 
2017-05-09T21:49:22.479+0300: 464.391: [Full GC (Allocation Failure) 2017-05-09T21:49:22.479+0300: 464.391: [Tenured: 349567K->349567K(349568K), 0.8717796 secs] 506815K->506815K(506816K), [Metaspace: 7495K->7495K(1056768K)], 0.8718494 secs] [Times: user=0.86 sys=0.00, real=0.87 secs] 
2017-05-09T21:49:23.351+0300: 465.263: [Full GC (Allocation Failure) 2017-05-09T21:49:23.351+0300: 465.263: [Tenured: 349567K->349567K(349568K), 0.8696629 secs] 506815K->506815K(506816K), [Metaspace: 7495K->7495K(1056768K)], 0.8697427 secs] [Times: user=0.88 sys=0.00, real=0.87 secs] 
2017-05-09T21:49:24.221+0300: 466.133: [Full GC (Allocation Failure) 2017-05-09T21:49:24.221+0300: 466.133: [Tenured: 349567K->349312K(349568K), 0.8755623 secs] 506815K->506559K(506816K), [Metaspace: 7495K->7495K(1056768K)], 0.8756304 secs] [Times: user=0.88 sys=0.00, real=0.88 secs] 
2017-05-09T21:49:25.103+0300: 467.015: [Full GC (Allocation Failure) 2017-05-09T21:49:25.103+0300: 467.015: [Tenured: 349568K->349568K(349568K), 0.8698020 secs] 506815K->506815K(506816K), [Metaspace: 7495K->7495K(1056768K)], 0.8698831 secs] [Times: user=0.84 sys=0.00, real=0.87 secs] 
2017-05-09T21:49:25.973+0300: 467.885: [Full GC (Allocation Failure) 2017-05-09T21:49:25.973+0300: 467.885: [Tenured: 349568K->349568K(349568K), 0.8761526 secs] 506815K->506815K(506816K), [Metaspace: 7495K->7495K(1056768K)], 0.8762252 secs] [Times: user=0.88 sys=0.00, real=0.88 secs] 
2017-05-09T21:49:26.849+0300: 468.762: [Full GC (Allocation Failure) 2017-05-09T21:49:26.849+0300: 468.762: [Tenured: 349568K->349568K(349568K), 0.8731225 secs] 506815K->506815K(506816K), [Metaspace: 7495K->7495K(1056768K)], 0.8731912 secs] [Times: user=0.88 sys=0.00, real=0.87 secs] 
2017-05-09T21:49:27.723+0300: 469.635: [Full GC (Allocation Failure) 2017-05-09T21:49:27.723+0300: 469.635: [Tenured: 349568K->349322K(349568K), 0.8788885 secs] 506815K->506569K(506816K), [Metaspace: 7495K->7495K(1056768K)], 0.8789770 secs] [Times: user=0.88 sys=0.00, real=0.88 secs] 
2017-05-09T21:49:28.608+0300: 470.520: [Full GC (Allocation Failure) 2017-05-09T21:49:28.608+0300: 470.520: [Tenured: 349567K->349567K(349568K), 0.8930569 secs] 506815K->506815K(506816K), [Metaspace: 7495K->7495K(1056768K)], 0.8931496 secs] [Times: user=0.88 sys=0.00, real=0.89 secs] 
2017-05-09T21:49:29.502+0300: 471.414: [Full GC (Allocation Failure) 2017-05-09T21:49:29.502+0300: 471.414: [Tenured: 349567K->349567K(349568K), 0.8714136 secs] 506815K->506815K(506816K), [Metaspace: 7495K->7495K(1056768K)], 0.8714784 secs] [Times: user=0.88 sys=0.00, real=0.87 secs] 
2017-05-09T21:49:30.373+0300: 472.285: [Full GC (Allocation Failure) 2017-05-09T21:49:30.373+0300: 472.285: [Tenured: 349567K->349567K(349568K), 0.8759141 secs] 506815K->506815K(506816K), [Metaspace: 7495K->7495K(1056768K)], 0.8759824 secs] [Times: user=0.88 sys=0.00, real=0.88 secs] 
2017-05-09T21:49:31.249+0300: 473.161: [Full GC (Allocation Failure) 2017-05-09T21:49:31.249+0300: 473.161: [Tenured: 349567K->349331K(349568K), 0.8679992 secs] 506815K->506579K(506816K), [Metaspace: 7495K->7495K(1056768K)], 0.8680709 secs] [Times: user=0.86 sys=0.00, real=0.87 secs] 
2017-05-09T21:49:32.123+0300: 474.035: [Full GC (Allocation Failure) 2017-05-09T21:49:32.123+0300: 474.035: [Tenured: 349567K->349567K(349568K), 0.8763002 secs] 506815K->506815K(506816K), [Metaspace: 7495K->7495K(1056768K)], 0.8763836 secs] [Times: user=0.88 sys=0.00, real=0.88 secs] 
2017-05-09T21:49:33.000+0300: 474.912: [Full GC (Allocation Failure) 2017-05-09T21:49:33.000+0300: 474.912: [Tenured: 349567K->349567K(349568K), 0.8888922 secs] 506815K->506815K(506816K), [Metaspace: 7495K->7495K(1056768K)], 0.8889585 secs] [Times: user=0.88 sys=0.00, real=0.89 secs] 
2017-05-09T21:49:33.889+0300: 475.801: [Full GC (Allocation Failure) 2017-05-09T21:49:33.889+0300: 475.801: [Tenured: 349567K->349567K(349568K), 0.8765923 secs] 506815K->506815K(506816K), [Metaspace: 7495K->7495K(1056768K)], 0.8766598 secs] [Times: user=0.88 sys=0.00, real=0.88 secs] 
2017-05-09T21:49:34.766+0300: 476.678: [Full GC (Allocation Failure) 2017-05-09T21:49:34.766+0300: 476.678: [Tenured: 349567K->349340K(349568K), 0.8709857 secs] 506815K->506588K(506816K), [Metaspace: 7495K->7495K(1056768K)], 0.8710504 secs] [Times: user=0.86 sys=0.00, real=0.87 secs] 
2017-05-09T21:49:35.644+0300: 477.556: [Full GC (Allocation Failure) 2017-05-09T21:49:35.644+0300: 477.556: [Tenured: 349567K->349567K(349568K), 0.8803970 secs] 506815K->506815K(506816K), [Metaspace: 7495K->7495K(1056768K)], 0.8804964 secs] [Times: user=0.89 sys=0.00, real=0.88 secs] 
2017-05-09T21:49:36.525+0300: 478.437: [Full GC (Allocation Failure) 2017-05-09T21:49:36.525+0300: 478.437: [Tenured: 349567K->349567K(349568K), 0.8740658 secs] 506815K->506815K(506816K), [Metaspace: 7495K->7495K(1056768K)], 0.8741438 secs] [Times: user=0.88 sys=0.00, real=0.87 secs] 
2017-05-09T21:49:37.399+0300: 479.311: [Full GC (Allocation Failure) 2017-05-09T21:49:37.399+0300: 479.311: [Tenured: 349567K->349567K(349568K), 0.8748488 secs] 506815K->506815K(506816K), [Metaspace: 7495K->7495K(1056768K)], 0.8749298 secs] [Times: user=0.88 sys=0.00, real=0.88 secs] 
2017-05-09T21:49:38.274+0300: 480.187: [Full GC (Allocation Failure) 2017-05-09T21:49:38.274+0300: 480.187: [Tenured: 349567K->349349K(349568K), 0.8835892 secs] 506815K->506597K(506816K), [Metaspace: 7495K->7495K(1056768K)], 0.8836563 secs] [Times: user=0.88 sys=0.00, real=0.88 secs] 
2017-05-09T21:49:39.166+0300: 481.079: [Full GC (Allocation Failure) 2017-05-09T21:49:39.166+0300: 481.079: [Tenured: 349567K->349567K(349568K), 0.8721979 secs] 506815K->506815K(506816K), [Metaspace: 7495K->7495K(1056768K)], 0.8722804 secs] [Times: user=0.86 sys=0.00, real=0.87 secs] 
2017-05-09T21:49:40.039+0300: 481.951: [Full GC (Allocation Failure) 2017-05-09T21:49:40.039+0300: 481.951: [Tenured: 349567K->349567K(349568K), 0.8711908 secs] 506815K->506815K(506816K), [Metaspace: 7495K->7495K(1056768K)], 0.8712664 secs] [Times: user=0.88 sys=0.00, real=0.87 secs] 
2017-05-09T21:49:40.910+0300: 482.822: [Full GC (Allocation Failure) 2017-05-09T21:49:40.910+0300: 482.822: [Tenured: 349567K->349567K(349568K), 0.8768004 secs] 506815K->506815K(506816K), [Metaspace: 7495K->7495K(1056768K)], 0.8768679 secs] [Times: user=0.84 sys=0.00, real=0.88 secs] 
2017-05-09T21:49:41.787+0300: 483.699: [Full GC (Allocation Failure) 2017-05-09T21:49:41.787+0300: 483.699: [Tenured: 349567K->349358K(349568K), 0.8806624 secs] 506815K->506606K(506816K), [Metaspace: 7495K->7495K(1056768K)], 0.8807419 secs] [Times: user=0.89 sys=0.00, real=0.88 secs] 
2017-05-09T21:49:42.674+0300: 484.587: [Full GC (Allocation Failure) 2017-05-09T21:49:42.674+0300: 484.587: [Tenured: 349567K->349567K(349568K), 0.8727478 secs] 506815K->506815K(506816K), [Metaspace: 7495K->7495K(1056768K)], 0.8728319 secs] [Times: user=0.88 sys=0.00, real=0.87 secs] 
2017-05-09T21:49:43.547+0300: 485.460: [Full GC (Allocation Failure) 2017-05-09T21:49:43.548+0300: 485.460: [Tenured: 349568K->349568K(349568K), 0.8773892 secs] 506815K->506815K(506816K), [Metaspace: 7495K->7495K(1056768K)], 0.8774802 secs] [Times: user=0.88 sys=0.00, real=0.88 secs] 
2017-05-09T21:49:44.425+0300: 486.337: [Full GC (Allocation Failure) 2017-05-09T21:49:44.425+0300: 486.337: [Tenured: 349568K->349568K(349568K), 0.8702147 secs] 506815K->506815K(506816K), [Metaspace: 7495K->7495K(1056768K)], 0.8702758 secs] [Times: user=0.88 sys=0.00, real=0.87 secs] 
2017-05-09T21:49:45.295+0300: 487.208: [Full GC (Allocation Failure) 2017-05-09T21:49:45.295+0300: 487.208: [Tenured: 349568K->349366K(349568K), 0.8676354 secs] 506815K->506614K(506816K), [Metaspace: 7495K->7495K(1056768K)], 0.8676996 secs] [Times: user=0.86 sys=0.00, real=0.87 secs] 
2017-05-09T21:49:46.168+0300: 488.080: [Full GC (Allocation Failure) 2017-05-09T21:49:46.168+0300: 488.080: [Tenured: 349567K->349567K(349568K), 0.8689389 secs] 506815K->506815K(506816K), [Metaspace: 7495K->7495K(1056768K)], 0.8690350 secs] [Times: user=0.86 sys=0.00, real=0.87 secs] 
2017-05-09T21:49:47.038+0300: 488.950: [Full GC (Allocation Failure) 2017-05-09T21:49:47.038+0300: 488.950: [Tenured: 349568K->349568K(349568K), 0.8711883 secs] 506815K->506815K(506816K), [Metaspace: 7495K->7495K(1056768K)], 0.8712561 secs] [Times: user=0.88 sys=0.00, real=0.87 secs] 
2017-05-09T21:49:47.909+0300: 489.821: [Full GC (Allocation Failure) 2017-05-09T21:49:47.909+0300: 489.821: [Tenured: 349568K->349568K(349568K), 0.8789815 secs] 506815K->506815K(506816K), [Metaspace: 7495K->7495K(1056768K)], 0.8790481 secs] [Times: user=0.88 sys=0.00, real=0.88 secs] 
2017-05-09T21:49:48.788+0300: 490.700: [Full GC (Allocation Failure) 2017-05-09T21:49:48.788+0300: 490.700: [Tenured: 349568K->349374K(349568K), 0.8726924 secs] 506815K->506621K(506816K), [Metaspace: 7495K->7495K(1056768K)], 0.8727532 secs] [Times: user=0.86 sys=0.00, real=0.87 secs] 
2017-05-09T21:49:49.670+0300: 491.582: [Full GC (Allocation Failure) 2017-05-09T21:49:49.670+0300: 491.582: [Tenured: 349567K->349567K(349568K), 0.8729478 secs] 506815K->506815K(506816K), [Metaspace: 7495K->7495K(1056768K)], 0.8730288 secs] [Times: user=0.88 sys=0.00, real=0.87 secs] 
2017-05-09T21:49:50.543+0300: 492.455: [Full GC (Allocation Failure) 2017-05-09T21:49:50.543+0300: 492.455: [Tenured: 349567K->349567K(349568K), 0.8789815 secs] 506815K->506815K(506816K), [Metaspace: 7495K->7495K(1056768K)], 0.8790625 secs] [Times: user=0.88 sys=0.00, real=0.88 secs] 
2017-05-09T21:49:51.422+0300: 493.334: [Full GC (Allocation Failure) 2017-05-09T21:49:51.422+0300: 493.334: [Tenured: 349567K->349381K(349568K), 0.8708372 secs] 506815K->506629K(506816K), [Metaspace: 7495K->7495K(1056768K)], 0.8709046 secs] [Times: user=0.86 sys=0.00, real=0.87 secs] 
2017-05-09T21:49:52.300+0300: 494.212: [Full GC (Allocation Failure) 2017-05-09T21:49:52.300+0300: 494.212: [Tenured: 349568K->349388K(349568K), 0.8700873 secs] 506815K->506636K(506816K), [Metaspace: 7495K->7495K(1056768K)], 0.8701665 secs] [Times: user=0.88 sys=0.00, real=0.87 secs] 
2017-05-09T21:49:53.179+0300: 495.091: [Full GC (Allocation Failure) 2017-05-09T21:49:53.179+0300: 495.091: [Tenured: 349568K->349568K(349568K), 0.8782186 secs] 506815K->506815K(506816K), [Metaspace: 7495K->7495K(1056768K)], 0.8783048 secs] [Times: user=0.89 sys=0.00, real=0.88 secs] 
2017-05-09T21:49:54.057+0300: 495.970: [Full GC (Allocation Failure) 2017-05-09T21:49:54.057+0300: 495.970: [Tenured: 349568K->349568K(349568K), 0.8942079 secs] 506815K->506815K(506816K), [Metaspace: 7495K->7495K(1056768K)], 0.8942974 secs] [Times: user=0.88 sys=0.00, real=0.89 secs] 
2017-05-09T21:49:54.952+0300: 496.864: [Full GC (Allocation Failure) 2017-05-09T21:49:54.952+0300: 496.864: [Tenured: 349568K->349395K(349568K), 0.8977802 secs] 506815K->506643K(506816K), [Metaspace: 7495K->7495K(1056768K)], 0.8978386 secs] [Times: user=0.88 sys=0.00, real=0.90 secs] 
2017-05-09T21:49:55.854+0300: 497.766: [Full GC (Allocation Failure) 2017-05-09T21:49:55.854+0300: 497.766: [Tenured: 349567K->349402K(349568K), 0.8677601 secs] 506815K->506650K(506816K), [Metaspace: 7495K->7495K(1056768K)], 0.8678279 secs] [Times: user=0.86 sys=0.00, real=0.87 secs] 
2017-05-09T21:49:56.727+0300: 498.639: [Full GC (Allocation Failure) 2017-05-09T21:49:56.727+0300: 498.639: [Tenured: 349567K->349567K(349568K), 0.8821950 secs] 506815K->506815K(506816K), [Metaspace: 7495K->7495K(1056768K)], 0.8822758 secs] [Times: user=0.86 sys=0.00, real=0.88 secs] 
2017-05-09T21:49:57.609+0300: 499.522: [Full GC (Allocation Failure) 2017-05-09T21:49:57.609+0300: 499.522: [Tenured: 349567K->349567K(349568K), 0.8729806 secs] 506815K->506815K(506816K), [Metaspace: 7495K->7495K(1056768K)], 0.8730547 secs] [Times: user=0.88 sys=0.00, real=0.87 secs] 
2017-05-09T21:49:58.483+0300: 500.395: [Full GC (Allocation Failure) 2017-05-09T21:49:58.483+0300: 500.395: [Tenured: 349568K->349568K(349568K), 0.8793333 secs] 506815K->506815K(506816K), [Metaspace: 7495K->7495K(1056768K)], 0.8794152 secs] [Times: user=0.88 sys=0.00, real=0.88 secs] 
2017-05-09T21:49:59.362+0300: 501.274: [Full GC (Allocation Failure) 2017-05-09T21:49:59.362+0300: 501.274: [Tenured: 349568K->349408K(349568K), 0.8738899 secs] 506815K->506656K(506816K), [Metaspace: 7495K->7495K(1056768K)], 0.8739540 secs] [Times: user=0.88 sys=0.00, real=0.87 secs] 
2017-05-09T21:50:00.241+0300: 502.153: [Full GC (Allocation Failure) 2017-05-09T21:50:00.241+0300: 502.153: [Tenured: 349567K->349567K(349568K), 0.8788758 secs] 506815K->506815K(506816K), [Metaspace: 7495K->7495K(1056768K)], 0.8789433 secs] [Times: user=0.89 sys=0.00, real=0.88 secs] 
2017-05-09T21:50:01.120+0300: 503.032: [Full GC (Allocation Failure) 2017-05-09T21:50:01.120+0300: 503.032: [Tenured: 349567K->349567K(349568K), 0.8752876 secs] 506815K->506815K(506816K), [Metaspace: 7495K->7495K(1056768K)], 0.8753647 secs] [Times: user=0.86 sys=0.00, real=0.88 secs] 
2017-05-09T21:50:01.996+0300: 503.908: [Full GC (Allocation Failure) 2017-05-09T21:50:01.996+0300: 503.908: [Tenured: 349567K->349567K(349568K), 0.8774916 secs] 506815K->506815K(506816K), [Metaspace: 7495K->7495K(1056768K)], 0.8775732 secs] [Times: user=0.86 sys=0.00, real=0.88 secs] 
2017-05-09T21:50:02.873+0300: 504.785: [Full GC (Allocation Failure) 2017-05-09T21:50:02.873+0300: 504.785: [Tenured: 349567K->349415K(349568K), 0.8751247 secs] 506815K->506663K(506816K), [Metaspace: 7495K->7495K(1056768K)], 0.8751931 secs] [Times: user=0.86 sys=0.00, real=0.88 secs] 
2017-05-09T21:50:03.754+0300: 505.666: [Full GC (Allocation Failure) 2017-05-09T21:50:03.754+0300: 505.666: [Tenured: 349567K->349567K(349568K), 0.8686552 secs] 506815K->506815K(506816K), [Metaspace: 7495K->7495K(1056768K)], 0.8687380 secs] [Times: user=0.88 sys=0.00, real=0.87 secs] 
2017-05-09T21:50:04.623+0300: 506.535: [Full GC (Allocation Failure) 2017-05-09T21:50:04.623+0300: 506.535: [Tenured: 349567K->349567K(349568K), 0.8839699 secs] 506815K->506815K(506816K), [Metaspace: 7495K->7495K(1056768K)], 0.8840328 secs] [Times: user=0.88 sys=0.00, real=0.88 secs] 
2017-05-09T21:50:05.506+0300: 507.419: [Full GC (Allocation Failure) 2017-05-09T21:50:05.506+0300: 507.419: [Tenured: 349567K->349421K(349568K), 0.8758583 secs] 506815K->506669K(506816K), [Metaspace: 7495K->7495K(1056768K)], 0.8759336 secs] [Times: user=0.88 sys=0.00, real=0.88 secs] 
2017-05-09T21:50:06.387+0300: 508.299: [Full GC (Allocation Failure) 2017-05-09T21:50:06.387+0300: 508.299: [Tenured: 349567K->349426K(349568K), 0.8700367 secs] 506815K->506674K(506816K), [Metaspace: 7495K->7495K(1056768K)], 0.8701165 secs] [Times: user=0.86 sys=0.00, real=0.87 secs] 
2017-05-09T21:50:07.263+0300: 509.175: [Full GC (Allocation Failure) 2017-05-09T21:50:07.263+0300: 509.175: [Tenured: 349567K->349567K(349568K), 0.8734372 secs] 506815K->506815K(506816K), [Metaspace: 7495K->7495K(1056768K)], 0.8735062 secs] [Times: user=0.88 sys=0.00, real=0.87 secs] 
2017-05-09T21:50:08.137+0300: 510.049: [Full GC (Allocation Failure) 2017-05-09T21:50:08.137+0300: 510.049: [Tenured: 349567K->349567K(349568K), 0.8703378 secs] 506815K->506815K(506816K), [Metaspace: 7495K->7495K(1056768K)], 0.8703996 secs] [Times: user=0.84 sys=0.00, real=0.87 secs] 
2017-05-09T21:50:09.007+0300: 510.920: [Full GC (Allocation Failure) 2017-05-09T21:50:09.007+0300: 510.920: [Tenured: 349567K->349567K(349568K), 0.8695626 secs] 506815K->506815K(506816K), [Metaspace: 7495K->7495K(1056768K)], 0.8696313 secs] [Times: user=0.88 sys=0.00, real=0.87 secs] 
2017-05-09T21:50:09.877+0300: 511.789: [Full GC (Allocation Failure) 2017-05-09T21:50:09.877+0300: 511.789: [Tenured: 349567K->349432K(349568K), 0.8731496 secs] 506815K->506680K(506816K), [Metaspace: 7495K->7495K(1056768K)], 0.8732143 secs] [Times: user=0.88 sys=0.00, real=0.87 secs] 
2017-05-09T21:50:10.757+0300: 512.669: [Full GC (Allocation Failure) 2017-05-09T21:50:10.757+0300: 512.669: [Tenured: 349567K->349567K(349568K), 0.8718497 secs] 506815K->506815K(506816K), [Metaspace: 7495K->7495K(1056768K)], 0.8719437 secs] [Times: user=0.88 sys=0.00, real=0.87 secs] 
2017-05-09T21:50:11.628+0300: 513.541: [Full GC (Allocation Failure) 2017-05-09T21:50:11.628+0300: 513.541: [Tenured: 349567K->349567K(349568K), 0.8662813 secs] 506815K->506815K(506816K), [Metaspace: 7495K->7495K(1056768K)], 0.8663991 secs] [Times: user=0.88 sys=0.00, real=0.87 secs] 
2017-05-09T21:50:12.495+0300: 514.407: [Full GC (Allocation Failure) 2017-05-09T21:50:12.495+0300: 514.407: [Tenured: 349568K->349568K(349568K), 0.8731231 secs] 506815K->506815K(506816K), [Metaspace: 7495K->7495K(1056768K)], 0.8731869 secs] [Times: user=0.88 sys=0.00, real=0.87 secs] 
2017-05-09T21:50:13.368+0300: 515.280: [Full GC (Allocation Failure) 2017-05-09T21:50:13.368+0300: 515.280: [Tenured: 349568K->349437K(349568K), 0.8760442 secs] 506815K->506685K(506816K), [Metaspace: 7495K->7495K(1056768K)], 0.8761023 secs] [Times: user=0.88 sys=0.00, real=0.88 secs] 
2017-05-09T21:50:14.249+0300: 516.161: [Full GC (Allocation Failure) 2017-05-09T21:50:14.249+0300: 516.161: [Tenured: 349567K->349567K(349568K), 0.8682823 secs] 506815K->506815K(506816K), [Metaspace: 7495K->7495K(1056768K)], 0.8683483 secs] [Times: user=0.88 sys=0.00, real=0.87 secs] 
2017-05-09T21:50:15.118+0300: 517.030: [Full GC (Allocation Failure) 2017-05-09T21:50:15.118+0300: 517.030: [Tenured: 349567K->349442K(349568K), 0.8693762 secs] 506815K->506690K(506816K), [Metaspace: 7495K->7495K(1056768K)], 0.8694358 secs] [Times: user=0.86 sys=0.00, real=0.87 secs] 
2017-05-09T21:50:15.994+0300: 517.906: [Full GC (Allocation Failure) 2017-05-09T21:50:15.994+0300: 517.906: [Tenured: 349567K->349567K(349568K), 0.8703357 secs] 506815K->506815K(506816K), [Metaspace: 7495K->7495K(1056768K)], 0.8704249 secs] [Times: user=0.86 sys=0.00, real=0.87 secs] 
2017-05-09T21:50:16.865+0300: 518.777: [Full GC (Allocation Failure) 2017-05-09T21:50:16.865+0300: 518.777: [Tenured: 349567K->349447K(349568K), 0.8709802 secs] 506815K->506695K(506816K), [Metaspace: 7495K->7495K(1056768K)], 0.8710441 secs] [Times: user=0.88 sys=0.00, real=0.87 secs] 
2017-05-09T21:50:17.742+0300: 519.654: [Full GC (Allocation Failure) 2017-05-09T21:50:17.742+0300: 519.654: [Tenured: 349567K->349567K(349568K), 0.8693322 secs] 506815K->506815K(506816K), [Metaspace: 7495K->7495K(1056768K)], 0.8694223 secs] [Times: user=0.86 sys=0.00, real=0.87 secs] 
2017-05-09T21:50:18.611+0300: 520.523: [Full GC (Allocation Failure) 2017-05-09T21:50:18.611+0300: 520.523: [Tenured: 349567K->349567K(349568K), 0.8686205 secs] 506815K->506815K(506816K), [Metaspace: 7495K->7495K(1056768K)], 0.8687001 secs] [Times: user=0.88 sys=0.00, real=0.87 secs] 
2017-05-09T21:50:19.480+0300: 521.392: [Full GC (Allocation Failure) 2017-05-09T21:50:19.480+0300: 521.392: [Tenured: 349567K->349452K(349568K), 0.8717407 secs] 506815K->506700K(506816K), [Metaspace: 7495K->7495K(1056768K)], 0.8718006 secs] [Times: user=0.88 sys=0.00, real=0.87 secs] 
2017-05-09T21:50:20.358+0300: 522.270: [Full GC (Allocation Failure) 2017-05-09T21:50:20.358+0300: 522.270: [Tenured: 349567K->349456K(349568K), 0.8739001 secs] 506815K->506704K(506816K), [Metaspace: 7495K->7495K(1056768K)], 0.8739817 secs] [Times: user=0.88 sys=0.00, real=0.87 secs] 
2017-05-09T21:50:21.237+0300: 523.149: [Full GC (Allocation Failure) 2017-05-09T21:50:21.237+0300: 523.149: [Tenured: 349567K->349567K(349568K), 0.8722123 secs] 506815K->506815K(506816K), [Metaspace: 7495K->7495K(1056768K)], 0.8722906 secs] [Times: user=0.88 sys=0.00, real=0.87 secs] 
2017-05-09T21:50:22.109+0300: 524.021: [Full GC (Allocation Failure) 2017-05-09T21:50:22.109+0300: 524.021: [Tenured: 349568K->349568K(349568K), 0.8709107 secs] 506815K->506815K(506816K), [Metaspace: 7495K->7495K(1056768K)], 0.8709941 secs] [Times: user=0.88 sys=0.00, real=0.87 secs] 
2017-05-09T21:50:22.980+0300: 524.892: [Full GC (Allocation Failure) 2017-05-09T21:50:22.980+0300: 524.892: [Tenured: 349568K->349461K(349568K), 0.8707775 secs] 506815K->506708K(506816K), [Metaspace: 7495K->7495K(1056768K)], 0.8708456 secs] [Times: user=0.86 sys=0.00, real=0.87 secs] 
2017-05-09T21:50:23.857+0300: 525.769: [Full GC (Allocation Failure) 2017-05-09T21:50:23.857+0300: 525.769: [Tenured: 349567K->349465K(349568K), 0.8698897 secs] 506815K->506713K(506816K), [Metaspace: 7495K->7495K(1056768K)], 0.8699870 secs] [Times: user=0.86 sys=0.00, real=0.87 secs] 
2017-05-09T21:50:24.733+0300: 526.645: [Full GC (Allocation Failure) 2017-05-09T21:50:24.733+0300: 526.645: [Tenured: 349567K->349567K(349568K), 0.8705833 secs] 506815K->506815K(506816K), [Metaspace: 7495K->7495K(1056768K)], 0.8706679 secs] [Times: user=0.88 sys=0.00, real=0.87 secs] 
2017-05-09T21:50:25.604+0300: 527.516: [Full GC (Allocation Failure) 2017-05-09T21:50:25.604+0300: 527.516: [Tenured: 349567K->349567K(349568K), 0.8678032 secs] 506815K->506815K(506816K), [Metaspace: 7495K->7495K(1056768K)], 0.8678769 secs] [Times: user=0.86 sys=0.00, real=0.87 secs] 
2017-05-09T21:50:26.472+0300: 528.384: [Full GC (Allocation Failure) 2017-05-09T21:50:26.472+0300: 528.384: [Tenured: 349567K->349469K(349568K), 0.8702159 secs] 506815K->506717K(506816K), [Metaspace: 7495K->7495K(1056768K)], 0.8702722 secs] [Times: user=0.88 sys=0.00, real=0.87 secs] 
2017-05-09T21:50:27.345+0300: 529.257: [Full GC (Allocation Failure) 2017-05-09T21:50:27.345+0300: 529.257: [Tenured: 349567K->349473K(349568K), 0.8712721 secs] 506815K->506721K(506816K), [Metaspace: 7495K->7495K(1056768K)], 0.8713401 secs] [Times: user=0.88 sys=0.00, real=0.87 secs] 
2017-05-09T21:50:28.220+0300: 530.133: [Full GC (Allocation Failure) 2017-05-09T21:50:28.220+0300: 530.133: [Tenured: 349568K->349568K(349568K), 0.8735824 secs] 506815K->506815K(506816K), [Metaspace: 7495K->7495K(1056768K)], 0.8736724 secs] [Times: user=0.88 sys=0.00, real=0.87 secs] 
2017-05-09T21:50:29.094+0300: 531.007: [Full GC (Allocation Failure) 2017-05-09T21:50:29.094+0300: 531.007: [Tenured: 349568K->349568K(349568K), 0.8676065 secs] 506815K->506815K(506816K), [Metaspace: 7495K->7495K(1056768K)], 0.8676649 secs] [Times: user=0.88 sys=0.00, real=0.87 secs] 
2017-05-09T21:50:29.962+0300: 531.874: [Full GC (Allocation Failure) 2017-05-09T21:50:29.962+0300: 531.874: [Tenured: 349568K->349476K(349568K), 0.8693461 secs] 506815K->506724K(506816K), [Metaspace: 7495K->7495K(1056768K)], 0.8694135 secs] [Times: user=0.86 sys=0.00, real=0.87 secs] 
2017-05-09T21:50:30.834+0300: 532.746: [Full GC (Allocation Failure) 2017-05-09T21:50:30.834+0300: 532.746: [Tenured: 349567K->349480K(349568K), 0.8703710 secs] 506815K->506728K(506816K), [Metaspace: 7495K->7495K(1056768K)], 0.8704378 secs] [Times: user=0.88 sys=0.00, real=0.87 secs] 
2017-05-09T21:50:31.707+0300: 533.619: [Full GC (Allocation Failure) 2017-05-09T21:50:31.707+0300: 533.619: [Tenured: 349567K->349567K(349568K), 0.8768025 secs] 506815K->506815K(506816K), [Metaspace: 7495K->7495K(1056768K)], 0.8768929 secs] [Times: user=0.88 sys=0.00, real=0.88 secs] 
2017-05-09T21:50:32.584+0300: 534.496: [Full GC (Allocation Failure) 2017-05-09T21:50:32.584+0300: 534.496: [Tenured: 349567K->349567K(349568K), 0.8723924 secs] 506815K->506815K(506816K), [Metaspace: 7495K->7495K(1056768K)], 0.8724569 secs] [Times: user=0.88 sys=0.00, real=0.87 secs] 
2017-05-09T21:50:33.456+0300: 535.369: [Full GC (Allocation Failure) 2017-05-09T21:50:33.456+0300: 535.369: [Tenured: 349567K->349483K(349568K), 0.8684847 secs] 506815K->506731K(506816K), [Metaspace: 7495K->7495K(1056768K)], 0.8685573 secs] [Times: user=0.88 sys=0.00, real=0.87 secs] 
2017-05-09T21:50:34.327+0300: 536.239: [Full GC (Allocation Failure) 2017-05-09T21:50:34.327+0300: 536.239: [Tenured: 349567K->349486K(349568K), 0.8687856 secs] 506815K->506734K(506816K), [Metaspace: 7495K->7495K(1056768K)], 0.8688639 secs] [Times: user=0.88 sys=0.00, real=0.87 secs] 
2017-05-09T21:50:35.201+0300: 537.113: [Full GC (Allocation Failure) 2017-05-09T21:50:35.201+0300: 537.113: [Tenured: 349568K->349568K(349568K), 0.8730619 secs] 506815K->506815K(506816K), [Metaspace: 7495K->7495K(1056768K)], 0.8731312 secs] [Times: user=0.88 sys=0.00, real=0.87 secs] 
2017-05-09T21:50:36.074+0300: 537.986: [Full GC (Allocation Failure) 2017-05-09T21:50:36.074+0300: 537.986: [Tenured: 349568K->349568K(349568K), 0.8711188 secs] 506815K->506815K(506816K), [Metaspace: 7495K->7495K(1056768K)], 0.8712016 secs] [Times: user=0.86 sys=0.00, real=0.87 secs] 
2017-05-09T21:50:36.946+0300: 538.858: [Full GC (Allocation Failure) 2017-05-09T21:50:36.946+0300: 538.858: [Tenured: 349568K->349568K(349568K), 0.8713724 secs] 506815K->506815K(506816K), [Metaspace: 7495K->7495K(1056768K)], 0.8714465 secs] [Times: user=0.86 sys=0.00, real=0.87 secs] 
2017-05-09T21:50:37.817+0300: 539.729: [Full GC (Allocation Failure) 2017-05-09T21:50:37.817+0300: 539.729: [Tenured: 349568K->349490K(349568K), 0.8652149 secs] 506815K->506738K(506816K), [Metaspace: 7495K->7495K(1056768K)], 0.8652718 secs] [Times: user=0.88 sys=0.00, real=0.87 secs] 
2017-05-09T21:50:38.684+0300: 540.596: [Full GC (Allocation Failure) 2017-05-09T21:50:38.684+0300: 540.596: [Tenured: 349567K->349567K(349568K), 0.8695701 secs] 506815K->506815K(506816K), [Metaspace: 7495K->7495K(1056768K)], 0.8696391 secs] [Times: user=0.86 sys=0.00, real=0.87 secs] 
2017-05-09T21:50:39.554+0300: 541.466: [Full GC (Allocation Failure) 2017-05-09T21:50:39.554+0300: 541.466: [Tenured: 349567K->349493K(349568K), 0.8705456 secs] 506815K->506741K(506816K), [Metaspace: 7495K->7495K(1056768K)], 0.8706044 secs] [Times: user=0.88 sys=0.00, real=0.87 secs] 
2017-05-09T21:50:40.427+0300: 542.339: [Full GC (Allocation Failure) 2017-05-09T21:50:40.427+0300: 542.339: [Tenured: 349567K->349567K(349568K), 0.8706980 secs] 506815K->506815K(506816K), [Metaspace: 7495K->7495K(1056768K)], 0.8707682 secs] [Times: user=0.88 sys=0.00, real=0.87 secs] 
2017-05-09T21:50:41.297+0300: 543.210: [Full GC (Allocation Failure) 2017-05-09T21:50:41.297+0300: 543.210: [Tenured: 349567K->349496K(349568K), 0.8771901 secs] 506815K->506744K(506816K), [Metaspace: 7495K->7495K(1056768K)], 0.8772486 secs] [Times: user=0.88 sys=0.00, real=0.88 secs] 
2017-05-09T21:50:42.180+0300: 544.092: [Full GC (Allocation Failure) 2017-05-09T21:50:42.180+0300: 544.092: [Tenured: 349567K->349567K(349568K), 0.8729475 secs] 506815K->506815K(506816K), [Metaspace: 7495K->7495K(1056768K)], 0.8730366 secs] [Times: user=0.88 sys=0.00, real=0.87 secs] 
2017-05-09T21:50:43.053+0300: 544.965: [Full GC (Allocation Failure) 2017-05-09T21:50:43.053+0300: 544.965: [Tenured: 349567K->349498K(349568K), 0.8693060 secs] 506815K->506746K(506816K), [Metaspace: 7495K->7495K(1056768K)], 0.8694235 secs] [Times: user=0.88 sys=0.00, real=0.87 secs] 
2017-05-09T21:50:43.927+0300: 545.839: [Full GC (Allocation Failure) 2017-05-09T21:50:43.927+0300: 545.839: [Tenured: 349567K->349567K(349568K), 0.8758794 secs] 506815K->506815K(506816K), [Metaspace: 7495K->7495K(1056768K)], 0.8759415 secs] [Times: user=0.86 sys=0.00, real=0.88 secs] 
2017-05-09T21:50:44.803+0300: 546.715: [Full GC (Allocation Failure) 2017-05-09T21:50:44.803+0300: 546.715: [Tenured: 349567K->349501K(349568K), 0.8702957 secs] 506815K->506749K(506816K), [Metaspace: 7495K->7495K(1056768K)], 0.8703586 secs] [Times: user=0.88 sys=0.00, real=0.87 secs] 
2017-05-09T21:50:45.677+0300: 547.589: [Full GC (Allocation Failure) 2017-05-09T21:50:45.677+0300: 547.589: [Tenured: 349567K->349567K(349568K), 0.8680736 secs] 506815K->506815K(506816K), [Metaspace: 7495K->7495K(1056768K)], 0.8681673 secs] [Times: user=0.88 sys=0.00, real=0.87 secs] 
2017-05-09T21:50:46.546+0300: 548.458: [Full GC (Allocation Failure) 2017-05-09T21:50:46.546+0300: 548.458: [Tenured: 349567K->349504K(349568K), 0.8707137 secs] 506815K->506752K(506816K), [Metaspace: 7495K->7495K(1056768K)], 0.8707788 secs] [Times: user=0.88 sys=0.00, real=0.87 secs] 
2017-05-09T21:50:47.421+0300: 549.334: [Full GC (Allocation Failure) 2017-05-09T21:50:47.422+0300: 549.334: [Tenured: 349568K->349568K(349568K), 0.8698141 secs] 506815K->506815K(506816K), [Metaspace: 7495K->7495K(1056768K)], 0.8699243 secs] [Times: user=0.88 sys=0.00, real=0.87 secs] 
2017-05-09T21:50:48.291+0300: 550.204: [Full GC (Allocation Failure) 2017-05-09T21:50:48.291+0300: 550.204: [Tenured: 349568K->349506K(349568K), 0.8670020 secs] 506815K->506754K(506816K), [Metaspace: 7495K->7495K(1056768K)], 0.8670620 secs] [Times: user=0.86 sys=0.00, real=0.87 secs] 
2017-05-09T21:50:49.160+0300: 551.072: [Full GC (Allocation Failure) 2017-05-09T21:50:49.160+0300: 551.072: [Tenured: 349568K->349568K(349568K), 0.8712064 secs] 506815K->506815K(506816K), [Metaspace: 7495K->7495K(1056768K)], 0.8713001 secs] [Times: user=0.88 sys=0.00, real=0.87 secs] 
2017-05-09T21:50:50.032+0300: 551.944: [Full GC (Allocation Failure) 2017-05-09T21:50:50.032+0300: 551.944: [Tenured: 349568K->349508K(349568K), 0.8730339 secs] 506815K->506756K(506816K), [Metaspace: 7495K->7495K(1056768K)], 0.8730981 secs] [Times: user=0.88 sys=0.00, real=0.87 secs] 
2017-05-09T21:50:50.907+0300: 552.820: [Full GC (Allocation Failure) 2017-05-09T21:50:50.907+0300: 552.820: [Tenured: 349567K->349567K(349568K), 0.8694915 secs] 506815K->506815K(506816K), [Metaspace: 7495K->7495K(1056768K)], 0.8695756 secs] [Times: user=0.88 sys=0.00, real=0.87 secs] 
2017-05-09T21:50:51.777+0300: 553.689: [Full GC (Allocation Failure) 2017-05-09T21:50:51.777+0300: 553.689: [Tenured: 349567K->349511K(349568K), 0.8712989 secs] 506815K->506759K(506816K), [Metaspace: 7495K->7495K(1056768K)], 0.8713597 secs] [Times: user=0.86 sys=0.00, real=0.87 secs] 
2017-05-09T21:50:52.653+0300: 554.565: [Full GC (Allocation Failure) 2017-05-09T21:50:52.653+0300: 554.565: [Tenured: 349567K->349567K(349568K), 0.8708510 secs] 506815K->506815K(506816K), [Metaspace: 7495K->7495K(1056768K)], 0.8709245 secs] [Times: user=0.88 sys=0.00, real=0.87 secs] 
2017-05-09T21:50:53.524+0300: 555.436: [Full GC (Allocation Failure) 2017-05-09T21:50:53.524+0300: 555.436: [Tenured: 349567K->349513K(349568K), 0.8715880 secs] 506815K->506761K(506816K), [Metaspace: 7495K->7495K(1056768K)], 0.8716582 secs] [Times: user=0.86 sys=0.00, real=0.87 secs] 
2017-05-09T21:50:54.397+0300: 556.310: [Full GC (Allocation Failure) 2017-05-09T21:50:54.398+0300: 556.310: [Tenured: 349567K->349567K(349568K), 0.8720801 secs] 506815K->506815K(506816K), [Metaspace: 7495K->7495K(1056768K)], 0.8721575 secs] [Times: user=0.88 sys=0.00, real=0.87 secs] 
2017-05-09T21:50:55.270+0300: 557.182: [Full GC (Allocation Failure) 2017-05-09T21:50:55.270+0300: 557.182: [Tenured: 349567K->349515K(349568K), 0.8730909 secs] 506815K->506763K(506816K), [Metaspace: 7495K->7495K(1056768K)], 0.8731734 secs] [Times: user=0.88 sys=0.00, real=0.87 secs] 
2017-05-09T21:50:56.146+0300: 558.059: [Full GC (Allocation Failure) 2017-05-09T21:50:56.147+0300: 558.059: [Tenured: 349567K->349567K(349568K), 0.8722000 secs] 506815K->506815K(506816K), [Metaspace: 7495K->7495K(1056768K)], 0.8722780 secs] [Times: user=0.86 sys=0.00, real=0.87 secs] 
2017-05-09T21:50:57.018+0300: 558.931: [Full GC (Allocation Failure) 2017-05-09T21:50:57.018+0300: 558.931: [Tenured: 349567K->349517K(349568K), 0.8697960 secs] 506815K->506765K(506816K), [Metaspace: 7495K->7495K(1056768K)], 0.8698614 secs] [Times: user=0.88 sys=0.00, real=0.87 secs] 
2017-05-09T21:50:57.890+0300: 559.802: [Full GC (Allocation Failure) 2017-05-09T21:50:57.890+0300: 559.802: [Tenured: 349568K->349568K(349568K), 0.8714332 secs] 506815K->506815K(506816K), [Metaspace: 7495K->7495K(1056768K)], 0.8715094 secs] [Times: user=0.88 sys=0.00, real=0.87 secs] 
2017-05-09T21:50:58.762+0300: 560.674: [Full GC (Allocation Failure) 2017-05-09T21:50:58.762+0300: 560.674: [Tenured: 349568K->349519K(349568K), 0.8700833 secs] 506815K->506767K(506816K), [Metaspace: 7495K->7495K(1056768K)], 0.8701502 secs] [Times: user=0.84 sys=0.00, real=0.87 secs] 
2017-05-09T21:50:59.633+0300: 561.545: [Full GC (Allocation Failure) 2017-05-09T21:50:59.633+0300: 561.545: [Tenured: 349567K->349567K(349568K), 0.8673255 secs] 506815K->506815K(506816K), [Metaspace: 7495K->7495K(1056768K)], 0.8673911 secs] [Times: user=0.84 sys=0.00, real=0.87 secs] 
2017-05-09T21:51:00.501+0300: 562.413: [Full GC (Allocation Failure) 2017-05-09T21:51:00.501+0300: 562.413: [Tenured: 349567K->349521K(349568K), 0.8667762 secs] 506815K->506769K(506816K), [Metaspace: 7495K->7495K(1056768K)], 0.8668331 secs] [Times: user=0.88 sys=0.00, real=0.87 secs] 
2017-05-09T21:51:01.369+0300: 563.281: [Full GC (Allocation Failure) 2017-05-09T21:51:01.369+0300: 563.281: [Tenured: 349567K->349567K(349568K), 0.8690247 secs] 506815K->506815K(506816K), [Metaspace: 7495K->7495K(1056768K)], 0.8690883 secs] [Times: user=0.86 sys=0.00, real=0.87 secs] 
2017-05-09T21:51:02.238+0300: 564.150: [Full GC (Allocation Failure) 2017-05-09T21:51:02.238+0300: 564.150: [Tenured: 349567K->349523K(349568K), 0.8682724 secs] 506815K->506771K(506816K), [Metaspace: 7495K->7495K(1056768K)], 0.8683320 secs] [Times: user=0.88 sys=0.00, real=0.87 secs] 
2017-05-09T21:51:03.108+0300: 565.020: [Full GC (Allocation Failure) 2017-05-09T21:51:03.108+0300: 565.020: [Tenured: 349568K->349568K(349568K), 0.8685236 secs] 506815K->506815K(506816K), [Metaspace: 7495K->7495K(1056768K)], 0.8685928 secs] [Times: user=0.86 sys=0.00, real=0.87 secs] 
2017-05-09T21:51:03.976+0300: 565.888: [Full GC (Allocation Failure) 2017-05-09T21:51:03.976+0300: 565.888: [Tenured: 349568K->349524K(349568K), 0.8759695 secs] 506815K->506772K(506816K), [Metaspace: 7495K->7495K(1056768K)], 0.8760297 secs] [Times: user=0.89 sys=0.00, real=0.88 secs] 
2017-05-09T21:51:04.853+0300: 566.765: [Full GC (Allocation Failure) 2017-05-09T21:51:04.853+0300: 566.765: [Tenured: 349567K->349567K(349568K), 0.8807343 secs] 506815K->506815K(506816K), [Metaspace: 7495K->7495K(1056768K)], 0.8808006 secs] [Times: user=0.88 sys=0.00, real=0.88 secs] 
2017-05-09T21:51:05.734+0300: 567.646: [Full GC (Allocation Failure) 2017-05-09T21:51:05.734+0300: 567.646: [Tenured: 349567K->349526K(349568K), 0.8894072 secs] 506815K->506774K(506816K), [Metaspace: 7495K->7495K(1056768K)], 0.8894711 secs] [Times: user=0.88 sys=0.00, real=0.89 secs] 
2017-05-09T21:51:06.624+0300: 568.537: [Full GC (Allocation Failure) 2017-05-09T21:51:06.624+0300: 568.537: [Tenured: 349567K->349567K(349568K), 0.9101566 secs] 506815K->506815K(506816K), [Metaspace: 7495K->7495K(1056768K)], 0.9102361 secs] [Times: user=0.88 sys=0.00, real=0.91 secs] 
2017-05-09T21:51:07.535+0300: 569.447: [Full GC (Allocation Failure) 2017-05-09T21:51:07.535+0300: 569.447: [Tenured: 349567K->349528K(349568K), 0.9127021 secs] 506815K->506776K(506816K), [Metaspace: 7495K->7495K(1056768K)], 0.9127852 secs] [Times: user=0.92 sys=0.00, real=0.91 secs] 
2017-05-09T21:51:08.449+0300: 570.361: [Full GC (Allocation Failure) 2017-05-09T21:51:08.449+0300: 570.361: [Tenured: 349567K->349567K(349568K), 0.9044108 secs] 506815K->506815K(506816K), [Metaspace: 7495K->7495K(1056768K)], 0.9044816 secs] [Times: user=0.91 sys=0.00, real=0.90 secs] 
2017-05-09T21:51:09.353+0300: 571.265: [Full GC (Allocation Failure) 2017-05-09T21:51:09.353+0300: 571.265: [Tenured: 349567K->349529K(349568K), 0.9005335 secs] 506815K->506777K(506816K), [Metaspace: 7495K->7495K(1056768K)], 0.9006067 secs] [Times: user=0.89 sys=0.00, real=0.90 secs] 
2017-05-09T21:51:10.255+0300: 572.167: [Full GC (Allocation Failure) 2017-05-09T21:51:10.255+0300: 572.167: [Tenured: 349567K->349567K(349568K), 0.9044382 secs] 506815K->506815K(506816K), [Metaspace: 7495K->7495K(1056768K)], 0.9045174 secs] [Times: user=0.89 sys=0.00, real=0.90 secs] 
2017-05-09T21:51:11.160+0300: 573.072: [Full GC (Allocation Failure) 2017-05-09T21:51:11.160+0300: 573.072: [Tenured: 349567K->349531K(349568K), 0.8966523 secs] 506815K->506779K(506816K), [Metaspace: 7495K->7495K(1056768K)], 0.8967107 secs] [Times: user=0.91 sys=0.00, real=0.90 secs] 
2017-05-09T21:51:12.058+0300: 573.970: [Full GC (Allocation Failure) 2017-05-09T21:51:12.058+0300: 573.970: [Tenured: 349568K->349568K(349568K), 0.8976720 secs] 506815K->506815K(506816K), [Metaspace: 7495K->7495K(1056768K)], 0.8977525 secs] [Times: user=0.89 sys=0.00, real=0.90 secs] 
2017-05-09T21:51:12.955+0300: 574.867: [Full GC (Allocation Failure) 2017-05-09T21:51:12.955+0300: 574.867: [Tenured: 349568K->349532K(349568K), 0.8805395 secs] 506815K->506780K(506816K), [Metaspace: 7495K->7495K(1056768K)], 0.8805988 secs] [Times: user=0.88 sys=0.00, real=0.88 secs] 
2017-05-09T21:51:13.837+0300: 575.749: [Full GC (Allocation Failure) 2017-05-09T21:51:13.837+0300: 575.749: [Tenured: 349567K->349567K(349568K), 0.8689051 secs] 506815K->506815K(506816K), [Metaspace: 7495K->7495K(1056768K)], 0.8689783 secs] [Times: user=0.86 sys=0.00, real=0.87 secs] 
2017-05-09T21:51:14.706+0300: 576.618: [Full GC (Allocation Failure) 2017-05-09T21:51:14.706+0300: 576.618: [Tenured: 349567K->349534K(349568K), 0.8712392 secs] 506815K->506782K(506816K), [Metaspace: 7495K->7495K(1056768K)], 0.8713034 secs] [Times: user=0.88 sys=0.00, real=0.87 secs] 
2017-05-09T21:51:15.578+0300: 577.490: [Full GC (Allocation Failure) 2017-05-09T21:51:15.578+0300: 577.490: [Tenured: 349567K->349567K(349568K), 0.8705923 secs] 506815K->506815K(506816K), [Metaspace: 7495K->7495K(1056768K)], 0.8706634 secs] [Times: user=0.88 sys=0.00, real=0.87 secs] 
2017-05-09T21:51:16.449+0300: 578.361: [Full GC (Allocation Failure) 2017-05-09T21:51:16.449+0300: 578.361: [Tenured: 349567K->349535K(349568K), 0.8702189 secs] 506815K->506783K(506816K), [Metaspace: 7495K->7495K(1056768K)], 0.8702791 secs] [Times: user=0.86 sys=0.00, real=0.87 secs] 
2017-05-09T21:51:17.320+0300: 579.232: [Full GC (Allocation Failure) 2017-05-09T21:51:17.320+0300: 579.232: [Tenured: 349567K->349567K(349568K), 0.8718904 secs] 506815K->506815K(506816K), [Metaspace: 7495K->7495K(1056768K)], 0.8720039 secs] [Times: user=0.88 sys=0.00, real=0.87 secs] 
2017-05-09T21:51:18.192+0300: 580.104: [Full GC (Allocation Failure) 2017-05-09T21:51:18.192+0300: 580.104: [Tenured: 349567K->349536K(349568K), 0.8693943 secs] 506815K->506784K(506816K), [Metaspace: 7495K->7495K(1056768K)], 0.8694671 secs] [Times: user=0.88 sys=0.00, real=0.87 secs] 
2017-05-09T21:51:19.063+0300: 580.975: [Full GC (Allocation Failure) 2017-05-09T21:51:19.063+0300: 580.975: [Tenured: 349567K->349567K(349568K), 0.8822688 secs] 506815K->506815K(506816K), [Metaspace: 7495K->7495K(1056768K)], 0.8823544 secs] [Times: user=0.88 sys=0.00, real=0.88 secs] 
2017-05-09T21:51:19.945+0300: 581.857: [Full GC (Allocation Failure) 2017-05-09T21:51:19.945+0300: 581.857: [Tenured: 349567K->349537K(349568K), 0.8887838 secs] 506815K->506785K(506816K), [Metaspace: 7495K->7495K(1056768K)], 0.8888480 secs] [Times: user=0.88 sys=0.00, real=0.89 secs] 
2017-05-09T21:51:20.834+0300: 582.747: [Full GC (Allocation Failure) 2017-05-09T21:51:20.834+0300: 582.747: [Tenured: 349567K->349567K(349568K), 0.8832217 secs] 506815K->506815K(506816K), [Metaspace: 7495K->7495K(1056768K)], 0.8832937 secs] [Times: user=0.89 sys=0.00, real=0.88 secs] 
2017-05-09T21:51:21.718+0300: 583.630: [Full GC (Allocation Failure) 2017-05-09T21:51:21.718+0300: 583.630: [Tenured: 349567K->349538K(349568K), 0.9000902 secs] 506815K->506786K(506816K), [Metaspace: 7495K->7495K(1056768K)], 0.9001492 secs] [Times: user=0.89 sys=0.00, real=0.90 secs] 
2017-05-09T21:51:22.619+0300: 584.531: [Full GC (Allocation Failure) 2017-05-09T21:51:22.619+0300: 584.531: [Tenured: 349568K->349568K(349568K), 0.8723885 secs] 506815K->506815K(506816K), [Metaspace: 7495K->7495K(1056768K)], 0.8724593 secs] [Times: user=0.86 sys=0.00, real=0.87 secs] 
2017-05-09T21:51:23.491+0300: 585.404: [Full GC (Allocation Failure) 2017-05-09T21:51:23.491+0300: 585.404: [Tenured: 349568K->349540K(349568K), 0.8585150 secs] 506815K->506788K(506816K), [Metaspace: 7495K->7495K(1056768K)], 0.8585707 secs] [Times: user=0.86 sys=0.00, real=0.86 secs] 
2017-05-09T21:51:24.351+0300: 586.263: [Full GC (Allocation Failure) 2017-05-09T21:51:24.351+0300: 586.263: [Tenured: 349567K->349567K(349568K), 0.8978284 secs] 506815K->506815K(506816K), [Metaspace: 7495K->7495K(1056768K)], 0.8979440 secs] [Times: user=0.91 sys=0.00, real=0.90 secs] 
2017-05-09T21:51:25.249+0300: 587.161: [Full GC (Allocation Failure) 2017-05-09T21:51:25.249+0300: 587.161: [Tenured: 349567K->349541K(349568K), 0.8925455 secs] 506815K->506789K(506816K), [Metaspace: 7495K->7495K(1056768K)], 0.8926033 secs] [Times: user=0.89 sys=0.00, real=0.89 secs] 
2017-05-09T21:51:26.142+0300: 588.054: [Full GC (Allocation Failure) 2017-05-09T21:51:26.142+0300: 588.054: [Tenured: 349567K->349567K(349568K), 0.9088387 secs] 506815K->506815K(506816K), [Metaspace: 7495K->7495K(1056768K)], 0.9089016 secs] [Times: user=0.91 sys=0.00, real=0.91 secs] 
2017-05-09T21:51:27.051+0300: 588.963: [Full GC (Allocation Failure) 2017-05-09T21:51:27.051+0300: 588.963: [Tenured: 349567K->349542K(349568K), 0.9046505 secs] 506815K->506790K(506816K), [Metaspace: 7495K->7495K(1056768K)], 0.9047270 secs] [Times: user=0.89 sys=0.00, real=0.90 secs] 
2017-05-09T21:51:27.957+0300: 589.869: [Full GC (Allocation Failure) 2017-05-09T21:51:27.957+0300: 589.869: [Tenured: 349567K->349567K(349568K), 0.9113047 secs] 506815K->506815K(506816K), [Metaspace: 7495K->7495K(1056768K)], 0.9113697 secs] [Times: user=0.92 sys=0.00, real=0.91 secs] 
2017-05-09T21:51:28.868+0300: 590.780: [Full GC (Allocation Failure) 2017-05-09T21:51:28.868+0300: 590.780: [Tenured: 349567K->349543K(349568K), 0.9043976 secs] 506815K->506791K(506816K), [Metaspace: 7495K->7495K(1056768K)], 0.9044599 secs] [Times: user=0.89 sys=0.00, real=0.90 secs] 
2017-05-09T21:51:29.773+0300: 591.685: [Full GC (Allocation Failure) 2017-05-09T21:51:29.773+0300: 591.685: [Tenured: 349567K->349567K(349568K), 0.9068753 secs] 506815K->506815K(506816K), [Metaspace: 7495K->7495K(1056768K)], 0.9069608 secs] [Times: user=0.91 sys=0.00, real=0.91 secs] 
2017-05-09T21:51:30.680+0300: 592.592: [Full GC (Allocation Failure) 2017-05-09T21:51:30.680+0300: 592.592: [Tenured: 349567K->349544K(349568K), 0.9197580 secs] 506815K->506792K(506816K), [Metaspace: 7495K->7495K(1056768K)], 0.9198198 secs] [Times: user=0.91 sys=0.00, real=0.92 secs] 
2017-05-09T21:51:31.601+0300: 593.513: [Full GC (Allocation Failure) 2017-05-09T21:51:31.601+0300: 593.513: [Tenured: 349567K->349567K(349568K), 0.8811524 secs] 506815K->506815K(506816K), [Metaspace: 7495K->7495K(1056768K)], 0.8812424 secs] [Times: user=0.89 sys=0.00, real=0.88 secs] 
2017-05-09T21:51:32.482+0300: 594.394: [Full GC (Allocation Failure) 2017-05-09T21:51:32.482+0300: 594.394: [Tenured: 349567K->349545K(349568K), 0.8735869 secs] 506815K->506793K(506816K), [Metaspace: 7495K->7495K(1056768K)], 0.8736538 secs] [Times: user=0.88 sys=0.00, real=0.87 secs] 
2017-05-09T21:51:33.356+0300: 595.269: [Full GC (Allocation Failure) 2017-05-09T21:51:33.356+0300: 595.269: [Tenured: 349567K->349567K(349568K), 0.8792173 secs] 506815K->506815K(506816K), [Metaspace: 7495K->7495K(1056768K)], 0.8792938 secs] [Times: user=0.88 sys=0.00, real=0.88 secs] 
2017-05-09T21:51:34.236+0300: 596.148: [Full GC (Allocation Failure) 2017-05-09T21:51:34.236+0300: 596.148: [Tenured: 349567K->349546K(349568K), 0.8715979 secs] 506815K->506794K(506816K), [Metaspace: 7495K->7495K(1056768K)], 0.8716660 secs] [Times: user=0.88 sys=0.00, real=0.87 secs] 
2017-05-09T21:51:35.108+0300: 597.020: [Full GC (Allocation Failure) 2017-05-09T21:51:35.108+0300: 597.020: [Tenured: 349567K->349567K(349568K), 0.8774615 secs] 506815K->506815K(506816K), [Metaspace: 7495K->7495K(1056768K)], 0.8775440 secs] [Times: user=0.88 sys=0.00, real=0.88 secs] 
2017-05-09T21:51:35.986+0300: 597.898: [Full GC (Allocation Failure) 2017-05-09T21:51:35.986+0300: 597.898: [Tenured: 349567K->349546K(349568K), 0.8752662 secs] 506815K->506794K(506816K), [Metaspace: 7495K->7495K(1056768K)], 0.8753385 secs] [Times: user=0.88 sys=0.00, real=0.88 secs] 
2017-05-09T21:51:36.862+0300: 598.774: [Full GC (Allocation Failure) 2017-05-09T21:51:36.862+0300: 598.774: [Tenured: 349567K->349567K(349568K), 0.8761532 secs] 506815K->506815K(506816K), [Metaspace: 7495K->7495K(1056768K)], 0.8762294 secs] [Times: user=0.88 sys=0.00, real=0.88 secs] 
2017-05-09T21:51:37.738+0300: 599.650: [Full GC (Allocation Failure) 2017-05-09T21:51:37.738+0300: 599.650: [Tenured: 349567K->349547K(349568K), 0.8750232 secs] 506815K->506795K(506816K), [Metaspace: 7495K->7495K(1056768K)], 0.8750792 secs] [Times: user=0.86 sys=0.00, real=0.88 secs] 
2017-05-09T21:51:38.614+0300: 600.526: [Full GC (Allocation Failure) 2017-05-09T21:51:38.614+0300: 600.526: [Tenured: 349567K->349567K(349568K), 0.8831136 secs] 506815K->506815K(506816K), [Metaspace: 7495K->7495K(1056768K)], 0.8831889 secs] [Times: user=0.89 sys=0.00, real=0.88 secs] 
2017-05-09T21:51:39.497+0300: 601.409: [Full GC (Allocation Failure) 2017-05-09T21:51:39.497+0300: 601.409: [Tenured: 349567K->349548K(349568K), 0.8845138 secs] 506815K->506796K(506816K), [Metaspace: 7495K->7495K(1056768K)], 0.8845809 secs] [Times: user=0.88 sys=0.00, real=0.88 secs] 
2017-05-09T21:51:40.383+0300: 602.295: [Full GC (Allocation Failure) 2017-05-09T21:51:40.383+0300: 602.295: [Tenured: 349568K->349568K(349568K), 0.8875162 secs] 506815K->506815K(506816K), [Metaspace: 7495K->7495K(1056768K)], 0.8875894 secs] [Times: user=0.89 sys=0.00, real=0.89 secs] 
2017-05-09T21:51:41.270+0300: 603.182: [Full GC (Allocation Failure) 2017-05-09T21:51:41.270+0300: 603.182: [Tenured: 349568K->349549K(349568K), 0.8887531 secs] 506815K->506797K(506816K), [Metaspace: 7495K->7495K(1056768K)], 0.8888206 secs] [Times: user=0.89 sys=0.00, real=0.89 secs] 
2017-05-09T21:51:42.161+0300: 604.073: [Full GC (Allocation Failure) 2017-05-09T21:51:42.161+0300: 604.073: [Tenured: 349567K->349567K(349568K), 0.8823038 secs] 506815K->506815K(506816K), [Metaspace: 7495K->7495K(1056768K)], 0.8823857 secs] [Times: user=0.89 sys=0.00, real=0.88 secs] 
2017-05-09T21:51:43.043+0300: 604.956: [Full GC (Allocation Failure) 2017-05-09T21:51:43.043+0300: 604.956: [Tenured: 349567K->349549K(349568K), 0.8698496 secs] 506815K->506797K(506816K), [Metaspace: 7495K->7495K(1056768K)], 0.8699237 secs] [Times: user=0.86 sys=0.00, real=0.87 secs] 
2017-05-09T21:51:43.914+0300: 605.826: [Full GC (Allocation Failure) 2017-05-09T21:51:43.914+0300: 605.826: [Tenured: 349567K->349567K(349568K), 0.8705143 secs] 506815K->506815K(506816K), [Metaspace: 7495K->7495K(1056768K)], 0.8705893 secs] [Times: user=0.88 sys=0.00, real=0.87 secs] 
2017-05-09T21:51:44.785+0300: 606.697: [Full GC (Allocation Failure) 2017-05-09T21:51:44.785+0300: 606.697: [Tenured: 349567K->349550K(349568K), 0.8502059 secs] 506815K->506798K(506816K), [Metaspace: 7495K->7495K(1056768K)], 0.8503288 secs] [Times: user=0.86 sys=0.00, real=0.85 secs] 
2017-05-09T21:51:45.636+0300: 607.548: [Full GC (Allocation Failure) 2017-05-09T21:51:45.636+0300: 607.548: [Tenured: 349567K->349567K(349568K), 0.8624212 secs] 506815K->506815K(506816K), [Metaspace: 7495K->7495K(1056768K)], 0.8625007 secs] [Times: user=0.86 sys=0.00, real=0.86 secs] 
2017-05-09T21:51:46.498+0300: 608.410: [Full GC (Allocation Failure) 2017-05-09T21:51:46.499+0300: 608.410: [Tenured: 349567K->349551K(349568K), 0.8507609 secs] 506815K->506799K(506816K), [Metaspace: 7495K->7495K(1056768K)], 0.8508362 secs] [Times: user=0.84 sys=0.00, real=0.85 secs] 
2017-05-09T21:51:47.349+0300: 609.262: [Full GC (Allocation Failure) 2017-05-09T21:51:47.350+0300: 609.262: [Tenured: 349567K->349567K(349568K), 0.8530598 secs] 506815K->506815K(506816K), [Metaspace: 7495K->7495K(1056768K)], 0.8531496 secs] [Times: user=0.86 sys=0.00, real=0.85 secs] 
2017-05-09T21:51:48.203+0300: 610.115: [Full GC (Allocation Failure) 2017-05-09T21:51:48.203+0300: 610.115: [Tenured: 349567K->349552K(349568K), 0.8478046 secs] 506815K->506800K(506816K), [Metaspace: 7495K->7495K(1056768K)], 0.8478661 secs] [Times: user=0.84 sys=0.00, real=0.85 secs] 
2017-05-09T21:51:49.051+0300: 610.964: [Full GC (Allocation Failure) 2017-05-09T21:51:49.052+0300: 610.964: [Tenured: 349567K->349567K(349568K), 0.8622504 secs] 506815K->506815K(506816K), [Metaspace: 7495K->7495K(1056768K)], 0.8623200 secs] [Times: user=0.86 sys=0.00, real=0.86 secs] 
2017-05-09T21:51:49.914+0300: 611.826: [Full GC (Allocation Failure) 2017-05-09T21:51:49.914+0300: 611.826: [Tenured: 349567K->349552K(349568K), 0.8714733 secs] 506815K->506800K(506816K), [Metaspace: 7495K->7495K(1056768K)], 0.8715498 secs] [Times: user=0.88 sys=0.00, real=0.87 secs] 
2017-05-09T21:51:50.786+0300: 612.698: [Full GC (Allocation Failure) 2017-05-09T21:51:50.786+0300: 612.698: [Tenured: 349567K->349567K(349568K), 0.8692569 secs] 506815K->506815K(506816K), [Metaspace: 7495K->7495K(1056768K)], 0.8693259 secs] [Times: user=0.88 sys=0.00, real=0.87 secs] 
2017-05-09T21:51:51.655+0300: 613.567: [Full GC (Allocation Failure) 2017-05-09T21:51:51.655+0300: 613.567: [Tenured: 349567K->349553K(349568K), 0.8592194 secs] 506815K->506801K(506816K), [Metaspace: 7495K->7495K(1056768K)], 0.8592833 secs] [Times: user=0.86 sys=0.00, real=0.86 secs] 
2017-05-09T21:51:52.515+0300: 614.427: [Full GC (Allocation Failure) 2017-05-09T21:51:52.515+0300: 614.427: [Tenured: 349568K->349568K(349568K), 0.8757415 secs] 506815K->506815K(506816K), [Metaspace: 7495K->7495K(1056768K)], 0.8758117 secs] [Times: user=0.88 sys=0.00, real=0.88 secs] 
2017-05-09T21:51:53.391+0300: 615.303: [Full GC (Allocation Failure) 2017-05-09T21:51:53.391+0300: 615.303: [Tenured: 349568K->349553K(349568K), 0.8448329 secs] 506815K->506801K(506816K), [Metaspace: 7495K->7495K(1056768K)], 0.8448968 secs] [Times: user=0.84 sys=0.00, real=0.85 secs] 
2017-05-09T21:51:54.237+0300: 616.149: [Full GC (Allocation Failure) 2017-05-09T21:51:54.237+0300: 616.149: [Tenured: 349567K->349567K(349568K), 0.8575247 secs] 506815K->506815K(506816K), [Metaspace: 7495K->7495K(1056768K)], 0.8575943 secs] [Times: user=0.86 sys=0.00, real=0.86 secs] 
2017-05-09T21:51:55.094+0300: 617.006: [Full GC (Allocation Failure) 2017-05-09T21:51:55.094+0300: 617.006: [Tenured: 349567K->349554K(349568K), 0.8470667 secs] 506815K->506802K(506816K), [Metaspace: 7495K->7495K(1056768K)], 0.8471390 secs] [Times: user=0.84 sys=0.00, real=0.85 secs] 
2017-05-09T21:51:55.942+0300: 617.854: [Full GC (Allocation Failure) 2017-05-09T21:51:55.942+0300: 617.854: [Tenured: 349568K->349568K(349568K), 0.8591230 secs] 506815K->506815K(506816K), [Metaspace: 7495K->7495K(1056768K)], 0.8591983 secs] [Times: user=0.84 sys=0.00, real=0.86 secs] 
2017-05-09T21:51:56.800+0300: 618.713: [Full GC (Allocation Failure) 2017-05-09T21:51:56.800+0300: 618.713: [Tenured: 349568K->349554K(349568K), 0.8463117 secs] 506815K->506802K(506816K), [Metaspace: 7495K->7495K(1056768K)], 0.8463753 secs] [Times: user=0.84 sys=0.00, real=0.85 secs] 
2017-05-09T21:51:57.648+0300: 619.560: [Full GC (Allocation Failure) 2017-05-09T21:51:57.648+0300: 619.560: [Tenured: 349567K->349567K(349568K), 0.8517895 secs] 506815K->506815K(506816K), [Metaspace: 7495K->7495K(1056768K)], 0.8518858 secs] [Times: user=0.86 sys=0.00, real=0.85 secs] 
2017-05-09T21:51:58.500+0300: 620.412: [Full GC (Allocation Failure) 2017-05-09T21:51:58.500+0300: 620.412: [Tenured: 349567K->349555K(349568K), 0.8462786 secs] 506815K->506803K(506816K), [Metaspace: 7495K->7495K(1056768K)], 0.8463412 secs] [Times: user=0.84 sys=0.00, real=0.85 secs] 
2017-05-09T21:51:59.347+0300: 621.259: [Full GC (Allocation Failure) 2017-05-09T21:51:59.347+0300: 621.259: [Tenured: 349567K->349567K(349568K), 0.8566980 secs] 506815K->506815K(506816K), [Metaspace: 7495K->7495K(1056768K)], 0.8567615 secs] [Times: user=0.86 sys=0.00, real=0.86 secs] 
2017-05-09T21:52:00.204+0300: 622.116: [Full GC (Allocation Failure) 2017-05-09T21:52:00.204+0300: 622.116: [Tenured: 349567K->349555K(349568K), 0.8446568 secs] 506815K->506803K(506816K), [Metaspace: 7495K->7495K(1056768K)], 0.8447209 secs] [Times: user=0.84 sys=0.00, real=0.84 secs] 
2017-05-09T21:52:01.048+0300: 622.961: [Full GC (Allocation Failure) 2017-05-09T21:52:01.048+0300: 622.961: [Tenured: 349567K->349567K(349568K), 0.8528824 secs] 506815K->506815K(506816K), [Metaspace: 7495K->7495K(1056768K)], 0.8529589 secs] [Times: user=0.86 sys=0.00, real=0.85 secs] 
2017-05-09T21:52:01.901+0300: 623.814: [Full GC (Allocation Failure) 2017-05-09T21:52:01.901+0300: 623.814: [Tenured: 349567K->349556K(349568K), 0.8501134 secs] 506815K->506804K(506816K), [Metaspace: 7495K->7495K(1056768K)], 0.8501953 secs] [Times: user=0.84 sys=0.00, real=0.85 secs] 
2017-05-09T21:52:02.752+0300: 624.665: [Full GC (Allocation Failure) 2017-05-09T21:52:02.752+0300: 624.665: [Tenured: 349567K->349567K(349568K), 0.8515009 secs] 506815K->506815K(506816K), [Metaspace: 7495K->7495K(1056768K)], 0.8515792 secs] [Times: user=0.86 sys=0.00, real=0.85 secs] 
2017-05-09T21:52:03.604+0300: 625.516: [Full GC (Allocation Failure) 2017-05-09T21:52:03.604+0300: 625.516: [Tenured: 349567K->349556K(349568K), 0.8448098 secs] 506815K->506804K(506816K), [Metaspace: 7495K->7495K(1056768K)], 0.8448820 secs] [Times: user=0.84 sys=0.00, real=0.84 secs] 
2017-05-09T21:52:04.450+0300: 626.362: [Full GC (Allocation Failure) 2017-05-09T21:52:04.450+0300: 626.362: [Tenured: 349568K->349568K(349568K), 0.8519765 secs] 506815K->506815K(506816K), [Metaspace: 7495K->7495K(1056768K)], 0.8520448 secs] [Times: user=0.84 sys=0.00, real=0.85 secs] 
2017-05-09T21:52:05.301+0300: 627.214: [Full GC (Allocation Failure) 2017-05-09T21:52:05.301+0300: 627.214: [Tenured: 349568K->349557K(349568K), 0.8477191 secs] 506815K->506805K(506816K), [Metaspace: 7495K->7495K(1056768K)], 0.8477805 secs] [Times: user=0.86 sys=0.00, real=0.85 secs] 
2017-05-09T21:52:06.149+0300: 628.062: [Full GC (Allocation Failure) 2017-05-09T21:52:06.150+0300: 628.062: [Tenured: 349567K->349567K(349568K), 0.8482196 secs] 506815K->506815K(506816K), [Metaspace: 7495K->7495K(1056768K)], 0.8482928 secs] [Times: user=0.84 sys=0.00, real=0.85 secs] 
2017-05-09T21:52:06.998+0300: 628.911: [Full GC (Allocation Failure) 2017-05-09T21:52:06.998+0300: 628.911: [Tenured: 349567K->349557K(349568K), 0.8433427 secs] 506815K->506805K(506816K), [Metaspace: 7495K->7495K(1056768K)], 0.8434021 secs] [Times: user=0.84 sys=0.00, real=0.84 secs] 
2017-05-09T21:52:07.842+0300: 629.754: [Full GC (Allocation Failure) 2017-05-09T21:52:07.842+0300: 629.754: [Tenured: 349568K->349568K(349568K), 0.8565570 secs] 506815K->506815K(506816K), [Metaspace: 7495K->7495K(1056768K)], 0.8566203 secs] [Times: user=0.86 sys=0.00, real=0.86 secs] 
2017-05-09T21:52:08.699+0300: 630.611: [Full GC (Allocation Failure) 2017-05-09T21:52:08.699+0300: 630.611: [Tenured: 349568K->349558K(349568K), 0.8467963 secs] 506815K->506806K(506816K), [Metaspace: 7495K->7495K(1056768K)], 0.8468601 secs] [Times: user=0.84 sys=0.00, real=0.85 secs] 
2017-05-09T21:52:09.545+0300: 631.458: [Full GC (Allocation Failure) 2017-05-09T21:52:09.545+0300: 631.458: [Tenured: 349568K->349568K(349568K), 0.8520641 secs] 506815K->506815K(506816K), [Metaspace: 7495K->7495K(1056768K)], 0.8521340 secs] [Times: user=0.81 sys=0.00, real=0.85 secs] 
2017-05-09T21:52:10.398+0300: 632.310: [Full GC (Allocation Failure) 2017-05-09T21:52:10.398+0300: 632.311: [Tenured: 349568K->349558K(349568K), 0.8462250 secs] 506815K->506806K(506816K), [Metaspace: 7495K->7495K(1056768K)], 0.8462957 secs] [Times: user=0.86 sys=0.00, real=0.85 secs] 
2017-05-09T21:52:11.245+0300: 633.157: [Full GC (Allocation Failure) 2017-05-09T21:52:11.245+0300: 633.157: [Tenured: 349567K->349567K(349568K), 0.8492238 secs] 506815K->506815K(506816K), [Metaspace: 7495K->7495K(1056768K)], 0.8492915 secs] [Times: user=0.84 sys=0.00, real=0.85 secs] 
2017-05-09T21:52:12.094+0300: 634.007: [Full GC (Allocation Failure) 2017-05-09T21:52:12.094+0300: 634.007: [Tenured: 349567K->349558K(349568K), 0.8474005 secs] 506815K->506806K(506816K), [Metaspace: 7495K->7495K(1056768K)], 0.8474658 secs] [Times: user=0.84 sys=0.00, real=0.85 secs] 
2017-05-09T21:52:12.943+0300: 634.855: [Full GC (Allocation Failure) 2017-05-09T21:52:12.943+0300: 634.855: [Tenured: 349567K->349567K(349568K), 0.8532131 secs] 506815K->506815K(506816K), [Metaspace: 7495K->7495K(1056768K)], 0.8532911 secs] [Times: user=0.86 sys=0.00, real=0.85 secs] 
2017-05-09T21:52:13.795+0300: 635.708: [Full GC (Allocation Failure) 2017-05-09T21:52:13.795+0300: 635.708: [Tenured: 349567K->349559K(349568K), 0.8457229 secs] 506815K->506807K(506816K), [Metaspace: 7495K->7495K(1056768K)], 0.8457828 secs] [Times: user=0.84 sys=0.00, real=0.85 secs] 
2017-05-09T21:52:14.642+0300: 636.554: [Full GC (Allocation Failure) 2017-05-09T21:52:14.642+0300: 636.554: [Tenured: 349567K->349567K(349568K), 0.8517696 secs] 506815K->506815K(506816K), [Metaspace: 7495K->7495K(1056768K)], 0.8518422 secs] [Times: user=0.86 sys=0.00, real=0.85 secs] 
2017-05-09T21:52:15.494+0300: 637.406: [Full GC (Allocation Failure) 2017-05-09T21:52:15.494+0300: 637.406: [Tenured: 349567K->349559K(349568K), 0.8410632 secs] 506815K->506807K(506816K), [Metaspace: 7495K->7495K(1056768K)], 0.8411285 secs] [Times: user=0.83 sys=0.00, real=0.84 secs] 
2017-05-09T21:52:16.335+0300: 638.248: [Full GC (Allocation Failure) 2017-05-09T21:52:16.335+0300: 638.248: [Tenured: 349567K->349567K(349568K), 0.8542205 secs] 506815K->506815K(506816K), [Metaspace: 7495K->7495K(1056768K)], 0.8542871 secs] [Times: user=0.86 sys=0.00, real=0.85 secs] 
2017-05-09T21:52:17.189+0300: 639.102: [Full GC (Allocation Failure) 2017-05-09T21:52:17.189+0300: 639.102: [Tenured: 349567K->349559K(349568K), 0.8445899 secs] 506815K->506807K(506816K), [Metaspace: 7495K->7495K(1056768K)], 0.8446504 secs] [Times: user=0.84 sys=0.00, real=0.85 secs] 
2017-05-09T21:52:18.034+0300: 639.947: [Full GC (Allocation Failure) 2017-05-09T21:52:18.034+0300: 639.947: [Tenured: 349568K->349568K(349568K), 0.8490138 secs] 506815K->506815K(506816K), [Metaspace: 7495K->7495K(1056768K)], 0.8490741 secs] [Times: user=0.86 sys=0.00, real=0.85 secs] 
2017-05-09T21:52:18.884+0300: 640.796: [Full GC (Allocation Failure) 2017-05-09T21:52:18.884+0300: 640.796: [Tenured: 349568K->349560K(349568K), 0.8430539 secs] 506815K->506808K(506816K), [Metaspace: 7495K->7495K(1056768K)], 0.8431172 secs] [Times: user=0.83 sys=0.00, real=0.84 secs] 
2017-05-09T21:52:19.727+0300: 641.640: [Full GC (Allocation Failure) 2017-05-09T21:52:19.727+0300: 641.640: [Tenured: 349568K->349568K(349568K), 0.8547425 secs] 506815K->506815K(506816K), [Metaspace: 7495K->7495K(1056768K)], 0.8548087 secs] [Times: user=0.84 sys=0.00, real=0.85 secs] 
2017-05-09T21:52:20.582+0300: 642.494: [Full GC (Allocation Failure) 2017-05-09T21:52:20.582+0300: 642.494: [Tenured: 349568K->349560K(349568K), 0.8444149 secs] 506815K->506808K(506816K), [Metaspace: 7495K->7495K(1056768K)], 0.8444791 secs] [Times: user=0.84 sys=0.00, real=0.84 secs] 
2017-05-09T21:52:21.427+0300: 643.339: [Full GC (Allocation Failure) 2017-05-09T21:52:21.427+0300: 643.339: [Tenured: 349568K->349568K(349568K), 0.8560902 secs] 506815K->506815K(506816K), [Metaspace: 7495K->7495K(1056768K)], 0.8561586 secs] [Times: user=0.84 sys=0.00, real=0.86 secs] 
2017-05-09T21:52:22.283+0300: 644.196: [Full GC (Allocation Failure) 2017-05-09T21:52:22.283+0300: 644.196: [Tenured: 349568K->349560K(349568K), 0.8466496 secs] 506815K->506808K(506816K), [Metaspace: 7495K->7495K(1056768K)], 0.8467210 secs] [Times: user=0.84 sys=0.00, real=0.85 secs] 
2017-05-09T21:52:23.130+0300: 645.043: [Full GC (Allocation Failure) 2017-05-09T21:52:23.130+0300: 645.043: [Tenured: 349567K->349567K(349568K), 0.8526159 secs] 506815K->506815K(506816K), [Metaspace: 7495K->7495K(1056768K)], 0.8526824 secs] [Times: user=0.86 sys=0.00, real=0.85 secs] 
2017-05-09T21:52:23.983+0300: 645.895: [Full GC (Allocation Failure) 2017-05-09T21:52:23.983+0300: 645.895: [Tenured: 349567K->349561K(349568K), 0.8449558 secs] 506815K->506809K(506816K), [Metaspace: 7495K->7495K(1056768K)], 0.8450124 secs] [Times: user=0.84 sys=0.00, real=0.85 secs] 
2017-05-09T21:52:24.828+0300: 646.741: [Full GC (Allocation Failure) 2017-05-09T21:52:24.828+0300: 646.741: [Tenured: 349567K->349567K(349568K), 0.8521219 secs] 506815K->506815K(506816K), [Metaspace: 7495K->7495K(1056768K)], 0.8521954 secs] [Times: user=0.86 sys=0.00, real=0.85 secs] 
2017-05-09T21:52:25.680+0300: 647.593: [Full GC (Allocation Failure) 2017-05-09T21:52:25.680+0300: 647.593: [Tenured: 349567K->349561K(349568K), 0.8485491 secs] 506815K->506809K(506816K), [Metaspace: 7495K->7495K(1056768K)], 0.8486202 secs] [Times: user=0.84 sys=0.00, real=0.85 secs] 
2017-05-09T21:52:26.530+0300: 648.442: [Full GC (Allocation Failure) 2017-05-09T21:52:26.530+0300: 648.442: [Tenured: 349567K->349567K(349568K), 0.8515009 secs] 506815K->506815K(506816K), [Metaspace: 7495K->7495K(1056768K)], 0.8515916 secs] [Times: user=0.84 sys=0.00, real=0.85 secs] 
2017-05-09T21:52:27.381+0300: 649.294: [Full GC (Allocation Failure) 2017-05-09T21:52:27.381+0300: 649.294: [Tenured: 349567K->349561K(349568K), 0.8446495 secs] 506815K->506809K(506816K), [Metaspace: 7495K->7495K(1056768K)], 0.8447140 secs] [Times: user=0.84 sys=0.00, real=0.85 secs] 
2017-05-09T21:52:28.227+0300: 650.139: [Full GC (Allocation Failure) 2017-05-09T21:52:28.227+0300: 650.139: [Tenured: 349568K->349568K(349568K), 0.8598555 secs] 506815K->506815K(506816K), [Metaspace: 7495K->7495K(1056768K)], 0.8599446 secs] [Times: user=0.86 sys=0.00, real=0.86 secs] 
2017-05-09T21:52:29.087+0300: 650.999: [Full GC (Allocation Failure) 2017-05-09T21:52:29.087+0300: 650.999: [Tenured: 349568K->349561K(349568K), 0.8572055 secs] 506815K->506809K(506816K), [Metaspace: 7495K->7495K(1056768K)], 0.8572717 secs] [Times: user=0.84 sys=0.00, real=0.86 secs] 
2017-05-09T21:52:29.944+0300: 651.856: [Full GC (Allocation Failure) 2017-05-09T21:52:29.945+0300: 651.857: [Tenured: 349568K->349568K(349568K), 0.8659678 secs] 506815K->506815K(506816K), [Metaspace: 7495K->7495K(1056768K)], 0.8660413 secs] [Times: user=0.88 sys=0.00, real=0.87 secs] 
2017-05-09T21:52:30.810+0300: 652.723: [Full GC (Allocation Failure) 2017-05-09T21:52:30.810+0300: 652.723: [Tenured: 349568K->349561K(349568K), 0.8593769 secs] 506815K->506809K(506816K), [Metaspace: 7495K->7495K(1056768K)], 0.8594347 secs] [Times: user=0.86 sys=0.00, real=0.86 secs] 
2017-05-09T21:52:31.670+0300: 653.582: [Full GC (Allocation Failure) 2017-05-09T21:52:31.670+0300: 653.582: [Tenured: 349567K->349567K(349568K), 0.8500143 secs] 506815K->506815K(506816K), [Metaspace: 7495K->7495K(1056768K)], 0.8500902 secs] [Times: user=0.84 sys=0.00, real=0.85 secs] 
2017-05-09T21:52:32.520+0300: 654.433: [Full GC (Allocation Failure) 2017-05-09T21:52:32.520+0300: 654.433: [Tenured: 349567K->349562K(349568K), 0.8410954 secs] 506815K->506810K(506816K), [Metaspace: 7495K->7495K(1056768K)], 0.8411604 secs] [Times: user=0.84 sys=0.00, real=0.84 secs] 
2017-05-09T21:52:33.362+0300: 655.274: [Full GC (Allocation Failure) 2017-05-09T21:52:33.362+0300: 655.274: [Tenured: 349568K->349568K(349568K), 0.8494264 secs] 506815K->506815K(506816K), [Metaspace: 7495K->7495K(1056768K)], 0.8494951 secs] [Times: user=0.84 sys=0.00, real=0.85 secs] 
2017-05-09T21:52:34.211+0300: 656.124: [Full GC (Allocation Failure) 2017-05-09T21:52:34.211+0300: 656.124: [Tenured: 349568K->349562K(349568K), 0.8406777 secs] 506815K->506810K(506816K), [Metaspace: 7495K->7495K(1056768K)], 0.8407466 secs] [Times: user=0.83 sys=0.02, real=0.84 secs] 
2017-05-09T21:52:35.052+0300: 656.965: [Full GC (Allocation Failure) 2017-05-09T21:52:35.052+0300: 656.965: [Tenured: 349567K->349567K(349568K), 0.8510293 secs] 506815K->506815K(506816K), [Metaspace: 7495K->7495K(1056768K)], 0.8510986 secs] [Times: user=0.86 sys=0.00, real=0.85 secs] 
2017-05-09T21:52:35.903+0300: 657.816: [Full GC (Allocation Failure) 2017-05-09T21:52:35.903+0300: 657.816: [Tenured: 349567K->349562K(349568K), 0.8444508 secs] 506815K->506810K(506816K), [Metaspace: 7495K->7495K(1056768K)], 0.8445101 secs] [Times: user=0.84 sys=0.00, real=0.84 secs] 
2017-05-09T21:52:36.748+0300: 658.661: [Full GC (Allocation Failure) 2017-05-09T21:52:36.748+0300: 658.661: [Tenured: 349567K->349567K(349568K), 0.8526089 secs] 506815K->506815K(506816K), [Metaspace: 7495K->7495K(1056768K)], 0.8526833 secs] [Times: user=0.84 sys=0.00, real=0.85 secs] 
2017-05-09T21:52:37.601+0300: 659.513: [Full GC (Allocation Failure) 2017-05-09T21:52:37.601+0300: 659.513: [Tenured: 349567K->349562K(349568K), 0.8456283 secs] 506815K->506810K(506816K), [Metaspace: 7495K->7495K(1056768K)], 0.8456919 secs] [Times: user=0.86 sys=0.00, real=0.85 secs] 
2017-05-09T21:52:38.447+0300: 660.359: [Full GC (Allocation Failure) 2017-05-09T21:52:38.447+0300: 660.359: [Tenured: 349567K->349567K(349568K), 0.8522289 secs] 506815K->506815K(506816K), [Metaspace: 7495K->7495K(1056768K)], 0.8522873 secs] [Times: user=0.84 sys=0.00, real=0.85 secs] 
2017-05-09T21:52:39.299+0300: 661.212: [Full GC (Allocation Failure) 2017-05-09T21:52:39.299+0300: 661.212: [Tenured: 349567K->349563K(349568K), 0.8427039 secs] 506815K->506811K(506816K), [Metaspace: 7495K->7495K(1056768K)], 0.8427699 secs] [Times: user=0.84 sys=0.00, real=0.84 secs] 
2017-05-09T21:52:40.142+0300: 662.055: [Full GC (Allocation Failure) 2017-05-09T21:52:40.142+0300: 662.055: [Tenured: 349567K->349567K(349568K), 0.8509763 secs] 506815K->506815K(506816K), [Metaspace: 7495K->7495K(1056768K)], 0.8510594 secs] [Times: user=0.86 sys=0.00, real=0.85 secs] 
2017-05-09T21:52:40.994+0300: 662.906: [Full GC (Allocation Failure) 2017-05-09T21:52:40.994+0300: 662.906: [Tenured: 349567K->349563K(349568K), 0.8409562 secs] 506815K->506811K(506816K), [Metaspace: 7495K->7495K(1056768K)], 0.8410258 secs] [Times: user=0.83 sys=0.00, real=0.84 secs] 
2017-05-09T21:52:41.835+0300: 663.747: [Full GC (Allocation Failure) 2017-05-09T21:52:41.835+0300: 663.747: [Tenured: 349567K->349567K(349568K), 0.8546003 secs] 506815K->506815K(506816K), [Metaspace: 7495K->7495K(1056768K)], 0.8546789 secs] [Times: user=0.84 sys=0.00, real=0.86 secs] 
2017-05-09T21:52:42.690+0300: 664.602: [Full GC (Allocation Failure) 2017-05-09T21:52:42.690+0300: 664.602: [Tenured: 349567K->349563K(349568K), 0.8426106 secs] 506815K->506811K(506816K), [Metaspace: 7495K->7495K(1056768K)], 0.8426717 secs] [Times: user=0.84 sys=0.00, real=0.84 secs] 
2017-05-09T21:52:43.532+0300: 665.445: [Full GC (Allocation Failure) 2017-05-09T21:52:43.532+0300: 665.445: [Tenured: 349567K->349567K(349568K), 0.8578717 secs] 506815K->506815K(506816K), [Metaspace: 7495K->7495K(1056768K)], 0.8579485 secs] [Times: user=0.86 sys=0.00, real=0.86 secs] 
2017-05-09T21:52:44.391+0300: 666.303: [Full GC (Allocation Failure) 2017-05-09T21:52:44.391+0300: 666.303: [Tenured: 349567K->349563K(349568K), 0.8448329 secs] 506815K->506811K(506816K), [Metaspace: 7495K->7495K(1056768K)], 0.8448893 secs] [Times: user=0.84 sys=0.00, real=0.85 secs] 
2017-05-09T21:52:45.236+0300: 667.148: [Full GC (Allocation Failure) 2017-05-09T21:52:45.236+0300: 667.148: [Tenured: 349567K->349567K(349568K), 0.8513639 secs] 506815K->506815K(506816K), [Metaspace: 7495K->7495K(1056768K)], 0.8514359 secs] [Times: user=0.86 sys=0.00, real=0.85 secs] 
2017-05-09T21:52:46.088+0300: 668.000: [Full GC (Allocation Failure) 2017-05-09T21:52:46.088+0300: 668.000: [Tenured: 349567K->349563K(349568K), 0.8411511 secs] 506815K->506811K(506816K), [Metaspace: 7495K->7495K(1056768K)], 0.8412219 secs] [Times: user=0.83 sys=0.00, real=0.84 secs] 
2017-05-09T21:52:46.929+0300: 668.841: [Full GC (Allocation Failure) 2017-05-09T21:52:46.929+0300: 668.841: [Tenured: 349567K->349567K(349568K), 0.8501303 secs] 506815K->506815K(506816K), [Metaspace: 7495K->7495K(1056768K)], 0.8502089 secs] [Times: user=0.86 sys=0.00, real=0.85 secs] 
2017-05-09T21:52:47.779+0300: 669.692: [Full GC (Allocation Failure) 2017-05-09T21:52:47.779+0300: 669.692: [Tenured: 349567K->349563K(349568K), 0.8421745 secs] 506815K->506811K(506816K), [Metaspace: 7495K->7495K(1056768K)], 0.8422401 secs] [Times: user=0.84 sys=0.00, real=0.84 secs] 
2017-05-09T21:52:48.622+0300: 670.534: [Full GC (Allocation Failure) 2017-05-09T21:52:48.622+0300: 670.534: [Tenured: 349567K->349567K(349568K), 0.8507664 secs] 506815K->506815K(506816K), [Metaspace: 7495K->7495K(1056768K)], 0.8508383 secs] [Times: user=0.84 sys=0.00, real=0.85 secs] 
2017-05-09T21:52:49.473+0300: 671.385: [Full GC (Allocation Failure) 2017-05-09T21:52:49.473+0300: 671.385: [Tenured: 349567K->349564K(349568K), 0.8399801 secs] 506815K->506812K(506816K), [Metaspace: 7495K->7495K(1056768K)], 0.8400437 secs] [Times: user=0.84 sys=0.00, real=0.84 secs] 
2017-05-09T21:52:50.313+0300: 672.226: [Full GC (Allocation Failure) 2017-05-09T21:52:50.313+0300: 672.226: [Tenured: 349568K->349568K(349568K), 0.8487458 secs] 506815K->506815K(506816K), [Metaspace: 7495K->7495K(1056768K)], 0.8488121 secs] [Times: user=0.84 sys=0.00, real=0.85 secs] 
2017-05-09T21:52:51.162+0300: 673.074: [Full GC (Allocation Failure) 2017-05-09T21:52:51.162+0300: 673.074: [Tenured: 349568K->349564K(349568K), 0.8470893 secs] 506815K->506812K(506816K), [Metaspace: 7495K->7495K(1056768K)], 0.8471812 secs] [Times: user=0.86 sys=0.00, real=0.85 secs] 
2017-05-09T21:52:52.009+0300: 673.922: [Full GC (Allocation Failure) 2017-05-09T21:52:52.009+0300: 673.922: [Tenured: 349567K->349567K(349568K), 0.8496303 secs] 506815K->506815K(506816K), [Metaspace: 7495K->7495K(1056768K)], 0.8496891 secs] [Times: user=0.84 sys=0.00, real=0.85 secs] 
2017-05-09T21:52:52.859+0300: 674.772: [Full GC (Allocation Failure) 2017-05-09T21:52:52.859+0300: 674.772: [Tenured: 349567K->349564K(349568K), 0.8455708 secs] 506815K->506812K(506816K), [Metaspace: 7495K->7495K(1056768K)], 0.8456308 secs] [Times: user=0.84 sys=0.00, real=0.85 secs] 
2017-05-09T21:52:53.705+0300: 675.618: [Full GC (Allocation Failure) 2017-05-09T21:52:53.705+0300: 675.618: [Tenured: 349567K->349567K(349568K), 0.8478564 secs] 506815K->506815K(506816K), [Metaspace: 7495K->7495K(1056768K)], 0.8479158 secs] [Times: user=0.84 sys=0.00, real=0.85 secs] 
2017-05-09T21:52:54.553+0300: 676.466: [Full GC (Allocation Failure) 2017-05-09T21:52:54.553+0300: 676.466: [Tenured: 349567K->349564K(349568K), 0.8397678 secs] 506815K->506812K(506816K), [Metaspace: 7495K->7495K(1056768K)], 0.8398295 secs] [Times: user=0.84 sys=0.00, real=0.84 secs] 
2017-05-09T21:52:55.394+0300: 677.306: [Full GC (Allocation Failure) 2017-05-09T21:52:55.394+0300: 677.306: [Tenured: 349567K->349567K(349568K), 0.8484461 secs] 506815K->506815K(506816K), [Metaspace: 7495K->7495K(1056768K)], 0.8485142 secs] [Times: user=0.84 sys=0.00, real=0.85 secs] 
2017-05-09T21:52:56.242+0300: 678.154: [Full GC (Allocation Failure) 2017-05-09T21:52:56.242+0300: 678.154: [Tenured: 349567K->349564K(349568K), 0.8486443 secs] 506815K->506812K(506816K), [Metaspace: 7495K->7495K(1056768K)], 0.8487066 secs] [Times: user=0.86 sys=0.00, real=0.85 secs] 
2017-05-09T21:52:57.090+0300: 679.003: [Full GC (Allocation Failure) 2017-05-09T21:52:57.091+0300: 679.003: [Tenured: 349567K->349567K(349568K), 0.8536718 secs] 506815K->506815K(506816K), [Metaspace: 7495K->7495K(1056768K)], 0.8537700 secs] [Times: user=0.84 sys=0.00, real=0.85 secs] 
2017-05-09T21:52:57.945+0300: 679.857: [Full GC (Allocation Failure) 2017-05-09T21:52:57.945+0300: 679.857: [Tenured: 349567K->349564K(349568K), 0.8415041 secs] 506815K->506812K(506816K), [Metaspace: 7495K->7495K(1056768K)], 0.8415640 secs] [Times: user=0.84 sys=0.00, real=0.84 secs] 
2017-05-09T21:52:58.787+0300: 680.699: [Full GC (Allocation Failure) 2017-05-09T21:52:58.787+0300: 680.699: [Tenured: 349567K->349567K(349568K), 0.8509745 secs] 506815K->506815K(506816K), [Metaspace: 7495K->7495K(1056768K)], 0.8510447 secs] [Times: user=0.86 sys=0.00, real=0.85 secs] 
2017-05-09T21:52:59.638+0300: 681.550: [Full GC (Allocation Failure) 2017-05-09T21:52:59.638+0300: 681.550: [Tenured: 349567K->349565K(349568K), 0.8438391 secs] 506815K->506813K(506816K), [Metaspace: 7495K->7495K(1056768K)], 0.8439074 secs] [Times: user=0.84 sys=0.00, real=0.84 secs] 
2017-05-09T21:53:00.482+0300: 682.394: [Full GC (Allocation Failure) 2017-05-09T21:53:00.482+0300: 682.394: [Tenured: 349567K->349567K(349568K), 0.8519662 secs] 506815K->506815K(506816K), [Metaspace: 7495K->7495K(1056768K)], 0.8520388 secs] [Times: user=0.84 sys=0.00, real=0.85 secs] 
2017-05-09T21:53:01.334+0300: 683.246: [Full GC (Allocation Failure) 2017-05-09T21:53:01.334+0300: 683.246: [Tenured: 349567K->349565K(349568K), 0.8415616 secs] 506815K->506813K(506816K), [Metaspace: 7495K->7495K(1056768K)], 0.8416285 secs] [Times: user=0.84 sys=0.00, real=0.84 secs] 
2017-05-09T21:53:02.176+0300: 684.088: [Full GC (Allocation Failure) 2017-05-09T21:53:02.176+0300: 684.088: [Tenured: 349567K->349567K(349568K), 0.8519599 secs] 506815K->506815K(506816K), [Metaspace: 7495K->7495K(1056768K)], 0.8520415 secs] [Times: user=0.86 sys=0.00, real=0.85 secs] 
2017-05-09T21:53:03.028+0300: 684.940: [Full GC (Allocation Failure) 2017-05-09T21:53:03.028+0300: 684.940: [Tenured: 349567K->349565K(349568K), 0.8470550 secs] 506815K->506813K(506816K), [Metaspace: 7495K->7495K(1056768K)], 0.8471170 secs] [Times: user=0.84 sys=0.00, real=0.85 secs] 
2017-05-09T21:53:03.876+0300: 685.788: [Full GC (Allocation Failure) 2017-05-09T21:53:03.876+0300: 685.788: [Tenured: 349567K->349567K(349568K), 0.8511004 secs] 506815K->506815K(506816K), [Metaspace: 7495K->7495K(1056768K)], 0.8511805 secs] [Times: user=0.83 sys=0.00, real=0.85 secs] 
2017-05-09T21:53:04.727+0300: 686.639: [Full GC (Allocation Failure) 2017-05-09T21:53:04.727+0300: 686.639: [Tenured: 349567K->349565K(349568K), 0.8435454 secs] 506815K->506813K(506816K), [Metaspace: 7495K->7495K(1056768K)], 0.8436054 secs] [Times: user=0.84 sys=0.00, real=0.84 secs] 
2017-05-09T21:53:05.570+0300: 687.483: [Full GC (Allocation Failure) 2017-05-09T21:53:05.570+0300: 687.483: [Tenured: 349567K->349567K(349568K), 0.8512850 secs] 506815K->506815K(506816K), [Metaspace: 7495K->7495K(1056768K)], 0.8513627 secs] [Times: user=0.86 sys=0.00, real=0.85 secs] 
2017-05-09T21:53:06.422+0300: 688.334: [Full GC (Allocation Failure) 2017-05-09T21:53:06.422+0300: 688.334: [Tenured: 349567K->349565K(349568K), 0.8453910 secs] 506815K->506813K(506816K), [Metaspace: 7495K->7495K(1056768K)], 0.8454609 secs] [Times: user=0.84 sys=0.00, real=0.85 secs] 
2017-05-09T21:53:07.268+0300: 689.180: [Full GC (Allocation Failure) 2017-05-09T21:53:07.268+0300: 689.180: [Tenured: 349567K->349567K(349568K), 0.8483061 secs] 506815K->506815K(506816K), [Metaspace: 7495K->7495K(1056768K)], 0.8483775 secs] [Times: user=0.84 sys=0.00, real=0.85 secs] 
2017-05-09T21:53:08.116+0300: 690.029: [Full GC (Allocation Failure) 2017-05-09T21:53:08.116+0300: 690.029: [Tenured: 349567K->349565K(349568K), 0.8472984 secs] 506815K->506813K(506816K), [Metaspace: 7495K->7495K(1056768K)], 0.8473571 secs] [Times: user=0.86 sys=0.00, real=0.85 secs] 
2017-05-09T21:53:08.964+0300: 690.876: [Full GC (Allocation Failure) 2017-05-09T21:53:08.964+0300: 690.876: [Tenured: 349567K->349567K(349568K), 0.8497105 secs] 506815K->506815K(506816K), [Metaspace: 7495K->7495K(1056768K)], 0.8497848 secs] [Times: user=0.84 sys=0.00, real=0.85 secs] 
2017-05-09T21:53:09.813+0300: 691.726: [Full GC (Allocation Failure) 2017-05-09T21:53:09.813+0300: 691.726: [Tenured: 349567K->349565K(349568K), 0.8453070 secs] 506815K->506813K(506816K), [Metaspace: 7495K->7495K(1056768K)], 0.8453684 secs] [Times: user=0.84 sys=0.00, real=0.85 secs] 
2017-05-09T21:53:10.660+0300: 692.572: [Full GC (Allocation Failure) 2017-05-09T21:53:10.660+0300: 692.572: [Tenured: 349568K->349568K(349568K), 0.8570133 secs] 506815K->506815K(506816K), [Metaspace: 7495K->7495K(1056768K)], 0.8570946 secs] [Times: user=0.84 sys=0.00, real=0.86 secs] 
2017-05-09T21:53:11.516+0300: 693.429: [Full GC (Allocation Failure) 2017-05-09T21:53:11.516+0300: 693.429: [Tenured: 349568K->349565K(349568K), 0.8544738 secs] 506815K->506813K(506816K), [Metaspace: 7495K->7495K(1056768K)], 0.8545693 secs] [Times: user=0.86 sys=0.00, real=0.86 secs] 
2017-05-09T21:53:12.371+0300: 694.284: [Full GC (Allocation Failure) 2017-05-09T21:53:12.371+0300: 694.284: [Tenured: 349568K->349568K(349568K), 0.8660955 secs] 506815K->506815K(506816K), [Metaspace: 7495K->7495K(1056768K)], 0.8661726 secs] [Times: user=0.86 sys=0.00, real=0.87 secs] 
2017-05-09T21:53:13.237+0300: 695.150: [Full GC (Allocation Failure) 2017-05-09T21:53:13.237+0300: 695.150: [Tenured: 349568K->349565K(349568K), 0.8438201 secs] 506815K->506813K(506816K), [Metaspace: 7495K->7495K(1056768K)], 0.8438849 secs] [Times: user=0.84 sys=0.00, real=0.85 secs] 
2017-05-09T21:53:14.082+0300: 695.994: [Full GC (Allocation Failure) 2017-05-09T21:53:14.082+0300: 695.994: [Tenured: 349567K->349567K(349568K), 0.8551870 secs] 506815K->506815K(506816K), [Metaspace: 7495K->7495K(1056768K)], 0.8552761 secs] [Times: user=0.86 sys=0.00, real=0.86 secs] 
2017-05-09T21:53:14.937+0300: 696.850: [Full GC (Allocation Failure) 2017-05-09T21:53:14.937+0300: 696.850: [Tenured: 349567K->349565K(349568K), 0.8452227 secs] 506815K->506813K(506816K), [Metaspace: 7495K->7495K(1056768K)], 0.8452853 secs] [Times: user=0.83 sys=0.00, real=0.85 secs] 
2017-05-09T21:53:15.782+0300: 697.695: [Full GC (Allocation Failure) 2017-05-09T21:53:15.782+0300: 697.695: [Tenured: 349567K->349567K(349568K), 0.8727623 secs] 506815K->506815K(506816K), [Metaspace: 7495K->7495K(1056768K)], 0.8728379 secs] [Times: user=0.88 sys=0.00, real=0.87 secs] 
2017-05-09T21:53:16.655+0300: 698.568: [Full GC (Allocation Failure) 2017-05-09T21:53:16.655+0300: 698.568: [Tenured: 349567K->349565K(349568K), 0.8655645 secs] 506815K->506813K(506816K), [Metaspace: 7495K->7495K(1056768K)], 0.8656284 secs] [Times: user=0.86 sys=0.00, real=0.87 secs] 
2017-05-09T21:53:17.521+0300: 699.434: [Full GC (Allocation Failure) 2017-05-09T21:53:17.521+0300: 699.434: [Tenured: 349568K->349568K(349568K), 0.8652676 secs] 506815K->506815K(506816K), [Metaspace: 7495K->7495K(1056768K)], 0.8653498 secs] [Times: user=0.88 sys=0.00, real=0.87 secs] 
2017-05-09T21:53:18.387+0300: 700.299: [Full GC (Allocation Failure) 2017-05-09T21:53:18.387+0300: 700.299: [Tenured: 349568K->349565K(349568K), 0.8560688 secs] 506815K->506813K(506816K), [Metaspace: 7495K->7495K(1056768K)], 0.8561375 secs] [Times: user=0.86 sys=0.00, real=0.86 secs] 
2017-05-09T21:53:19.244+0300: 701.156: [Full GC (Allocation Failure) 2017-05-09T21:53:19.244+0300: 701.156: [Tenured: 349568K->349568K(349568K), 0.8643755 secs] 506815K->506815K(506816K), [Metaspace: 7495K->7495K(1056768K)], 0.8644547 secs] [Times: user=0.86 sys=0.00, real=0.86 secs] 
2017-05-09T21:53:20.108+0300: 702.020: [Full GC (Allocation Failure) 2017-05-09T21:53:20.108+0300: 702.020: [Tenured: 349568K->349566K(349568K), 0.8518991 secs] 506815K->506814K(506816K), [Metaspace: 7495K->7495K(1056768K)], 0.8519644 secs] [Times: user=0.84 sys=0.00, real=0.85 secs] 
2017-05-09T21:53:20.960+0300: 702.873: [Full GC (Allocation Failure) 2017-05-09T21:53:20.960+0300: 702.873: [Tenured: 349567K->349567K(349568K), 0.8578527 secs] 506815K->506815K(506816K), [Metaspace: 7495K->7495K(1056768K)], 0.8579213 secs] [Times: user=0.86 sys=0.00, real=0.86 secs] 
2017-05-09T21:53:21.818+0300: 703.731: [Full GC (Allocation Failure) 2017-05-09T21:53:21.818+0300: 703.731: [Tenured: 349567K->349566K(349568K), 0.8489557 secs] 506815K->506814K(506816K), [Metaspace: 7495K->7495K(1056768K)], 0.8490162 secs] [Times: user=0.86 sys=0.00, real=0.85 secs] 
2017-05-09T21:53:22.667+0300: 704.580: [Full GC (Allocation Failure) 2017-05-09T21:53:22.667+0300: 704.580: [Tenured: 349567K->349567K(349568K), 0.8544024 secs] 506815K->506815K(506816K), [Metaspace: 7495K->7495K(1056768K)], 0.8544696 secs] [Times: user=0.84 sys=0.00, real=0.86 secs] 
2017-05-09T21:53:23.522+0300: 705.434: [Full GC (Allocation Failure) 2017-05-09T21:53:23.522+0300: 705.434: [Tenured: 349567K->349566K(349568K), 0.8462325 secs] 506815K->506814K(506816K), [Metaspace: 7495K->7495K(1056768K)], 0.8463171 secs] [Times: user=0.86 sys=0.00, real=0.85 secs] 
2017-05-09T21:53:24.369+0300: 706.281: [Full GC (Allocation Failure) 2017-05-09T21:53:24.369+0300: 706.281: [Tenured: 349567K->349567K(349568K), 0.8506200 secs] 506815K->506815K(506816K), [Metaspace: 7495K->7495K(1056768K)], 0.8506917 secs] [Times: user=0.84 sys=0.00, real=0.85 secs] 
2017-05-09T21:53:25.219+0300: 707.132: [Full GC (Allocation Failure) 2017-05-09T21:53:25.219+0300: 707.132: [Tenured: 349567K->349566K(349568K), 0.8441074 secs] 506815K->506814K(506816K), [Metaspace: 7495K->7495K(1056768K)], 0.8441689 secs] [Times: user=0.84 sys=0.00, real=0.84 secs] 
2017-05-09T21:53:26.063+0300: 707.976: [Full GC (Allocation Failure) 2017-05-09T21:53:26.063+0300: 707.976: [Tenured: 349568K->349568K(349568K), 0.8530541 secs] 506815K->506815K(506816K), [Metaspace: 7495K->7495K(1056768K)], 0.8531378 secs] [Times: user=0.86 sys=0.00, real=0.85 secs] 
2017-05-09T21:53:26.917+0300: 708.829: [Full GC (Allocation Failure) 2017-05-09T21:53:26.917+0300: 708.829: [Tenured: 349568K->349566K(349568K), 0.8476432 secs] 506815K->506814K(506816K), [Metaspace: 7495K->7495K(1056768K)], 0.8477061 secs] [Times: user=0.83 sys=0.00, real=0.85 secs] 
2017-05-09T21:53:27.765+0300: 709.677: [Full GC (Allocation Failure) 2017-05-09T21:53:27.765+0300: 709.677: [Tenured: 349567K->349567K(349568K), 0.8479432 secs] 506815K->506815K(506816K), [Metaspace: 7495K->7495K(1056768K)], 0.8480133 secs] [Times: user=0.84 sys=0.00, real=0.85 secs] 
2017-05-09T21:53:28.613+0300: 710.525: [Full GC (Allocation Failure) 2017-05-09T21:53:28.613+0300: 710.525: [Tenured: 349567K->349566K(349568K), 0.8479459 secs] 506815K->506814K(506816K), [Metaspace: 7495K->7495K(1056768K)], 0.8480094 secs] [Times: user=0.84 sys=0.00, real=0.85 secs] 
2017-05-09T21:53:29.461+0300: 711.374: [Full GC (Allocation Failure) 2017-05-09T21:53:29.461+0300: 711.374: [Tenured: 349567K->349567K(349568K), 0.8516112 secs] 506815K->506815K(506816K), [Metaspace: 7495K->7495K(1056768K)], 0.8516877 secs] [Times: user=0.84 sys=0.00, real=0.85 secs] 
2017-05-09T21:53:30.313+0300: 712.225: [Full GC (Allocation Failure) 2017-05-09T21:53:30.313+0300: 712.225: [Tenured: 349567K->349566K(349568K), 0.8493370 secs] 506815K->506814K(506816K), [Metaspace: 7495K->7495K(1056768K)], 0.8493924 secs] [Times: user=0.84 sys=0.00, real=0.85 secs] 
2017-05-09T21:53:31.163+0300: 713.075: [Full GC (Allocation Failure) 2017-05-09T21:53:31.163+0300: 713.075: [Tenured: 349567K->349567K(349568K), 0.8513470 secs] 506815K->506815K(506816K), [Metaspace: 7495K->7495K(1056768K)], 0.8514064 secs] [Times: user=0.86 sys=0.00, real=0.85 secs] 
2017-05-09T21:53:32.014+0300: 713.926: [Full GC (Allocation Failure) 2017-05-09T21:53:32.014+0300: 713.926: [Tenured: 349567K->349566K(349568K), 0.8475911 secs] 506815K->506814K(506816K), [Metaspace: 7495K->7495K(1056768K)], 0.8476570 secs] [Times: user=0.84 sys=0.00, real=0.85 secs] 
2017-05-09T21:53:32.862+0300: 714.774: [Full GC (Allocation Failure) 2017-05-09T21:53:32.862+0300: 714.774: [Tenured: 349567K->349567K(349568K), 0.8487651 secs] 506815K->506815K(506816K), [Metaspace: 7495K->7495K(1056768K)], 0.8488355 secs] [Times: user=0.84 sys=0.00, real=0.85 secs] 
2017-05-09T21:53:33.710+0300: 715.623: [Full GC (Allocation Failure) 2017-05-09T21:53:33.710+0300: 715.623: [Tenured: 349567K->349566K(349568K), 0.8438538 secs] 506815K->506814K(506816K), [Metaspace: 7495K->7495K(1056768K)], 0.8439204 secs] [Times: user=0.84 sys=0.00, real=0.84 secs] 
2017-05-09T21:53:34.555+0300: 716.467: [Full GC (Allocation Failure) 2017-05-09T21:53:34.555+0300: 716.467: [Tenured: 349567K->349567K(349568K), 0.8566880 secs] 506815K->506815K(506816K), [Metaspace: 7495K->7495K(1056768K)], 0.8567567 secs] [Times: user=0.83 sys=0.00, real=0.86 secs] 
2017-05-09T21:53:35.412+0300: 717.324: [Full GC (Allocation Failure) 2017-05-09T21:53:35.412+0300: 717.324: [Tenured: 349567K->349566K(349568K), 0.8483558 secs] 506815K->506814K(506816K), [Metaspace: 7495K->7495K(1056768K)], 0.8484220 secs] [Times: user=0.86 sys=0.00, real=0.85 secs] 
2017-05-09T21:53:36.261+0300: 718.173: [Full GC (Allocation Failure) 2017-05-09T21:53:36.261+0300: 718.173: [Tenured: 349567K->349567K(349568K), 0.8607304 secs] 506815K->506815K(506816K), [Metaspace: 7495K->7495K(1056768K)], 0.8608093 secs] [Times: user=0.86 sys=0.00, real=0.86 secs] 
2017-05-09T21:53:37.122+0300: 719.034: [Full GC (Allocation Failure) 2017-05-09T21:53:37.122+0300: 719.034: [Tenured: 349567K->349566K(349568K), 0.8538944 secs] 506815K->506814K(506816K), [Metaspace: 7495K->7495K(1056768K)], 0.8539660 secs] [Times: user=0.84 sys=0.00, real=0.85 secs] 
2017-05-09T21:53:37.976+0300: 719.888: [Full GC (Allocation Failure) 2017-05-09T21:53:37.976+0300: 719.888: [Tenured: 349568K->349568K(349568K), 0.8633112 secs] 506815K->506815K(506816K), [Metaspace: 7495K->7495K(1056768K)], 0.8634045 secs] [Times: user=0.88 sys=0.00, real=0.86 secs] 
2017-05-09T21:53:38.839+0300: 720.752: [Full GC (Allocation Failure) 2017-05-09T21:53:38.839+0300: 720.752: [Tenured: 349568K->349566K(349568K), 0.8753295 secs] 506815K->506814K(506816K), [Metaspace: 7495K->7495K(1056768K)], 0.8753891 secs] [Times: user=0.84 sys=0.00, real=0.88 secs] 
2017-05-09T21:53:39.715+0300: 721.627: [Full GC (Allocation Failure) 2017-05-09T21:53:39.715+0300: 721.627: [Tenured: 349567K->349567K(349568K), 0.9003362 secs] 506815K->506815K(506816K), [Metaspace: 7495K->7495K(1056768K)], 0.9004212 secs] [Times: user=0.88 sys=0.00, real=0.90 secs] 
2017-05-09T21:53:40.615+0300: 722.528: [Full GC (Allocation Failure) 2017-05-09T21:53:40.615+0300: 722.528: [Tenured: 349567K->349566K(349568K), 0.8972905 secs] 506815K->506814K(506816K), [Metaspace: 7495K->7495K(1056768K)], 0.8973564 secs] [Times: user=0.86 sys=0.00, real=0.90 secs] 
2017-05-09T21:53:41.513+0300: 723.425: [Full GC (Allocation Failure) 2017-05-09T21:53:41.513+0300: 723.425: [Tenured: 349568K->349568K(349568K), 0.8799567 secs] 506815K->506815K(506816K), [Metaspace: 7495K->7495K(1056768K)], 0.8800311 secs] [Times: user=0.84 sys=0.02, real=0.88 secs] 
2017-05-09T21:53:42.393+0300: 724.305: [Full GC (Allocation Failure) 2017-05-09T21:53:42.393+0300: 724.306: [Tenured: 349568K->349566K(349568K), 0.8738857 secs] 506815K->506814K(506816K), [Metaspace: 7495K->7495K(1056768K)], 0.8739465 secs] [Times: user=0.88 sys=0.00, real=0.87 secs] 
2017-05-09T21:53:43.268+0300: 725.180: [Full GC (Allocation Failure) 2017-05-09T21:53:43.268+0300: 725.180: [Tenured: 349567K->349567K(349568K), 0.8781060 secs] 506815K->506815K(506816K), [Metaspace: 7495K->7495K(1056768K)], 0.8781786 secs] [Times: user=0.88 sys=0.00, real=0.88 secs] 
2017-05-09T21:53:44.146+0300: 726.058: [Full GC (Allocation Failure) 2017-05-09T21:53:44.146+0300: 726.058: [Tenured: 349567K->349566K(349568K), 0.8811753 secs] 506815K->506814K(506816K), [Metaspace: 7495K->7495K(1056768K)], 0.8812852 secs] [Times: user=0.88 sys=0.00, real=0.88 secs] 
2017-05-09T21:53:45.028+0300: 726.940: [Full GC (Allocation Failure) 2017-05-09T21:53:45.028+0300: 726.940: [Tenured: 349567K->349567K(349568K), 0.8854555 secs] 506815K->506815K(506816K), [Metaspace: 7495K->7495K(1056768K)], 0.8855486 secs] [Times: user=0.86 sys=0.00, real=0.89 secs] 
2017-05-09T21:53:45.914+0300: 727.826: [Full GC (Allocation Failure) 2017-05-09T21:53:45.914+0300: 727.826: [Tenured: 349567K->349566K(349568K), 0.8835738 secs] 506815K->506814K(506816K), [Metaspace: 7495K->7495K(1056768K)], 0.8836337 secs] [Times: user=0.89 sys=0.00, real=0.88 secs] 
2017-05-09T21:53:46.798+0300: 728.710: [Full GC (Allocation Failure) 2017-05-09T21:53:46.798+0300: 728.710: [Tenured: 349568K->349568K(349568K), 0.8849493 secs] 506815K->506815K(506816K), [Metaspace: 7495K->7495K(1056768K)], 0.8850104 secs] [Times: user=0.88 sys=0.00, real=0.88 secs] 
2017-05-09T21:53:47.683+0300: 729.595: [Full GC (Allocation Failure) 2017-05-09T21:53:47.683+0300: 729.595: [Tenured: 349568K->349566K(349568K), 0.8807096 secs] 506815K->506814K(506816K), [Metaspace: 7495K->7495K(1056768K)], 0.8807904 secs] [Times: user=0.83 sys=0.00, real=0.88 secs] 
2017-05-09T21:53:48.564+0300: 730.476: [Full GC (Allocation Failure) 2017-05-09T21:53:48.564+0300: 730.476: [Tenured: 349568K->349568K(349568K), 0.8765736 secs] 506815K->506815K(506816K), [Metaspace: 7495K->7495K(1056768K)], 0.8766489 secs] [Times: user=0.86 sys=0.00, real=0.88 secs] 
2017-05-09T21:53:49.440+0300: 731.353: [Full GC (Allocation Failure) 2017-05-09T21:53:49.440+0300: 731.353: [Tenured: 349568K->349566K(349568K), 0.8754864 secs] 506815K->506814K(506816K), [Metaspace: 7495K->7495K(1056768K)], 0.8755472 secs] [Times: user=0.88 sys=0.00, real=0.88 secs] 
2017-05-09T21:53:50.316+0300: 732.228: [Full GC (Allocation Failure) 2017-05-09T21:53:50.316+0300: 732.228: [Tenured: 349568K->349568K(349568K), 0.8774567 secs] 506815K->506815K(506816K), [Metaspace: 7495K->7495K(1056768K)], 0.8775308 secs] [Times: user=0.88 sys=0.00, real=0.88 secs] 
2017-05-09T21:53:51.194+0300: 733.106: [Full GC (Allocation Failure) 2017-05-09T21:53:51.194+0300: 733.106: [Tenured: 349568K->349567K(349568K), 0.8700186 secs] 506815K->506815K(506816K), [Metaspace: 7495K->7495K(1056768K)], 0.8700749 secs] [Times: user=0.88 sys=0.00, real=0.87 secs] 
2017-05-09T21:53:52.064+0300: 733.976: [Full GC (Allocation Failure) 2017-05-09T21:53:52.064+0300: 733.976: [Tenured: 349567K->349567K(349568K), 0.8740471 secs] 506815K->506815K(506816K), [Metaspace: 7495K->7495K(1056768K)], 0.8741130 secs] [Times: user=0.88 sys=0.00, real=0.87 secs] 
2017-05-09T21:53:52.938+0300: 734.850: [Full GC (Allocation Failure) 2017-05-09T21:53:52.938+0300: 734.850: [Tenured: 349567K->349567K(349568K), 0.8739414 secs] 506815K->506815K(506816K), [Metaspace: 7495K->7495K(1056768K)], 0.8740055 secs] [Times: user=0.88 sys=0.00, real=0.88 secs] 
2017-05-09T21:53:53.813+0300: 735.725: [Full GC (Allocation Failure) 2017-05-09T21:53:53.813+0300: 735.725: [Tenured: 349567K->349567K(349568K), 0.8791800 secs] 506815K->506815K(506816K), [Metaspace: 7495K->7495K(1056768K)], 0.8792502 secs] [Times: user=0.88 sys=0.00, real=0.88 secs] 
2017-05-09T21:53:54.692+0300: 736.604: [Full GC (Allocation Failure) 2017-05-09T21:53:54.692+0300: 736.604: [Tenured: 349567K->349567K(349568K), 0.8736110 secs] 506815K->506815K(506816K), [Metaspace: 7495K->7495K(1056768K)], 0.8736839 secs] [Times: user=0.88 sys=0.00, real=0.87 secs] 
2017-05-09T21:53:55.566+0300: 737.478: [Full GC (Allocation Failure) 2017-05-09T21:53:55.566+0300: 737.478: [Tenured: 349567K->349567K(349568K), 0.8740179 secs] 506815K->506815K(506816K), [Metaspace: 7495K->7495K(1056768K)], 0.8740959 secs] [Times: user=0.88 sys=0.00, real=0.87 secs] 
2017-05-09T21:53:56.440+0300: 738.352: [Full GC (Allocation Failure) 2017-05-09T21:53:56.440+0300: 738.352: [Tenured: 349567K->349567K(349568K), 0.8738583 secs] 506815K->506815K(506816K), [Metaspace: 7495K->7495K(1056768K)], 0.8739188 secs] [Times: user=0.88 sys=0.00, real=0.87 secs] 
2017-05-09T21:53:57.314+0300: 739.226: [Full GC (Allocation Failure) 2017-05-09T21:53:57.314+0300: 739.226: [Tenured: 349567K->349567K(349568K), 0.8738784 secs] 506815K->506815K(506816K), [Metaspace: 7495K->7495K(1056768K)], 0.8739673 secs] [Times: user=0.88 sys=0.00, real=0.87 secs] 
2017-05-09T21:53:58.188+0300: 740.100: [Full GC (Allocation Failure) 2017-05-09T21:53:58.188+0300: 740.100: [Tenured: 349567K->349567K(349568K), 0.8721855 secs] 506815K->506815K(506816K), [Metaspace: 7495K->7495K(1056768K)], 0.8722566 secs] [Times: user=0.88 sys=0.00, real=0.87 secs] 
2017-05-09T21:53:59.060+0300: 740.973: [Full GC (Allocation Failure) 2017-05-09T21:53:59.060+0300: 740.973: [Tenured: 349567K->349567K(349568K), 0.8967520 secs] 506815K->506815K(506816K), [Metaspace: 7495K->7495K(1056768K)], 0.8968227 secs] [Times: user=0.86 sys=0.00, real=0.90 secs] 
2017-05-09T21:53:59.957+0300: 741.870: [Full GC (Allocation Failure) 2017-05-09T21:53:59.957+0300: 741.870: [Tenured: 349567K->349567K(349568K), 0.8790216 secs] 506815K->506815K(506816K), [Metaspace: 7495K->7495K(1056768K)], 0.8791556 secs] [Times: user=0.89 sys=0.00, real=0.88 secs] 
2017-05-09T21:54:00.837+0300: 742.749: [Full GC (Allocation Failure) 2017-05-09T21:54:00.837+0300: 742.749: [Tenured: 349567K->349567K(349568K), 0.8828392 secs] 506815K->506815K(506816K), [Metaspace: 7495K->7495K(1056768K)], 0.8829133 secs] [Times: user=0.88 sys=0.00, real=0.88 secs] 
2017-05-09T21:54:01.720+0300: 743.632: [Full GC (Allocation Failure) 2017-05-09T21:54:01.720+0300: 743.632: [Tenured: 349567K->349567K(349568K), 0.8763932 secs] 506815K->506815K(506816K), [Metaspace: 7495K->7495K(1056768K)], 0.8764562 secs] [Times: user=0.88 sys=0.00, real=0.88 secs] 
2017-05-09T21:54:02.596+0300: 744.509: [Full GC (Allocation Failure) 2017-05-09T21:54:02.596+0300: 744.509: [Tenured: 349568K->349568K(349568K), 0.8638969 secs] 506815K->506815K(506816K), [Metaspace: 7495K->7495K(1056768K)], 0.8639770 secs] [Times: user=0.86 sys=0.00, real=0.87 secs] 
2017-05-09T21:54:03.461+0300: 745.373: [Full GC (Allocation Failure) 2017-05-09T21:54:03.461+0300: 745.373: [Tenured: 349568K->349567K(349568K), 0.8647285 secs] 506815K->506815K(506816K), [Metaspace: 7495K->7495K(1056768K)], 0.8648005 secs] [Times: user=0.88 sys=0.00, real=0.86 secs] 
2017-05-09T21:54:04.325+0300: 746.238: [Full GC (Allocation Failure) 2017-05-09T21:54:04.325+0300: 746.238: [Tenured: 349568K->349568K(349568K), 0.8729249 secs] 506815K->506815K(506816K), [Metaspace: 7495K->7495K(1056768K)], 0.8730120 secs] [Times: user=0.88 sys=0.00, real=0.87 secs] 
2017-05-09T21:54:05.199+0300: 747.111: [Full GC (Allocation Failure) 2017-05-09T21:54:05.199+0300: 747.111: [Tenured: 349568K->349567K(349568K), 0.8646990 secs] 506815K->506815K(506816K), [Metaspace: 7495K->7495K(1056768K)], 0.8647580 secs] [Times: user=0.86 sys=0.00, real=0.87 secs] 
2017-05-09T21:54:06.064+0300: 747.976: [Full GC (Allocation Failure) 2017-05-09T21:54:06.064+0300: 747.976: [Tenured: 349567K->349567K(349568K), 0.8682016 secs] 506815K->506815K(506816K), [Metaspace: 7495K->7495K(1056768K)], 0.8682953 secs] [Times: user=0.88 sys=0.00, real=0.87 secs] 
2017-05-09T21:54:06.932+0300: 748.844: [Full GC (Allocation Failure) 2017-05-09T21:54:06.932+0300: 748.844: [Tenured: 349567K->349567K(349568K), 0.8662880 secs] 506815K->506815K(506816K), [Metaspace: 7495K->7495K(1056768K)], 0.8663515 secs] [Times: user=0.86 sys=0.00, real=0.87 secs] 
2017-05-09T21:54:07.799+0300: 749.711: [Full GC (Allocation Failure) 2017-05-09T21:54:07.799+0300: 749.711: [Tenured: 349568K->349568K(349568K), 0.8779864 secs] 506815K->506815K(506816K), [Metaspace: 7495K->7495K(1056768K)], 0.8781138 secs] [Times: user=0.88 sys=0.00, real=0.88 secs] 
2017-05-09T21:54:08.677+0300: 750.589: [Full GC (Allocation Failure) 2017-05-09T21:54:08.677+0300: 750.589: [Tenured: 349568K->349567K(349568K), 0.8658633 secs] 506815K->506815K(506816K), [Metaspace: 7495K->7495K(1056768K)], 0.8659536 secs] [Times: user=0.88 sys=0.00, real=0.87 secs] 
2017-05-09T21:54:09.543+0300: 751.455: [Full GC (Allocation Failure) 2017-05-09T21:54:09.543+0300: 751.455: [Tenured: 349567K->349567K(349568K), 0.8644945 secs] 506815K->506815K(506816K), [Metaspace: 7495K->7495K(1056768K)], 0.8645692 secs] [Times: user=0.84 sys=0.00, real=0.86 secs] 
2017-05-09T21:54:10.408+0300: 752.320: [Full GC (Allocation Failure) 2017-05-09T21:54:10.408+0300: 752.320: [Tenured: 349567K->349567K(349568K), 0.8613954 secs] 506815K->506815K(506816K), [Metaspace: 7495K->7495K(1056768K)], 0.8614722 secs] [Times: user=0.84 sys=0.00, real=0.86 secs] 
2017-05-09T21:54:11.269+0300: 753.182: [Full GC (Allocation Failure) 2017-05-09T21:54:11.269+0300: 753.182: [Tenured: 349568K->349568K(349568K), 0.8650191 secs] 506815K->506815K(506816K), [Metaspace: 7495K->7495K(1056768K)], 0.8650923 secs] [Times: user=0.88 sys=0.00, real=0.87 secs] 
2017-05-09T21:54:12.134+0300: 754.047: [Full GC (Allocation Failure) 2017-05-09T21:54:12.134+0300: 754.047: [Tenured: 349568K->349567K(349568K), 0.8620845 secs] 506815K->506815K(506816K), [Metaspace: 7495K->7495K(1056768K)], 0.8621489 secs] [Times: user=0.86 sys=0.00, real=0.86 secs] 
2017-05-09T21:54:12.997+0300: 754.909: [Full GC (Allocation Failure) 2017-05-09T21:54:12.997+0300: 754.909: [Tenured: 349567K->349567K(349568K), 0.8620230 secs] 506815K->506815K(506816K), [Metaspace: 7495K->7495K(1056768K)], 0.8620950 secs] [Times: user=0.86 sys=0.00, real=0.86 secs] 
2017-05-09T21:54:13.859+0300: 755.771: [Full GC (Allocation Failure) 2017-05-09T21:54:13.859+0300: 755.771: [Tenured: 349567K->349567K(349568K), 0.8706258 secs] 506815K->506815K(506816K), [Metaspace: 7495K->7495K(1056768K)], 0.8706815 secs] [Times: user=0.88 sys=0.00, real=0.87 secs] 
2017-05-09T21:54:14.730+0300: 756.642: [Full GC (Allocation Failure) 2017-05-09T21:54:14.730+0300: 756.642: [Tenured: 349567K->349567K(349568K), 0.9025499 secs] 506815K->506815K(506816K), [Metaspace: 7495K->7495K(1056768K)], 0.9026203 secs] [Times: user=0.83 sys=0.00, real=0.90 secs] 
2017-05-09T21:54:15.633+0300: 757.545: [Full GC (Allocation Failure) 2017-05-09T21:54:15.633+0300: 757.545: [Tenured: 349567K->349567K(349568K), 0.8770694 secs] 506815K->506815K(506816K), [Metaspace: 7495K->7495K(1056768K)], 0.8771356 secs] [Times: user=0.89 sys=0.00, real=0.88 secs] 
2017-05-09T21:54:16.510+0300: 758.422: [Full GC (Allocation Failure) 2017-05-09T21:54:16.510+0300: 758.422: [Tenured: 349567K->349567K(349568K), 0.8752415 secs] 506815K->506815K(506816K), [Metaspace: 7495K->7495K(1056768K)], 0.8753153 secs] [Times: user=0.88 sys=0.00, real=0.88 secs] 
2017-05-09T21:54:17.385+0300: 759.298: [Full GC (Allocation Failure) 2017-05-09T21:54:17.385+0300: 759.298: [Tenured: 349567K->349567K(349568K), 0.8771100 secs] 506815K->506815K(506816K), [Metaspace: 7495K->7495K(1056768K)], 0.8771685 secs] [Times: user=0.88 sys=0.00, real=0.88 secs] 
2017-05-09T21:54:18.263+0300: 760.175: [Full GC (Allocation Failure) 2017-05-09T21:54:18.263+0300: 760.175: [Tenured: 349567K->349567K(349568K), 0.8795974 secs] 506815K->506815K(506816K), [Metaspace: 7495K->7495K(1056768K)], 0.8796706 secs] [Times: user=0.88 sys=0.00, real=0.88 secs] 
2017-05-09T21:54:19.143+0300: 761.055: [Full GC (Allocation Failure) 2017-05-09T21:54:19.143+0300: 761.055: [Tenured: 349567K->349567K(349568K), 0.8825769 secs] 506815K->506815K(506816K), [Metaspace: 7495K->7495K(1056768K)], 0.8826489 secs] [Times: user=0.89 sys=0.00, real=0.88 secs] 
2017-05-09T21:54:20.025+0300: 761.938: [Full GC (Allocation Failure) 2017-05-09T21:54:20.025+0300: 761.938: [Tenured: 349567K->349567K(349568K), 0.8825739 secs] 506815K->506815K(506816K), [Metaspace: 7495K->7495K(1056768K)], 0.8826676 secs] [Times: user=0.88 sys=0.00, real=0.88 secs] 
2017-05-09T21:54:20.908+0300: 762.820: [Full GC (Allocation Failure) 2017-05-09T21:54:20.908+0300: 762.820: [Tenured: 349567K->349567K(349568K), 0.8736607 secs] 506815K->506815K(506816K), [Metaspace: 7495K->7495K(1056768K)], 0.8737194 secs] [Times: user=0.88 sys=0.00, real=0.87 secs] 
2017-05-09T21:54:21.782+0300: 763.694: [Full GC (Allocation Failure) 2017-05-09T21:54:21.782+0300: 763.694: [Tenured: 349567K->349567K(349568K), 0.8766736 secs] 506815K->506815K(506816K), [Metaspace: 7495K->7495K(1056768K)], 0.8767441 secs] [Times: user=0.88 sys=0.00, real=0.88 secs] 
2017-05-09T21:54:22.659+0300: 764.571: [Full GC (Allocation Failure) 2017-05-09T21:54:22.659+0300: 764.571: [Tenured: 349567K->349567K(349568K), 0.8704357 secs] 506815K->506815K(506816K), [Metaspace: 7495K->7495K(1056768K)], 0.8704993 secs] [Times: user=0.88 sys=0.00, real=0.87 secs] 
2017-05-09T21:54:23.530+0300: 765.442: [Full GC (Allocation Failure) 2017-05-09T21:54:23.530+0300: 765.442: [Tenured: 349567K->349567K(349568K), 0.8802106 secs] 506815K->506815K(506816K), [Metaspace: 7495K->7495K(1056768K)], 0.8803344 secs] [Times: user=0.88 sys=0.00, real=0.88 secs] 
2017-05-09T21:54:24.410+0300: 766.322: [Full GC (Allocation Failure) 2017-05-09T21:54:24.410+0300: 766.322: [Tenured: 349567K->349567K(349568K), 0.8728514 secs] 506815K->506815K(506816K), [Metaspace: 7495K->7495K(1056768K)], 0.8729071 secs] [Times: user=0.86 sys=0.00, real=0.87 secs] 
2017-05-09T21:54:25.283+0300: 767.195: [Full GC (Allocation Failure) 2017-05-09T21:54:25.283+0300: 767.195: [Tenured: 349567K->349567K(349568K), 0.8735011 secs] 506815K->506815K(506816K), [Metaspace: 7495K->7495K(1056768K)], 0.8735836 secs] [Times: user=0.86 sys=0.00, real=0.87 secs] 
2017-05-09T21:54:26.157+0300: 768.069: [Full GC (Allocation Failure) 2017-05-09T21:54:26.157+0300: 768.069: [Tenured: 349567K->349567K(349568K), 0.8737116 secs] 506815K->506815K(506816K), [Metaspace: 7495K->7495K(1056768K)], 0.8737754 secs] [Times: user=0.88 sys=0.00, real=0.87 secs] 
2017-05-09T21:54:27.030+0300: 768.943: [Full GC (Allocation Failure) 2017-05-09T21:54:27.030+0300: 768.943: [Tenured: 349567K->349567K(349568K), 0.8735456 secs] 506815K->506815K(506816K), [Metaspace: 7495K->7495K(1056768K)], 0.8736059 secs] [Times: user=0.88 sys=0.00, real=0.87 secs] 
2017-05-09T21:54:27.904+0300: 769.817: [Full GC (Allocation Failure) 2017-05-09T21:54:27.904+0300: 769.817: [Tenured: 349567K->349567K(349568K), 0.8786053 secs] 506815K->506815K(506816K), [Metaspace: 7495K->7495K(1056768K)], 0.8786773 secs] [Times: user=0.88 sys=0.00, real=0.88 secs] 
2017-05-09T21:54:28.783+0300: 770.695: [Full GC (Allocation Failure) 2017-05-09T21:54:28.784+0300: 770.696: [Tenured: 349567K->349567K(349568K), 0.8753557 secs] 506815K->506815K(506816K), [Metaspace: 7495K->7495K(1056768K)], 0.8755656 secs] [Times: user=0.88 sys=0.00, real=0.88 secs] 
2017-05-09T21:54:29.659+0300: 771.571: [Full GC (Allocation Failure) 2017-05-09T21:54:29.659+0300: 771.571: [Tenured: 349567K->349567K(349568K), 0.8731562 secs] 506815K->506815K(506816K), [Metaspace: 7495K->7495K(1056768K)], 0.8732261 secs] [Times: user=0.88 sys=0.00, real=0.87 secs] 
2017-05-09T21:54:30.532+0300: 772.445: [Full GC (Allocation Failure) 2017-05-09T21:54:30.532+0300: 772.445: [Tenured: 349568K->349568K(349568K), 0.8713049 secs] 506815K->506815K(506816K), [Metaspace: 7495K->7495K(1056768K)], 0.8713763 secs] [Times: user=0.86 sys=0.00, real=0.87 secs] 
2017-05-09T21:54:31.404+0300: 773.316: [Full GC (Allocation Failure) 2017-05-09T21:54:31.404+0300: 773.316: [Tenured: 349568K->349567K(349568K), 0.8731433 secs] 506815K->506815K(506816K), [Metaspace: 7495K->7495K(1056768K)], 0.8732014 secs] [Times: user=0.88 sys=0.00, real=0.87 secs] 
2017-05-09T21:54:32.277+0300: 774.189: [Full GC (Allocation Failure) 2017-05-09T21:54:32.277+0300: 774.189: [Tenured: 349567K->349567K(349568K), 0.8730857 secs] 506815K->506815K(506816K), [Metaspace: 7495K->7495K(1056768K)], 0.8731508 secs] [Times: user=0.86 sys=0.00, real=0.87 secs] 
2017-05-09T21:54:33.150+0300: 775.063: [Full GC (Allocation Failure) 2017-05-09T21:54:33.150+0300: 775.063: [Tenured: 349567K->349567K(349568K), 0.8706336 secs] 506815K->506815K(506816K), [Metaspace: 7495K->7495K(1056768K)], 0.8706908 secs] [Times: user=0.86 sys=0.00, real=0.87 secs] 
2017-05-09T21:54:34.021+0300: 775.933: [Full GC (Allocation Failure) 2017-05-09T21:54:34.021+0300: 775.933: [Tenured: 349567K->349567K(349568K), 0.8756810 secs] 506815K->506815K(506816K), [Metaspace: 7495K->7495K(1056768K)], 0.8757568 secs] [Times: user=0.88 sys=0.00, real=0.88 secs] 
2017-05-09T21:54:34.897+0300: 776.809: [Full GC (Allocation Failure) 2017-05-09T21:54:34.897+0300: 776.809: [Tenured: 349567K->349567K(349568K), 0.8685693 secs] 506815K->506815K(506816K), [Metaspace: 7495K->7495K(1056768K)], 0.8686422 secs] [Times: user=0.88 sys=0.00, real=0.87 secs] 
2017-05-09T21:54:35.766+0300: 777.678: [Full GC (Allocation Failure) 2017-05-09T21:54:35.766+0300: 777.678: [Tenured: 349567K->349567K(349568K), 0.8715446 secs] 506815K->506815K(506816K), [Metaspace: 7495K->7495K(1056768K)], 0.8716169 secs] [Times: user=0.88 sys=0.00, real=0.87 secs] 
2017-05-09T21:54:36.638+0300: 778.550: [Full GC (Allocation Failure) 2017-05-09T21:54:36.638+0300: 778.550: [Tenured: 349567K->349567K(349568K), 0.8713326 secs] 506815K->506815K(506816K), [Metaspace: 7495K->7495K(1056768K)], 0.8713962 secs] [Times: user=0.88 sys=0.00, real=0.87 secs] 
2017-05-09T21:54:37.509+0300: 779.421: [Full GC (Allocation Failure) 2017-05-09T21:54:37.509+0300: 779.421: [Tenured: 349567K->349567K(349568K), 0.8720584 secs] 506815K->506815K(506816K), [Metaspace: 7495K->7495K(1056768K)], 0.8721280 secs] [Times: user=0.86 sys=0.00, real=0.87 secs] 
2017-05-09T21:54:38.381+0300: 780.294: [Full GC (Allocation Failure) 2017-05-09T21:54:38.381+0300: 780.294: [Tenured: 349567K->349567K(349568K), 0.8662931 secs] 506815K->506815K(506816K), [Metaspace: 7495K->7495K(1056768K)], 0.8663503 secs] [Times: user=0.88 sys=0.00, real=0.87 secs] 
2017-05-09T21:54:39.248+0300: 781.160: [Full GC (Allocation Failure) 2017-05-09T21:54:39.248+0300: 781.160: [Tenured: 349567K->349567K(349568K), 0.8749431 secs] 506815K->506815K(506816K), [Metaspace: 7495K->7495K(1056768K)], 0.8750105 secs] [Times: user=0.88 sys=0.00, real=0.88 secs] 
2017-05-09T21:54:40.123+0300: 782.035: [Full GC (Allocation Failure) 2017-05-09T21:54:40.123+0300: 782.035: [Tenured: 349567K->349567K(349568K), 0.8764872 secs] 506815K->506815K(506816K), [Metaspace: 7495K->7495K(1056768K)], 0.8765495 secs] [Times: user=0.88 sys=0.00, real=0.88 secs] 
2017-05-09T21:54:41.000+0300: 782.912: [Full GC (Allocation Failure) 2017-05-09T21:54:41.000+0300: 782.912: [Tenured: 349567K->349567K(349568K), 0.8720979 secs] 506815K->506815K(506816K), [Metaspace: 7495K->7495K(1056768K)], 0.8721822 secs] [Times: user=0.88 sys=0.00, real=0.87 secs] 
2017-05-09T21:54:41.872+0300: 783.784: [Full GC (Allocation Failure) 2017-05-09T21:54:41.872+0300: 783.784: [Tenured: 349567K->349567K(349568K), 0.8763613 secs] 506815K->506815K(506816K), [Metaspace: 7495K->7495K(1056768K)], 0.8764191 secs] [Times: user=0.88 sys=0.00, real=0.88 secs] 
2017-05-09T21:54:42.748+0300: 784.661: [Full GC (Allocation Failure) 2017-05-09T21:54:42.748+0300: 784.661: [Tenured: 349568K->349568K(349568K), 0.8699870 secs] 506815K->506815K(506816K), [Metaspace: 7495K->7495K(1056768K)], 0.8700535 secs] [Times: user=0.88 sys=0.00, real=0.87 secs] 
2017-05-09T21:54:43.619+0300: 785.531: [Full GC (Allocation Failure) 2017-05-09T21:54:43.619+0300: 785.531: [Tenured: 349568K->349567K(349568K), 0.8705158 secs] 506815K->506815K(506816K), [Metaspace: 7495K->7495K(1056768K)], 0.8705761 secs] [Times: user=0.86 sys=0.00, real=0.87 secs] 
2017-05-09T21:54:44.490+0300: 786.402: [Full GC (Allocation Failure) 2017-05-09T21:54:44.490+0300: 786.402: [Tenured: 349567K->349567K(349568K), 0.8793535 secs] 506815K->506815K(506816K), [Metaspace: 7495K->7495K(1056768K)], 0.8794161 secs] [Times: user=0.89 sys=0.00, real=0.88 secs] 
2017-05-09T21:54:45.369+0300: 787.281: [Full GC (Allocation Failure) 2017-05-09T21:54:45.369+0300: 787.281: [Tenured: 349567K->349567K(349568K), 0.8724105 secs] 506815K->506815K(506816K), [Metaspace: 7495K->7495K(1056768K)], 0.8724710 secs] [Times: user=0.86 sys=0.00, real=0.87 secs] 
2017-05-09T21:54:46.242+0300: 788.154: [Full GC (Allocation Failure) 2017-05-09T21:54:46.242+0300: 788.154: [Tenured: 349567K->349567K(349568K), 0.8754469 secs] 506815K->506815K(506816K), [Metaspace: 7495K->7495K(1056768K)], 0.8755304 secs] [Times: user=0.88 sys=0.00, real=0.88 secs] 
2017-05-09T21:54:47.117+0300: 789.029: [Full GC (Allocation Failure) 2017-05-09T21:54:47.117+0300: 789.029: [Tenured: 349567K->349567K(349568K), 0.8781021 secs] 506815K->506815K(506816K), [Metaspace: 7495K->7495K(1056768K)], 0.8782072 secs] [Times: user=0.89 sys=0.00, real=0.88 secs] 
2017-05-09T21:54:47.995+0300: 789.908: [Full GC (Allocation Failure) 2017-05-09T21:54:47.995+0300: 789.908: [Tenured: 349567K->349567K(349568K), 0.8644607 secs] 506815K->506815K(506816K), [Metaspace: 7495K->7495K(1056768K)], 0.8645426 secs] [Times: user=0.86 sys=0.00, real=0.87 secs] 
2017-05-09T21:54:48.860+0300: 790.772: [Full GC (Allocation Failure) 2017-05-09T21:54:48.860+0300: 790.772: [Tenured: 349567K->349567K(349568K), 0.8658744 secs] 506815K->506815K(506816K), [Metaspace: 7495K->7495K(1056768K)], 0.8659362 secs] [Times: user=0.86 sys=0.00, real=0.87 secs] 
2017-05-09T21:54:49.726+0300: 791.639: [Full GC (Allocation Failure) 2017-05-09T21:54:49.727+0300: 791.639: [Tenured: 349568K->349568K(349568K), 0.8675035 secs] 506815K->506815K(506816K), [Metaspace: 7495K->7495K(1056768K)], 0.8676327 secs] [Times: user=0.88 sys=0.00, real=0.87 secs] 
2017-05-09T21:54:50.594+0300: 792.506: [Full GC (Allocation Failure) 2017-05-09T21:54:50.594+0300: 792.506: [Tenured: 349568K->349567K(349568K), 0.8712603 secs] 506815K->506815K(506816K), [Metaspace: 7495K->7495K(1056768K)], 0.8713221 secs] [Times: user=0.88 sys=0.00, real=0.87 secs] 
2017-05-09T21:54:51.465+0300: 793.378: [Full GC (Allocation Failure) 2017-05-09T21:54:51.465+0300: 793.378: [Tenured: 349567K->349567K(349568K), 0.8720798 secs] 506815K->506815K(506816K), [Metaspace: 7495K->7495K(1056768K)], 0.8721494 secs] [Times: user=0.88 sys=0.00, real=0.87 secs] 
2017-05-09T21:54:52.338+0300: 794.250: [Full GC (Allocation Failure) 2017-05-09T21:54:52.338+0300: 794.250: [Tenured: 349567K->349567K(349568K), 0.8645041 secs] 506815K->506815K(506816K), [Metaspace: 7495K->7495K(1056768K)], 0.8645679 secs] [Times: user=0.86 sys=0.00, real=0.87 secs] 
2017-05-09T21:54:53.203+0300: 795.115: [Full GC (Allocation Failure) 2017-05-09T21:54:53.203+0300: 795.115: [Tenured: 349568K->349568K(349568K), 0.8674369 secs] 506815K->506815K(506816K), [Metaspace: 7495K->7495K(1056768K)], 0.8675038 secs] [Times: user=0.86 sys=0.00, real=0.87 secs] 
2017-05-09T21:54:54.070+0300: 795.982: [Full GC (Allocation Failure) 2017-05-09T21:54:54.070+0300: 795.982: [Tenured: 349568K->349567K(349568K), 0.8645984 secs] 506815K->506815K(506816K), [Metaspace: 7495K->7495K(1056768K)], 0.8646920 secs] [Times: user=0.88 sys=0.00, real=0.87 secs] 
2017-05-09T21:54:54.935+0300: 796.847: [Full GC (Allocation Failure) 2017-05-09T21:54:54.935+0300: 796.847: [Tenured: 349567K->349567K(349568K), 0.8675758 secs] 506815K->506815K(506816K), [Metaspace: 7495K->7495K(1056768K)], 0.8676652 secs] [Times: user=0.86 sys=0.00, real=0.87 secs] 
2017-05-09T21:54:55.803+0300: 797.715: [Full GC (Allocation Failure) 2017-05-09T21:54:55.803+0300: 797.715: [Tenured: 349567K->349567K(349568K), 0.8637590 secs] 506815K->506815K(506816K), [Metaspace: 7495K->7495K(1056768K)], 0.8638244 secs] [Times: user=0.88 sys=0.00, real=0.86 secs] 
2017-05-09T21:54:56.667+0300: 798.579: [Full GC (Allocation Failure) 2017-05-09T21:54:56.667+0300: 798.579: [Tenured: 349568K->349568K(349568K), 0.8732351 secs] 506815K->506815K(506816K), [Metaspace: 7495K->7495K(1056768K)], 0.8733023 secs] [Times: user=0.88 sys=0.00, real=0.87 secs] 
2017-05-09T21:54:57.540+0300: 799.452: [Full GC (Allocation Failure) 2017-05-09T21:54:57.540+0300: 799.452: [Tenured: 349568K->349567K(349568K), 0.8643306 secs] 506815K->506815K(506816K), [Metaspace: 7495K->7495K(1056768K)], 0.8643990 secs] [Times: user=0.84 sys=0.00, real=0.87 secs] 
2017-05-09T21:54:58.405+0300: 800.317: [Full GC (Allocation Failure) 2017-05-09T21:54:58.405+0300: 800.317: [Tenured: 349568K->349568K(349568K), 0.8735233 secs] 506815K->506815K(506816K), [Metaspace: 7495K->7495K(1056768K)], 0.8735944 secs] [Times: user=0.88 sys=0.00, real=0.87 secs] 
2017-05-09T21:54:59.278+0300: 801.191: [Full GC (Allocation Failure) 2017-05-09T21:54:59.278+0300: 801.191: [Tenured: 349568K->349567K(349568K), 0.8632428 secs] 506815K->506815K(506816K), [Metaspace: 7495K->7495K(1056768K)], 0.8633060 secs] [Times: user=0.86 sys=0.00, real=0.86 secs] 
2017-05-09T21:55:00.142+0300: 802.054: [Full GC (Allocation Failure) 2017-05-09T21:55:00.142+0300: 802.054: [Tenured: 349567K->349567K(349568K), 0.8621691 secs] 506815K->506815K(506816K), [Metaspace: 7495K->7495K(1056768K)], 0.8622534 secs] [Times: user=0.86 sys=0.00, real=0.86 secs] 
2017-05-09T21:55:01.004+0300: 802.917: [Full GC (Allocation Failure) 2017-05-09T21:55:01.004+0300: 802.917: [Tenured: 349567K->349567K(349568K), 0.8613502 secs] 506815K->506815K(506816K), [Metaspace: 7495K->7495K(1056768K)], 0.8614177 secs] [Times: user=0.84 sys=0.00, real=0.86 secs] 
2017-05-09T21:55:01.865+0300: 803.778: [Full GC (Allocation Failure) 2017-05-09T21:55:01.865+0300: 803.778: [Tenured: 349567K->349567K(349568K), 0.8709555 secs] 506815K->506815K(506816K), [Metaspace: 7495K->7495K(1056768K)], 0.8710296 secs] [Times: user=0.88 sys=0.00, real=0.87 secs] 
2017-05-09T21:55:02.737+0300: 804.649: [Full GC (Allocation Failure) 2017-05-09T21:55:02.737+0300: 804.649: [Tenured: 349567K->349567K(349568K), 0.8581707 secs] 506815K->506815K(506816K), [Metaspace: 7495K->7495K(1056768K)], 0.8582252 secs] [Times: user=0.84 sys=0.02, real=0.86 secs] 
2017-05-09T21:55:03.595+0300: 805.508: [Full GC (Allocation Failure) 2017-05-09T21:55:03.595+0300: 805.508: [Tenured: 349567K->349567K(349568K), 0.8621736 secs] 506815K->506815K(506816K), [Metaspace: 7495K->7495K(1056768K)], 0.8622742 secs] [Times: user=0.86 sys=0.00, real=0.86 secs] 
2017-05-09T21:55:04.458+0300: 806.370: [Full GC (Allocation Failure) 2017-05-09T21:55:04.458+0300: 806.370: [Tenured: 349567K->349567K(349568K), 0.8626790 secs] 506815K->506815K(506816K), [Metaspace: 7495K->7495K(1056768K)], 0.8627552 secs] [Times: user=0.88 sys=0.00, real=0.86 secs] 
2017-05-09T21:55:05.321+0300: 807.233: [Full GC (Allocation Failure) 2017-05-09T21:55:05.321+0300: 807.233: [Tenured: 349568K->349568K(349568K), 0.8589511 secs] 506815K->506815K(506816K), [Metaspace: 7495K->7495K(1056768K)], 0.8590203 secs] [Times: user=0.84 sys=0.00, real=0.86 secs] 
2017-05-09T21:55:06.179+0300: 808.092: [Full GC (Allocation Failure) 2017-05-09T21:55:06.179+0300: 808.092: [Tenured: 349568K->349567K(349568K), 0.8598489 secs] 506815K->506815K(506816K), [Metaspace: 7495K->7495K(1056768K)], 0.8599121 secs] [Times: user=0.86 sys=0.00, real=0.86 secs] 
2017-05-09T21:55:07.040+0300: 808.952: [Full GC (Allocation Failure) 2017-05-09T21:55:07.040+0300: 808.952: [Tenured: 349567K->349567K(349568K), 0.8604630 secs] 506815K->506815K(506816K), [Metaspace: 7495K->7495K(1056768K)], 0.8605443 secs] [Times: user=0.86 sys=0.00, real=0.86 secs] 
2017-05-09T21:55:07.900+0300: 809.813: [Full GC (Allocation Failure) 2017-05-09T21:55:07.900+0300: 809.813: [Tenured: 349567K->349567K(349568K), 0.8620408 secs] 506815K->506815K(506816K), [Metaspace: 7495K->7495K(1056768K)], 0.8621013 secs] [Times: user=0.86 sys=0.00, real=0.86 secs] 
2017-05-09T21:55:08.763+0300: 810.675: [Full GC (Allocation Failure) 2017-05-09T21:55:08.763+0300: 810.675: [Tenured: 349568K->349568K(349568K), 0.8615662 secs] 506815K->506815K(506816K), [Metaspace: 7495K->7495K(1056768K)], 0.8616264 secs] [Times: user=0.86 sys=0.00, real=0.86 secs] 
2017-05-09T21:55:09.625+0300: 811.537: [Full GC (Allocation Failure) 2017-05-09T21:55:09.625+0300: 811.537: [Tenured: 349568K->349567K(349568K), 0.8603223 secs] 506815K->506815K(506816K), [Metaspace: 7495K->7495K(1056768K)], 0.8603828 secs] [Times: user=0.86 sys=0.00, real=0.86 secs] 
2017-05-09T21:55:10.485+0300: 812.397: [Full GC (Allocation Failure) 2017-05-09T21:55:10.485+0300: 812.397: [Tenured: 349567K->349567K(349568K), 0.8710628 secs] 506815K->506815K(506816K), [Metaspace: 7495K->7495K(1056768K)], 0.8711299 secs] [Times: user=0.88 sys=0.00, real=0.87 secs] 
2017-05-09T21:55:11.356+0300: 813.269: [Full GC (Allocation Failure) 2017-05-09T21:55:11.356+0300: 813.269: [Tenured: 349567K->349567K(349568K), 0.8654892 secs] 506815K->506815K(506816K), [Metaspace: 7495K->7495K(1056768K)], 0.8655712 secs] [Times: user=0.86 sys=0.00, real=0.87 secs] 
2017-05-09T21:55:12.222+0300: 814.134: [Full GC (Allocation Failure) 2017-05-09T21:55:12.222+0300: 814.134: [Tenured: 349567K->349567K(349568K), 0.8632380 secs] 506815K->506815K(506816K), [Metaspace: 7495K->7495K(1056768K)], 0.8633190 secs] [Times: user=0.86 sys=0.00, real=0.86 secs] 
2017-05-09T21:55:13.085+0300: 814.998: [Full GC (Allocation Failure) 2017-05-09T21:55:13.085+0300: 814.998: [Tenured: 349567K->349567K(349568K), 0.8664533 secs] 506815K->506815K(506816K), [Metaspace: 7495K->7495K(1056768K)], 0.8665202 secs] [Times: user=0.88 sys=0.00, real=0.87 secs] 
2017-05-09T21:55:13.952+0300: 815.865: [Full GC (Allocation Failure) 2017-05-09T21:55:13.952+0300: 815.865: [Tenured: 349567K->349567K(349568K), 0.8716016 secs] 506815K->506815K(506816K), [Metaspace: 7495K->7495K(1056768K)], 0.8716633 secs] [Times: user=0.88 sys=0.00, real=0.87 secs] 
2017-05-09T21:55:14.824+0300: 816.736: [Full GC (Allocation Failure) 2017-05-09T21:55:14.824+0300: 816.736: [Tenured: 349567K->349567K(349568K), 0.8783659 secs] 506815K->506815K(506816K), [Metaspace: 7495K->7495K(1056768K)], 0.8785132 secs] [Times: user=0.88 sys=0.00, real=0.88 secs] 
2017-05-09T21:55:15.702+0300: 817.615: [Full GC (Allocation Failure) 2017-05-09T21:55:15.702+0300: 817.615: [Tenured: 349567K->349567K(349568K), 0.8818448 secs] 506815K->506815K(506816K), [Metaspace: 7495K->7495K(1056768K)], 0.8819303 secs] [Times: user=0.86 sys=0.00, real=0.88 secs] 
2017-05-09T21:55:16.585+0300: 818.497: [Full GC (Allocation Failure) 2017-05-09T21:55:16.585+0300: 818.497: [Tenured: 349567K->349567K(349568K), 0.8746455 secs] 506815K->506815K(506816K), [Metaspace: 7495K->7495K(1056768K)], 0.8747103 secs] [Times: user=0.88 sys=0.00, real=0.87 secs] 
2017-05-09T21:55:17.460+0300: 819.372: [Full GC (Allocation Failure) 2017-05-09T21:55:17.460+0300: 819.372: [Tenured: 349568K->349568K(349568K), 0.8696638 secs] 506815K->506815K(506816K), [Metaspace: 7495K->7495K(1056768K)], 0.8697216 secs] [Times: user=0.88 sys=0.00, real=0.87 secs] 
2017-05-09T21:55:18.329+0300: 820.242: [Full GC (Allocation Failure) 2017-05-09T21:55:18.329+0300: 820.242: [Tenured: 349568K->349567K(349568K), 0.8691256 secs] 506815K->506815K(506816K), [Metaspace: 7495K->7495K(1056768K)], 0.8691858 secs] [Times: user=0.88 sys=0.00, real=0.87 secs] 
2017-05-09T21:55:19.199+0300: 821.111: [Full GC (Allocation Failure) 2017-05-09T21:55:19.199+0300: 821.111: [Tenured: 349567K->349567K(349568K), 0.8708727 secs] 506815K->506815K(506816K), [Metaspace: 7495K->7495K(1056768K)], 0.8709387 secs] [Times: user=0.86 sys=0.00, real=0.87 secs] 
2017-05-09T21:55:20.070+0300: 821.982: [Full GC (Allocation Failure) 2017-05-09T21:55:20.070+0300: 821.982: [Tenured: 349567K->349567K(349568K), 0.8695668 secs] 506815K->506815K(506816K), [Metaspace: 7495K->7495K(1056768K)], 0.8696295 secs] [Times: user=0.88 sys=0.00, real=0.87 secs] 
2017-05-09T21:55:20.940+0300: 822.852: [Full GC (Allocation Failure) 2017-05-09T21:55:20.940+0300: 822.852: [Tenured: 349568K->349568K(349568K), 0.8745778 secs] 506815K->506815K(506816K), [Metaspace: 7495K->7495K(1056768K)], 0.8746527 secs] [Times: user=0.86 sys=0.00, real=0.88 secs] 
2017-05-09T21:55:21.815+0300: 823.727: [Full GC (Allocation Failure) 2017-05-09T21:55:21.815+0300: 823.727: [Tenured: 349568K->349567K(349568K), 0.8773016 secs] 506815K->506815K(506816K), [Metaspace: 7495K->7495K(1056768K)], 0.8773642 secs] [Times: user=0.88 sys=0.00, real=0.88 secs] 
2017-05-09T21:55:22.692+0300: 824.604: [Full GC (Allocation Failure) 2017-05-09T21:55:22.692+0300: 824.604: [Tenured: 349567K->349567K(349568K), 0.8732553 secs] 506815K->506815K(506816K), [Metaspace: 7495K->7495K(1056768K)], 0.8733348 secs] [Times: user=0.88 sys=0.00, real=0.87 secs] 
2017-05-09T21:55:23.565+0300: 825.478: [Full GC (Allocation Failure) 2017-05-09T21:55:23.565+0300: 825.478: [Tenured: 349567K->349567K(349568K), 0.8695963 secs] 506815K->506815K(506816K), [Metaspace: 7495K->7495K(1056768K)], 0.8696527 secs] [Times: user=0.88 sys=0.00, real=0.87 secs] 
2017-05-09T21:55:24.435+0300: 826.347: [Full GC (Allocation Failure) 2017-05-09T21:55:24.435+0300: 826.347: [Tenured: 349567K->349567K(349568K), 0.8701080 secs] 506815K->506815K(506816K), [Metaspace: 7495K->7495K(1056768K)], 0.8701692 secs] [Times: user=0.88 sys=0.00, real=0.87 secs] 
2017-05-09T21:55:25.305+0300: 827.218: [Full GC (Allocation Failure) 2017-05-09T21:55:25.305+0300: 827.218: [Tenured: 349567K->349567K(349568K), 0.8709917 secs] 506815K->506815K(506816K), [Metaspace: 7495K->7495K(1056768K)], 0.8710691 secs] [Times: user=0.86 sys=0.00, real=0.87 secs] 
2017-05-09T21:55:26.177+0300: 828.089: [Full GC (Allocation Failure) 2017-05-09T21:55:26.177+0300: 828.089: [Tenured: 349567K->349567K(349568K), 0.8732987 secs] 506815K->506815K(506816K), [Metaspace: 7495K->7495K(1056768K)], 0.8733655 secs] [Times: user=0.88 sys=0.00, real=0.87 secs] 
2017-05-09T21:55:27.050+0300: 828.962: [Full GC (Allocation Failure) 2017-05-09T21:55:27.050+0300: 828.962: [Tenured: 349567K->349567K(349568K), 0.8683287 secs] 506815K->506815K(506816K), [Metaspace: 7495K->7495K(1056768K)], 0.8683950 secs] [Times: user=0.88 sys=0.00, real=0.87 secs] 
2017-05-09T21:55:27.919+0300: 829.831: [Full GC (Allocation Failure) 2017-05-09T21:55:27.919+0300: 829.831: [Tenured: 349567K->349567K(349568K), 0.8706604 secs] 506815K->506815K(506816K), [Metaspace: 7495K->7495K(1056768K)], 0.8707366 secs] [Times: user=0.86 sys=0.00, real=0.87 secs] 
2017-05-09T21:55:28.789+0300: 830.702: [Full GC (Allocation Failure) 2017-05-09T21:55:28.789+0300: 830.702: [Tenured: 349567K->349567K(349568K), 0.8697861 secs] 506815K->506815K(506816K), [Metaspace: 7495K->7495K(1056768K)], 0.8698442 secs] [Times: user=0.88 sys=0.00, real=0.87 secs] 
2017-05-09T21:55:34.811+0300: 836.723: [Full GC (Allocation Failure) 2017-05-09T21:55:34.811+0300: 836.723: [Tenured: 349567K->1080K(349568K), 0.1499652 secs] 506815K->1080K(506816K), [Metaspace: 7495K->7495K(1056768K)], 0.1500598 secs] [Times: user=0.14 sys=0.00, real=0.15 secs] 
Heap
 def new generation   total 157248K, used 5989K [0x00000000e0000000, 0x00000000eaaa0000, 0x00000000eaaa0000)
  eden space 139776K,   4% used [0x00000000e0000000, 0x00000000e05d96f8, 0x00000000e8880000)
  from space 17472K,   0% used [0x00000000e9990000, 0x00000000e9990000, 0x00000000eaaa0000)
  to   space 17472K,   0% used [0x00000000e8880000, 0x00000000e8880000, 0x00000000e9990000)
 tenured generation   total 349568K, used 1080K [0x00000000eaaa0000, 0x0000000100000000, 0x0000000100000000)
   the space 349568K,   0% used [0x00000000eaaa0000, 0x00000000eabae108, 0x00000000eabae200, 0x0000000100000000)
 Metaspace       used 7506K, capacity 7554K, committed 7936K, reserved 1056768K
  class space    used 889K, capacity 914K, committed 1024K, reserved 1048576K
